nbThread : 1
[0.254s][info][gc] GC(0) Pause Young (Normal) (G1 Evacuation Pause) 100M->1M(2056M) 12.062ms
[1.466s][info][gc] GC(1) Pause Young (Normal) (G1 Evacuation Pause) 1225M->1M(2056M) 5.014ms
[2.429s][info][gc] GC(2) Pause Young (Normal) (G1 Evacuation Pause) 1225M->1M(2056M) 4.581ms
[3.392s][info][gc] GC(3) Pause Young (Normal) (G1 Evacuation Pause) 1225M->1M(2056M) 6.731ms
[4.351s][info][gc] GC(4) Pause Young (Normal) (G1 Evacuation Pause) 1225M->1M(2056M) 5.442ms
[5.320s][info][gc] GC(5) Pause Young (Normal) (G1 Evacuation Pause) 1225M->1M(2056M) 6.407ms
[6.302s][info][gc] GC(6) Pause Young (Normal) (G1 Evacuation Pause) 1225M->1M(2056M) 4.631ms
[7.267s][info][gc] GC(7) Pause Young (Normal) (G1 Evacuation Pause) 1225M->1M(2056M) 5.634ms
[8.237s][info][gc] GC(8) Pause Young (Normal) (G1 Evacuation Pause) 1225M->1M(2056M) 6.292ms
[9.207s][info][gc] GC(9) Pause Young (Normal) (G1 Evacuation Pause) 1225M->1M(2056M) 6.944ms
[10.167s][info][gc] GC(10) Pause Young (Normal) (G1 Evacuation Pause) 1225M->1M(2056M) 5.809ms
[11.125s][info][gc] GC(11) Pause Young (Normal) (G1 Evacuation Pause) 1225M->1M(2056M) 6.115ms
[12.088s][info][gc] GC(12) Pause Young (Normal) (G1 Evacuation Pause) 1225M->1M(2056M) 4.688ms
[13.056s][info][gc] GC(13) Pause Young (Normal) (G1 Evacuation Pause) 1225M->1M(2056M) 5.903ms
[14.053s][info][gc] GC(14) Pause Young (Normal) (G1 Evacuation Pause) 1225M->1M(2056M) 5.401ms
[15.013s][info][gc] GC(15) Pause Young (Normal) (G1 Evacuation Pause) 1225M->1M(2056M) 6.682ms
[16.055s][info][gc] GC(16) Pause Young (Normal) (G1 Evacuation Pause) 1225M->1M(2056M) 1.273ms
[17.097s][info][gc] GC(17) Pause Young (Normal) (G1 Evacuation Pause) 1225M->1M(2056M) 1.450ms
[18.139s][info][gc] GC(18) Pause Young (Normal) (G1 Evacuation Pause) 1225M->1M(2056M) 1.296ms
[19.180s][info][gc] GC(19) Pause Young (Normal) (G1 Evacuation Pause) 1225M->1M(2056M) 1.328ms
[20.224s][info][gc] GC(20) Pause Young (Normal) (G1 Evacuation Pause) 1225M->1M(2056M) 1.327ms
[21.265s][info][gc] GC(21) Pause Young (Normal) (G1 Evacuation Pause) 1225M->1M(2056M) 1.397ms
[22.307s][info][gc] GC(22) Pause Young (Normal) (G1 Evacuation Pause) 1225M->1M(2056M) 1.268ms
[23.349s][info][gc] GC(23) Pause Young (Normal) (G1 Evacuation Pause) 1225M->1M(2056M) 1.233ms
[24.390s][info][gc] GC(24) Pause Young (Normal) (G1 Evacuation Pause) 1225M->1M(2056M) 1.307ms
[26.409s][info][gc] GC(25) Pause Young (Normal) (G1 Evacuation Pause) 1225M->1M(2056M) 1.386ms
[27.365s][info][gc] GC(26) Pause Young (Normal) (G1 Evacuation Pause) 1225M->1M(2056M) 1.291ms
[28.315s][info][gc] GC(27) Pause Young (Normal) (G1 Evacuation Pause) 1225M->1M(2056M) 1.292ms
[29.274s][info][gc] GC(28) Pause Young (Normal) (G1 Evacuation Pause) 1225M->1M(2056M) 1.335ms
[30.232s][info][gc] GC(29) Pause Young (Normal) (G1 Evacuation Pause) 1225M->1M(2056M) 1.395ms
[31.212s][info][gc] GC(30) Pause Young (Normal) (G1 Evacuation Pause) 1225M->1M(2056M) 1.511ms
[32.166s][info][gc] GC(31) Pause Young (Normal) (G1 Evacuation Pause) 1225M->1M(2056M) 1.351ms
[33.121s][info][gc] GC(32) Pause Young (Normal) (G1 Evacuation Pause) 1225M->1M(2056M) 1.393ms
[34.073s][info][gc] GC(33) Pause Young (Normal) (G1 Evacuation Pause) 1225M->1M(2056M) 1.400ms
[35.038s][info][gc] GC(34) Pause Young (Normal) (G1 Evacuation Pause) 1225M->1M(2056M) 1.413ms
[35.994s][info][gc] GC(35) Pause Young (Normal) (G1 Evacuation Pause) 1225M->1M(2056M) 1.365ms
[36.946s][info][gc] GC(36) Pause Young (Normal) (G1 Evacuation Pause) 1225M->1M(2056M) 1.440ms
[37.901s][info][gc] GC(37) Pause Young (Normal) (G1 Evacuation Pause) 1225M->1M(2056M) 1.376ms
[38.852s][info][gc] GC(38) Pause Young (Normal) (G1 Evacuation Pause) 1225M->1M(2056M) 1.388ms
[39.813s][info][gc] GC(39) Pause Young (Normal) (G1 Evacuation Pause) 1225M->1M(2056M) 1.324ms
[40.764s][info][gc] GC(40) Pause Young (Normal) (G1 Evacuation Pause) 1225M->1M(2056M) 1.304ms
[41.724s][info][gc] GC(41) Pause Young (Normal) (G1 Evacuation Pause) 1225M->1M(2056M) 1.165ms
[42.682s][info][gc] GC(42) Pause Young (Normal) (G1 Evacuation Pause) 1225M->1M(2056M) 1.223ms
[43.636s][info][gc] GC(43) Pause Young (Normal) (G1 Evacuation Pause) 1225M->1M(2056M) 1.156ms
[44.596s][info][gc] GC(44) Pause Young (Normal) (G1 Evacuation Pause) 1225M->1M(2056M) 1.261ms
[45.553s][info][gc] GC(45) Pause Young (Normal) (G1 Evacuation Pause) 1225M->1M(2056M) 1.197ms
[46.511s][info][gc] GC(46) Pause Young (Normal) (G1 Evacuation Pause) 1225M->1M(2056M) 1.152ms
[47.464s][info][gc] GC(47) Pause Young (Normal) (G1 Evacuation Pause) 1225M->1M(2056M) 1.200ms
[48.420s][info][gc] GC(48) Pause Young (Normal) (G1 Evacuation Pause) 1225M->1M(2056M) 1.219ms
[49.378s][info][gc] GC(49) Pause Young (Normal) (G1 Evacuation Pause) 1225M->1M(2056M) 1.174ms
[50.335s][info][gc] GC(50) Pause Young (Normal) (G1 Evacuation Pause) 1225M->1M(2056M) 1.173ms
[52.296s][info][gc] GC(51) Pause Young (Normal) (G1 Evacuation Pause) 1225M->1M(2056M) 1.336ms
[53.252s][info][gc] GC(52) Pause Young (Normal) (G1 Evacuation Pause) 1225M->1M(2056M) 1.386ms
[54.207s][info][gc] GC(53) Pause Young (Normal) (G1 Evacuation Pause) 1225M->1M(2056M) 1.294ms
[55.164s][info][gc] GC(54) Pause Young (Normal) (G1 Evacuation Pause) 1225M->1M(2056M) 1.354ms
[56.117s][info][gc] GC(55) Pause Young (Normal) (G1 Evacuation Pause) 1225M->1M(2056M) 1.374ms
[57.070s][info][gc] GC(56) Pause Young (Normal) (G1 Evacuation Pause) 1225M->1M(2056M) 1.370ms
[58.060s][info][gc] GC(57) Pause Young (Normal) (G1 Evacuation Pause) 1225M->1M(2056M) 1.380ms
[59.012s][info][gc] GC(58) Pause Young (Normal) (G1 Evacuation Pause) 1225M->2M(2056M) 1.322ms
[59.971s][info][gc] GC(59) Pause Young (Normal) (G1 Evacuation Pause) 1226M->1M(2056M) 1.332ms
[60.926s][info][gc] GC(60) Pause Young (Normal) (G1 Evacuation Pause) 1225M->1M(2056M) 1.362ms
[61.916s][info][gc] GC(61) Pause Young (Normal) (G1 Evacuation Pause) 1225M->1M(2056M) 1.329ms
[62.868s][info][gc] GC(62) Pause Young (Normal) (G1 Evacuation Pause) 1225M->1M(2056M) 1.318ms
[63.823s][info][gc] GC(63) Pause Young (Normal) (G1 Evacuation Pause) 1225M->1M(2056M) 1.394ms
[64.782s][info][gc] GC(64) Pause Young (Normal) (G1 Evacuation Pause) 1225M->2M(2056M) 1.449ms
[65.746s][info][gc] GC(65) Pause Young (Normal) (G1 Evacuation Pause) 1226M->2M(2056M) 1.512ms
[66.708s][info][gc] GC(66) Pause Young (Normal) (G1 Evacuation Pause) 1226M->1M(2056M) 1.330ms
[67.665s][info][gc] GC(67) Pause Young (Normal) (G1 Evacuation Pause) 1225M->1M(2056M) 1.174ms
[68.625s][info][gc] GC(68) Pause Young (Normal) (G1 Evacuation Pause) 1225M->2M(2056M) 1.279ms
[69.583s][info][gc] GC(69) Pause Young (Normal) (G1 Evacuation Pause) 1226M->2M(2056M) 1.168ms
[70.543s][info][gc] GC(70) Pause Young (Normal) (G1 Evacuation Pause) 1226M->2M(2056M) 1.267ms
[71.507s][info][gc] GC(71) Pause Young (Normal) (G1 Evacuation Pause) 1226M->1M(2056M) 1.183ms
[72.464s][info][gc] GC(72) Pause Young (Normal) (G1 Evacuation Pause) 1225M->2M(2056M) 1.229ms
[73.423s][info][gc] GC(73) Pause Young (Normal) (G1 Evacuation Pause) 1226M->2M(2056M) 1.213ms
[74.383s][info][gc] GC(74) Pause Young (Normal) (G1 Evacuation Pause) 1226M->2M(2056M) 1.284ms
[75.342s][info][gc] GC(75) Pause Young (Normal) (G1 Evacuation Pause) 1226M->2M(2056M) 1.206ms
[76.299s][info][gc] GC(76) Pause Young (Normal) (G1 Evacuation Pause) 1226M->2M(2056M) 1.174ms
[78.258s][info][gc] GC(77) Pause Young (Normal) (G1 Evacuation Pause) 1226M->2M(2056M) 1.644ms
[79.224s][info][gc] GC(78) Pause Young (Normal) (G1 Evacuation Pause) 1226M->2M(2056M) 1.382ms
[80.187s][info][gc] GC(79) Pause Young (Normal) (G1 Evacuation Pause) 1226M->2M(2056M) 1.350ms
[81.137s][info][gc] GC(80) Pause Young (Normal) (G1 Evacuation Pause) 1226M->2M(2056M) 1.420ms
[82.098s][info][gc] GC(81) Pause Young (Normal) (G1 Evacuation Pause) 1226M->2M(2056M) 1.350ms
[83.089s][info][gc] GC(82) Pause Young (Normal) (G1 Evacuation Pause) 1226M->2M(2056M) 1.412ms
[84.049s][info][gc] GC(83) Pause Young (Normal) (G1 Evacuation Pause) 1226M->2M(2056M) 1.402ms
[85.004s][info][gc] GC(84) Pause Young (Normal) (G1 Evacuation Pause) 1226M->2M(2056M) 1.367ms
[85.959s][info][gc] GC(85) Pause Young (Normal) (G1 Evacuation Pause) 1226M->2M(2056M) 1.396ms
[86.957s][info][gc] GC(86) Pause Young (Normal) (G1 Evacuation Pause) 1226M->2M(2056M) 1.407ms
[87.917s][info][gc] GC(87) Pause Young (Normal) (G1 Evacuation Pause) 1226M->2M(2056M) 1.366ms
[88.906s][info][gc] GC(88) Pause Young (Normal) (G1 Evacuation Pause) 1226M->2M(2056M) 1.333ms
[89.868s][info][gc] GC(89) Pause Young (Normal) (G1 Evacuation Pause) 1226M->2M(2056M) 1.351ms
[90.829s][info][gc] GC(90) Pause Young (Normal) (G1 Evacuation Pause) 1226M->2M(2056M) 1.420ms
[91.790s][info][gc] GC(91) Pause Young (Normal) (G1 Evacuation Pause) 1226M->2M(2056M) 1.366ms
[92.745s][info][gc] GC(92) Pause Young (Normal) (G1 Evacuation Pause) 1226M->2M(2056M) 1.356ms
[93.733s][info][gc] GC(93) Pause Young (Normal) (G1 Evacuation Pause) 1226M->2M(2056M) 1.208ms
[94.721s][info][gc] GC(94) Pause Young (Normal) (G1 Evacuation Pause) 1226M->2M(2056M) 1.282ms
[95.705s][info][gc] GC(95) Pause Young (Normal) (G1 Evacuation Pause) 1226M->2M(2056M) 1.319ms
[96.689s][info][gc] GC(96) Pause Young (Normal) (G1 Evacuation Pause) 1226M->2M(2056M) 1.274ms
[97.676s][info][gc] GC(97) Pause Young (Normal) (G1 Evacuation Pause) 1226M->2M(2056M) 1.179ms
[98.664s][info][gc] GC(98) Pause Young (Normal) (G1 Evacuation Pause) 1226M->2M(2056M) 1.153ms
[99.651s][info][gc] GC(99) Pause Young (Normal) (G1 Evacuation Pause) 1226M->2M(2056M) 1.212ms
[100.634s][info][gc] GC(100) Pause Young (Normal) (G1 Evacuation Pause) 1226M->2M(2056M) 1.245ms
[101.617s][info][gc] GC(101) Pause Young (Normal) (G1 Evacuation Pause) 1226M->2M(2056M) 1.262ms
[102.604s][info][gc] GC(102) Pause Young (Normal) (G1 Evacuation Pause) 1226M->2M(2056M) 1.202ms
[104.581s][info][gc] GC(103) Pause Young (Normal) (G1 Evacuation Pause) 1226M->2M(2056M) 1.351ms
[105.539s][info][gc] GC(104) Pause Young (Normal) (G1 Evacuation Pause) 1226M->2M(2056M) 1.380ms
[106.497s][info][gc] GC(105) Pause Young (Normal) (G1 Evacuation Pause) 1226M->2M(2056M) 1.335ms
[107.450s][info][gc] GC(106) Pause Young (Normal) (G1 Evacuation Pause) 1226M->2M(2056M) 1.482ms
[108.404s][info][gc] GC(107) Pause Young (Normal) (G1 Evacuation Pause) 1226M->2M(2056M) 1.279ms
[109.354s][info][gc] GC(108) Pause Young (Normal) (G1 Evacuation Pause) 1226M->2M(2056M) 1.460ms
[110.308s][info][gc] GC(109) Pause Young (Normal) (G1 Evacuation Pause) 1226M->2M(2056M) 1.368ms
[111.261s][info][gc] GC(110) Pause Young (Normal) (G1 Evacuation Pause) 1226M->2M(2056M) 1.401ms
[112.220s][info][gc] GC(111) Pause Young (Normal) (G1 Evacuation Pause) 1226M->2M(2056M) 1.393ms
[113.178s][info][gc] GC(112) Pause Young (Normal) (G1 Evacuation Pause) 1226M->2M(2056M) 1.494ms
[114.134s][info][gc] GC(113) Pause Young (Normal) (G1 Evacuation Pause) 1226M->2M(2056M) 1.373ms
[115.086s][info][gc] GC(114) Pause Young (Normal) (G1 Evacuation Pause) 1226M->2M(2056M) 1.467ms
[116.050s][info][gc] GC(115) Pause Young (Normal) (G1 Evacuation Pause) 1226M->2M(2056M) 1.427ms
[117.005s][info][gc] GC(116) Pause Young (Normal) (G1 Evacuation Pause) 1226M->2M(2056M) 1.363ms
[117.952s][info][gc] GC(117) Pause Young (Normal) (G1 Evacuation Pause) 1226M->2M(2056M) 1.367ms
[118.906s][info][gc] GC(118) Pause Young (Normal) (G1 Evacuation Pause) 1226M->2M(2056M) 1.318ms
[119.896s][info][gc] GC(119) Pause Young (Normal) (G1 Evacuation Pause) 1226M->2M(2056M) 1.198ms
[120.888s][info][gc] GC(120) Pause Young (Normal) (G1 Evacuation Pause) 1226M->2M(2056M) 1.151ms
[121.879s][info][gc] GC(121) Pause Young (Normal) (G1 Evacuation Pause) 1226M->2M(2056M) 1.219ms
[122.868s][info][gc] GC(122) Pause Young (Normal) (G1 Evacuation Pause) 1226M->2M(2056M) 1.193ms
[123.856s][info][gc] GC(123) Pause Young (Normal) (G1 Evacuation Pause) 1226M->2M(2056M) 1.282ms
[124.844s][info][gc] GC(124) Pause Young (Normal) (G1 Evacuation Pause) 1226M->2M(2056M) 1.190ms
[125.830s][info][gc] GC(125) Pause Young (Normal) (G1 Evacuation Pause) 1226M->2M(2056M) 1.177ms
[126.822s][info][gc] GC(126) Pause Young (Normal) (G1 Evacuation Pause) 1226M->2M(2056M) 1.201ms
[127.814s][info][gc] GC(127) Pause Young (Normal) (G1 Evacuation Pause) 1226M->2M(2056M) 1.230ms
[128.801s][info][gc] GC(128) Pause Young (Normal) (G1 Evacuation Pause) 1226M->2M(2056M) 1.189ms
benchmarkAvgTime : 5000
nbThread : 2
[130.523s][info][gc] GC(129) Pause Young (Normal) (G1 Evacuation Pause) 1226M->3M(2056M) 2.472ms
[130.971s][info][gc] GC(130) Pause Young (Normal) (G1 Evacuation Pause) 1227M->3M(2056M) 1.644ms
[131.419s][info][gc] GC(131) Pause Young (Normal) (G1 Evacuation Pause) 1227M->3M(2056M) 1.584ms
[131.879s][info][gc] GC(132) Pause Young (Normal) (G1 Evacuation Pause) 1227M->3M(2056M) 1.585ms
[132.326s][info][gc] GC(133) Pause Young (Normal) (G1 Evacuation Pause) 1227M->3M(2056M) 1.511ms
[132.772s][info][gc] GC(134) Pause Young (Normal) (G1 Evacuation Pause) 1227M->3M(2056M) 1.611ms
[133.217s][info][gc] GC(135) Pause Young (Normal) (G1 Evacuation Pause) 1227M->2M(2056M) 1.519ms
[133.664s][info][gc] GC(136) Pause Young (Normal) (G1 Evacuation Pause) 1226M->3M(2056M) 1.578ms
[134.110s][info][gc] GC(137) Pause Young (Normal) (G1 Evacuation Pause) 1227M->2M(2056M) 1.578ms
[134.558s][info][gc] GC(138) Pause Young (Normal) (G1 Evacuation Pause) 1226M->2M(2056M) 1.571ms
[135.003s][info][gc] GC(139) Pause Young (Normal) (G1 Evacuation Pause) 1226M->3M(2056M) 1.526ms
[135.449s][info][gc] GC(140) Pause Young (Normal) (G1 Evacuation Pause) 1227M->3M(2056M) 1.599ms
[135.907s][info][gc] GC(141) Pause Young (Normal) (G1 Evacuation Pause) 1227M->2M(2056M) 1.481ms
[136.354s][info][gc] GC(142) Pause Young (Normal) (G1 Evacuation Pause) 1226M->3M(2056M) 1.553ms
[136.807s][info][gc] GC(143) Pause Young (Normal) (G1 Evacuation Pause) 1227M->3M(2056M) 1.451ms
[137.255s][info][gc] GC(144) Pause Young (Normal) (G1 Evacuation Pause) 1227M->3M(2056M) 3.469ms
[137.704s][info][gc] GC(145) Pause Young (Normal) (G1 Evacuation Pause) 1227M->3M(2056M) 1.381ms
[138.151s][info][gc] GC(146) Pause Young (Normal) (G1 Evacuation Pause) 1227M->2M(2056M) 1.226ms
[138.597s][info][gc] GC(147) Pause Young (Normal) (G1 Evacuation Pause) 1226M->3M(2056M) 1.333ms
[139.044s][info][gc] GC(148) Pause Young (Normal) (G1 Evacuation Pause) 1227M->3M(2056M) 1.474ms
[139.492s][info][gc] GC(149) Pause Young (Normal) (G1 Evacuation Pause) 1227M->3M(2056M) 1.192ms
[139.940s][info][gc] GC(150) Pause Young (Normal) (G1 Evacuation Pause) 1227M->3M(2056M) 1.297ms
[140.386s][info][gc] GC(151) Pause Young (Normal) (G1 Evacuation Pause) 1227M->3M(2056M) 1.267ms
[140.834s][info][gc] GC(152) Pause Young (Normal) (G1 Evacuation Pause) 1227M->3M(2056M) 1.391ms
[141.280s][info][gc] GC(153) Pause Young (Normal) (G1 Evacuation Pause) 1227M->2M(2056M) 1.156ms
[141.727s][info][gc] GC(154) Pause Young (Normal) (G1 Evacuation Pause) 1226M->3M(2056M) 1.144ms
[142.174s][info][gc] GC(155) Pause Young (Normal) (G1 Evacuation Pause) 1227M->3M(2056M) 1.530ms
[142.620s][info][gc] GC(156) Pause Young (Normal) (G1 Evacuation Pause) 1227M->3M(2056M) 1.344ms
[143.068s][info][gc] GC(157) Pause Young (Normal) (G1 Evacuation Pause) 1227M->3M(2056M) 1.333ms
[143.515s][info][gc] GC(158) Pause Young (Normal) (G1 Evacuation Pause) 1227M->3M(2056M) 1.201ms
[143.962s][info][gc] GC(159) Pause Young (Normal) (G1 Evacuation Pause) 1227M->3M(2056M) 1.152ms
[144.409s][info][gc] GC(160) Pause Young (Normal) (G1 Evacuation Pause) 1227M->3M(2056M) 1.216ms
[144.857s][info][gc] GC(161) Pause Young (Normal) (G1 Evacuation Pause) 1227M->3M(2056M) 1.210ms
[145.304s][info][gc] GC(162) Pause Young (Normal) (G1 Evacuation Pause) 1227M->3M(2056M) 1.287ms
[145.751s][info][gc] GC(163) Pause Young (Normal) (G1 Evacuation Pause) 1227M->3M(2056M) 1.255ms
[146.198s][info][gc] GC(164) Pause Young (Normal) (G1 Evacuation Pause) 1227M->3M(2056M) 1.207ms
[146.646s][info][gc] GC(165) Pause Young (Normal) (G1 Evacuation Pause) 1227M->3M(2056M) 1.253ms
[147.093s][info][gc] GC(166) Pause Young (Normal) (G1 Evacuation Pause) 1227M->3M(2056M) 1.181ms
[147.542s][info][gc] GC(167) Pause Young (Normal) (G1 Evacuation Pause) 1227M->3M(2056M) 1.163ms
[147.989s][info][gc] GC(168) Pause Young (Normal) (G1 Evacuation Pause) 1227M->3M(2056M) 1.203ms
[148.436s][info][gc] GC(169) Pause Young (Normal) (G1 Evacuation Pause) 1227M->3M(2056M) 1.219ms
[148.884s][info][gc] GC(170) Pause Young (Normal) (G1 Evacuation Pause) 1227M->3M(2056M) 1.162ms
[149.333s][info][gc] GC(171) Pause Young (Normal) (G1 Evacuation Pause) 1227M->3M(2056M) 1.294ms
[149.781s][info][gc] GC(172) Pause Young (Normal) (G1 Evacuation Pause) 1227M->3M(2056M) 1.171ms
[150.229s][info][gc] GC(173) Pause Young (Normal) (G1 Evacuation Pause) 1227M->3M(2056M) 1.251ms
[150.677s][info][gc] GC(174) Pause Young (Normal) (G1 Evacuation Pause) 1227M->3M(2056M) 1.164ms
[151.124s][info][gc] GC(175) Pause Young (Normal) (G1 Evacuation Pause) 1227M->3M(2056M) 1.172ms
[151.570s][info][gc] GC(176) Pause Young (Normal) (G1 Evacuation Pause) 1227M->3M(2056M) 1.279ms
[152.018s][info][gc] GC(177) Pause Young (Normal) (G1 Evacuation Pause) 1227M->3M(2056M) 1.187ms
[152.464s][info][gc] GC(178) Pause Young (Normal) (G1 Evacuation Pause) 1227M->3M(2056M) 1.226ms
[152.911s][info][gc] GC(179) Pause Young (Normal) (G1 Evacuation Pause) 1227M->3M(2056M) 1.376ms
[153.358s][info][gc] GC(180) Pause Young (Normal) (G1 Evacuation Pause) 1227M->3M(2056M) 1.274ms
[153.805s][info][gc] GC(181) Pause Young (Normal) (G1 Evacuation Pause) 1227M->3M(2056M) 1.132ms
[154.252s][info][gc] GC(182) Pause Young (Normal) (G1 Evacuation Pause) 1227M->3M(2056M) 1.148ms
[154.700s][info][gc] GC(183) Pause Young (Normal) (G1 Evacuation Pause) 1227M->3M(2056M) 1.216ms
[155.148s][info][gc] GC(184) Pause Young (Normal) (G1 Evacuation Pause) 1227M->3M(2056M) 1.214ms
[156.597s][info][gc] GC(185) Pause Young (Normal) (G1 Evacuation Pause) 1227M->3M(2056M) 1.475ms
[157.044s][info][gc] GC(186) Pause Young (Normal) (G1 Evacuation Pause) 1227M->3M(2056M) 1.450ms
[157.490s][info][gc] GC(187) Pause Young (Normal) (G1 Evacuation Pause) 1227M->3M(2056M) 1.415ms
[157.933s][info][gc] GC(188) Pause Young (Normal) (G1 Evacuation Pause) 1227M->3M(2056M) 1.480ms
[158.379s][info][gc] GC(189) Pause Young (Normal) (G1 Evacuation Pause) 1227M->3M(2056M) 1.448ms
[158.840s][info][gc] GC(190) Pause Young (Normal) (G1 Evacuation Pause) 1227M->3M(2056M) 1.459ms
[159.285s][info][gc] GC(191) Pause Young (Normal) (G1 Evacuation Pause) 1227M->3M(2056M) 1.480ms
[159.731s][info][gc] GC(192) Pause Young (Normal) (G1 Evacuation Pause) 1227M->3M(2056M) 1.509ms
[160.175s][info][gc] GC(193) Pause Young (Normal) (G1 Evacuation Pause) 1227M->3M(2056M) 1.413ms
[160.621s][info][gc] GC(194) Pause Young (Normal) (G1 Evacuation Pause) 1227M->3M(2056M) 1.508ms
[161.086s][info][gc] GC(195) Pause Young (Normal) (G1 Evacuation Pause) 1227M->3M(2056M) 1.425ms
[161.530s][info][gc] GC(196) Pause Young (Normal) (G1 Evacuation Pause) 1227M->3M(2056M) 1.403ms
[161.975s][info][gc] GC(197) Pause Young (Normal) (G1 Evacuation Pause) 1227M->3M(2056M) 1.433ms
[162.419s][info][gc] GC(198) Pause Young (Normal) (G1 Evacuation Pause) 1227M->3M(2056M) 1.389ms
[162.885s][info][gc] GC(199) Pause Young (Normal) (G1 Evacuation Pause) 1227M->3M(2056M) 1.467ms
[163.331s][info][gc] GC(200) Pause Young (Normal) (G1 Evacuation Pause) 1227M->3M(2056M) 1.362ms
[163.787s][info][gc] GC(201) Pause Young (Normal) (G1 Evacuation Pause) 1227M->3M(2056M) 1.190ms
[164.241s][info][gc] GC(202) Pause Young (Normal) (G1 Evacuation Pause) 1227M->3M(2056M) 1.334ms
[164.697s][info][gc] GC(203) Pause Young (Normal) (G1 Evacuation Pause) 1227M->3M(2056M) 1.224ms
[165.154s][info][gc] GC(204) Pause Young (Normal) (G1 Evacuation Pause) 1227M->3M(2056M) 1.177ms
[165.611s][info][gc] GC(205) Pause Young (Normal) (G1 Evacuation Pause) 1227M->3M(2056M) 1.274ms
[166.068s][info][gc] GC(206) Pause Young (Normal) (G1 Evacuation Pause) 1227M->3M(2056M) 1.228ms
[166.523s][info][gc] GC(207) Pause Young (Normal) (G1 Evacuation Pause) 1227M->3M(2056M) 1.166ms
[166.977s][info][gc] GC(208) Pause Young (Normal) (G1 Evacuation Pause) 1227M->3M(2056M) 1.332ms
[167.431s][info][gc] GC(209) Pause Young (Normal) (G1 Evacuation Pause) 1227M->3M(2056M) 1.214ms
[167.887s][info][gc] GC(210) Pause Young (Normal) (G1 Evacuation Pause) 1227M->3M(2056M) 1.317ms
[168.341s][info][gc] GC(211) Pause Young (Normal) (G1 Evacuation Pause) 1227M->3M(2056M) 1.175ms
[168.797s][info][gc] GC(212) Pause Young (Normal) (G1 Evacuation Pause) 1227M->3M(2056M) 1.220ms
[169.254s][info][gc] GC(213) Pause Young (Normal) (G1 Evacuation Pause) 1227M->3M(2056M) 1.235ms
[169.711s][info][gc] GC(214) Pause Young (Normal) (G1 Evacuation Pause) 1227M->3M(2056M) 1.189ms
[170.167s][info][gc] GC(215) Pause Young (Normal) (G1 Evacuation Pause) 1227M->3M(2056M) 1.212ms
[170.623s][info][gc] GC(216) Pause Young (Normal) (G1 Evacuation Pause) 1227M->3M(2056M) 1.189ms
[171.078s][info][gc] GC(217) Pause Young (Normal) (G1 Evacuation Pause) 1227M->3M(2056M) 1.272ms
[171.533s][info][gc] GC(218) Pause Young (Normal) (G1 Evacuation Pause) 1227M->3M(2056M) 1.333ms
[171.989s][info][gc] GC(219) Pause Young (Normal) (G1 Evacuation Pause) 1227M->3M(2056M) 1.187ms
[172.444s][info][gc] GC(220) Pause Young (Normal) (G1 Evacuation Pause) 1227M->3M(2056M) 1.217ms
[172.901s][info][gc] GC(221) Pause Young (Normal) (G1 Evacuation Pause) 1227M->3M(2056M) 1.174ms
[173.358s][info][gc] GC(222) Pause Young (Normal) (G1 Evacuation Pause) 1227M->3M(2056M) 1.193ms
[173.813s][info][gc] GC(223) Pause Young (Normal) (G1 Evacuation Pause) 1227M->3M(2056M) 1.175ms
[174.270s][info][gc] GC(224) Pause Young (Normal) (G1 Evacuation Pause) 1227M->3M(2056M) 1.200ms
[174.726s][info][gc] GC(225) Pause Young (Normal) (G1 Evacuation Pause) 1227M->3M(2056M) 1.206ms
[175.182s][info][gc] GC(226) Pause Young (Normal) (G1 Evacuation Pause) 1227M->3M(2056M) 1.257ms
[175.639s][info][gc] GC(227) Pause Young (Normal) (G1 Evacuation Pause) 1227M->3M(2056M) 1.194ms
[176.094s][info][gc] GC(228) Pause Young (Normal) (G1 Evacuation Pause) 1227M->3M(2056M) 1.230ms
[176.550s][info][gc] GC(229) Pause Young (Normal) (G1 Evacuation Pause) 1227M->3M(2056M) 1.209ms
[177.007s][info][gc] GC(230) Pause Young (Normal) (G1 Evacuation Pause) 1227M->3M(2056M) 1.189ms
[177.461s][info][gc] GC(231) Pause Young (Normal) (G1 Evacuation Pause) 1227M->3M(2056M) 1.356ms
[177.916s][info][gc] GC(232) Pause Young (Normal) (G1 Evacuation Pause) 1227M->3M(2056M) 1.197ms
[178.373s][info][gc] GC(233) Pause Young (Normal) (G1 Evacuation Pause) 1227M->3M(2056M) 1.262ms
[178.830s][info][gc] GC(234) Pause Young (Normal) (G1 Evacuation Pause) 1227M->3M(2056M) 1.223ms
[179.286s][info][gc] GC(235) Pause Young (Normal) (G1 Evacuation Pause) 1227M->3M(2056M) 1.228ms
[179.740s][info][gc] GC(236) Pause Young (Normal) (G1 Evacuation Pause) 1227M->3M(2056M) 1.233ms
[180.197s][info][gc] GC(237) Pause Young (Normal) (G1 Evacuation Pause) 1227M->3M(2056M) 1.181ms
[180.652s][info][gc] GC(238) Pause Young (Normal) (G1 Evacuation Pause) 1227M->3M(2056M) 1.245ms
[181.106s][info][gc] GC(239) Pause Young (Normal) (G1 Evacuation Pause) 1227M->3M(2056M) 1.209ms
[182.558s][info][gc] GC(240) Pause Young (Normal) (G1 Evacuation Pause) 1227M->3M(2056M) 1.466ms
[183.007s][info][gc] GC(241) Pause Young (Normal) (G1 Evacuation Pause) 1227M->3M(2056M) 1.419ms
[183.454s][info][gc] GC(242) Pause Young (Normal) (G1 Evacuation Pause) 1227M->3M(2056M) 1.513ms
[183.899s][info][gc] GC(243) Pause Young (Normal) (G1 Evacuation Pause) 1227M->3M(2056M) 1.441ms
[184.342s][info][gc] GC(244) Pause Young (Normal) (G1 Evacuation Pause) 1227M->3M(2056M) 1.443ms
[184.803s][info][gc] GC(245) Pause Young (Normal) (G1 Evacuation Pause) 1227M->3M(2056M) 1.449ms
[185.253s][info][gc] GC(246) Pause Young (Normal) (G1 Evacuation Pause) 1227M->3M(2056M) 1.432ms
[185.703s][info][gc] GC(247) Pause Young (Normal) (G1 Evacuation Pause) 1227M->3M(2056M) 1.382ms
[186.150s][info][gc] GC(248) Pause Young (Normal) (G1 Evacuation Pause) 1227M->3M(2056M) 1.511ms
[186.597s][info][gc] GC(249) Pause Young (Normal) (G1 Evacuation Pause) 1227M->3M(2056M) 1.487ms
[187.044s][info][gc] GC(250) Pause Young (Normal) (G1 Evacuation Pause) 1227M->3M(2056M) 1.432ms
[187.489s][info][gc] GC(251) Pause Young (Normal) (G1 Evacuation Pause) 1227M->3M(2056M) 1.392ms
[187.935s][info][gc] GC(252) Pause Young (Normal) (G1 Evacuation Pause) 1227M->3M(2056M) 1.386ms
[188.379s][info][gc] GC(253) Pause Young (Normal) (G1 Evacuation Pause) 1227M->3M(2056M) 1.442ms
[188.824s][info][gc] GC(254) Pause Young (Normal) (G1 Evacuation Pause) 1227M->3M(2056M) 1.452ms
[189.269s][info][gc] GC(255) Pause Young (Normal) (G1 Evacuation Pause) 1227M->3M(2056M) 1.384ms
[189.717s][info][gc] GC(256) Pause Young (Normal) (G1 Evacuation Pause) 1227M->3M(2056M) 1.202ms
[190.164s][info][gc] GC(257) Pause Young (Normal) (G1 Evacuation Pause) 1227M->3M(2056M) 1.249ms
[190.613s][info][gc] GC(258) Pause Young (Normal) (G1 Evacuation Pause) 1227M->3M(2056M) 1.248ms
[191.060s][info][gc] GC(259) Pause Young (Normal) (G1 Evacuation Pause) 1227M->3M(2056M) 1.168ms
[191.505s][info][gc] GC(260) Pause Young (Normal) (G1 Evacuation Pause) 1227M->3M(2056M) 1.262ms
[191.953s][info][gc] GC(261) Pause Young (Normal) (G1 Evacuation Pause) 1227M->3M(2056M) 1.243ms
[192.400s][info][gc] GC(262) Pause Young (Normal) (G1 Evacuation Pause) 1227M->3M(2056M) 1.336ms
[192.848s][info][gc] GC(263) Pause Young (Normal) (G1 Evacuation Pause) 1227M->3M(2056M) 1.261ms
[193.294s][info][gc] GC(264) Pause Young (Normal) (G1 Evacuation Pause) 1227M->3M(2056M) 1.335ms
[193.742s][info][gc] GC(265) Pause Young (Normal) (G1 Evacuation Pause) 1227M->3M(2056M) 1.194ms
[194.191s][info][gc] GC(266) Pause Young (Normal) (G1 Evacuation Pause) 1227M->3M(2056M) 1.285ms
[194.637s][info][gc] GC(267) Pause Young (Normal) (G1 Evacuation Pause) 1227M->3M(2056M) 1.186ms
[195.084s][info][gc] GC(268) Pause Young (Normal) (G1 Evacuation Pause) 1227M->3M(2056M) 1.228ms
[195.530s][info][gc] GC(269) Pause Young (Normal) (G1 Evacuation Pause) 1227M->3M(2056M) 1.198ms
[195.978s][info][gc] GC(270) Pause Young (Normal) (G1 Evacuation Pause) 1227M->3M(2056M) 1.332ms
[196.425s][info][gc] GC(271) Pause Young (Normal) (G1 Evacuation Pause) 1227M->3M(2056M) 1.179ms
[196.872s][info][gc] GC(272) Pause Young (Normal) (G1 Evacuation Pause) 1227M->3M(2056M) 1.252ms
[197.319s][info][gc] GC(273) Pause Young (Normal) (G1 Evacuation Pause) 1227M->3M(2056M) 1.301ms
[197.767s][info][gc] GC(274) Pause Young (Normal) (G1 Evacuation Pause) 1227M->3M(2056M) 1.147ms
[198.215s][info][gc] GC(275) Pause Young (Normal) (G1 Evacuation Pause) 1227M->3M(2056M) 1.268ms
[198.663s][info][gc] GC(276) Pause Young (Normal) (G1 Evacuation Pause) 1227M->3M(2056M) 1.235ms
[199.111s][info][gc] GC(277) Pause Young (Normal) (G1 Evacuation Pause) 1227M->3M(2056M) 1.238ms
[199.558s][info][gc] GC(278) Pause Young (Normal) (G1 Evacuation Pause) 1227M->3M(2056M) 1.225ms
[200.005s][info][gc] GC(279) Pause Young (Normal) (G1 Evacuation Pause) 1227M->3M(2056M) 1.210ms
[200.452s][info][gc] GC(280) Pause Young (Normal) (G1 Evacuation Pause) 1227M->3M(2056M) 1.164ms
[200.899s][info][gc] GC(281) Pause Young (Normal) (G1 Evacuation Pause) 1227M->3M(2056M) 1.258ms
[201.347s][info][gc] GC(282) Pause Young (Normal) (G1 Evacuation Pause) 1227M->3M(2056M) 1.366ms
[201.795s][info][gc] GC(283) Pause Young (Normal) (G1 Evacuation Pause) 1227M->3M(2056M) 1.326ms
[202.243s][info][gc] GC(284) Pause Young (Normal) (G1 Evacuation Pause) 1227M->3M(2056M) 1.236ms
[202.691s][info][gc] GC(285) Pause Young (Normal) (G1 Evacuation Pause) 1227M->3M(2056M) 1.287ms
[203.138s][info][gc] GC(286) Pause Young (Normal) (G1 Evacuation Pause) 1227M->3M(2056M) 1.241ms
[203.585s][info][gc] GC(287) Pause Young (Normal) (G1 Evacuation Pause) 1227M->3M(2056M) 1.202ms
[204.032s][info][gc] GC(288) Pause Young (Normal) (G1 Evacuation Pause) 1227M->3M(2056M) 1.134ms
[204.479s][info][gc] GC(289) Pause Young (Normal) (G1 Evacuation Pause) 1227M->3M(2056M) 1.219ms
[204.925s][info][gc] GC(290) Pause Young (Normal) (G1 Evacuation Pause) 1227M->3M(2056M) 1.191ms
[205.373s][info][gc] GC(291) Pause Young (Normal) (G1 Evacuation Pause) 1227M->3M(2056M) 1.291ms
[205.821s][info][gc] GC(292) Pause Young (Normal) (G1 Evacuation Pause) 1227M->3M(2056M) 1.371ms
[206.270s][info][gc] GC(293) Pause Young (Normal) (G1 Evacuation Pause) 1227M->3M(2056M) 1.324ms
[206.719s][info][gc] GC(294) Pause Young (Normal) (G1 Evacuation Pause) 1227M->3M(2056M) 1.165ms
[207.165s][info][gc] GC(295) Pause Young (Normal) (G1 Evacuation Pause) 1227M->3M(2056M) 1.246ms
[208.615s][info][gc] GC(296) Pause Young (Normal) (G1 Evacuation Pause) 1227M->3M(2056M) 1.491ms
[209.061s][info][gc] GC(297) Pause Young (Normal) (G1 Evacuation Pause) 1227M->3M(2056M) 1.451ms
[209.508s][info][gc] GC(298) Pause Young (Normal) (G1 Evacuation Pause) 1227M->4M(2056M) 1.418ms
[209.960s][info][gc] GC(299) Pause Young (Normal) (G1 Evacuation Pause) 1228M->3M(2056M) 1.388ms
[210.409s][info][gc] GC(300) Pause Young (Normal) (G1 Evacuation Pause) 1227M->3M(2056M) 1.429ms
[210.854s][info][gc] GC(301) Pause Young (Normal) (G1 Evacuation Pause) 1227M->4M(2056M) 1.496ms
[211.301s][info][gc] GC(302) Pause Young (Normal) (G1 Evacuation Pause) 1228M->3M(2056M) 1.481ms
[211.747s][info][gc] GC(303) Pause Young (Normal) (G1 Evacuation Pause) 1227M->3M(2056M) 1.431ms
[212.193s][info][gc] GC(304) Pause Young (Normal) (G1 Evacuation Pause) 1227M->3M(2056M) 1.424ms
[212.637s][info][gc] GC(305) Pause Young (Normal) (G1 Evacuation Pause) 1227M->3M(2056M) 1.459ms
[213.082s][info][gc] GC(306) Pause Young (Normal) (G1 Evacuation Pause) 1227M->3M(2056M) 1.460ms
[213.540s][info][gc] GC(307) Pause Young (Normal) (G1 Evacuation Pause) 1227M->3M(2056M) 1.447ms
[213.987s][info][gc] GC(308) Pause Young (Normal) (G1 Evacuation Pause) 1227M->3M(2056M) 1.432ms
[214.432s][info][gc] GC(309) Pause Young (Normal) (G1 Evacuation Pause) 1227M->3M(2056M) 1.437ms
[214.876s][info][gc] GC(310) Pause Young (Normal) (G1 Evacuation Pause) 1227M->4M(2056M) 1.450ms
[215.321s][info][gc] GC(311) Pause Young (Normal) (G1 Evacuation Pause) 1228M->4M(2056M) 1.466ms
[215.771s][info][gc] GC(312) Pause Young (Normal) (G1 Evacuation Pause) 1228M->3M(2056M) 1.189ms
[216.222s][info][gc] GC(313) Pause Young (Normal) (G1 Evacuation Pause) 1227M->4M(2056M) 1.237ms
[216.673s][info][gc] GC(314) Pause Young (Normal) (G1 Evacuation Pause) 1228M->3M(2056M) 1.253ms
[217.123s][info][gc] GC(315) Pause Young (Normal) (G1 Evacuation Pause) 1227M->3M(2056M) 1.254ms
[217.572s][info][gc] GC(316) Pause Young (Normal) (G1 Evacuation Pause) 1227M->4M(2056M) 1.228ms
[218.023s][info][gc] GC(317) Pause Young (Normal) (G1 Evacuation Pause) 1228M->3M(2056M) 1.187ms
[218.472s][info][gc] GC(318) Pause Young (Normal) (G1 Evacuation Pause) 1227M->3M(2056M) 1.188ms
[218.921s][info][gc] GC(319) Pause Young (Normal) (G1 Evacuation Pause) 1227M->3M(2056M) 1.151ms
[219.369s][info][gc] GC(320) Pause Young (Normal) (G1 Evacuation Pause) 1227M->4M(2056M) 1.341ms
[219.819s][info][gc] GC(321) Pause Young (Normal) (G1 Evacuation Pause) 1228M->4M(2056M) 1.351ms
[220.269s][info][gc] GC(322) Pause Young (Normal) (G1 Evacuation Pause) 1228M->3M(2056M) 1.243ms
[220.719s][info][gc] GC(323) Pause Young (Normal) (G1 Evacuation Pause) 1227M->4M(2056M) 1.233ms
[221.169s][info][gc] GC(324) Pause Young (Normal) (G1 Evacuation Pause) 1228M->3M(2056M) 1.201ms
[221.619s][info][gc] GC(325) Pause Young (Normal) (G1 Evacuation Pause) 1227M->4M(2056M) 1.172ms
[222.069s][info][gc] GC(326) Pause Young (Normal) (G1 Evacuation Pause) 1228M->3M(2056M) 1.318ms
[222.519s][info][gc] GC(327) Pause Young (Normal) (G1 Evacuation Pause) 1227M->4M(2056M) 1.177ms
[222.969s][info][gc] GC(328) Pause Young (Normal) (G1 Evacuation Pause) 1228M->3M(2056M) 1.197ms
[223.419s][info][gc] GC(329) Pause Young (Normal) (G1 Evacuation Pause) 1227M->3M(2056M) 1.191ms
[223.870s][info][gc] GC(330) Pause Young (Normal) (G1 Evacuation Pause) 1227M->3M(2056M) 1.189ms
[224.319s][info][gc] GC(331) Pause Young (Normal) (G1 Evacuation Pause) 1227M->3M(2056M) 1.202ms
[224.769s][info][gc] GC(332) Pause Young (Normal) (G1 Evacuation Pause) 1227M->4M(2056M) 1.291ms
[225.220s][info][gc] GC(333) Pause Young (Normal) (G1 Evacuation Pause) 1228M->3M(2056M) 1.224ms
[225.670s][info][gc] GC(334) Pause Young (Normal) (G1 Evacuation Pause) 1227M->4M(2056M) 1.234ms
[226.121s][info][gc] GC(335) Pause Young (Normal) (G1 Evacuation Pause) 1228M->3M(2056M) 1.222ms
[226.571s][info][gc] GC(336) Pause Young (Normal) (G1 Evacuation Pause) 1227M->3M(2056M) 1.192ms
[227.020s][info][gc] GC(337) Pause Young (Normal) (G1 Evacuation Pause) 1227M->3M(2056M) 1.232ms
[227.471s][info][gc] GC(338) Pause Young (Normal) (G1 Evacuation Pause) 1227M->4M(2056M) 1.306ms
[227.920s][info][gc] GC(339) Pause Young (Normal) (G1 Evacuation Pause) 1228M->3M(2056M) 1.173ms
[228.369s][info][gc] GC(340) Pause Young (Normal) (G1 Evacuation Pause) 1227M->4M(2056M) 1.305ms
[228.820s][info][gc] GC(341) Pause Young (Normal) (G1 Evacuation Pause) 1228M->3M(2056M) 1.178ms
[229.269s][info][gc] GC(342) Pause Young (Normal) (G1 Evacuation Pause) 1227M->3M(2056M) 1.176ms
[229.718s][info][gc] GC(343) Pause Young (Normal) (G1 Evacuation Pause) 1227M->4M(2056M) 1.315ms
[230.169s][info][gc] GC(344) Pause Young (Normal) (G1 Evacuation Pause) 1228M->4M(2056M) 1.339ms
[230.618s][info][gc] GC(345) Pause Young (Normal) (G1 Evacuation Pause) 1228M->4M(2056M) 1.192ms
[231.066s][info][gc] GC(346) Pause Young (Normal) (G1 Evacuation Pause) 1228M->4M(2056M) 1.228ms
[231.518s][info][gc] GC(347) Pause Young (Normal) (G1 Evacuation Pause) 1228M->3M(2056M) 1.213ms
[231.968s][info][gc] GC(348) Pause Young (Normal) (G1 Evacuation Pause) 1227M->4M(2056M) 1.233ms
[232.418s][info][gc] GC(349) Pause Young (Normal) (G1 Evacuation Pause) 1228M->4M(2056M) 1.242ms
[232.869s][info][gc] GC(350) Pause Young (Normal) (G1 Evacuation Pause) 1228M->4M(2056M) 1.230ms
[234.323s][info][gc] GC(351) Pause Young (Normal) (G1 Evacuation Pause) 1228M->4M(2056M) 1.388ms
[234.791s][info][gc] GC(352) Pause Young (Normal) (G1 Evacuation Pause) 1228M->4M(2056M) 1.565ms
[235.246s][info][gc] GC(353) Pause Young (Normal) (G1 Evacuation Pause) 1228M->4M(2056M) 1.476ms
[235.691s][info][gc] GC(354) Pause Young (Normal) (G1 Evacuation Pause) 1228M->4M(2056M) 1.400ms
[236.445s][info][gc] GC(355) Pause Young (Normal) (G1 Evacuation Pause) 1228M->4M(2056M) 1.508ms
[236.919s][info][gc] GC(356) Pause Young (Normal) (G1 Evacuation Pause) 1228M->4M(2056M) 1.481ms
[237.364s][info][gc] GC(357) Pause Young (Normal) (G1 Evacuation Pause) 1228M->4M(2056M) 1.535ms
[237.835s][info][gc] GC(358) Pause Young (Normal) (G1 Evacuation Pause) 1228M->4M(2056M) 1.445ms
[238.281s][info][gc] GC(359) Pause Young (Normal) (G1 Evacuation Pause) 1228M->4M(2056M) 1.422ms
[238.724s][info][gc] GC(360) Pause Young (Normal) (G1 Evacuation Pause) 1228M->4M(2056M) 1.450ms
[239.170s][info][gc] GC(361) Pause Young (Normal) (G1 Evacuation Pause) 1228M->4M(2056M) 1.438ms
[239.614s][info][gc] GC(362) Pause Young (Normal) (G1 Evacuation Pause) 1228M->4M(2056M) 1.386ms
[240.058s][info][gc] GC(363) Pause Young (Normal) (G1 Evacuation Pause) 1228M->4M(2056M) 1.514ms
[240.504s][info][gc] GC(364) Pause Young (Normal) (G1 Evacuation Pause) 1228M->4M(2056M) 1.474ms
[240.949s][info][gc] GC(365) Pause Young (Normal) (G1 Evacuation Pause) 1228M->4M(2056M) 1.406ms
[241.399s][info][gc] GC(366) Pause Young (Normal) (G1 Evacuation Pause) 1228M->4M(2056M) 1.294ms
[241.856s][info][gc] GC(367) Pause Young (Normal) (G1 Evacuation Pause) 1228M->4M(2056M) 1.235ms
[242.317s][info][gc] GC(368) Pause Young (Normal) (G1 Evacuation Pause) 1228M->4M(2056M) 1.305ms
[242.775s][info][gc] GC(369) Pause Young (Normal) (G1 Evacuation Pause) 1228M->4M(2056M) 1.190ms
[243.233s][info][gc] GC(370) Pause Young (Normal) (G1 Evacuation Pause) 1228M->4M(2056M) 1.316ms
[243.689s][info][gc] GC(371) Pause Young (Normal) (G1 Evacuation Pause) 1228M->4M(2056M) 1.240ms
[244.148s][info][gc] GC(372) Pause Young (Normal) (G1 Evacuation Pause) 1228M->4M(2056M) 1.233ms
[244.605s][info][gc] GC(373) Pause Young (Normal) (G1 Evacuation Pause) 1228M->4M(2056M) 1.266ms
[245.064s][info][gc] GC(374) Pause Young (Normal) (G1 Evacuation Pause) 1228M->4M(2056M) 1.302ms
[245.520s][info][gc] GC(375) Pause Young (Normal) (G1 Evacuation Pause) 1228M->4M(2056M) 1.233ms
[245.978s][info][gc] GC(376) Pause Young (Normal) (G1 Evacuation Pause) 1228M->4M(2056M) 1.215ms
[246.438s][info][gc] GC(377) Pause Young (Normal) (G1 Evacuation Pause) 1228M->4M(2056M) 1.321ms
[246.896s][info][gc] GC(378) Pause Young (Normal) (G1 Evacuation Pause) 1228M->4M(2056M) 1.231ms
[247.352s][info][gc] GC(379) Pause Young (Normal) (G1 Evacuation Pause) 1228M->4M(2056M) 1.178ms
[247.811s][info][gc] GC(380) Pause Young (Normal) (G1 Evacuation Pause) 1228M->4M(2056M) 1.209ms
[248.270s][info][gc] GC(381) Pause Young (Normal) (G1 Evacuation Pause) 1228M->4M(2056M) 1.240ms
[248.726s][info][gc] GC(382) Pause Young (Normal) (G1 Evacuation Pause) 1228M->4M(2056M) 1.216ms
[249.183s][info][gc] GC(383) Pause Young (Normal) (G1 Evacuation Pause) 1228M->4M(2056M) 1.479ms
[249.642s][info][gc] GC(384) Pause Young (Normal) (G1 Evacuation Pause) 1228M->4M(2056M) 1.281ms
[250.102s][info][gc] GC(385) Pause Young (Normal) (G1 Evacuation Pause) 1228M->4M(2056M) 1.247ms
[250.559s][info][gc] GC(386) Pause Young (Normal) (G1 Evacuation Pause) 1228M->4M(2056M) 1.277ms
[251.015s][info][gc] GC(387) Pause Young (Normal) (G1 Evacuation Pause) 1228M->4M(2056M) 1.233ms
[251.474s][info][gc] GC(388) Pause Young (Normal) (G1 Evacuation Pause) 1228M->4M(2056M) 1.229ms
[251.934s][info][gc] GC(389) Pause Young (Normal) (G1 Evacuation Pause) 1228M->4M(2056M) 1.354ms
[252.393s][info][gc] GC(390) Pause Young (Normal) (G1 Evacuation Pause) 1228M->4M(2056M) 1.192ms
[252.850s][info][gc] GC(391) Pause Young (Normal) (G1 Evacuation Pause) 1228M->4M(2056M) 1.255ms
[253.309s][info][gc] GC(392) Pause Young (Normal) (G1 Evacuation Pause) 1228M->4M(2056M) 1.191ms
[253.768s][info][gc] GC(393) Pause Young (Normal) (G1 Evacuation Pause) 1228M->4M(2056M) 1.200ms
[254.229s][info][gc] GC(394) Pause Young (Normal) (G1 Evacuation Pause) 1228M->4M(2056M) 1.212ms
[254.686s][info][gc] GC(395) Pause Young (Normal) (G1 Evacuation Pause) 1228M->4M(2056M) 1.195ms
[255.144s][info][gc] GC(396) Pause Young (Normal) (G1 Evacuation Pause) 1228M->4M(2056M) 1.226ms
[255.600s][info][gc] GC(397) Pause Young (Normal) (G1 Evacuation Pause) 1228M->4M(2056M) 1.223ms
[256.059s][info][gc] GC(398) Pause Young (Normal) (G1 Evacuation Pause) 1228M->4M(2056M) 1.211ms
[256.517s][info][gc] GC(399) Pause Young (Normal) (G1 Evacuation Pause) 1228M->4M(2056M) 1.213ms
[256.976s][info][gc] GC(400) Pause Young (Normal) (G1 Evacuation Pause) 1228M->4M(2056M) 1.170ms
[257.435s][info][gc] GC(401) Pause Young (Normal) (G1 Evacuation Pause) 1228M->4M(2056M) 1.547ms
[257.894s][info][gc] GC(402) Pause Young (Normal) (G1 Evacuation Pause) 1228M->4M(2056M) 1.344ms
[258.353s][info][gc] GC(403) Pause Young (Normal) (G1 Evacuation Pause) 1228M->4M(2056M) 1.240ms
[258.811s][info][gc] GC(404) Pause Young (Normal) (G1 Evacuation Pause) 1228M->4M(2056M) 1.201ms
benchmarkAvgTime : 5000
nbThread : 4
[260.266s][info][gc] GC(405) Pause Young (Normal) (G1 Evacuation Pause) 1228M->4M(2056M) 1.364ms
[260.483s][info][gc] GC(406) Pause Young (Normal) (G1 Evacuation Pause) 1228M->4M(2056M) 1.460ms
[260.705s][info][gc] GC(407) Pause Young (Normal) (G1 Evacuation Pause) 1228M->4M(2056M) 1.446ms
[260.922s][info][gc] GC(408) Pause Young (Normal) (G1 Evacuation Pause) 1228M->4M(2056M) 1.458ms
[261.138s][info][gc] GC(409) Pause Young (Normal) (G1 Evacuation Pause) 1228M->4M(2056M) 1.528ms
[261.354s][info][gc] GC(410) Pause Young (Normal) (G1 Evacuation Pause) 1228M->4M(2056M) 1.489ms
[261.580s][info][gc] GC(411) Pause Young (Normal) (G1 Evacuation Pause) 1228M->4M(2056M) 1.475ms
[261.797s][info][gc] GC(412) Pause Young (Normal) (G1 Evacuation Pause) 1228M->4M(2056M) 1.448ms
[262.013s][info][gc] GC(413) Pause Young (Normal) (G1 Evacuation Pause) 1228M->4M(2056M) 1.450ms
[262.228s][info][gc] GC(414) Pause Young (Normal) (G1 Evacuation Pause) 1228M->4M(2056M) 1.460ms
[262.444s][info][gc] GC(415) Pause Young (Normal) (G1 Evacuation Pause) 1228M->4M(2056M) 1.442ms
[262.660s][info][gc] GC(416) Pause Young (Normal) (G1 Evacuation Pause) 1228M->4M(2056M) 1.459ms
[262.877s][info][gc] GC(417) Pause Young (Normal) (G1 Evacuation Pause) 1228M->4M(2056M) 1.566ms
[263.094s][info][gc] GC(418) Pause Young (Normal) (G1 Evacuation Pause) 1228M->4M(2056M) 1.503ms
[263.312s][info][gc] GC(419) Pause Young (Normal) (G1 Evacuation Pause) 1228M->4M(2056M) 1.389ms
[263.528s][info][gc] GC(420) Pause Young (Normal) (G1 Evacuation Pause) 1228M->4M(2056M) 1.367ms
[263.745s][info][gc] GC(421) Pause Young (Normal) (G1 Evacuation Pause) 1228M->4M(2056M) 1.382ms
[263.962s][info][gc] GC(422) Pause Young (Normal) (G1 Evacuation Pause) 1228M->4M(2056M) 1.528ms
[264.179s][info][gc] GC(423) Pause Young (Normal) (G1 Evacuation Pause) 1228M->4M(2056M) 1.254ms
[264.396s][info][gc] GC(424) Pause Young (Normal) (G1 Evacuation Pause) 1228M->4M(2056M) 1.265ms
[264.612s][info][gc] GC(425) Pause Young (Normal) (G1 Evacuation Pause) 1228M->4M(2056M) 1.185ms
[264.829s][info][gc] GC(426) Pause Young (Normal) (G1 Evacuation Pause) 1228M->4M(2056M) 1.172ms
[265.045s][info][gc] GC(427) Pause Young (Normal) (G1 Evacuation Pause) 1228M->4M(2056M) 1.432ms
[265.262s][info][gc] GC(428) Pause Young (Normal) (G1 Evacuation Pause) 1228M->4M(2056M) 1.217ms
[265.478s][info][gc] GC(429) Pause Young (Normal) (G1 Evacuation Pause) 1228M->4M(2056M) 1.163ms
[265.695s][info][gc] GC(430) Pause Young (Normal) (G1 Evacuation Pause) 1228M->4M(2056M) 1.260ms
[265.911s][info][gc] GC(431) Pause Young (Normal) (G1 Evacuation Pause) 1228M->4M(2056M) 1.162ms
[266.128s][info][gc] GC(432) Pause Young (Normal) (G1 Evacuation Pause) 1228M->4M(2056M) 1.166ms
[266.345s][info][gc] GC(433) Pause Young (Normal) (G1 Evacuation Pause) 1228M->4M(2056M) 1.230ms
[266.562s][info][gc] GC(434) Pause Young (Normal) (G1 Evacuation Pause) 1228M->4M(2056M) 1.218ms
[266.780s][info][gc] GC(435) Pause Young (Normal) (G1 Evacuation Pause) 1228M->4M(2056M) 1.250ms
[266.997s][info][gc] GC(436) Pause Young (Normal) (G1 Evacuation Pause) 1228M->4M(2056M) 1.312ms
[267.214s][info][gc] GC(437) Pause Young (Normal) (G1 Evacuation Pause) 1228M->4M(2056M) 1.181ms
[267.432s][info][gc] GC(438) Pause Young (Normal) (G1 Evacuation Pause) 1228M->4M(2056M) 1.188ms
[267.650s][info][gc] GC(439) Pause Young (Normal) (G1 Evacuation Pause) 1228M->4M(2056M) 1.328ms
[267.867s][info][gc] GC(440) Pause Young (Normal) (G1 Evacuation Pause) 1228M->4M(2056M) 1.216ms
[268.084s][info][gc] GC(441) Pause Young (Normal) (G1 Evacuation Pause) 1228M->4M(2056M) 1.184ms
[268.301s][info][gc] GC(442) Pause Young (Normal) (G1 Evacuation Pause) 1228M->4M(2056M) 1.176ms
[268.518s][info][gc] GC(443) Pause Young (Normal) (G1 Evacuation Pause) 1228M->4M(2056M) 1.329ms
[268.735s][info][gc] GC(444) Pause Young (Normal) (G1 Evacuation Pause) 1228M->4M(2056M) 1.272ms
[268.950s][info][gc] GC(445) Pause Young (Normal) (G1 Evacuation Pause) 1228M->4M(2056M) 1.125ms
[269.168s][info][gc] GC(446) Pause Young (Normal) (G1 Evacuation Pause) 1228M->4M(2056M) 1.319ms
[269.384s][info][gc] GC(447) Pause Young (Normal) (G1 Evacuation Pause) 1228M->4M(2056M) 1.263ms
[269.601s][info][gc] GC(448) Pause Young (Normal) (G1 Evacuation Pause) 1228M->4M(2056M) 1.305ms
[269.818s][info][gc] GC(449) Pause Young (Normal) (G1 Evacuation Pause) 1228M->4M(2056M) 1.245ms
[270.036s][info][gc] GC(450) Pause Young (Normal) (G1 Evacuation Pause) 1228M->4M(2056M) 1.208ms
[270.254s][info][gc] GC(451) Pause Young (Normal) (G1 Evacuation Pause) 1228M->4M(2056M) 1.381ms
[270.471s][info][gc] GC(452) Pause Young (Normal) (G1 Evacuation Pause) 1228M->4M(2056M) 1.163ms
[270.688s][info][gc] GC(453) Pause Young (Normal) (G1 Evacuation Pause) 1228M->4M(2056M) 1.169ms
[270.906s][info][gc] GC(454) Pause Young (Normal) (G1 Evacuation Pause) 1228M->4M(2056M) 1.817ms
[271.122s][info][gc] GC(455) Pause Young (Normal) (G1 Evacuation Pause) 1228M->4M(2056M) 1.414ms
[271.340s][info][gc] GC(456) Pause Young (Normal) (G1 Evacuation Pause) 1228M->4M(2056M) 1.190ms
[271.557s][info][gc] GC(457) Pause Young (Normal) (G1 Evacuation Pause) 1228M->4M(2056M) 1.261ms
[271.774s][info][gc] GC(458) Pause Young (Normal) (G1 Evacuation Pause) 1228M->4M(2056M) 1.179ms
[271.992s][info][gc] GC(459) Pause Young (Normal) (G1 Evacuation Pause) 1228M->4M(2056M) 1.253ms
[272.208s][info][gc] GC(460) Pause Young (Normal) (G1 Evacuation Pause) 1228M->4M(2056M) 1.276ms
[272.424s][info][gc] GC(461) Pause Young (Normal) (G1 Evacuation Pause) 1228M->4M(2056M) 1.352ms
[272.641s][info][gc] GC(462) Pause Young (Normal) (G1 Evacuation Pause) 1228M->4M(2056M) 1.358ms
[272.858s][info][gc] GC(463) Pause Young (Normal) (G1 Evacuation Pause) 1228M->4M(2056M) 1.331ms
[273.075s][info][gc] GC(464) Pause Young (Normal) (G1 Evacuation Pause) 1228M->4M(2056M) 1.238ms
[273.292s][info][gc] GC(465) Pause Young (Normal) (G1 Evacuation Pause) 1228M->4M(2056M) 1.419ms
[273.509s][info][gc] GC(466) Pause Young (Normal) (G1 Evacuation Pause) 1228M->4M(2056M) 1.208ms
[273.727s][info][gc] GC(467) Pause Young (Normal) (G1 Evacuation Pause) 1228M->4M(2056M) 1.600ms
[273.944s][info][gc] GC(468) Pause Young (Normal) (G1 Evacuation Pause) 1228M->4M(2056M) 1.321ms
[274.161s][info][gc] GC(469) Pause Young (Normal) (G1 Evacuation Pause) 1228M->4M(2056M) 1.282ms
[274.379s][info][gc] GC(470) Pause Young (Normal) (G1 Evacuation Pause) 1228M->4M(2056M) 1.206ms
[274.597s][info][gc] GC(471) Pause Young (Normal) (G1 Evacuation Pause) 1228M->4M(2056M) 1.629ms
[274.814s][info][gc] GC(472) Pause Young (Normal) (G1 Evacuation Pause) 1228M->4M(2056M) 1.319ms
[275.031s][info][gc] GC(473) Pause Young (Normal) (G1 Evacuation Pause) 1228M->4M(2056M) 1.302ms
[275.247s][info][gc] GC(474) Pause Young (Normal) (G1 Evacuation Pause) 1228M->4M(2056M) 1.193ms
[275.464s][info][gc] GC(475) Pause Young (Normal) (G1 Evacuation Pause) 1228M->4M(2056M) 1.228ms
[275.681s][info][gc] GC(476) Pause Young (Normal) (G1 Evacuation Pause) 1228M->4M(2056M) 1.189ms
[275.897s][info][gc] GC(477) Pause Young (Normal) (G1 Evacuation Pause) 1228M->4M(2056M) 1.299ms
[276.114s][info][gc] GC(478) Pause Young (Normal) (G1 Evacuation Pause) 1228M->4M(2056M) 1.211ms
[276.331s][info][gc] GC(479) Pause Young (Normal) (G1 Evacuation Pause) 1228M->4M(2056M) 1.259ms
[276.549s][info][gc] GC(480) Pause Young (Normal) (G1 Evacuation Pause) 1228M->4M(2056M) 1.310ms
[276.766s][info][gc] GC(481) Pause Young (Normal) (G1 Evacuation Pause) 1228M->4M(2056M) 1.373ms
[276.984s][info][gc] GC(482) Pause Young (Normal) (G1 Evacuation Pause) 1228M->4M(2056M) 1.205ms
[277.201s][info][gc] GC(483) Pause Young (Normal) (G1 Evacuation Pause) 1228M->4M(2056M) 1.351ms
[277.418s][info][gc] GC(484) Pause Young (Normal) (G1 Evacuation Pause) 1228M->4M(2056M) 1.401ms
[277.637s][info][gc] GC(485) Pause Young (Normal) (G1 Evacuation Pause) 1228M->4M(2056M) 1.246ms
[277.853s][info][gc] GC(486) Pause Young (Normal) (G1 Evacuation Pause) 1228M->4M(2056M) 1.226ms
[278.070s][info][gc] GC(487) Pause Young (Normal) (G1 Evacuation Pause) 1228M->4M(2056M) 1.350ms
[278.288s][info][gc] GC(488) Pause Young (Normal) (G1 Evacuation Pause) 1228M->4M(2056M) 1.177ms
[278.506s][info][gc] GC(489) Pause Young (Normal) (G1 Evacuation Pause) 1228M->4M(2056M) 1.279ms
[278.722s][info][gc] GC(490) Pause Young (Normal) (G1 Evacuation Pause) 1228M->4M(2056M) 1.205ms
[278.939s][info][gc] GC(491) Pause Young (Normal) (G1 Evacuation Pause) 1228M->4M(2056M) 1.213ms
[279.157s][info][gc] GC(492) Pause Young (Normal) (G1 Evacuation Pause) 1228M->4M(2056M) 1.253ms
[279.374s][info][gc] GC(493) Pause Young (Normal) (G1 Evacuation Pause) 1228M->4M(2056M) 1.230ms
[279.592s][info][gc] GC(494) Pause Young (Normal) (G1 Evacuation Pause) 1228M->4M(2056M) 1.458ms
[279.809s][info][gc] GC(495) Pause Young (Normal) (G1 Evacuation Pause) 1228M->4M(2056M) 1.426ms
[280.026s][info][gc] GC(496) Pause Young (Normal) (G1 Evacuation Pause) 1228M->4M(2056M) 1.376ms
[280.243s][info][gc] GC(497) Pause Young (Normal) (G1 Evacuation Pause) 1228M->4M(2056M) 1.285ms
[280.461s][info][gc] GC(498) Pause Young (Normal) (G1 Evacuation Pause) 1228M->4M(2056M) 1.151ms
[280.678s][info][gc] GC(499) Pause Young (Normal) (G1 Evacuation Pause) 1228M->4M(2056M) 1.203ms
[280.895s][info][gc] GC(500) Pause Young (Normal) (G1 Evacuation Pause) 1228M->4M(2056M) 1.403ms
[281.112s][info][gc] GC(501) Pause Young (Normal) (G1 Evacuation Pause) 1228M->4M(2056M) 1.227ms
[281.328s][info][gc] GC(502) Pause Young (Normal) (G1 Evacuation Pause) 1228M->4M(2056M) 1.231ms
[281.545s][info][gc] GC(503) Pause Young (Normal) (G1 Evacuation Pause) 1228M->4M(2056M) 1.196ms
[281.761s][info][gc] GC(504) Pause Young (Normal) (G1 Evacuation Pause) 1228M->4M(2056M) 1.291ms
[281.979s][info][gc] GC(505) Pause Young (Normal) (G1 Evacuation Pause) 1228M->4M(2056M) 1.351ms
[282.196s][info][gc] GC(506) Pause Young (Normal) (G1 Evacuation Pause) 1228M->4M(2056M) 1.204ms
[282.413s][info][gc] GC(507) Pause Young (Normal) (G1 Evacuation Pause) 1228M->4M(2056M) 1.258ms
[282.629s][info][gc] GC(508) Pause Young (Normal) (G1 Evacuation Pause) 1228M->4M(2056M) 1.147ms
[282.846s][info][gc] GC(509) Pause Young (Normal) (G1 Evacuation Pause) 1228M->4M(2056M) 1.264ms
[283.062s][info][gc] GC(510) Pause Young (Normal) (G1 Evacuation Pause) 1228M->4M(2056M) 1.190ms
[283.279s][info][gc] GC(511) Pause Young (Normal) (G1 Evacuation Pause) 1228M->4M(2056M) 1.198ms
[283.496s][info][gc] GC(512) Pause Young (Normal) (G1 Evacuation Pause) 1228M->4M(2056M) 1.203ms
[283.714s][info][gc] GC(513) Pause Young (Normal) (G1 Evacuation Pause) 1228M->4M(2056M) 1.258ms
[283.931s][info][gc] GC(514) Pause Young (Normal) (G1 Evacuation Pause) 1228M->4M(2056M) 1.256ms
[284.148s][info][gc] GC(515) Pause Young (Normal) (G1 Evacuation Pause) 1228M->4M(2056M) 1.232ms
[284.366s][info][gc] GC(516) Pause Young (Normal) (G1 Evacuation Pause) 1228M->4M(2056M) 1.164ms
[284.583s][info][gc] GC(517) Pause Young (Normal) (G1 Evacuation Pause) 1228M->4M(2056M) 1.208ms
[284.800s][info][gc] GC(518) Pause Young (Normal) (G1 Evacuation Pause) 1228M->4M(2056M) 1.347ms
[285.016s][info][gc] GC(519) Pause Young (Normal) (G1 Evacuation Pause) 1228M->4M(2056M) 1.189ms
[285.233s][info][gc] GC(520) Pause Young (Normal) (G1 Evacuation Pause) 1228M->4M(2056M) 1.131ms
[286.452s][info][gc] GC(521) Pause Young (Normal) (G1 Evacuation Pause) 1228M->5M(2056M) 1.658ms
[286.669s][info][gc] GC(522) Pause Young (Normal) (G1 Evacuation Pause) 1229M->5M(2056M) 1.570ms
[286.890s][info][gc] GC(523) Pause Young (Normal) (G1 Evacuation Pause) 1229M->5M(2056M) 1.457ms
[287.106s][info][gc] GC(524) Pause Young (Normal) (G1 Evacuation Pause) 1229M->5M(2056M) 1.379ms
[287.323s][info][gc] GC(525) Pause Young (Normal) (G1 Evacuation Pause) 1229M->5M(2056M) 1.437ms
[287.544s][info][gc] GC(526) Pause Young (Normal) (G1 Evacuation Pause) 1229M->5M(2056M) 1.460ms
[287.762s][info][gc] GC(527) Pause Young (Normal) (G1 Evacuation Pause) 1229M->5M(2056M) 1.455ms
[287.979s][info][gc] GC(528) Pause Young (Normal) (G1 Evacuation Pause) 1229M->5M(2056M) 1.419ms
[288.195s][info][gc] GC(529) Pause Young (Normal) (G1 Evacuation Pause) 1229M->5M(2056M) 1.512ms
[288.410s][info][gc] GC(530) Pause Young (Normal) (G1 Evacuation Pause) 1229M->5M(2056M) 1.572ms
[288.630s][info][gc] GC(531) Pause Young (Normal) (G1 Evacuation Pause) 1229M->5M(2056M) 1.554ms
[288.857s][info][gc] GC(532) Pause Young (Normal) (G1 Evacuation Pause) 1229M->5M(2056M) 1.532ms
[289.076s][info][gc] GC(533) Pause Young (Normal) (G1 Evacuation Pause) 1229M->5M(2056M) 1.453ms
[289.292s][info][gc] GC(534) Pause Young (Normal) (G1 Evacuation Pause) 1229M->5M(2056M) 1.447ms
[289.508s][info][gc] GC(535) Pause Young (Normal) (G1 Evacuation Pause) 1229M->5M(2056M) 1.482ms
[289.727s][info][gc] GC(536) Pause Young (Normal) (G1 Evacuation Pause) 1229M->5M(2056M) 3.527ms
[290.093s][info][gc] GC(537) Pause Young (Normal) (G1 Evacuation Pause) 1229M->5M(2056M) 1.595ms
[290.458s][info][gc] GC(538) Pause Young (Normal) (G1 Evacuation Pause) 1229M->5M(2056M) 1.518ms
[290.822s][info][gc] GC(539) Pause Young (Normal) (G1 Evacuation Pause) 1229M->5M(2056M) 1.326ms
[291.184s][info][gc] GC(540) Pause Young (Normal) (G1 Evacuation Pause) 1229M->5M(2056M) 1.264ms
[291.547s][info][gc] GC(541) Pause Young (Normal) (G1 Evacuation Pause) 1229M->5M(2056M) 1.266ms
[291.911s][info][gc] GC(542) Pause Young (Normal) (G1 Evacuation Pause) 1229M->5M(2056M) 1.400ms
[292.275s][info][gc] GC(543) Pause Young (Normal) (G1 Evacuation Pause) 1229M->5M(2056M) 1.282ms
[292.640s][info][gc] GC(544) Pause Young (Normal) (G1 Evacuation Pause) 1229M->5M(2056M) 1.524ms
[293.004s][info][gc] GC(545) Pause Young (Normal) (G1 Evacuation Pause) 1229M->5M(2056M) 1.193ms
[293.367s][info][gc] GC(546) Pause Young (Normal) (G1 Evacuation Pause) 1229M->5M(2056M) 1.220ms
[293.731s][info][gc] GC(547) Pause Young (Normal) (G1 Evacuation Pause) 1229M->5M(2056M) 1.286ms
[294.096s][info][gc] GC(548) Pause Young (Normal) (G1 Evacuation Pause) 1229M->5M(2056M) 1.264ms
[294.460s][info][gc] GC(549) Pause Young (Normal) (G1 Evacuation Pause) 1229M->5M(2056M) 1.199ms
[294.823s][info][gc] GC(550) Pause Young (Normal) (G1 Evacuation Pause) 1229M->5M(2056M) 1.225ms
[295.186s][info][gc] GC(551) Pause Young (Normal) (G1 Evacuation Pause) 1229M->5M(2056M) 1.244ms
[295.552s][info][gc] GC(552) Pause Young (Normal) (G1 Evacuation Pause) 1229M->5M(2056M) 1.218ms
[295.917s][info][gc] GC(553) Pause Young (Normal) (G1 Evacuation Pause) 1229M->5M(2056M) 1.261ms
[296.282s][info][gc] GC(554) Pause Young (Normal) (G1 Evacuation Pause) 1229M->5M(2056M) 1.235ms
[296.647s][info][gc] GC(555) Pause Young (Normal) (G1 Evacuation Pause) 1229M->5M(2056M) 1.198ms
[297.012s][info][gc] GC(556) Pause Young (Normal) (G1 Evacuation Pause) 1229M->5M(2056M) 1.208ms
[297.376s][info][gc] GC(557) Pause Young (Normal) (G1 Evacuation Pause) 1229M->5M(2056M) 1.164ms
[297.741s][info][gc] GC(558) Pause Young (Normal) (G1 Evacuation Pause) 1229M->5M(2056M) 1.296ms
[298.105s][info][gc] GC(559) Pause Young (Normal) (G1 Evacuation Pause) 1229M->5M(2056M) 1.490ms
[298.469s][info][gc] GC(560) Pause Young (Normal) (G1 Evacuation Pause) 1229M->5M(2056M) 1.524ms
[298.833s][info][gc] GC(561) Pause Young (Normal) (G1 Evacuation Pause) 1229M->5M(2056M) 1.304ms
[299.196s][info][gc] GC(562) Pause Young (Normal) (G1 Evacuation Pause) 1229M->5M(2056M) 1.167ms
[299.559s][info][gc] GC(563) Pause Young (Normal) (G1 Evacuation Pause) 1229M->5M(2056M) 1.329ms
[299.923s][info][gc] GC(564) Pause Young (Normal) (G1 Evacuation Pause) 1229M->5M(2056M) 1.215ms
[300.288s][info][gc] GC(565) Pause Young (Normal) (G1 Evacuation Pause) 1229M->5M(2056M) 1.221ms
[300.652s][info][gc] GC(566) Pause Young (Normal) (G1 Evacuation Pause) 1229M->5M(2056M) 1.332ms
[301.016s][info][gc] GC(567) Pause Young (Normal) (G1 Evacuation Pause) 1229M->5M(2056M) 1.261ms
[301.380s][info][gc] GC(568) Pause Young (Normal) (G1 Evacuation Pause) 1229M->5M(2056M) 1.180ms
[301.743s][info][gc] GC(569) Pause Young (Normal) (G1 Evacuation Pause) 1229M->5M(2056M) 1.372ms
[302.108s][info][gc] GC(570) Pause Young (Normal) (G1 Evacuation Pause) 1229M->5M(2056M) 1.281ms
[302.472s][info][gc] GC(571) Pause Young (Normal) (G1 Evacuation Pause) 1229M->5M(2056M) 1.206ms
[302.836s][info][gc] GC(572) Pause Young (Normal) (G1 Evacuation Pause) 1229M->5M(2056M) 1.377ms
[303.200s][info][gc] GC(573) Pause Young (Normal) (G1 Evacuation Pause) 1229M->5M(2056M) 1.331ms
[303.564s][info][gc] GC(574) Pause Young (Normal) (G1 Evacuation Pause) 1229M->5M(2056M) 1.177ms
[303.928s][info][gc] GC(575) Pause Young (Normal) (G1 Evacuation Pause) 1229M->5M(2056M) 1.345ms
[304.292s][info][gc] GC(576) Pause Young (Normal) (G1 Evacuation Pause) 1229M->5M(2056M) 1.362ms
[304.657s][info][gc] GC(577) Pause Young (Normal) (G1 Evacuation Pause) 1229M->5M(2056M) 1.219ms
[305.022s][info][gc] GC(578) Pause Young (Normal) (G1 Evacuation Pause) 1229M->5M(2056M) 1.330ms
[305.387s][info][gc] GC(579) Pause Young (Normal) (G1 Evacuation Pause) 1229M->5M(2056M) 1.212ms
[305.752s][info][gc] GC(580) Pause Young (Normal) (G1 Evacuation Pause) 1229M->5M(2056M) 1.253ms
[306.116s][info][gc] GC(581) Pause Young (Normal) (G1 Evacuation Pause) 1229M->5M(2056M) 1.253ms
[306.479s][info][gc] GC(582) Pause Young (Normal) (G1 Evacuation Pause) 1229M->5M(2056M) 1.563ms
[306.842s][info][gc] GC(583) Pause Young (Normal) (G1 Evacuation Pause) 1229M->5M(2056M) 1.222ms
[307.207s][info][gc] GC(584) Pause Young (Normal) (G1 Evacuation Pause) 1229M->5M(2056M) 1.278ms
[307.571s][info][gc] GC(585) Pause Young (Normal) (G1 Evacuation Pause) 1229M->5M(2056M) 1.249ms
[307.936s][info][gc] GC(586) Pause Young (Normal) (G1 Evacuation Pause) 1229M->5M(2056M) 1.202ms
[308.301s][info][gc] GC(587) Pause Young (Normal) (G1 Evacuation Pause) 1229M->5M(2056M) 1.285ms
[308.665s][info][gc] GC(588) Pause Young (Normal) (G1 Evacuation Pause) 1229M->5M(2056M) 1.202ms
[309.029s][info][gc] GC(589) Pause Young (Normal) (G1 Evacuation Pause) 1229M->5M(2056M) 1.326ms
[309.394s][info][gc] GC(590) Pause Young (Normal) (G1 Evacuation Pause) 1229M->5M(2056M) 1.266ms
[309.758s][info][gc] GC(591) Pause Young (Normal) (G1 Evacuation Pause) 1229M->5M(2056M) 1.305ms
[310.124s][info][gc] GC(592) Pause Young (Normal) (G1 Evacuation Pause) 1229M->5M(2056M) 1.253ms
[310.490s][info][gc] GC(593) Pause Young (Normal) (G1 Evacuation Pause) 1229M->5M(2056M) 1.319ms
[310.855s][info][gc] GC(594) Pause Young (Normal) (G1 Evacuation Pause) 1229M->5M(2056M) 1.179ms
[311.220s][info][gc] GC(595) Pause Young (Normal) (G1 Evacuation Pause) 1229M->5M(2056M) 1.339ms
[312.454s][info][gc] GC(596) Pause Young (Normal) (G1 Evacuation Pause) 1229M->5M(2056M) 1.596ms
[312.672s][info][gc] GC(597) Pause Young (Normal) (G1 Evacuation Pause) 1229M->5M(2056M) 1.564ms
[312.889s][info][gc] GC(598) Pause Young (Normal) (G1 Evacuation Pause) 1229M->5M(2056M) 1.492ms
[313.105s][info][gc] GC(599) Pause Young (Normal) (G1 Evacuation Pause) 1229M->5M(2056M) 1.511ms
[313.323s][info][gc] GC(600) Pause Young (Normal) (G1 Evacuation Pause) 1229M->5M(2056M) 1.469ms
[313.572s][info][gc] GC(601) Pause Young (Normal) (G1 Evacuation Pause) 1229M->5M(2056M) 1.671ms
[313.791s][info][gc] GC(602) Pause Young (Normal) (G1 Evacuation Pause) 1229M->5M(2056M) 1.433ms
[314.013s][info][gc] GC(603) Pause Young (Normal) (G1 Evacuation Pause) 1229M->5M(2056M) 1.468ms
[314.234s][info][gc] GC(604) Pause Young (Normal) (G1 Evacuation Pause) 1229M->5M(2056M) 1.484ms
[314.459s][info][gc] GC(605) Pause Young (Normal) (G1 Evacuation Pause) 1229M->5M(2056M) 1.489ms
[314.674s][info][gc] GC(606) Pause Young (Normal) (G1 Evacuation Pause) 1229M->5M(2056M) 1.580ms
[314.891s][info][gc] GC(607) Pause Young (Normal) (G1 Evacuation Pause) 1229M->5M(2056M) 1.538ms
[315.109s][info][gc] GC(608) Pause Young (Normal) (G1 Evacuation Pause) 1229M->5M(2056M) 1.566ms
[315.324s][info][gc] GC(609) Pause Young (Normal) (G1 Evacuation Pause) 1229M->5M(2056M) 1.512ms
[315.541s][info][gc] GC(610) Pause Young (Normal) (G1 Evacuation Pause) 1229M->5M(2056M) 1.522ms
[315.758s][info][gc] GC(611) Pause Young (Normal) (G1 Evacuation Pause) 1229M->5M(2056M) 1.543ms
[315.977s][info][gc] GC(612) Pause Young (Normal) (G1 Evacuation Pause) 1229M->5M(2056M) 1.314ms
[316.197s][info][gc] GC(613) Pause Young (Normal) (G1 Evacuation Pause) 1229M->5M(2056M) 1.255ms
[316.415s][info][gc] GC(614) Pause Young (Normal) (G1 Evacuation Pause) 1229M->5M(2056M) 1.230ms
[316.634s][info][gc] GC(615) Pause Young (Normal) (G1 Evacuation Pause) 1229M->5M(2056M) 1.277ms
[316.852s][info][gc] GC(616) Pause Young (Normal) (G1 Evacuation Pause) 1229M->5M(2056M) 1.203ms
[317.071s][info][gc] GC(617) Pause Young (Normal) (G1 Evacuation Pause) 1229M->5M(2056M) 1.293ms
[317.289s][info][gc] GC(618) Pause Young (Normal) (G1 Evacuation Pause) 1229M->5M(2056M) 1.151ms
[317.508s][info][gc] GC(619) Pause Young (Normal) (G1 Evacuation Pause) 1229M->5M(2056M) 1.247ms
[317.725s][info][gc] GC(620) Pause Young (Normal) (G1 Evacuation Pause) 1229M->5M(2056M) 1.267ms
[317.944s][info][gc] GC(621) Pause Young (Normal) (G1 Evacuation Pause) 1229M->5M(2056M) 1.437ms
[318.163s][info][gc] GC(622) Pause Young (Normal) (G1 Evacuation Pause) 1229M->5M(2056M) 1.190ms
[318.382s][info][gc] GC(623) Pause Young (Normal) (G1 Evacuation Pause) 1229M->5M(2056M) 1.251ms
[318.601s][info][gc] GC(624) Pause Young (Normal) (G1 Evacuation Pause) 1229M->5M(2056M) 1.216ms
[318.820s][info][gc] GC(625) Pause Young (Normal) (G1 Evacuation Pause) 1229M->5M(2056M) 1.254ms
[319.038s][info][gc] GC(626) Pause Young (Normal) (G1 Evacuation Pause) 1229M->5M(2056M) 1.380ms
[319.256s][info][gc] GC(627) Pause Young (Normal) (G1 Evacuation Pause) 1229M->5M(2056M) 1.197ms
[319.476s][info][gc] GC(628) Pause Young (Normal) (G1 Evacuation Pause) 1229M->5M(2056M) 1.430ms
[319.696s][info][gc] GC(629) Pause Young (Normal) (G1 Evacuation Pause) 1229M->5M(2056M) 1.304ms
[319.915s][info][gc] GC(630) Pause Young (Normal) (G1 Evacuation Pause) 1229M->5M(2056M) 1.504ms
[320.134s][info][gc] GC(631) Pause Young (Normal) (G1 Evacuation Pause) 1229M->5M(2056M) 1.428ms
[320.354s][info][gc] GC(632) Pause Young (Normal) (G1 Evacuation Pause) 1229M->5M(2056M) 1.539ms
[320.573s][info][gc] GC(633) Pause Young (Normal) (G1 Evacuation Pause) 1229M->5M(2056M) 1.296ms
[320.793s][info][gc] GC(634) Pause Young (Normal) (G1 Evacuation Pause) 1229M->5M(2056M) 1.261ms
[321.012s][info][gc] GC(635) Pause Young (Normal) (G1 Evacuation Pause) 1229M->5M(2056M) 1.255ms
[321.231s][info][gc] GC(636) Pause Young (Normal) (G1 Evacuation Pause) 1229M->5M(2056M) 1.221ms
[321.449s][info][gc] GC(637) Pause Young (Normal) (G1 Evacuation Pause) 1229M->5M(2056M) 1.216ms
[321.667s][info][gc] GC(638) Pause Young (Normal) (G1 Evacuation Pause) 1229M->5M(2056M) 1.378ms
[321.886s][info][gc] GC(639) Pause Young (Normal) (G1 Evacuation Pause) 1229M->5M(2056M) 1.263ms
[322.105s][info][gc] GC(640) Pause Young (Normal) (G1 Evacuation Pause) 1229M->5M(2056M) 1.266ms
[322.324s][info][gc] GC(641) Pause Young (Normal) (G1 Evacuation Pause) 1229M->5M(2056M) 1.248ms
[322.543s][info][gc] GC(642) Pause Young (Normal) (G1 Evacuation Pause) 1229M->5M(2056M) 1.230ms
[322.762s][info][gc] GC(643) Pause Young (Normal) (G1 Evacuation Pause) 1229M->5M(2056M) 1.248ms
[322.980s][info][gc] GC(644) Pause Young (Normal) (G1 Evacuation Pause) 1229M->5M(2056M) 1.431ms
[323.199s][info][gc] GC(645) Pause Young (Normal) (G1 Evacuation Pause) 1229M->5M(2056M) 1.242ms
[323.417s][info][gc] GC(646) Pause Young (Normal) (G1 Evacuation Pause) 1229M->5M(2056M) 1.228ms
[323.636s][info][gc] GC(647) Pause Young (Normal) (G1 Evacuation Pause) 1229M->5M(2056M) 1.347ms
[323.854s][info][gc] GC(648) Pause Young (Normal) (G1 Evacuation Pause) 1229M->5M(2056M) 1.218ms
[324.073s][info][gc] GC(649) Pause Young (Normal) (G1 Evacuation Pause) 1229M->5M(2056M) 1.452ms
[324.292s][info][gc] GC(650) Pause Young (Normal) (G1 Evacuation Pause) 1229M->5M(2056M) 1.245ms
[324.510s][info][gc] GC(651) Pause Young (Normal) (G1 Evacuation Pause) 1229M->5M(2056M) 1.252ms
[324.729s][info][gc] GC(652) Pause Young (Normal) (G1 Evacuation Pause) 1229M->5M(2056M) 1.356ms
[324.948s][info][gc] GC(653) Pause Young (Normal) (G1 Evacuation Pause) 1229M->5M(2056M) 1.214ms
[325.167s][info][gc] GC(654) Pause Young (Normal) (G1 Evacuation Pause) 1229M->5M(2056M) 1.366ms
[325.385s][info][gc] GC(655) Pause Young (Normal) (G1 Evacuation Pause) 1229M->5M(2056M) 1.231ms
[325.605s][info][gc] GC(656) Pause Young (Normal) (G1 Evacuation Pause) 1229M->5M(2056M) 1.279ms
[325.824s][info][gc] GC(657) Pause Young (Normal) (G1 Evacuation Pause) 1229M->5M(2056M) 1.326ms
[326.042s][info][gc] GC(658) Pause Young (Normal) (G1 Evacuation Pause) 1229M->5M(2056M) 1.294ms
[326.260s][info][gc] GC(659) Pause Young (Normal) (G1 Evacuation Pause) 1229M->5M(2056M) 1.283ms
[326.479s][info][gc] GC(660) Pause Young (Normal) (G1 Evacuation Pause) 1229M->5M(2056M) 1.186ms
[326.697s][info][gc] GC(661) Pause Young (Normal) (G1 Evacuation Pause) 1229M->5M(2056M) 1.203ms
[326.916s][info][gc] GC(662) Pause Young (Normal) (G1 Evacuation Pause) 1229M->5M(2056M) 1.439ms
[327.136s][info][gc] GC(663) Pause Young (Normal) (G1 Evacuation Pause) 1229M->5M(2056M) 1.190ms
[327.355s][info][gc] GC(664) Pause Young (Normal) (G1 Evacuation Pause) 1229M->5M(2056M) 1.233ms
[327.574s][info][gc] GC(665) Pause Young (Normal) (G1 Evacuation Pause) 1229M->5M(2056M) 1.328ms
[327.792s][info][gc] GC(666) Pause Young (Normal) (G1 Evacuation Pause) 1229M->5M(2056M) 1.219ms
[328.012s][info][gc] GC(667) Pause Young (Normal) (G1 Evacuation Pause) 1229M->5M(2056M) 1.341ms
[328.231s][info][gc] GC(668) Pause Young (Normal) (G1 Evacuation Pause) 1229M->5M(2056M) 1.280ms
[328.450s][info][gc] GC(669) Pause Young (Normal) (G1 Evacuation Pause) 1229M->5M(2056M) 1.261ms
[328.669s][info][gc] GC(670) Pause Young (Normal) (G1 Evacuation Pause) 1229M->5M(2056M) 1.322ms
[328.889s][info][gc] GC(671) Pause Young (Normal) (G1 Evacuation Pause) 1229M->5M(2056M) 1.271ms
[329.109s][info][gc] GC(672) Pause Young (Normal) (G1 Evacuation Pause) 1229M->5M(2056M) 1.287ms
[329.328s][info][gc] GC(673) Pause Young (Normal) (G1 Evacuation Pause) 1229M->5M(2056M) 1.239ms
[329.546s][info][gc] GC(674) Pause Young (Normal) (G1 Evacuation Pause) 1229M->5M(2056M) 1.241ms
[329.765s][info][gc] GC(675) Pause Young (Normal) (G1 Evacuation Pause) 1229M->5M(2056M) 1.335ms
[329.984s][info][gc] GC(676) Pause Young (Normal) (G1 Evacuation Pause) 1229M->5M(2056M) 1.283ms
[330.203s][info][gc] GC(677) Pause Young (Normal) (G1 Evacuation Pause) 1229M->5M(2056M) 1.217ms
[330.422s][info][gc] GC(678) Pause Young (Normal) (G1 Evacuation Pause) 1229M->5M(2056M) 1.412ms
[330.641s][info][gc] GC(679) Pause Young (Normal) (G1 Evacuation Pause) 1229M->5M(2056M) 1.319ms
[330.861s][info][gc] GC(680) Pause Young (Normal) (G1 Evacuation Pause) 1229M->5M(2056M) 1.447ms
[331.080s][info][gc] GC(681) Pause Young (Normal) (G1 Evacuation Pause) 1229M->5M(2056M) 1.245ms
[331.299s][info][gc] GC(682) Pause Young (Normal) (G1 Evacuation Pause) 1229M->5M(2056M) 1.364ms
[331.518s][info][gc] GC(683) Pause Young (Normal) (G1 Evacuation Pause) 1229M->5M(2056M) 1.340ms
[331.737s][info][gc] GC(684) Pause Young (Normal) (G1 Evacuation Pause) 1229M->5M(2056M) 1.363ms
[331.956s][info][gc] GC(685) Pause Young (Normal) (G1 Evacuation Pause) 1229M->5M(2056M) 1.217ms
[332.174s][info][gc] GC(686) Pause Young (Normal) (G1 Evacuation Pause) 1229M->5M(2056M) 1.235ms
[332.393s][info][gc] GC(687) Pause Young (Normal) (G1 Evacuation Pause) 1229M->5M(2056M) 1.238ms
[332.613s][info][gc] GC(688) Pause Young (Normal) (G1 Evacuation Pause) 1229M->5M(2056M) 1.273ms
[332.832s][info][gc] GC(689) Pause Young (Normal) (G1 Evacuation Pause) 1229M->5M(2056M) 1.378ms
[333.050s][info][gc] GC(690) Pause Young (Normal) (G1 Evacuation Pause) 1229M->5M(2056M) 1.339ms
[333.269s][info][gc] GC(691) Pause Young (Normal) (G1 Evacuation Pause) 1229M->5M(2056M) 1.236ms
[333.487s][info][gc] GC(692) Pause Young (Normal) (G1 Evacuation Pause) 1229M->5M(2056M) 1.212ms
[333.705s][info][gc] GC(693) Pause Young (Normal) (G1 Evacuation Pause) 1229M->5M(2056M) 1.353ms
[333.925s][info][gc] GC(694) Pause Young (Normal) (G1 Evacuation Pause) 1229M->5M(2056M) 1.222ms
[334.143s][info][gc] GC(695) Pause Young (Normal) (G1 Evacuation Pause) 1229M->5M(2056M) 1.312ms
[334.362s][info][gc] GC(696) Pause Young (Normal) (G1 Evacuation Pause) 1229M->5M(2056M) 1.296ms
[334.580s][info][gc] GC(697) Pause Young (Normal) (G1 Evacuation Pause) 1229M->5M(2056M) 1.326ms
[334.799s][info][gc] GC(698) Pause Young (Normal) (G1 Evacuation Pause) 1229M->5M(2056M) 1.200ms
[335.017s][info][gc] GC(699) Pause Young (Normal) (G1 Evacuation Pause) 1229M->5M(2056M) 1.431ms
[335.236s][info][gc] GC(700) Pause Young (Normal) (G1 Evacuation Pause) 1229M->5M(2056M) 1.279ms
[335.454s][info][gc] GC(701) Pause Young (Normal) (G1 Evacuation Pause) 1229M->5M(2056M) 1.201ms
[335.673s][info][gc] GC(702) Pause Young (Normal) (G1 Evacuation Pause) 1229M->5M(2056M) 1.305ms
[335.891s][info][gc] GC(703) Pause Young (Normal) (G1 Evacuation Pause) 1229M->5M(2056M) 1.232ms
[336.111s][info][gc] GC(704) Pause Young (Normal) (G1 Evacuation Pause) 1229M->5M(2056M) 1.405ms
[336.329s][info][gc] GC(705) Pause Young (Normal) (G1 Evacuation Pause) 1229M->5M(2056M) 1.226ms
[336.548s][info][gc] GC(706) Pause Young (Normal) (G1 Evacuation Pause) 1229M->5M(2056M) 1.285ms
[336.767s][info][gc] GC(707) Pause Young (Normal) (G1 Evacuation Pause) 1229M->5M(2056M) 1.389ms
[336.987s][info][gc] GC(708) Pause Young (Normal) (G1 Evacuation Pause) 1229M->5M(2056M) 1.408ms
[337.205s][info][gc] GC(709) Pause Young (Normal) (G1 Evacuation Pause) 1229M->5M(2056M) 1.251ms
[338.426s][info][gc] GC(710) Pause Young (Normal) (G1 Evacuation Pause) 1229M->5M(2056M) 1.495ms
[338.645s][info][gc] GC(711) Pause Young (Normal) (G1 Evacuation Pause) 1229M->6M(2056M) 1.494ms
[338.863s][info][gc] GC(712) Pause Young (Normal) (G1 Evacuation Pause) 1230M->5M(2056M) 1.496ms
[339.080s][info][gc] GC(713) Pause Young (Normal) (G1 Evacuation Pause) 1229M->6M(2056M) 1.512ms
[339.297s][info][gc] GC(714) Pause Young (Normal) (G1 Evacuation Pause) 1230M->6M(2056M) 1.548ms
[339.516s][info][gc] GC(715) Pause Young (Normal) (G1 Evacuation Pause) 1230M->5M(2056M) 1.435ms
[339.733s][info][gc] GC(716) Pause Young (Normal) (G1 Evacuation Pause) 1229M->5M(2056M) 1.536ms
[339.952s][info][gc] GC(717) Pause Young (Normal) (G1 Evacuation Pause) 1229M->6M(2056M) 1.557ms
[340.171s][info][gc] GC(718) Pause Young (Normal) (G1 Evacuation Pause) 1230M->5M(2056M) 1.488ms
[340.387s][info][gc] GC(719) Pause Young (Normal) (G1 Evacuation Pause) 1229M->5M(2056M) 1.439ms
[340.604s][info][gc] GC(720) Pause Young (Normal) (G1 Evacuation Pause) 1229M->6M(2056M) 1.498ms
[340.820s][info][gc] GC(721) Pause Young (Normal) (G1 Evacuation Pause) 1230M->6M(2056M) 1.505ms
[341.037s][info][gc] GC(722) Pause Young (Normal) (G1 Evacuation Pause) 1230M->6M(2056M) 1.450ms
[341.260s][info][gc] GC(723) Pause Young (Normal) (G1 Evacuation Pause) 1230M->6M(2056M) 1.441ms
[341.477s][info][gc] GC(724) Pause Young (Normal) (G1 Evacuation Pause) 1230M->6M(2056M) 1.629ms
[341.696s][info][gc] GC(725) Pause Young (Normal) (G1 Evacuation Pause) 1230M->6M(2056M) 1.415ms
[341.913s][info][gc] GC(726) Pause Young (Normal) (G1 Evacuation Pause) 1230M->5M(2056M) 1.170ms
[342.129s][info][gc] GC(727) Pause Young (Normal) (G1 Evacuation Pause) 1229M->6M(2056M) 1.293ms
[342.346s][info][gc] GC(728) Pause Young (Normal) (G1 Evacuation Pause) 1230M->6M(2056M) 1.226ms
[342.563s][info][gc] GC(729) Pause Young (Normal) (G1 Evacuation Pause) 1230M->6M(2056M) 1.286ms
[342.780s][info][gc] GC(730) Pause Young (Normal) (G1 Evacuation Pause) 1230M->5M(2056M) 1.258ms
[342.997s][info][gc] GC(731) Pause Young (Normal) (G1 Evacuation Pause) 1229M->5M(2056M) 1.240ms
[343.213s][info][gc] GC(732) Pause Young (Normal) (G1 Evacuation Pause) 1229M->5M(2056M) 1.196ms
[343.429s][info][gc] GC(733) Pause Young (Normal) (G1 Evacuation Pause) 1229M->6M(2056M) 1.377ms
[343.646s][info][gc] GC(734) Pause Young (Normal) (G1 Evacuation Pause) 1230M->6M(2056M) 1.403ms
[343.863s][info][gc] GC(735) Pause Young (Normal) (G1 Evacuation Pause) 1230M->6M(2056M) 1.244ms
[344.080s][info][gc] GC(736) Pause Young (Normal) (G1 Evacuation Pause) 1230M->6M(2056M) 1.169ms
[344.297s][info][gc] GC(737) Pause Young (Normal) (G1 Evacuation Pause) 1230M->6M(2056M) 1.297ms
[344.513s][info][gc] GC(738) Pause Young (Normal) (G1 Evacuation Pause) 1230M->5M(2056M) 1.228ms
[344.730s][info][gc] GC(739) Pause Young (Normal) (G1 Evacuation Pause) 1229M->6M(2056M) 1.410ms
[344.948s][info][gc] GC(740) Pause Young (Normal) (G1 Evacuation Pause) 1230M->5M(2056M) 1.340ms
[345.164s][info][gc] GC(741) Pause Young (Normal) (G1 Evacuation Pause) 1229M->5M(2056M) 1.171ms
[345.381s][info][gc] GC(742) Pause Young (Normal) (G1 Evacuation Pause) 1229M->5M(2056M) 1.234ms
[345.598s][info][gc] GC(743) Pause Young (Normal) (G1 Evacuation Pause) 1229M->6M(2056M) 1.438ms
[345.815s][info][gc] GC(744) Pause Young (Normal) (G1 Evacuation Pause) 1230M->6M(2056M) 1.284ms
[346.033s][info][gc] GC(745) Pause Young (Normal) (G1 Evacuation Pause) 1230M->6M(2056M) 1.200ms
[346.251s][info][gc] GC(746) Pause Young (Normal) (G1 Evacuation Pause) 1230M->6M(2056M) 1.322ms
[346.469s][info][gc] GC(747) Pause Young (Normal) (G1 Evacuation Pause) 1230M->6M(2056M) 1.234ms
[346.686s][info][gc] GC(748) Pause Young (Normal) (G1 Evacuation Pause) 1230M->5M(2056M) 1.143ms
[346.902s][info][gc] GC(749) Pause Young (Normal) (G1 Evacuation Pause) 1229M->6M(2056M) 1.295ms
[347.119s][info][gc] GC(750) Pause Young (Normal) (G1 Evacuation Pause) 1230M->5M(2056M) 1.181ms
[347.336s][info][gc] GC(751) Pause Young (Normal) (G1 Evacuation Pause) 1229M->5M(2056M) 1.171ms
[347.552s][info][gc] GC(752) Pause Young (Normal) (G1 Evacuation Pause) 1229M->5M(2056M) 1.238ms
[347.769s][info][gc] GC(753) Pause Young (Normal) (G1 Evacuation Pause) 1229M->5M(2056M) 1.252ms
[347.986s][info][gc] GC(754) Pause Young (Normal) (G1 Evacuation Pause) 1229M->6M(2056M) 1.375ms
[348.205s][info][gc] GC(755) Pause Young (Normal) (G1 Evacuation Pause) 1230M->6M(2056M) 1.451ms
[348.422s][info][gc] GC(756) Pause Young (Normal) (G1 Evacuation Pause) 1230M->5M(2056M) 1.298ms
[348.638s][info][gc] GC(757) Pause Young (Normal) (G1 Evacuation Pause) 1229M->6M(2056M) 1.323ms
[348.855s][info][gc] GC(758) Pause Young (Normal) (G1 Evacuation Pause) 1230M->5M(2056M) 1.167ms
[349.071s][info][gc] GC(759) Pause Young (Normal) (G1 Evacuation Pause) 1229M->6M(2056M) 1.262ms
[349.288s][info][gc] GC(760) Pause Young (Normal) (G1 Evacuation Pause) 1230M->6M(2056M) 1.307ms
[349.504s][info][gc] GC(761) Pause Young (Normal) (G1 Evacuation Pause) 1230M->5M(2056M) 1.256ms
[349.720s][info][gc] GC(762) Pause Young (Normal) (G1 Evacuation Pause) 1229M->6M(2056M) 1.276ms
[349.937s][info][gc] GC(763) Pause Young (Normal) (G1 Evacuation Pause) 1230M->6M(2056M) 1.266ms
[350.153s][info][gc] GC(764) Pause Young (Normal) (G1 Evacuation Pause) 1230M->6M(2056M) 1.255ms
[350.369s][info][gc] GC(765) Pause Young (Normal) (G1 Evacuation Pause) 1230M->6M(2056M) 1.335ms
[350.588s][info][gc] GC(766) Pause Young (Normal) (G1 Evacuation Pause) 1230M->6M(2056M) 1.413ms
[350.805s][info][gc] GC(767) Pause Young (Normal) (G1 Evacuation Pause) 1230M->5M(2056M) 1.202ms
[351.022s][info][gc] GC(768) Pause Young (Normal) (G1 Evacuation Pause) 1229M->6M(2056M) 1.316ms
[351.239s][info][gc] GC(769) Pause Young (Normal) (G1 Evacuation Pause) 1230M->6M(2056M) 1.369ms
[351.456s][info][gc] GC(770) Pause Young (Normal) (G1 Evacuation Pause) 1230M->6M(2056M) 1.282ms
[351.673s][info][gc] GC(771) Pause Young (Normal) (G1 Evacuation Pause) 1230M->5M(2056M) 1.287ms
[351.890s][info][gc] GC(772) Pause Young (Normal) (G1 Evacuation Pause) 1229M->6M(2056M) 1.354ms
[352.107s][info][gc] GC(773) Pause Young (Normal) (G1 Evacuation Pause) 1230M->6M(2056M) 1.260ms
[352.324s][info][gc] GC(774) Pause Young (Normal) (G1 Evacuation Pause) 1230M->5M(2056M) 1.203ms
[352.540s][info][gc] GC(775) Pause Young (Normal) (G1 Evacuation Pause) 1229M->6M(2056M) 1.196ms
[352.757s][info][gc] GC(776) Pause Young (Normal) (G1 Evacuation Pause) 1230M->6M(2056M) 1.221ms
[352.974s][info][gc] GC(777) Pause Young (Normal) (G1 Evacuation Pause) 1230M->5M(2056M) 1.214ms
[353.192s][info][gc] GC(778) Pause Young (Normal) (G1 Evacuation Pause) 1229M->6M(2056M) 1.236ms
[353.409s][info][gc] GC(779) Pause Young (Normal) (G1 Evacuation Pause) 1230M->5M(2056M) 1.367ms
[353.626s][info][gc] GC(780) Pause Young (Normal) (G1 Evacuation Pause) 1229M->6M(2056M) 1.448ms
[353.843s][info][gc] GC(781) Pause Young (Normal) (G1 Evacuation Pause) 1230M->6M(2056M) 1.207ms
[354.060s][info][gc] GC(782) Pause Young (Normal) (G1 Evacuation Pause) 1230M->6M(2056M) 1.362ms
[354.277s][info][gc] GC(783) Pause Young (Normal) (G1 Evacuation Pause) 1230M->6M(2056M) 1.262ms
[354.495s][info][gc] GC(784) Pause Young (Normal) (G1 Evacuation Pause) 1230M->5M(2056M) 1.180ms
[354.712s][info][gc] GC(785) Pause Young (Normal) (G1 Evacuation Pause) 1229M->5M(2056M) 1.242ms
[354.928s][info][gc] GC(786) Pause Young (Normal) (G1 Evacuation Pause) 1229M->6M(2056M) 1.253ms
[355.146s][info][gc] GC(787) Pause Young (Normal) (G1 Evacuation Pause) 1230M->6M(2056M) 1.506ms
[355.362s][info][gc] GC(788) Pause Young (Normal) (G1 Evacuation Pause) 1230M->5M(2056M) 1.198ms
[355.578s][info][gc] GC(789) Pause Young (Normal) (G1 Evacuation Pause) 1229M->6M(2056M) 1.290ms
[355.795s][info][gc] GC(790) Pause Young (Normal) (G1 Evacuation Pause) 1230M->6M(2056M) 1.247ms
[356.012s][info][gc] GC(791) Pause Young (Normal) (G1 Evacuation Pause) 1230M->6M(2056M) 1.176ms
[356.229s][info][gc] GC(792) Pause Young (Normal) (G1 Evacuation Pause) 1230M->6M(2056M) 1.245ms
[356.444s][info][gc] GC(793) Pause Young (Normal) (G1 Evacuation Pause) 1230M->6M(2056M) 1.187ms
[356.661s][info][gc] GC(794) Pause Young (Normal) (G1 Evacuation Pause) 1230M->5M(2056M) 1.227ms
[356.878s][info][gc] GC(795) Pause Young (Normal) (G1 Evacuation Pause) 1229M->6M(2056M) 1.527ms
[357.096s][info][gc] GC(796) Pause Young (Normal) (G1 Evacuation Pause) 1230M->6M(2056M) 1.276ms
[357.313s][info][gc] GC(797) Pause Young (Normal) (G1 Evacuation Pause) 1230M->6M(2056M) 1.205ms
[357.529s][info][gc] GC(798) Pause Young (Normal) (G1 Evacuation Pause) 1230M->5M(2056M) 1.232ms
[357.746s][info][gc] GC(799) Pause Young (Normal) (G1 Evacuation Pause) 1229M->6M(2056M) 1.238ms
[357.962s][info][gc] GC(800) Pause Young (Normal) (G1 Evacuation Pause) 1230M->6M(2056M) 1.186ms
[358.178s][info][gc] GC(801) Pause Young (Normal) (G1 Evacuation Pause) 1230M->6M(2056M) 1.311ms
[358.395s][info][gc] GC(802) Pause Young (Normal) (G1 Evacuation Pause) 1230M->6M(2056M) 1.204ms
[358.612s][info][gc] GC(803) Pause Young (Normal) (G1 Evacuation Pause) 1230M->6M(2056M) 1.236ms
[358.828s][info][gc] GC(804) Pause Young (Normal) (G1 Evacuation Pause) 1230M->6M(2056M) 1.261ms
[359.046s][info][gc] GC(805) Pause Young (Normal) (G1 Evacuation Pause) 1230M->6M(2056M) 1.414ms
[359.264s][info][gc] GC(806) Pause Young (Normal) (G1 Evacuation Pause) 1230M->6M(2056M) 1.292ms
[359.482s][info][gc] GC(807) Pause Young (Normal) (G1 Evacuation Pause) 1230M->6M(2056M) 1.255ms
[359.698s][info][gc] GC(808) Pause Young (Normal) (G1 Evacuation Pause) 1230M->6M(2056M) 1.215ms
[359.914s][info][gc] GC(809) Pause Young (Normal) (G1 Evacuation Pause) 1230M->5M(2056M) 1.177ms
[360.131s][info][gc] GC(810) Pause Young (Normal) (G1 Evacuation Pause) 1229M->5M(2056M) 1.159ms
[360.347s][info][gc] GC(811) Pause Young (Normal) (G1 Evacuation Pause) 1229M->5M(2056M) 1.192ms
[360.564s][info][gc] GC(812) Pause Young (Normal) (G1 Evacuation Pause) 1229M->6M(2056M) 1.434ms
[360.780s][info][gc] GC(813) Pause Young (Normal) (G1 Evacuation Pause) 1230M->6M(2056M) 1.186ms
[360.996s][info][gc] GC(814) Pause Young (Normal) (G1 Evacuation Pause) 1230M->6M(2056M) 1.253ms
[361.212s][info][gc] GC(815) Pause Young (Normal) (G1 Evacuation Pause) 1230M->6M(2056M) 1.275ms
[361.428s][info][gc] GC(816) Pause Young (Normal) (G1 Evacuation Pause) 1230M->6M(2056M) 1.195ms
[361.646s][info][gc] GC(817) Pause Young (Normal) (G1 Evacuation Pause) 1230M->6M(2056M) 1.393ms
[361.862s][info][gc] GC(818) Pause Young (Normal) (G1 Evacuation Pause) 1230M->6M(2056M) 1.201ms
[362.080s][info][gc] GC(819) Pause Young (Normal) (G1 Evacuation Pause) 1230M->6M(2056M) 1.277ms
[362.298s][info][gc] GC(820) Pause Young (Normal) (G1 Evacuation Pause) 1230M->5M(2056M) 1.173ms
[362.516s][info][gc] GC(821) Pause Young (Normal) (G1 Evacuation Pause) 1229M->5M(2056M) 1.205ms
[362.733s][info][gc] GC(822) Pause Young (Normal) (G1 Evacuation Pause) 1229M->6M(2056M) 1.226ms
[362.950s][info][gc] GC(823) Pause Young (Normal) (G1 Evacuation Pause) 1230M->6M(2056M) 1.247ms
[363.168s][info][gc] GC(824) Pause Young (Normal) (G1 Evacuation Pause) 1230M->6M(2056M) 1.190ms
[364.388s][info][gc] GC(825) Pause Young (Normal) (G1 Evacuation Pause) 1230M->6M(2056M) 1.551ms
[364.606s][info][gc] GC(826) Pause Young (Normal) (G1 Evacuation Pause) 1230M->6M(2056M) 1.769ms
[364.826s][info][gc] GC(827) Pause Young (Normal) (G1 Evacuation Pause) 1230M->6M(2056M) 1.532ms
[365.043s][info][gc] GC(828) Pause Young (Normal) (G1 Evacuation Pause) 1230M->6M(2056M) 1.474ms
[365.263s][info][gc] GC(829) Pause Young (Normal) (G1 Evacuation Pause) 1230M->6M(2056M) 1.732ms
[365.481s][info][gc] GC(830) Pause Young (Normal) (G1 Evacuation Pause) 1230M->6M(2056M) 1.551ms
[365.698s][info][gc] GC(831) Pause Young (Normal) (G1 Evacuation Pause) 1230M->6M(2056M) 1.633ms
[365.915s][info][gc] GC(832) Pause Young (Normal) (G1 Evacuation Pause) 1230M->6M(2056M) 1.551ms
[366.131s][info][gc] GC(833) Pause Young (Normal) (G1 Evacuation Pause) 1230M->6M(2056M) 1.506ms
[366.349s][info][gc] GC(834) Pause Young (Normal) (G1 Evacuation Pause) 1230M->6M(2056M) 1.489ms
[366.565s][info][gc] GC(835) Pause Young (Normal) (G1 Evacuation Pause) 1230M->6M(2056M) 1.527ms
[366.787s][info][gc] GC(836) Pause Young (Normal) (G1 Evacuation Pause) 1230M->6M(2056M) 1.694ms
[367.005s][info][gc] GC(837) Pause Young (Normal) (G1 Evacuation Pause) 1230M->6M(2056M) 1.546ms
[367.225s][info][gc] GC(838) Pause Young (Normal) (G1 Evacuation Pause) 1230M->6M(2056M) 1.578ms
[367.444s][info][gc] GC(839) Pause Young (Normal) (G1 Evacuation Pause) 1230M->6M(2056M) 1.514ms
[367.661s][info][gc] GC(840) Pause Young (Normal) (G1 Evacuation Pause) 1230M->6M(2056M) 1.449ms
[367.880s][info][gc] GC(841) Pause Young (Normal) (G1 Evacuation Pause) 1230M->6M(2056M) 1.679ms
[368.098s][info][gc] GC(842) Pause Young (Normal) (G1 Evacuation Pause) 1230M->6M(2056M) 1.424ms
[368.319s][info][gc] GC(843) Pause Young (Normal) (G1 Evacuation Pause) 1230M->6M(2056M) 1.628ms
[368.537s][info][gc] GC(844) Pause Young (Normal) (G1 Evacuation Pause) 1230M->6M(2056M) 1.244ms
[368.755s][info][gc] GC(845) Pause Young (Normal) (G1 Evacuation Pause) 1230M->6M(2056M) 1.274ms
[368.974s][info][gc] GC(846) Pause Young (Normal) (G1 Evacuation Pause) 1230M->6M(2056M) 1.411ms
[369.193s][info][gc] GC(847) Pause Young (Normal) (G1 Evacuation Pause) 1230M->6M(2056M) 1.383ms
[369.412s][info][gc] GC(848) Pause Young (Normal) (G1 Evacuation Pause) 1230M->6M(2056M) 1.321ms
[369.630s][info][gc] GC(849) Pause Young (Normal) (G1 Evacuation Pause) 1230M->6M(2056M) 1.330ms
[369.848s][info][gc] GC(850) Pause Young (Normal) (G1 Evacuation Pause) 1230M->6M(2056M) 1.427ms
[370.066s][info][gc] GC(851) Pause Young (Normal) (G1 Evacuation Pause) 1230M->6M(2056M) 1.221ms
[370.284s][info][gc] GC(852) Pause Young (Normal) (G1 Evacuation Pause) 1230M->6M(2056M) 1.228ms
[370.503s][info][gc] GC(853) Pause Young (Normal) (G1 Evacuation Pause) 1230M->6M(2056M) 1.555ms
[370.722s][info][gc] GC(854) Pause Young (Normal) (G1 Evacuation Pause) 1230M->6M(2056M) 1.296ms
[370.940s][info][gc] GC(855) Pause Young (Normal) (G1 Evacuation Pause) 1230M->6M(2056M) 1.355ms
[371.158s][info][gc] GC(856) Pause Young (Normal) (G1 Evacuation Pause) 1230M->6M(2056M) 1.202ms
[371.377s][info][gc] GC(857) Pause Young (Normal) (G1 Evacuation Pause) 1230M->6M(2056M) 1.271ms
[371.595s][info][gc] GC(858) Pause Young (Normal) (G1 Evacuation Pause) 1230M->6M(2056M) 1.343ms
[371.814s][info][gc] GC(859) Pause Young (Normal) (G1 Evacuation Pause) 1230M->6M(2056M) 1.329ms
[372.033s][info][gc] GC(860) Pause Young (Normal) (G1 Evacuation Pause) 1230M->6M(2056M) 1.442ms
[372.252s][info][gc] GC(861) Pause Young (Normal) (G1 Evacuation Pause) 1230M->6M(2056M) 1.298ms
[372.471s][info][gc] GC(862) Pause Young (Normal) (G1 Evacuation Pause) 1230M->6M(2056M) 1.218ms
[372.690s][info][gc] GC(863) Pause Young (Normal) (G1 Evacuation Pause) 1230M->6M(2056M) 1.352ms
[372.908s][info][gc] GC(864) Pause Young (Normal) (G1 Evacuation Pause) 1230M->6M(2056M) 1.313ms
[373.126s][info][gc] GC(865) Pause Young (Normal) (G1 Evacuation Pause) 1230M->6M(2056M) 1.241ms
[373.345s][info][gc] GC(866) Pause Young (Normal) (G1 Evacuation Pause) 1230M->6M(2056M) 1.347ms
[373.563s][info][gc] GC(867) Pause Young (Normal) (G1 Evacuation Pause) 1230M->6M(2056M) 1.421ms
[373.782s][info][gc] GC(868) Pause Young (Normal) (G1 Evacuation Pause) 1230M->6M(2056M) 1.269ms
[374.000s][info][gc] GC(869) Pause Young (Normal) (G1 Evacuation Pause) 1230M->6M(2056M) 1.294ms
[374.219s][info][gc] GC(870) Pause Young (Normal) (G1 Evacuation Pause) 1230M->6M(2056M) 1.362ms
[374.438s][info][gc] GC(871) Pause Young (Normal) (G1 Evacuation Pause) 1230M->6M(2056M) 1.573ms
[374.656s][info][gc] GC(872) Pause Young (Normal) (G1 Evacuation Pause) 1230M->6M(2056M) 1.206ms
[374.875s][info][gc] GC(873) Pause Young (Normal) (G1 Evacuation Pause) 1230M->6M(2056M) 1.519ms
[375.093s][info][gc] GC(874) Pause Young (Normal) (G1 Evacuation Pause) 1230M->6M(2056M) 1.226ms
[375.311s][info][gc] GC(875) Pause Young (Normal) (G1 Evacuation Pause) 1230M->6M(2056M) 1.260ms
[375.529s][info][gc] GC(876) Pause Young (Normal) (G1 Evacuation Pause) 1230M->6M(2056M) 1.312ms
[375.747s][info][gc] GC(877) Pause Young (Normal) (G1 Evacuation Pause) 1230M->6M(2056M) 1.288ms
[375.965s][info][gc] GC(878) Pause Young (Normal) (G1 Evacuation Pause) 1230M->6M(2056M) 1.392ms
[376.183s][info][gc] GC(879) Pause Young (Normal) (G1 Evacuation Pause) 1230M->6M(2056M) 1.219ms
[376.401s][info][gc] GC(880) Pause Young (Normal) (G1 Evacuation Pause) 1230M->6M(2056M) 1.289ms
[376.620s][info][gc] GC(881) Pause Young (Normal) (G1 Evacuation Pause) 1230M->6M(2056M) 1.420ms
[376.838s][info][gc] GC(882) Pause Young (Normal) (G1 Evacuation Pause) 1230M->6M(2056M) 1.272ms
[377.056s][info][gc] GC(883) Pause Young (Normal) (G1 Evacuation Pause) 1230M->6M(2056M) 1.228ms
[377.275s][info][gc] GC(884) Pause Young (Normal) (G1 Evacuation Pause) 1230M->6M(2056M) 1.250ms
[377.493s][info][gc] GC(885) Pause Young (Normal) (G1 Evacuation Pause) 1230M->6M(2056M) 1.360ms
[377.712s][info][gc] GC(886) Pause Young (Normal) (G1 Evacuation Pause) 1230M->6M(2056M) 1.271ms
[377.931s][info][gc] GC(887) Pause Young (Normal) (G1 Evacuation Pause) 1230M->6M(2056M) 1.387ms
[378.149s][info][gc] GC(888) Pause Young (Normal) (G1 Evacuation Pause) 1230M->6M(2056M) 1.249ms
[378.367s][info][gc] GC(889) Pause Young (Normal) (G1 Evacuation Pause) 1230M->6M(2056M) 1.254ms
[378.585s][info][gc] GC(890) Pause Young (Normal) (G1 Evacuation Pause) 1230M->6M(2056M) 1.379ms
[378.804s][info][gc] GC(891) Pause Young (Normal) (G1 Evacuation Pause) 1230M->6M(2056M) 1.286ms
[379.022s][info][gc] GC(892) Pause Young (Normal) (G1 Evacuation Pause) 1230M->6M(2056M) 1.322ms
[379.241s][info][gc] GC(893) Pause Young (Normal) (G1 Evacuation Pause) 1230M->6M(2056M) 1.420ms
[379.460s][info][gc] GC(894) Pause Young (Normal) (G1 Evacuation Pause) 1230M->6M(2056M) 1.270ms
[379.679s][info][gc] GC(895) Pause Young (Normal) (G1 Evacuation Pause) 1230M->6M(2056M) 1.323ms
[379.898s][info][gc] GC(896) Pause Young (Normal) (G1 Evacuation Pause) 1230M->6M(2056M) 1.286ms
[380.117s][info][gc] GC(897) Pause Young (Normal) (G1 Evacuation Pause) 1230M->6M(2056M) 1.344ms
[380.335s][info][gc] GC(898) Pause Young (Normal) (G1 Evacuation Pause) 1230M->6M(2056M) 1.215ms
[380.554s][info][gc] GC(899) Pause Young (Normal) (G1 Evacuation Pause) 1230M->6M(2056M) 1.221ms
[380.773s][info][gc] GC(900) Pause Young (Normal) (G1 Evacuation Pause) 1230M->6M(2056M) 1.245ms
[380.993s][info][gc] GC(901) Pause Young (Normal) (G1 Evacuation Pause) 1230M->6M(2056M) 1.302ms
[381.211s][info][gc] GC(902) Pause Young (Normal) (G1 Evacuation Pause) 1230M->6M(2056M) 1.338ms
[381.430s][info][gc] GC(903) Pause Young (Normal) (G1 Evacuation Pause) 1230M->6M(2056M) 1.636ms
[381.649s][info][gc] GC(904) Pause Young (Normal) (G1 Evacuation Pause) 1230M->6M(2056M) 1.238ms
[381.867s][info][gc] GC(905) Pause Young (Normal) (G1 Evacuation Pause) 1230M->6M(2056M) 1.335ms
[382.086s][info][gc] GC(906) Pause Young (Normal) (G1 Evacuation Pause) 1230M->6M(2056M) 1.285ms
[382.305s][info][gc] GC(907) Pause Young (Normal) (G1 Evacuation Pause) 1230M->6M(2056M) 1.362ms
[382.524s][info][gc] GC(908) Pause Young (Normal) (G1 Evacuation Pause) 1230M->6M(2056M) 1.302ms
[382.742s][info][gc] GC(909) Pause Young (Normal) (G1 Evacuation Pause) 1230M->6M(2056M) 1.246ms
[382.961s][info][gc] GC(910) Pause Young (Normal) (G1 Evacuation Pause) 1230M->6M(2056M) 1.303ms
[383.180s][info][gc] GC(911) Pause Young (Normal) (G1 Evacuation Pause) 1230M->6M(2056M) 1.189ms
[383.398s][info][gc] GC(912) Pause Young (Normal) (G1 Evacuation Pause) 1230M->6M(2056M) 1.288ms
[383.617s][info][gc] GC(913) Pause Young (Normal) (G1 Evacuation Pause) 1230M->6M(2056M) 1.205ms
[383.836s][info][gc] GC(914) Pause Young (Normal) (G1 Evacuation Pause) 1230M->6M(2056M) 1.327ms
[384.054s][info][gc] GC(915) Pause Young (Normal) (G1 Evacuation Pause) 1230M->6M(2056M) 1.248ms
[384.272s][info][gc] GC(916) Pause Young (Normal) (G1 Evacuation Pause) 1230M->6M(2056M) 1.260ms
[384.491s][info][gc] GC(917) Pause Young (Normal) (G1 Evacuation Pause) 1230M->6M(2056M) 1.193ms
[384.709s][info][gc] GC(918) Pause Young (Normal) (G1 Evacuation Pause) 1230M->6M(2056M) 1.259ms
[384.927s][info][gc] GC(919) Pause Young (Normal) (G1 Evacuation Pause) 1230M->6M(2056M) 1.261ms
[385.146s][info][gc] GC(920) Pause Young (Normal) (G1 Evacuation Pause) 1230M->6M(2056M) 1.261ms
[385.364s][info][gc] GC(921) Pause Young (Normal) (G1 Evacuation Pause) 1230M->6M(2056M) 1.209ms
[385.582s][info][gc] GC(922) Pause Young (Normal) (G1 Evacuation Pause) 1230M->6M(2056M) 1.247ms
[385.800s][info][gc] GC(923) Pause Young (Normal) (G1 Evacuation Pause) 1230M->6M(2056M) 1.377ms
[386.019s][info][gc] GC(924) Pause Young (Normal) (G1 Evacuation Pause) 1230M->6M(2056M) 1.319ms
[386.238s][info][gc] GC(925) Pause Young (Normal) (G1 Evacuation Pause) 1230M->6M(2056M) 1.321ms
[386.457s][info][gc] GC(926) Pause Young (Normal) (G1 Evacuation Pause) 1230M->6M(2056M) 1.436ms
[386.675s][info][gc] GC(927) Pause Young (Normal) (G1 Evacuation Pause) 1230M->6M(2056M) 1.333ms
[386.893s][info][gc] GC(928) Pause Young (Normal) (G1 Evacuation Pause) 1230M->6M(2056M) 1.272ms
[387.111s][info][gc] GC(929) Pause Young (Normal) (G1 Evacuation Pause) 1230M->6M(2056M) 1.428ms
[387.329s][info][gc] GC(930) Pause Young (Normal) (G1 Evacuation Pause) 1230M->6M(2056M) 1.359ms
[387.549s][info][gc] GC(931) Pause Young (Normal) (G1 Evacuation Pause) 1230M->6M(2056M) 1.679ms
[387.767s][info][gc] GC(932) Pause Young (Normal) (G1 Evacuation Pause) 1230M->6M(2056M) 1.324ms
[387.985s][info][gc] GC(933) Pause Young (Normal) (G1 Evacuation Pause) 1230M->6M(2056M) 1.292ms
[388.204s][info][gc] GC(934) Pause Young (Normal) (G1 Evacuation Pause) 1230M->6M(2056M) 1.311ms
[388.423s][info][gc] GC(935) Pause Young (Normal) (G1 Evacuation Pause) 1230M->6M(2056M) 1.289ms
[388.642s][info][gc] GC(936) Pause Young (Normal) (G1 Evacuation Pause) 1230M->6M(2056M) 1.383ms
[388.860s][info][gc] GC(937) Pause Young (Normal) (G1 Evacuation Pause) 1230M->6M(2056M) 1.404ms
[389.079s][info][gc] GC(938) Pause Young (Normal) (G1 Evacuation Pause) 1230M->6M(2056M) 1.167ms
benchmarkAvgTime : 5000
nbThread : 8
[390.287s][info][gc] GC(939) Pause Young (Normal) (G1 Evacuation Pause) 1230M->7M(2056M) 1.628ms
[390.396s][info][gc] GC(940) Pause Young (Normal) (G1 Evacuation Pause) 1231M->7M(2056M) 1.630ms
[390.504s][info][gc] GC(941) Pause Young (Normal) (G1 Evacuation Pause) 1231M->7M(2056M) 1.530ms
[390.612s][info][gc] GC(942) Pause Young (Normal) (G1 Evacuation Pause) 1231M->7M(2056M) 1.581ms
[390.719s][info][gc] GC(943) Pause Young (Normal) (G1 Evacuation Pause) 1231M->7M(2056M) 1.536ms
[390.826s][info][gc] GC(944) Pause Young (Normal) (G1 Evacuation Pause) 1231M->7M(2056M) 1.586ms
[390.937s][info][gc] GC(945) Pause Young (Normal) (G1 Evacuation Pause) 1231M->7M(2056M) 1.612ms
[391.043s][info][gc] GC(946) Pause Young (Normal) (G1 Evacuation Pause) 1231M->7M(2056M) 1.598ms
[391.149s][info][gc] GC(947) Pause Young (Normal) (G1 Evacuation Pause) 1231M->7M(2056M) 1.630ms
[391.257s][info][gc] GC(948) Pause Young (Normal) (G1 Evacuation Pause) 1231M->7M(2056M) 1.574ms
[391.364s][info][gc] GC(949) Pause Young (Normal) (G1 Evacuation Pause) 1231M->7M(2056M) 1.539ms
[391.483s][info][gc] GC(950) Pause Young (Normal) (G1 Evacuation Pause) 1231M->7M(2056M) 1.545ms
[391.590s][info][gc] GC(951) Pause Young (Normal) (G1 Evacuation Pause) 1231M->7M(2056M) 1.643ms
[391.699s][info][gc] GC(952) Pause Young (Normal) (G1 Evacuation Pause) 1231M->7M(2056M) 1.524ms
[391.811s][info][gc] GC(953) Pause Young (Normal) (G1 Evacuation Pause) 1231M->7M(2468M) 4.286ms
[391.957s][info][gc] GC(954) Pause Young (Normal) (G1 Evacuation Pause) 1483M->7M(2468M) 1.618ms
[392.087s][info][gc] GC(955) Pause Young (Normal) (G1 Evacuation Pause) 1483M->7M(2468M) 1.636ms
[392.217s][info][gc] GC(956) Pause Young (Normal) (G1 Evacuation Pause) 1483M->7M(2468M) 1.768ms
[392.349s][info][gc] GC(957) Pause Young (Normal) (G1 Evacuation Pause) 1483M->7M(2964M) 5.043ms
[392.524s][info][gc] GC(958) Pause Young (Normal) (G1 Evacuation Pause) 1779M->7M(2964M) 1.795ms
[392.680s][info][gc] GC(959) Pause Young (Normal) (G1 Evacuation Pause) 1779M->7M(2964M) 2.018ms
[392.835s][info][gc] GC(960) Pause Young (Normal) (G1 Evacuation Pause) 1779M->7M(2964M) 1.643ms
[392.991s][info][gc] GC(961) Pause Young (Normal) (G1 Evacuation Pause) 1779M->7M(2964M) 1.717ms
[393.146s][info][gc] GC(962) Pause Young (Normal) (G1 Evacuation Pause) 1779M->7M(2964M) 1.538ms
[393.302s][info][gc] GC(963) Pause Young (Normal) (G1 Evacuation Pause) 1779M->7M(2964M) 1.879ms
[393.457s][info][gc] GC(964) Pause Young (Normal) (G1 Evacuation Pause) 1779M->7M(2964M) 1.676ms
[393.612s][info][gc] GC(965) Pause Young (Normal) (G1 Evacuation Pause) 1779M->7M(2964M) 1.706ms
[393.767s][info][gc] GC(966) Pause Young (Normal) (G1 Evacuation Pause) 1779M->7M(2964M) 1.737ms
[393.923s][info][gc] GC(967) Pause Young (Normal) (G1 Evacuation Pause) 1779M->7M(2964M) 1.378ms
[394.077s][info][gc] GC(968) Pause Young (Normal) (G1 Evacuation Pause) 1779M->7M(2964M) 1.675ms
[394.233s][info][gc] GC(969) Pause Young (Normal) (G1 Evacuation Pause) 1779M->7M(2964M) 1.551ms
[394.388s][info][gc] GC(970) Pause Young (Normal) (G1 Evacuation Pause) 1779M->7M(2964M) 1.576ms
[394.543s][info][gc] GC(971) Pause Young (Normal) (G1 Evacuation Pause) 1779M->7M(2964M) 1.391ms
[394.698s][info][gc] GC(972) Pause Young (Normal) (G1 Evacuation Pause) 1779M->7M(2964M) 1.581ms
[394.853s][info][gc] GC(973) Pause Young (Normal) (G1 Evacuation Pause) 1779M->7M(2964M) 1.720ms
[395.008s][info][gc] GC(974) Pause Young (Normal) (G1 Evacuation Pause) 1779M->7M(2964M) 1.521ms
[395.163s][info][gc] GC(975) Pause Young (Normal) (G1 Evacuation Pause) 1779M->7M(2964M) 1.510ms
[395.318s][info][gc] GC(976) Pause Young (Normal) (G1 Evacuation Pause) 1779M->7M(2964M) 1.651ms
[395.473s][info][gc] GC(977) Pause Young (Normal) (G1 Evacuation Pause) 1779M->7M(2964M) 1.628ms
[395.628s][info][gc] GC(978) Pause Young (Normal) (G1 Evacuation Pause) 1779M->7M(2964M) 1.483ms
[395.782s][info][gc] GC(979) Pause Young (Normal) (G1 Evacuation Pause) 1779M->7M(2964M) 1.488ms
[395.938s][info][gc] GC(980) Pause Young (Normal) (G1 Evacuation Pause) 1779M->7M(2964M) 1.793ms
[396.093s][info][gc] GC(981) Pause Young (Normal) (G1 Evacuation Pause) 1779M->7M(2964M) 1.422ms
[396.248s][info][gc] GC(982) Pause Young (Normal) (G1 Evacuation Pause) 1779M->7M(2964M) 1.557ms
[396.403s][info][gc] GC(983) Pause Young (Normal) (G1 Evacuation Pause) 1779M->7M(2964M) 1.588ms
[396.559s][info][gc] GC(984) Pause Young (Normal) (G1 Evacuation Pause) 1779M->7M(2964M) 1.597ms
[396.714s][info][gc] GC(985) Pause Young (Normal) (G1 Evacuation Pause) 1779M->7M(2964M) 1.610ms
[396.869s][info][gc] GC(986) Pause Young (Normal) (G1 Evacuation Pause) 1779M->7M(2964M) 1.453ms
[397.024s][info][gc] GC(987) Pause Young (Normal) (G1 Evacuation Pause) 1779M->7M(2964M) 1.590ms
[397.179s][info][gc] GC(988) Pause Young (Normal) (G1 Evacuation Pause) 1779M->7M(2964M) 1.652ms
[397.334s][info][gc] GC(989) Pause Young (Normal) (G1 Evacuation Pause) 1779M->7M(2964M) 1.588ms
[397.490s][info][gc] GC(990) Pause Young (Normal) (G1 Evacuation Pause) 1779M->7M(2964M) 1.669ms
[397.644s][info][gc] GC(991) Pause Young (Normal) (G1 Evacuation Pause) 1779M->7M(2964M) 1.552ms
[397.800s][info][gc] GC(992) Pause Young (Normal) (G1 Evacuation Pause) 1779M->7M(2964M) 1.610ms
[397.956s][info][gc] GC(993) Pause Young (Normal) (G1 Evacuation Pause) 1779M->7M(2964M) 1.567ms
[398.111s][info][gc] GC(994) Pause Young (Normal) (G1 Evacuation Pause) 1779M->7M(2964M) 1.523ms
[398.267s][info][gc] GC(995) Pause Young (Normal) (G1 Evacuation Pause) 1779M->7M(2964M) 1.551ms
[398.423s][info][gc] GC(996) Pause Young (Normal) (G1 Evacuation Pause) 1779M->7M(2964M) 1.581ms
[398.578s][info][gc] GC(997) Pause Young (Normal) (G1 Evacuation Pause) 1779M->7M(2964M) 1.572ms
[398.734s][info][gc] GC(998) Pause Young (Normal) (G1 Evacuation Pause) 1779M->7M(2964M) 1.460ms
[398.888s][info][gc] GC(999) Pause Young (Normal) (G1 Evacuation Pause) 1779M->7M(2964M) 1.483ms
[399.042s][info][gc] GC(1000) Pause Young (Normal) (G1 Evacuation Pause) 1779M->7M(2964M) 1.634ms
[399.198s][info][gc] GC(1001) Pause Young (Normal) (G1 Evacuation Pause) 1779M->7M(2964M) 1.480ms
[399.354s][info][gc] GC(1002) Pause Young (Normal) (G1 Evacuation Pause) 1779M->7M(2964M) 1.556ms
[399.508s][info][gc] GC(1003) Pause Young (Normal) (G1 Evacuation Pause) 1779M->7M(2964M) 1.537ms
[399.663s][info][gc] GC(1004) Pause Young (Normal) (G1 Evacuation Pause) 1779M->7M(2964M) 1.525ms
[399.818s][info][gc] GC(1005) Pause Young (Normal) (G1 Evacuation Pause) 1779M->7M(2964M) 1.585ms
[399.972s][info][gc] GC(1006) Pause Young (Normal) (G1 Evacuation Pause) 1779M->7M(2964M) 1.416ms
[400.127s][info][gc] GC(1007) Pause Young (Normal) (G1 Evacuation Pause) 1779M->7M(2964M) 1.606ms
[400.283s][info][gc] GC(1008) Pause Young (Normal) (G1 Evacuation Pause) 1779M->7M(2964M) 1.434ms
[400.438s][info][gc] GC(1009) Pause Young (Normal) (G1 Evacuation Pause) 1779M->7M(2964M) 1.501ms
[400.593s][info][gc] GC(1010) Pause Young (Normal) (G1 Evacuation Pause) 1779M->7M(2964M) 1.442ms
[400.748s][info][gc] GC(1011) Pause Young (Normal) (G1 Evacuation Pause) 1779M->7M(2964M) 1.577ms
[400.902s][info][gc] GC(1012) Pause Young (Normal) (G1 Evacuation Pause) 1779M->7M(2964M) 1.431ms
[401.057s][info][gc] GC(1013) Pause Young (Normal) (G1 Evacuation Pause) 1779M->7M(2964M) 1.350ms
[401.211s][info][gc] GC(1014) Pause Young (Normal) (G1 Evacuation Pause) 1779M->7M(2964M) 1.391ms
[401.366s][info][gc] GC(1015) Pause Young (Normal) (G1 Evacuation Pause) 1779M->7M(2964M) 1.607ms
[401.521s][info][gc] GC(1016) Pause Young (Normal) (G1 Evacuation Pause) 1779M->7M(2964M) 1.554ms
[401.675s][info][gc] GC(1017) Pause Young (Normal) (G1 Evacuation Pause) 1779M->7M(2964M) 1.506ms
[401.829s][info][gc] GC(1018) Pause Young (Normal) (G1 Evacuation Pause) 1779M->7M(2964M) 1.601ms
[401.984s][info][gc] GC(1019) Pause Young (Normal) (G1 Evacuation Pause) 1779M->7M(2964M) 1.546ms
[402.140s][info][gc] GC(1020) Pause Young (Normal) (G1 Evacuation Pause) 1779M->7M(2964M) 1.540ms
[402.295s][info][gc] GC(1021) Pause Young (Normal) (G1 Evacuation Pause) 1779M->7M(2964M) 1.523ms
[402.449s][info][gc] GC(1022) Pause Young (Normal) (G1 Evacuation Pause) 1779M->7M(2964M) 1.770ms
[402.604s][info][gc] GC(1023) Pause Young (Normal) (G1 Evacuation Pause) 1779M->7M(2964M) 1.552ms
[402.759s][info][gc] GC(1024) Pause Young (Normal) (G1 Evacuation Pause) 1779M->7M(2964M) 1.441ms
[402.914s][info][gc] GC(1025) Pause Young (Normal) (G1 Evacuation Pause) 1779M->7M(2964M) 1.468ms
[403.070s][info][gc] GC(1026) Pause Young (Normal) (G1 Evacuation Pause) 1779M->7M(2964M) 1.871ms
[403.225s][info][gc] GC(1027) Pause Young (Normal) (G1 Evacuation Pause) 1779M->7M(2964M) 1.586ms
[403.381s][info][gc] GC(1028) Pause Young (Normal) (G1 Evacuation Pause) 1779M->7M(2964M) 1.625ms
[403.536s][info][gc] GC(1029) Pause Young (Normal) (G1 Evacuation Pause) 1779M->7M(2964M) 1.436ms
[403.691s][info][gc] GC(1030) Pause Young (Normal) (G1 Evacuation Pause) 1779M->7M(2964M) 1.515ms
[403.846s][info][gc] GC(1031) Pause Young (Normal) (G1 Evacuation Pause) 1779M->7M(2964M) 1.440ms
[404.001s][info][gc] GC(1032) Pause Young (Normal) (G1 Evacuation Pause) 1779M->7M(2964M) 1.561ms
[404.156s][info][gc] GC(1033) Pause Young (Normal) (G1 Evacuation Pause) 1779M->7M(2964M) 1.550ms
[404.311s][info][gc] GC(1034) Pause Young (Normal) (G1 Evacuation Pause) 1779M->7M(2964M) 1.482ms
[404.466s][info][gc] GC(1035) Pause Young (Normal) (G1 Evacuation Pause) 1779M->7M(2964M) 1.585ms
[404.621s][info][gc] GC(1036) Pause Young (Normal) (G1 Evacuation Pause) 1779M->7M(2964M) 1.425ms
[404.777s][info][gc] GC(1037) Pause Young (Normal) (G1 Evacuation Pause) 1779M->7M(2964M) 1.574ms
[404.933s][info][gc] GC(1038) Pause Young (Normal) (G1 Evacuation Pause) 1779M->7M(2964M) 1.569ms
[405.088s][info][gc] GC(1039) Pause Young (Normal) (G1 Evacuation Pause) 1779M->7M(2964M) 1.528ms
[405.242s][info][gc] GC(1040) Pause Young (Normal) (G1 Evacuation Pause) 1779M->7M(2964M) 1.649ms
[405.398s][info][gc] GC(1041) Pause Young (Normal) (G1 Evacuation Pause) 1779M->7M(2964M) 1.479ms
[405.553s][info][gc] GC(1042) Pause Young (Normal) (G1 Evacuation Pause) 1779M->7M(2964M) 1.444ms
[405.708s][info][gc] GC(1043) Pause Young (Normal) (G1 Evacuation Pause) 1779M->7M(2964M) 1.593ms
[405.862s][info][gc] GC(1044) Pause Young (Normal) (G1 Evacuation Pause) 1779M->7M(2964M) 1.405ms
[406.018s][info][gc] GC(1045) Pause Young (Normal) (G1 Evacuation Pause) 1779M->7M(2964M) 1.463ms
[406.173s][info][gc] GC(1046) Pause Young (Normal) (G1 Evacuation Pause) 1779M->7M(2964M) 1.440ms
[406.328s][info][gc] GC(1047) Pause Young (Normal) (G1 Evacuation Pause) 1779M->7M(2964M) 1.547ms
[406.484s][info][gc] GC(1048) Pause Young (Normal) (G1 Evacuation Pause) 1779M->7M(2964M) 1.441ms
[406.640s][info][gc] GC(1049) Pause Young (Normal) (G1 Evacuation Pause) 1779M->7M(2964M) 1.399ms
[406.795s][info][gc] GC(1050) Pause Young (Normal) (G1 Evacuation Pause) 1779M->7M(2964M) 1.610ms
[406.951s][info][gc] GC(1051) Pause Young (Normal) (G1 Evacuation Pause) 1779M->7M(2964M) 1.669ms
[407.106s][info][gc] GC(1052) Pause Young (Normal) (G1 Evacuation Pause) 1779M->7M(2964M) 1.595ms
[407.262s][info][gc] GC(1053) Pause Young (Normal) (G1 Evacuation Pause) 1779M->7M(2964M) 1.700ms
[407.418s][info][gc] GC(1054) Pause Young (Normal) (G1 Evacuation Pause) 1779M->7M(2964M) 1.565ms
[407.573s][info][gc] GC(1055) Pause Young (Normal) (G1 Evacuation Pause) 1779M->7M(2964M) 1.836ms
[407.728s][info][gc] GC(1056) Pause Young (Normal) (G1 Evacuation Pause) 1779M->7M(2964M) 1.526ms
[407.883s][info][gc] GC(1057) Pause Young (Normal) (G1 Evacuation Pause) 1779M->7M(2964M) 1.870ms
[408.038s][info][gc] GC(1058) Pause Young (Normal) (G1 Evacuation Pause) 1779M->7M(2964M) 1.586ms
[408.193s][info][gc] GC(1059) Pause Young (Normal) (G1 Evacuation Pause) 1779M->7M(2964M) 1.795ms
[408.347s][info][gc] GC(1060) Pause Young (Normal) (G1 Evacuation Pause) 1779M->7M(2964M) 1.535ms
[408.502s][info][gc] GC(1061) Pause Young (Normal) (G1 Evacuation Pause) 1779M->7M(2964M) 1.382ms
[408.658s][info][gc] GC(1062) Pause Young (Normal) (G1 Evacuation Pause) 1779M->7M(2964M) 1.751ms
[408.813s][info][gc] GC(1063) Pause Young (Normal) (G1 Evacuation Pause) 1779M->7M(2964M) 1.440ms
[408.967s][info][gc] GC(1064) Pause Young (Normal) (G1 Evacuation Pause) 1779M->7M(2964M) 1.446ms
[409.122s][info][gc] GC(1065) Pause Young (Normal) (G1 Evacuation Pause) 1779M->7M(2964M) 1.734ms
[409.277s][info][gc] GC(1066) Pause Young (Normal) (G1 Evacuation Pause) 1779M->7M(2964M) 1.487ms
[409.433s][info][gc] GC(1067) Pause Young (Normal) (G1 Evacuation Pause) 1779M->7M(2964M) 1.468ms
[409.588s][info][gc] GC(1068) Pause Young (Normal) (G1 Evacuation Pause) 1779M->7M(2964M) 1.635ms
[409.742s][info][gc] GC(1069) Pause Young (Normal) (G1 Evacuation Pause) 1779M->7M(2964M) 1.596ms
[409.897s][info][gc] GC(1070) Pause Young (Normal) (G1 Evacuation Pause) 1779M->7M(2964M) 1.437ms
[410.052s][info][gc] GC(1071) Pause Young (Normal) (G1 Evacuation Pause) 1779M->7M(2964M) 1.481ms
[410.207s][info][gc] GC(1072) Pause Young (Normal) (G1 Evacuation Pause) 1779M->7M(2964M) 1.543ms
[410.362s][info][gc] GC(1073) Pause Young (Normal) (G1 Evacuation Pause) 1779M->7M(2964M) 1.631ms
[410.517s][info][gc] GC(1074) Pause Young (Normal) (G1 Evacuation Pause) 1779M->7M(2964M) 1.522ms
[410.673s][info][gc] GC(1075) Pause Young (Normal) (G1 Evacuation Pause) 1779M->7M(2964M) 1.465ms
[410.829s][info][gc] GC(1076) Pause Young (Normal) (G1 Evacuation Pause) 1779M->7M(2964M) 1.437ms
[410.984s][info][gc] GC(1077) Pause Young (Normal) (G1 Evacuation Pause) 1779M->7M(2964M) 1.565ms
[411.139s][info][gc] GC(1078) Pause Young (Normal) (G1 Evacuation Pause) 1779M->7M(2964M) 1.514ms
[411.294s][info][gc] GC(1079) Pause Young (Normal) (G1 Evacuation Pause) 1779M->7M(2964M) 1.560ms
[411.449s][info][gc] GC(1080) Pause Young (Normal) (G1 Evacuation Pause) 1779M->7M(2964M) 1.761ms
[411.604s][info][gc] GC(1081) Pause Young (Normal) (G1 Evacuation Pause) 1779M->7M(2964M) 1.562ms
[411.759s][info][gc] GC(1082) Pause Young (Normal) (G1 Evacuation Pause) 1779M->7M(2964M) 1.406ms
[411.914s][info][gc] GC(1083) Pause Young (Normal) (G1 Evacuation Pause) 1779M->7M(2964M) 1.661ms
[412.068s][info][gc] GC(1084) Pause Young (Normal) (G1 Evacuation Pause) 1779M->7M(2964M) 1.443ms
[412.223s][info][gc] GC(1085) Pause Young (Normal) (G1 Evacuation Pause) 1779M->7M(2964M) 1.627ms
[412.378s][info][gc] GC(1086) Pause Young (Normal) (G1 Evacuation Pause) 1779M->7M(2964M) 1.876ms
[412.533s][info][gc] GC(1087) Pause Young (Normal) (G1 Evacuation Pause) 1779M->7M(2964M) 1.366ms
[412.687s][info][gc] GC(1088) Pause Young (Normal) (G1 Evacuation Pause) 1779M->7M(2964M) 1.453ms
[412.842s][info][gc] GC(1089) Pause Young (Normal) (G1 Evacuation Pause) 1779M->7M(2964M) 1.448ms
[412.997s][info][gc] GC(1090) Pause Young (Normal) (G1 Evacuation Pause) 1779M->7M(2964M) 1.524ms
[413.152s][info][gc] GC(1091) Pause Young (Normal) (G1 Evacuation Pause) 1779M->7M(2964M) 1.620ms
[413.307s][info][gc] GC(1092) Pause Young (Normal) (G1 Evacuation Pause) 1779M->7M(2964M) 1.528ms
[413.463s][info][gc] GC(1093) Pause Young (Normal) (G1 Evacuation Pause) 1779M->7M(2964M) 2.406ms
[413.618s][info][gc] GC(1094) Pause Young (Normal) (G1 Evacuation Pause) 1779M->7M(2964M) 1.421ms
[413.773s][info][gc] GC(1095) Pause Young (Normal) (G1 Evacuation Pause) 1779M->7M(2964M) 1.596ms
[413.927s][info][gc] GC(1096) Pause Young (Normal) (G1 Evacuation Pause) 1779M->7M(2964M) 1.663ms
[414.082s][info][gc] GC(1097) Pause Young (Normal) (G1 Evacuation Pause) 1779M->7M(2964M) 1.550ms
[414.238s][info][gc] GC(1098) Pause Young (Normal) (G1 Evacuation Pause) 1779M->7M(2964M) 1.561ms
[414.393s][info][gc] GC(1099) Pause Young (Normal) (G1 Evacuation Pause) 1779M->7M(2964M) 1.612ms
[414.549s][info][gc] GC(1100) Pause Young (Normal) (G1 Evacuation Pause) 1779M->7M(2964M) 1.398ms
[414.704s][info][gc] GC(1101) Pause Young (Normal) (G1 Evacuation Pause) 1779M->7M(2964M) 1.406ms
[414.859s][info][gc] GC(1102) Pause Young (Normal) (G1 Evacuation Pause) 1779M->7M(2964M) 1.476ms
[415.014s][info][gc] GC(1103) Pause Young (Normal) (G1 Evacuation Pause) 1779M->7M(2964M) 1.486ms
[415.169s][info][gc] GC(1104) Pause Young (Normal) (G1 Evacuation Pause) 1779M->7M(2964M) 1.526ms
[416.327s][info][gc] GC(1105) Pause Young (Normal) (G1 Evacuation Pause) 1779M->8M(2964M) 1.383ms
[416.486s][info][gc] GC(1106) Pause Young (Normal) (G1 Evacuation Pause) 1780M->8M(2964M) 1.573ms
[416.641s][info][gc] GC(1107) Pause Young (Normal) (G1 Evacuation Pause) 1780M->8M(2964M) 1.451ms
[416.795s][info][gc] GC(1108) Pause Young (Normal) (G1 Evacuation Pause) 1780M->8M(2964M) 1.490ms
[416.954s][info][gc] GC(1109) Pause Young (Normal) (G1 Evacuation Pause) 1780M->8M(2964M) 1.563ms
[417.108s][info][gc] GC(1110) Pause Young (Normal) (G1 Evacuation Pause) 1780M->8M(2964M) 1.491ms
[417.262s][info][gc] GC(1111) Pause Young (Normal) (G1 Evacuation Pause) 1780M->8M(2964M) 1.390ms
[417.417s][info][gc] GC(1112) Pause Young (Normal) (G1 Evacuation Pause) 1780M->8M(2964M) 1.577ms
[417.571s][info][gc] GC(1113) Pause Young (Normal) (G1 Evacuation Pause) 1780M->8M(2964M) 1.458ms
[417.725s][info][gc] GC(1114) Pause Young (Normal) (G1 Evacuation Pause) 1780M->8M(2964M) 1.487ms
[417.878s][info][gc] GC(1115) Pause Young (Normal) (G1 Evacuation Pause) 1780M->8M(2964M) 1.389ms
[418.033s][info][gc] GC(1116) Pause Young (Normal) (G1 Evacuation Pause) 1780M->8M(2964M) 1.443ms
[418.205s][info][gc] GC(1117) Pause Young (Normal) (G1 Evacuation Pause) 1780M->8M(2964M) 1.741ms
[418.372s][info][gc] GC(1118) Pause Young (Normal) (G1 Evacuation Pause) 1780M->8M(2964M) 1.645ms
[418.526s][info][gc] GC(1119) Pause Young (Normal) (G1 Evacuation Pause) 1780M->8M(2964M) 1.646ms
[418.683s][info][gc] GC(1120) Pause Young (Normal) (G1 Evacuation Pause) 1780M->8M(2964M) 3.483ms
[418.841s][info][gc] GC(1121) Pause Young (Normal) (G1 Evacuation Pause) 1780M->8M(2964M) 2.673ms
[418.999s][info][gc] GC(1122) Pause Young (Normal) (G1 Evacuation Pause) 1780M->8M(2964M) 1.965ms
[419.156s][info][gc] GC(1123) Pause Young (Normal) (G1 Evacuation Pause) 1780M->8M(2964M) 1.919ms
[419.313s][info][gc] GC(1124) Pause Young (Normal) (G1 Evacuation Pause) 1780M->8M(2964M) 1.596ms
[419.470s][info][gc] GC(1125) Pause Young (Normal) (G1 Evacuation Pause) 1780M->8M(2964M) 1.939ms
[419.627s][info][gc] GC(1126) Pause Young (Normal) (G1 Evacuation Pause) 1780M->8M(2964M) 1.576ms
[419.785s][info][gc] GC(1127) Pause Young (Normal) (G1 Evacuation Pause) 1780M->8M(2964M) 1.729ms
[419.942s][info][gc] GC(1128) Pause Young (Normal) (G1 Evacuation Pause) 1780M->8M(2964M) 1.835ms
[420.098s][info][gc] GC(1129) Pause Young (Normal) (G1 Evacuation Pause) 1780M->8M(2964M) 1.560ms
[420.256s][info][gc] GC(1130) Pause Young (Normal) (G1 Evacuation Pause) 1780M->8M(2964M) 1.556ms
[420.412s][info][gc] GC(1131) Pause Young (Normal) (G1 Evacuation Pause) 1780M->8M(2964M) 1.432ms
[420.568s][info][gc] GC(1132) Pause Young (Normal) (G1 Evacuation Pause) 1780M->8M(2964M) 1.477ms
[420.724s][info][gc] GC(1133) Pause Young (Normal) (G1 Evacuation Pause) 1780M->8M(2964M) 1.583ms
[420.881s][info][gc] GC(1134) Pause Young (Normal) (G1 Evacuation Pause) 1780M->8M(2964M) 1.388ms
[421.037s][info][gc] GC(1135) Pause Young (Normal) (G1 Evacuation Pause) 1780M->8M(2964M) 1.637ms
[421.194s][info][gc] GC(1136) Pause Young (Normal) (G1 Evacuation Pause) 1780M->8M(2964M) 1.566ms
[421.351s][info][gc] GC(1137) Pause Young (Normal) (G1 Evacuation Pause) 1780M->8M(2964M) 1.342ms
[421.507s][info][gc] GC(1138) Pause Young (Normal) (G1 Evacuation Pause) 1780M->8M(2964M) 1.647ms
[421.663s][info][gc] GC(1139) Pause Young (Normal) (G1 Evacuation Pause) 1780M->8M(2964M) 1.390ms
[421.820s][info][gc] GC(1140) Pause Young (Normal) (G1 Evacuation Pause) 1780M->8M(2964M) 1.519ms
[421.976s][info][gc] GC(1141) Pause Young (Normal) (G1 Evacuation Pause) 1780M->8M(2964M) 1.513ms
[422.133s][info][gc] GC(1142) Pause Young (Normal) (G1 Evacuation Pause) 1780M->8M(2964M) 1.492ms
[422.289s][info][gc] GC(1143) Pause Young (Normal) (G1 Evacuation Pause) 1780M->8M(2964M) 1.581ms
[422.446s][info][gc] GC(1144) Pause Young (Normal) (G1 Evacuation Pause) 1780M->8M(2964M) 1.522ms
[422.603s][info][gc] GC(1145) Pause Young (Normal) (G1 Evacuation Pause) 1780M->8M(2964M) 1.498ms
[422.760s][info][gc] GC(1146) Pause Young (Normal) (G1 Evacuation Pause) 1780M->8M(2964M) 1.464ms
[422.916s][info][gc] GC(1147) Pause Young (Normal) (G1 Evacuation Pause) 1780M->8M(2964M) 1.545ms
[423.073s][info][gc] GC(1148) Pause Young (Normal) (G1 Evacuation Pause) 1780M->8M(2964M) 1.715ms
[423.229s][info][gc] GC(1149) Pause Young (Normal) (G1 Evacuation Pause) 1780M->8M(2964M) 1.502ms
[423.386s][info][gc] GC(1150) Pause Young (Normal) (G1 Evacuation Pause) 1780M->8M(2964M) 1.688ms
[423.543s][info][gc] GC(1151) Pause Young (Normal) (G1 Evacuation Pause) 1780M->8M(2964M) 1.621ms
[423.700s][info][gc] GC(1152) Pause Young (Normal) (G1 Evacuation Pause) 1780M->8M(2964M) 1.524ms
[423.856s][info][gc] GC(1153) Pause Young (Normal) (G1 Evacuation Pause) 1780M->8M(2964M) 1.442ms
[424.013s][info][gc] GC(1154) Pause Young (Normal) (G1 Evacuation Pause) 1780M->8M(2964M) 1.397ms
[424.169s][info][gc] GC(1155) Pause Young (Normal) (G1 Evacuation Pause) 1780M->8M(2964M) 1.325ms
[424.325s][info][gc] GC(1156) Pause Young (Normal) (G1 Evacuation Pause) 1780M->8M(2964M) 1.535ms
[424.482s][info][gc] GC(1157) Pause Young (Normal) (G1 Evacuation Pause) 1780M->8M(2964M) 1.462ms
[424.640s][info][gc] GC(1158) Pause Young (Normal) (G1 Evacuation Pause) 1780M->8M(2964M) 1.449ms
[424.796s][info][gc] GC(1159) Pause Young (Normal) (G1 Evacuation Pause) 1780M->8M(2964M) 1.540ms
[424.952s][info][gc] GC(1160) Pause Young (Normal) (G1 Evacuation Pause) 1780M->8M(2964M) 1.447ms
[425.108s][info][gc] GC(1161) Pause Young (Normal) (G1 Evacuation Pause) 1780M->8M(2964M) 1.529ms
[425.265s][info][gc] GC(1162) Pause Young (Normal) (G1 Evacuation Pause) 1780M->8M(2964M) 1.471ms
[425.421s][info][gc] GC(1163) Pause Young (Normal) (G1 Evacuation Pause) 1780M->8M(2964M) 1.519ms
[425.578s][info][gc] GC(1164) Pause Young (Normal) (G1 Evacuation Pause) 1780M->8M(2964M) 1.604ms
[425.734s][info][gc] GC(1165) Pause Young (Normal) (G1 Evacuation Pause) 1780M->8M(2964M) 1.435ms
[425.891s][info][gc] GC(1166) Pause Young (Normal) (G1 Evacuation Pause) 1780M->8M(2964M) 1.451ms
[426.048s][info][gc] GC(1167) Pause Young (Normal) (G1 Evacuation Pause) 1780M->8M(2964M) 1.444ms
[426.205s][info][gc] GC(1168) Pause Young (Normal) (G1 Evacuation Pause) 1780M->8M(2964M) 1.718ms
[426.363s][info][gc] GC(1169) Pause Young (Normal) (G1 Evacuation Pause) 1780M->8M(2964M) 2.253ms
[426.520s][info][gc] GC(1170) Pause Young (Normal) (G1 Evacuation Pause) 1780M->8M(2964M) 1.486ms
[426.677s][info][gc] GC(1171) Pause Young (Normal) (G1 Evacuation Pause) 1780M->8M(2964M) 1.469ms
[426.833s][info][gc] GC(1172) Pause Young (Normal) (G1 Evacuation Pause) 1780M->8M(2964M) 1.537ms
[426.989s][info][gc] GC(1173) Pause Young (Normal) (G1 Evacuation Pause) 1780M->8M(2964M) 1.453ms
[427.146s][info][gc] GC(1174) Pause Young (Normal) (G1 Evacuation Pause) 1780M->8M(2964M) 1.639ms
[427.303s][info][gc] GC(1175) Pause Young (Normal) (G1 Evacuation Pause) 1780M->8M(2964M) 1.540ms
[427.459s][info][gc] GC(1176) Pause Young (Normal) (G1 Evacuation Pause) 1780M->8M(2964M) 1.707ms
[427.616s][info][gc] GC(1177) Pause Young (Normal) (G1 Evacuation Pause) 1780M->8M(2964M) 1.592ms
[427.773s][info][gc] GC(1178) Pause Young (Normal) (G1 Evacuation Pause) 1780M->8M(2964M) 1.625ms
[427.929s][info][gc] GC(1179) Pause Young (Normal) (G1 Evacuation Pause) 1780M->8M(2964M) 1.416ms
[428.087s][info][gc] GC(1180) Pause Young (Normal) (G1 Evacuation Pause) 1780M->8M(2964M) 1.849ms
[428.244s][info][gc] GC(1181) Pause Young (Normal) (G1 Evacuation Pause) 1780M->8M(2964M) 1.932ms
[428.400s][info][gc] GC(1182) Pause Young (Normal) (G1 Evacuation Pause) 1780M->8M(2964M) 1.420ms
[428.557s][info][gc] GC(1183) Pause Young (Normal) (G1 Evacuation Pause) 1780M->8M(2964M) 1.540ms
[428.713s][info][gc] GC(1184) Pause Young (Normal) (G1 Evacuation Pause) 1780M->8M(2964M) 1.575ms
[428.869s][info][gc] GC(1185) Pause Young (Normal) (G1 Evacuation Pause) 1780M->8M(2964M) 1.631ms
[429.027s][info][gc] GC(1186) Pause Young (Normal) (G1 Evacuation Pause) 1780M->8M(2964M) 1.459ms
[429.183s][info][gc] GC(1187) Pause Young (Normal) (G1 Evacuation Pause) 1780M->8M(2964M) 1.469ms
[429.339s][info][gc] GC(1188) Pause Young (Normal) (G1 Evacuation Pause) 1780M->8M(2964M) 1.467ms
[429.497s][info][gc] GC(1189) Pause Young (Normal) (G1 Evacuation Pause) 1780M->8M(2964M) 1.635ms
[429.653s][info][gc] GC(1190) Pause Young (Normal) (G1 Evacuation Pause) 1780M->8M(2964M) 1.460ms
[429.810s][info][gc] GC(1191) Pause Young (Normal) (G1 Evacuation Pause) 1780M->8M(2964M) 1.716ms
[429.967s][info][gc] GC(1192) Pause Young (Normal) (G1 Evacuation Pause) 1780M->8M(2964M) 1.524ms
[430.124s][info][gc] GC(1193) Pause Young (Normal) (G1 Evacuation Pause) 1780M->8M(2964M) 1.485ms
[430.280s][info][gc] GC(1194) Pause Young (Normal) (G1 Evacuation Pause) 1780M->8M(2964M) 1.419ms
[430.437s][info][gc] GC(1195) Pause Young (Normal) (G1 Evacuation Pause) 1780M->8M(2964M) 1.539ms
[430.595s][info][gc] GC(1196) Pause Young (Normal) (G1 Evacuation Pause) 1780M->8M(2964M) 1.474ms
[430.751s][info][gc] GC(1197) Pause Young (Normal) (G1 Evacuation Pause) 1780M->8M(2964M) 1.450ms
[430.908s][info][gc] GC(1198) Pause Young (Normal) (G1 Evacuation Pause) 1780M->8M(2964M) 1.482ms
[431.065s][info][gc] GC(1199) Pause Young (Normal) (G1 Evacuation Pause) 1780M->8M(2964M) 1.404ms
[431.221s][info][gc] GC(1200) Pause Young (Normal) (G1 Evacuation Pause) 1780M->8M(2964M) 1.453ms
[431.378s][info][gc] GC(1201) Pause Young (Normal) (G1 Evacuation Pause) 1780M->8M(2964M) 1.612ms
[431.535s][info][gc] GC(1202) Pause Young (Normal) (G1 Evacuation Pause) 1780M->8M(2964M) 1.492ms
[431.691s][info][gc] GC(1203) Pause Young (Normal) (G1 Evacuation Pause) 1780M->8M(2964M) 1.404ms
[431.848s][info][gc] GC(1204) Pause Young (Normal) (G1 Evacuation Pause) 1780M->8M(2964M) 1.683ms
[432.005s][info][gc] GC(1205) Pause Young (Normal) (G1 Evacuation Pause) 1780M->8M(2964M) 1.636ms
[432.162s][info][gc] GC(1206) Pause Young (Normal) (G1 Evacuation Pause) 1780M->8M(2964M) 1.562ms
[432.319s][info][gc] GC(1207) Pause Young (Normal) (G1 Evacuation Pause) 1780M->8M(2964M) 1.480ms
[432.476s][info][gc] GC(1208) Pause Young (Normal) (G1 Evacuation Pause) 1780M->8M(2964M) 1.471ms
[432.632s][info][gc] GC(1209) Pause Young (Normal) (G1 Evacuation Pause) 1780M->8M(2964M) 1.510ms
[432.790s][info][gc] GC(1210) Pause Young (Normal) (G1 Evacuation Pause) 1780M->8M(2964M) 1.442ms
[432.946s][info][gc] GC(1211) Pause Young (Normal) (G1 Evacuation Pause) 1780M->8M(2964M) 1.428ms
[433.103s][info][gc] GC(1212) Pause Young (Normal) (G1 Evacuation Pause) 1780M->8M(2964M) 1.444ms
[433.260s][info][gc] GC(1213) Pause Young (Normal) (G1 Evacuation Pause) 1780M->8M(2964M) 1.480ms
[433.417s][info][gc] GC(1214) Pause Young (Normal) (G1 Evacuation Pause) 1780M->8M(2964M) 1.527ms
[433.574s][info][gc] GC(1215) Pause Young (Normal) (G1 Evacuation Pause) 1780M->8M(2964M) 1.556ms
[433.731s][info][gc] GC(1216) Pause Young (Normal) (G1 Evacuation Pause) 1780M->8M(2964M) 1.583ms
[433.888s][info][gc] GC(1217) Pause Young (Normal) (G1 Evacuation Pause) 1780M->8M(2964M) 1.586ms
[434.045s][info][gc] GC(1218) Pause Young (Normal) (G1 Evacuation Pause) 1780M->8M(2964M) 1.732ms
[434.202s][info][gc] GC(1219) Pause Young (Normal) (G1 Evacuation Pause) 1780M->8M(2964M) 1.513ms
[434.359s][info][gc] GC(1220) Pause Young (Normal) (G1 Evacuation Pause) 1780M->8M(2964M) 1.629ms
[434.516s][info][gc] GC(1221) Pause Young (Normal) (G1 Evacuation Pause) 1780M->8M(2964M) 1.562ms
[434.673s][info][gc] GC(1222) Pause Young (Normal) (G1 Evacuation Pause) 1780M->8M(2964M) 1.373ms
[434.829s][info][gc] GC(1223) Pause Young (Normal) (G1 Evacuation Pause) 1780M->8M(2964M) 1.488ms
[434.986s][info][gc] GC(1224) Pause Young (Normal) (G1 Evacuation Pause) 1780M->8M(2964M) 1.602ms
[435.143s][info][gc] GC(1225) Pause Young (Normal) (G1 Evacuation Pause) 1780M->8M(2964M) 1.867ms
[435.300s][info][gc] GC(1226) Pause Young (Normal) (G1 Evacuation Pause) 1780M->8M(2964M) 1.494ms
[435.458s][info][gc] GC(1227) Pause Young (Normal) (G1 Evacuation Pause) 1780M->8M(2964M) 1.568ms
[435.614s][info][gc] GC(1228) Pause Young (Normal) (G1 Evacuation Pause) 1780M->8M(2964M) 1.469ms
[435.771s][info][gc] GC(1229) Pause Young (Normal) (G1 Evacuation Pause) 1780M->8M(2964M) 1.460ms
[435.928s][info][gc] GC(1230) Pause Young (Normal) (G1 Evacuation Pause) 1780M->8M(2964M) 1.343ms
[436.084s][info][gc] GC(1231) Pause Young (Normal) (G1 Evacuation Pause) 1780M->8M(2964M) 1.435ms
[436.240s][info][gc] GC(1232) Pause Young (Normal) (G1 Evacuation Pause) 1780M->8M(2964M) 1.549ms
[436.397s][info][gc] GC(1233) Pause Young (Normal) (G1 Evacuation Pause) 1780M->8M(2964M) 1.591ms
[436.553s][info][gc] GC(1234) Pause Young (Normal) (G1 Evacuation Pause) 1780M->8M(2964M) 1.829ms
[436.711s][info][gc] GC(1235) Pause Young (Normal) (G1 Evacuation Pause) 1780M->8M(2964M) 1.627ms
[436.868s][info][gc] GC(1236) Pause Young (Normal) (G1 Evacuation Pause) 1780M->8M(2964M) 1.504ms
[437.024s][info][gc] GC(1237) Pause Young (Normal) (G1 Evacuation Pause) 1780M->8M(2964M) 1.517ms
[437.181s][info][gc] GC(1238) Pause Young (Normal) (G1 Evacuation Pause) 1780M->8M(2964M) 1.510ms
[437.338s][info][gc] GC(1239) Pause Young (Normal) (G1 Evacuation Pause) 1780M->8M(2964M) 1.795ms
[437.495s][info][gc] GC(1240) Pause Young (Normal) (G1 Evacuation Pause) 1780M->8M(2964M) 1.618ms
[437.652s][info][gc] GC(1241) Pause Young (Normal) (G1 Evacuation Pause) 1780M->8M(2964M) 1.527ms
[437.808s][info][gc] GC(1242) Pause Young (Normal) (G1 Evacuation Pause) 1780M->8M(2964M) 1.577ms
[437.964s][info][gc] GC(1243) Pause Young (Normal) (G1 Evacuation Pause) 1780M->8M(2964M) 1.398ms
[438.121s][info][gc] GC(1244) Pause Young (Normal) (G1 Evacuation Pause) 1780M->8M(2964M) 1.534ms
[438.278s][info][gc] GC(1245) Pause Young (Normal) (G1 Evacuation Pause) 1780M->8M(2964M) 1.416ms
[438.435s][info][gc] GC(1246) Pause Young (Normal) (G1 Evacuation Pause) 1780M->8M(2964M) 1.539ms
[438.592s][info][gc] GC(1247) Pause Young (Normal) (G1 Evacuation Pause) 1780M->8M(2964M) 1.364ms
[438.748s][info][gc] GC(1248) Pause Young (Normal) (G1 Evacuation Pause) 1780M->8M(2964M) 1.525ms
[438.904s][info][gc] GC(1249) Pause Young (Normal) (G1 Evacuation Pause) 1780M->8M(2964M) 1.521ms
[439.061s][info][gc] GC(1250) Pause Young (Normal) (G1 Evacuation Pause) 1780M->8M(2964M) 1.741ms
[439.217s][info][gc] GC(1251) Pause Young (Normal) (G1 Evacuation Pause) 1780M->8M(2964M) 1.658ms
[439.375s][info][gc] GC(1252) Pause Young (Normal) (G1 Evacuation Pause) 1780M->8M(2964M) 2.023ms
[439.532s][info][gc] GC(1253) Pause Young (Normal) (G1 Evacuation Pause) 1780M->8M(2964M) 1.519ms
[439.688s][info][gc] GC(1254) Pause Young (Normal) (G1 Evacuation Pause) 1780M->8M(2964M) 1.456ms
[439.845s][info][gc] GC(1255) Pause Young (Normal) (G1 Evacuation Pause) 1780M->8M(2964M) 1.459ms
[440.002s][info][gc] GC(1256) Pause Young (Normal) (G1 Evacuation Pause) 1780M->8M(2964M) 1.616ms
[440.159s][info][gc] GC(1257) Pause Young (Normal) (G1 Evacuation Pause) 1780M->8M(2964M) 1.420ms
[440.316s][info][gc] GC(1258) Pause Young (Normal) (G1 Evacuation Pause) 1780M->8M(2964M) 1.693ms
[440.473s][info][gc] GC(1259) Pause Young (Normal) (G1 Evacuation Pause) 1780M->8M(2964M) 1.447ms
[440.630s][info][gc] GC(1260) Pause Young (Normal) (G1 Evacuation Pause) 1780M->8M(2964M) 1.631ms
[440.786s][info][gc] GC(1261) Pause Young (Normal) (G1 Evacuation Pause) 1780M->8M(2964M) 1.449ms
[440.943s][info][gc] GC(1262) Pause Young (Normal) (G1 Evacuation Pause) 1780M->8M(2964M) 1.423ms
[441.100s][info][gc] GC(1263) Pause Young (Normal) (G1 Evacuation Pause) 1780M->8M(2964M) 1.504ms
[441.256s][info][gc] GC(1264) Pause Young (Normal) (G1 Evacuation Pause) 1780M->8M(2964M) 1.575ms
[442.415s][info][gc] GC(1265) Pause Young (Normal) (G1 Evacuation Pause) 1780M->9M(2964M) 1.401ms
[442.573s][info][gc] GC(1266) Pause Young (Normal) (G1 Evacuation Pause) 1781M->9M(2964M) 1.786ms
[442.729s][info][gc] GC(1267) Pause Young (Normal) (G1 Evacuation Pause) 1781M->9M(2964M) 1.723ms
[442.885s][info][gc] GC(1268) Pause Young (Normal) (G1 Evacuation Pause) 1781M->9M(2964M) 1.801ms
[443.039s][info][gc] GC(1269) Pause Young (Normal) (G1 Evacuation Pause) 1781M->9M(2964M) 1.821ms
[443.194s][info][gc] GC(1270) Pause Young (Normal) (G1 Evacuation Pause) 1781M->9M(2964M) 1.829ms
[443.351s][info][gc] GC(1271) Pause Young (Normal) (G1 Evacuation Pause) 1781M->9M(2964M) 1.734ms
[443.506s][info][gc] GC(1272) Pause Young (Normal) (G1 Evacuation Pause) 1781M->9M(2964M) 1.931ms
[443.663s][info][gc] GC(1273) Pause Young (Normal) (G1 Evacuation Pause) 1781M->9M(2964M) 1.791ms
[443.816s][info][gc] GC(1274) Pause Young (Normal) (G1 Evacuation Pause) 1781M->9M(2964M) 1.708ms
[443.973s][info][gc] GC(1275) Pause Young (Normal) (G1 Evacuation Pause) 1781M->9M(2964M) 1.879ms
[444.128s][info][gc] GC(1276) Pause Young (Normal) (G1 Evacuation Pause) 1781M->9M(2964M) 1.787ms
[444.283s][info][gc] GC(1277) Pause Young (Normal) (G1 Evacuation Pause) 1781M->9M(2964M) 1.730ms
[444.437s][info][gc] GC(1278) Pause Young (Normal) (G1 Evacuation Pause) 1781M->9M(2964M) 1.710ms
[444.592s][info][gc] GC(1279) Pause Young (Normal) (G1 Evacuation Pause) 1781M->9M(2964M) 1.741ms
[444.763s][info][gc] GC(1280) Pause Young (Normal) (G1 Evacuation Pause) 1781M->9M(2964M) 1.742ms
[444.919s][info][gc] GC(1281) Pause Young (Normal) (G1 Evacuation Pause) 1781M->9M(2964M) 1.455ms
[445.075s][info][gc] GC(1282) Pause Young (Normal) (G1 Evacuation Pause) 1781M->9M(2964M) 1.811ms
[445.231s][info][gc] GC(1283) Pause Young (Normal) (G1 Evacuation Pause) 1781M->9M(2964M) 1.583ms
[445.387s][info][gc] GC(1284) Pause Young (Normal) (G1 Evacuation Pause) 1781M->9M(2964M) 1.597ms
[445.542s][info][gc] GC(1285) Pause Young (Normal) (G1 Evacuation Pause) 1781M->9M(2964M) 1.673ms
[445.699s][info][gc] GC(1286) Pause Young (Normal) (G1 Evacuation Pause) 1781M->9M(2964M) 1.893ms
[445.856s][info][gc] GC(1287) Pause Young (Normal) (G1 Evacuation Pause) 1781M->9M(2964M) 1.522ms
[446.011s][info][gc] GC(1288) Pause Young (Normal) (G1 Evacuation Pause) 1781M->9M(2964M) 1.505ms
[446.167s][info][gc] GC(1289) Pause Young (Normal) (G1 Evacuation Pause) 1781M->9M(2964M) 1.549ms
[446.323s][info][gc] GC(1290) Pause Young (Normal) (G1 Evacuation Pause) 1781M->9M(2964M) 1.417ms
[446.479s][info][gc] GC(1291) Pause Young (Normal) (G1 Evacuation Pause) 1781M->9M(2964M) 1.533ms
[446.634s][info][gc] GC(1292) Pause Young (Normal) (G1 Evacuation Pause) 1781M->9M(2964M) 1.651ms
[446.790s][info][gc] GC(1293) Pause Young (Normal) (G1 Evacuation Pause) 1781M->9M(2964M) 1.424ms
[446.946s][info][gc] GC(1294) Pause Young (Normal) (G1 Evacuation Pause) 1781M->9M(2964M) 1.512ms
[447.102s][info][gc] GC(1295) Pause Young (Normal) (G1 Evacuation Pause) 1781M->9M(2964M) 1.522ms
[447.257s][info][gc] GC(1296) Pause Young (Normal) (G1 Evacuation Pause) 1781M->9M(2964M) 1.396ms
[447.413s][info][gc] GC(1297) Pause Young (Normal) (G1 Evacuation Pause) 1781M->9M(2964M) 1.909ms
[447.569s][info][gc] GC(1298) Pause Young (Normal) (G1 Evacuation Pause) 1781M->9M(2964M) 1.472ms
[447.724s][info][gc] GC(1299) Pause Young (Normal) (G1 Evacuation Pause) 1781M->9M(2964M) 1.443ms
[447.880s][info][gc] GC(1300) Pause Young (Normal) (G1 Evacuation Pause) 1781M->9M(2964M) 1.526ms
[448.035s][info][gc] GC(1301) Pause Young (Normal) (G1 Evacuation Pause) 1781M->9M(2964M) 1.602ms
[448.191s][info][gc] GC(1302) Pause Young (Normal) (G1 Evacuation Pause) 1781M->8M(2964M) 1.390ms
[448.347s][info][gc] GC(1303) Pause Young (Normal) (G1 Evacuation Pause) 1780M->9M(2964M) 1.726ms
[448.503s][info][gc] GC(1304) Pause Young (Normal) (G1 Evacuation Pause) 1781M->9M(2964M) 1.495ms
[448.659s][info][gc] GC(1305) Pause Young (Normal) (G1 Evacuation Pause) 1781M->9M(2964M) 1.575ms
[448.815s][info][gc] GC(1306) Pause Young (Normal) (G1 Evacuation Pause) 1781M->9M(2964M) 1.412ms
[448.970s][info][gc] GC(1307) Pause Young (Normal) (G1 Evacuation Pause) 1781M->9M(2964M) 1.653ms
[449.127s][info][gc] GC(1308) Pause Young (Normal) (G1 Evacuation Pause) 1781M->9M(2964M) 1.721ms
[449.283s][info][gc] GC(1309) Pause Young (Normal) (G1 Evacuation Pause) 1781M->9M(2964M) 1.542ms
[449.439s][info][gc] GC(1310) Pause Young (Normal) (G1 Evacuation Pause) 1781M->9M(2964M) 1.474ms
[449.595s][info][gc] GC(1311) Pause Young (Normal) (G1 Evacuation Pause) 1781M->9M(2964M) 1.639ms
[449.751s][info][gc] GC(1312) Pause Young (Normal) (G1 Evacuation Pause) 1781M->9M(2964M) 1.563ms
[449.907s][info][gc] GC(1313) Pause Young (Normal) (G1 Evacuation Pause) 1781M->8M(2964M) 1.394ms
[450.063s][info][gc] GC(1314) Pause Young (Normal) (G1 Evacuation Pause) 1780M->9M(2964M) 1.461ms
[450.219s][info][gc] GC(1315) Pause Young (Normal) (G1 Evacuation Pause) 1781M->9M(2964M) 1.592ms
[450.375s][info][gc] GC(1316) Pause Young (Normal) (G1 Evacuation Pause) 1781M->9M(2964M) 1.514ms
[450.531s][info][gc] GC(1317) Pause Young (Normal) (G1 Evacuation Pause) 1781M->9M(2964M) 1.676ms
[450.687s][info][gc] GC(1318) Pause Young (Normal) (G1 Evacuation Pause) 1781M->9M(2964M) 1.569ms
[450.843s][info][gc] GC(1319) Pause Young (Normal) (G1 Evacuation Pause) 1781M->8M(2964M) 1.496ms
[450.998s][info][gc] GC(1320) Pause Young (Normal) (G1 Evacuation Pause) 1780M->9M(2964M) 1.437ms
[451.154s][info][gc] GC(1321) Pause Young (Normal) (G1 Evacuation Pause) 1781M->9M(2964M) 1.425ms
[451.310s][info][gc] GC(1322) Pause Young (Normal) (G1 Evacuation Pause) 1781M->9M(2964M) 1.527ms
[451.465s][info][gc] GC(1323) Pause Young (Normal) (G1 Evacuation Pause) 1781M->9M(2964M) 1.461ms
[451.621s][info][gc] GC(1324) Pause Young (Normal) (G1 Evacuation Pause) 1781M->9M(2964M) 1.457ms
[451.777s][info][gc] GC(1325) Pause Young (Normal) (G1 Evacuation Pause) 1781M->9M(2964M) 1.592ms
[451.934s][info][gc] GC(1326) Pause Young (Normal) (G1 Evacuation Pause) 1781M->9M(2964M) 1.476ms
[452.090s][info][gc] GC(1327) Pause Young (Normal) (G1 Evacuation Pause) 1781M->9M(2964M) 1.471ms
[452.247s][info][gc] GC(1328) Pause Young (Normal) (G1 Evacuation Pause) 1781M->9M(2964M) 1.524ms
[452.403s][info][gc] GC(1329) Pause Young (Normal) (G1 Evacuation Pause) 1781M->9M(2964M) 1.428ms
[452.559s][info][gc] GC(1330) Pause Young (Normal) (G1 Evacuation Pause) 1781M->8M(2964M) 1.406ms
[452.714s][info][gc] GC(1331) Pause Young (Normal) (G1 Evacuation Pause) 1780M->9M(2964M) 1.629ms
[452.871s][info][gc] GC(1332) Pause Young (Normal) (G1 Evacuation Pause) 1781M->9M(2964M) 1.585ms
[453.026s][info][gc] GC(1333) Pause Young (Normal) (G1 Evacuation Pause) 1781M->9M(2964M) 1.467ms
[453.182s][info][gc] GC(1334) Pause Young (Normal) (G1 Evacuation Pause) 1781M->9M(2964M) 1.526ms
[453.338s][info][gc] GC(1335) Pause Young (Normal) (G1 Evacuation Pause) 1781M->9M(2964M) 1.580ms
[453.493s][info][gc] GC(1336) Pause Young (Normal) (G1 Evacuation Pause) 1781M->9M(2964M) 1.667ms
[453.649s][info][gc] GC(1337) Pause Young (Normal) (G1 Evacuation Pause) 1781M->9M(2964M) 1.525ms
[453.805s][info][gc] GC(1338) Pause Young (Normal) (G1 Evacuation Pause) 1781M->9M(2964M) 1.471ms
[453.961s][info][gc] GC(1339) Pause Young (Normal) (G1 Evacuation Pause) 1781M->9M(2964M) 1.484ms
[454.116s][info][gc] GC(1340) Pause Young (Normal) (G1 Evacuation Pause) 1781M->9M(2964M) 1.502ms
[454.272s][info][gc] GC(1341) Pause Young (Normal) (G1 Evacuation Pause) 1781M->9M(2964M) 1.446ms
[454.427s][info][gc] GC(1342) Pause Young (Normal) (G1 Evacuation Pause) 1781M->9M(2964M) 1.533ms
[454.583s][info][gc] GC(1343) Pause Young (Normal) (G1 Evacuation Pause) 1781M->9M(2964M) 1.560ms
[454.738s][info][gc] GC(1344) Pause Young (Normal) (G1 Evacuation Pause) 1781M->9M(2964M) 1.450ms
[454.894s][info][gc] GC(1345) Pause Young (Normal) (G1 Evacuation Pause) 1781M->9M(2964M) 1.516ms
[455.050s][info][gc] GC(1346) Pause Young (Normal) (G1 Evacuation Pause) 1781M->9M(2964M) 1.499ms
[455.206s][info][gc] GC(1347) Pause Young (Normal) (G1 Evacuation Pause) 1781M->9M(2964M) 1.578ms
[455.362s][info][gc] GC(1348) Pause Young (Normal) (G1 Evacuation Pause) 1781M->9M(2964M) 1.403ms
[455.519s][info][gc] GC(1349) Pause Young (Normal) (G1 Evacuation Pause) 1781M->9M(2964M) 1.705ms
[455.675s][info][gc] GC(1350) Pause Young (Normal) (G1 Evacuation Pause) 1781M->9M(2964M) 1.479ms
[455.831s][info][gc] GC(1351) Pause Young (Normal) (G1 Evacuation Pause) 1781M->9M(2964M) 1.492ms
[455.987s][info][gc] GC(1352) Pause Young (Normal) (G1 Evacuation Pause) 1781M->9M(2964M) 1.581ms
[456.142s][info][gc] GC(1353) Pause Young (Normal) (G1 Evacuation Pause) 1781M->9M(2964M) 1.465ms
[456.297s][info][gc] GC(1354) Pause Young (Normal) (G1 Evacuation Pause) 1781M->9M(2964M) 1.455ms
[456.453s][info][gc] GC(1355) Pause Young (Normal) (G1 Evacuation Pause) 1781M->9M(2964M) 1.627ms
[456.610s][info][gc] GC(1356) Pause Young (Normal) (G1 Evacuation Pause) 1781M->9M(2964M) 1.490ms
[456.765s][info][gc] GC(1357) Pause Young (Normal) (G1 Evacuation Pause) 1781M->9M(2964M) 1.568ms
[456.922s][info][gc] GC(1358) Pause Young (Normal) (G1 Evacuation Pause) 1781M->9M(2964M) 1.541ms
[457.079s][info][gc] GC(1359) Pause Young (Normal) (G1 Evacuation Pause) 1781M->9M(2964M) 1.623ms
[457.234s][info][gc] GC(1360) Pause Young (Normal) (G1 Evacuation Pause) 1781M->9M(2964M) 1.520ms
[457.391s][info][gc] GC(1361) Pause Young (Normal) (G1 Evacuation Pause) 1781M->9M(2964M) 1.582ms
[457.546s][info][gc] GC(1362) Pause Young (Normal) (G1 Evacuation Pause) 1781M->9M(2964M) 1.365ms
[457.702s][info][gc] GC(1363) Pause Young (Normal) (G1 Evacuation Pause) 1781M->9M(2964M) 1.571ms
[457.858s][info][gc] GC(1364) Pause Young (Normal) (G1 Evacuation Pause) 1781M->9M(2964M) 1.630ms
[458.014s][info][gc] GC(1365) Pause Young (Normal) (G1 Evacuation Pause) 1781M->9M(2964M) 1.776ms
[458.170s][info][gc] GC(1366) Pause Young (Normal) (G1 Evacuation Pause) 1781M->9M(2964M) 1.452ms
[458.326s][info][gc] GC(1367) Pause Young (Normal) (G1 Evacuation Pause) 1781M->9M(2964M) 1.650ms
[458.483s][info][gc] GC(1368) Pause Young (Normal) (G1 Evacuation Pause) 1781M->9M(2964M) 1.903ms
[458.640s][info][gc] GC(1369) Pause Young (Normal) (G1 Evacuation Pause) 1781M->9M(2964M) 1.492ms
[458.796s][info][gc] GC(1370) Pause Young (Normal) (G1 Evacuation Pause) 1781M->9M(2964M) 1.720ms
[458.952s][info][gc] GC(1371) Pause Young (Normal) (G1 Evacuation Pause) 1781M->9M(2964M) 1.557ms
[459.108s][info][gc] GC(1372) Pause Young (Normal) (G1 Evacuation Pause) 1781M->9M(2964M) 1.499ms
[459.264s][info][gc] GC(1373) Pause Young (Normal) (G1 Evacuation Pause) 1781M->9M(2964M) 1.649ms
[459.420s][info][gc] GC(1374) Pause Young (Normal) (G1 Evacuation Pause) 1781M->9M(2964M) 1.684ms
[459.576s][info][gc] GC(1375) Pause Young (Normal) (G1 Evacuation Pause) 1781M->9M(2964M) 1.566ms
[459.731s][info][gc] GC(1376) Pause Young (Normal) (G1 Evacuation Pause) 1781M->9M(2964M) 1.746ms
[459.887s][info][gc] GC(1377) Pause Young (Normal) (G1 Evacuation Pause) 1781M->9M(2964M) 1.612ms
[460.043s][info][gc] GC(1378) Pause Young (Normal) (G1 Evacuation Pause) 1781M->9M(2964M) 1.444ms
[460.199s][info][gc] GC(1379) Pause Young (Normal) (G1 Evacuation Pause) 1781M->9M(2964M) 1.397ms
[460.355s][info][gc] GC(1380) Pause Young (Normal) (G1 Evacuation Pause) 1781M->9M(2964M) 1.598ms
[460.510s][info][gc] GC(1381) Pause Young (Normal) (G1 Evacuation Pause) 1781M->9M(2964M) 1.439ms
[460.667s][info][gc] GC(1382) Pause Young (Normal) (G1 Evacuation Pause) 1781M->9M(2964M) 1.604ms
[460.823s][info][gc] GC(1383) Pause Young (Normal) (G1 Evacuation Pause) 1781M->9M(2964M) 1.468ms
[460.979s][info][gc] GC(1384) Pause Young (Normal) (G1 Evacuation Pause) 1781M->9M(2964M) 1.757ms
[461.134s][info][gc] GC(1385) Pause Young (Normal) (G1 Evacuation Pause) 1781M->9M(2964M) 1.476ms
[461.291s][info][gc] GC(1386) Pause Young (Normal) (G1 Evacuation Pause) 1781M->9M(2964M) 1.594ms
[461.447s][info][gc] GC(1387) Pause Young (Normal) (G1 Evacuation Pause) 1781M->9M(2964M) 1.567ms
[461.603s][info][gc] GC(1388) Pause Young (Normal) (G1 Evacuation Pause) 1781M->9M(2964M) 1.748ms
[461.759s][info][gc] GC(1389) Pause Young (Normal) (G1 Evacuation Pause) 1781M->9M(2964M) 1.524ms
[461.915s][info][gc] GC(1390) Pause Young (Normal) (G1 Evacuation Pause) 1781M->9M(2964M) 1.623ms
[462.071s][info][gc] GC(1391) Pause Young (Normal) (G1 Evacuation Pause) 1781M->9M(2964M) 1.648ms
[462.226s][info][gc] GC(1392) Pause Young (Normal) (G1 Evacuation Pause) 1781M->8M(2964M) 1.555ms
[462.382s][info][gc] GC(1393) Pause Young (Normal) (G1 Evacuation Pause) 1780M->9M(2964M) 1.756ms
[462.539s][info][gc] GC(1394) Pause Young (Normal) (G1 Evacuation Pause) 1781M->9M(2964M) 1.604ms
[462.695s][info][gc] GC(1395) Pause Young (Normal) (G1 Evacuation Pause) 1781M->8M(2964M) 1.362ms
[462.851s][info][gc] GC(1396) Pause Young (Normal) (G1 Evacuation Pause) 1780M->9M(2964M) 1.630ms
[463.006s][info][gc] GC(1397) Pause Young (Normal) (G1 Evacuation Pause) 1781M->9M(2964M) 1.580ms
[463.163s][info][gc] GC(1398) Pause Young (Normal) (G1 Evacuation Pause) 1781M->9M(2964M) 1.590ms
[463.319s][info][gc] GC(1399) Pause Young (Normal) (G1 Evacuation Pause) 1781M->9M(2964M) 1.432ms
[463.474s][info][gc] GC(1400) Pause Young (Normal) (G1 Evacuation Pause) 1781M->9M(2964M) 1.499ms
[463.630s][info][gc] GC(1401) Pause Young (Normal) (G1 Evacuation Pause) 1781M->9M(2964M) 1.555ms
[463.786s][info][gc] GC(1402) Pause Young (Normal) (G1 Evacuation Pause) 1781M->9M(2964M) 1.634ms
[463.941s][info][gc] GC(1403) Pause Young (Normal) (G1 Evacuation Pause) 1781M->9M(2964M) 1.483ms
[464.097s][info][gc] GC(1404) Pause Young (Normal) (G1 Evacuation Pause) 1781M->9M(2964M) 1.467ms
[464.253s][info][gc] GC(1405) Pause Young (Normal) (G1 Evacuation Pause) 1781M->8M(2964M) 1.346ms
[464.409s][info][gc] GC(1406) Pause Young (Normal) (G1 Evacuation Pause) 1780M->9M(2964M) 1.576ms
[464.565s][info][gc] GC(1407) Pause Young (Normal) (G1 Evacuation Pause) 1781M->9M(2964M) 1.492ms
[464.722s][info][gc] GC(1408) Pause Young (Normal) (G1 Evacuation Pause) 1781M->9M(2964M) 1.699ms
[464.878s][info][gc] GC(1409) Pause Young (Normal) (G1 Evacuation Pause) 1781M->9M(2964M) 1.578ms
[465.034s][info][gc] GC(1410) Pause Young (Normal) (G1 Evacuation Pause) 1781M->9M(2964M) 1.736ms
[465.190s][info][gc] GC(1411) Pause Young (Normal) (G1 Evacuation Pause) 1781M->9M(2964M) 1.440ms
[465.345s][info][gc] GC(1412) Pause Young (Normal) (G1 Evacuation Pause) 1781M->9M(2964M) 1.498ms
[465.501s][info][gc] GC(1413) Pause Young (Normal) (G1 Evacuation Pause) 1781M->9M(2964M) 1.542ms
[465.657s][info][gc] GC(1414) Pause Young (Normal) (G1 Evacuation Pause) 1781M->9M(2964M) 1.452ms
[465.814s][info][gc] GC(1415) Pause Young (Normal) (G1 Evacuation Pause) 1781M->9M(2964M) 1.543ms
[465.970s][info][gc] GC(1416) Pause Young (Normal) (G1 Evacuation Pause) 1781M->8M(2964M) 1.525ms
[466.126s][info][gc] GC(1417) Pause Young (Normal) (G1 Evacuation Pause) 1780M->9M(2964M) 1.474ms
[466.282s][info][gc] GC(1418) Pause Young (Normal) (G1 Evacuation Pause) 1781M->9M(2964M) 1.505ms
[466.439s][info][gc] GC(1419) Pause Young (Normal) (G1 Evacuation Pause) 1781M->8M(2964M) 1.438ms
[466.595s][info][gc] GC(1420) Pause Young (Normal) (G1 Evacuation Pause) 1780M->9M(2964M) 1.433ms
[466.752s][info][gc] GC(1421) Pause Young (Normal) (G1 Evacuation Pause) 1781M->9M(2964M) 1.986ms
[466.907s][info][gc] GC(1422) Pause Young (Normal) (G1 Evacuation Pause) 1781M->8M(2964M) 1.546ms
[467.063s][info][gc] GC(1423) Pause Young (Normal) (G1 Evacuation Pause) 1780M->8M(2964M) 1.423ms
[467.219s][info][gc] GC(1424) Pause Young (Normal) (G1 Evacuation Pause) 1780M->9M(2964M) 1.435ms
[468.378s][info][gc] GC(1425) Pause Young (Normal) (G1 Evacuation Pause) 1781M->10M(2964M) 1.709ms
[468.533s][info][gc] GC(1426) Pause Young (Normal) (G1 Evacuation Pause) 1782M->10M(2964M) 1.665ms
[468.707s][info][gc] GC(1427) Pause Young (Normal) (G1 Evacuation Pause) 1782M->10M(2964M) 1.725ms
[468.862s][info][gc] GC(1428) Pause Young (Normal) (G1 Evacuation Pause) 1782M->10M(2964M) 1.798ms
[469.018s][info][gc] GC(1429) Pause Young (Normal) (G1 Evacuation Pause) 1782M->10M(2964M) 1.776ms
[469.171s][info][gc] GC(1430) Pause Young (Normal) (G1 Evacuation Pause) 1782M->10M(2964M) 1.765ms
[469.327s][info][gc] GC(1431) Pause Young (Normal) (G1 Evacuation Pause) 1782M->10M(2964M) 1.780ms
[469.481s][info][gc] GC(1432) Pause Young (Normal) (G1 Evacuation Pause) 1782M->10M(2964M) 1.738ms
[469.637s][info][gc] GC(1433) Pause Young (Normal) (G1 Evacuation Pause) 1782M->10M(2964M) 1.699ms
[469.790s][info][gc] GC(1434) Pause Young (Normal) (G1 Evacuation Pause) 1782M->10M(2964M) 1.857ms
[469.943s][info][gc] GC(1435) Pause Young (Normal) (G1 Evacuation Pause) 1782M->10M(2964M) 1.795ms
[470.097s][info][gc] GC(1436) Pause Young (Normal) (G1 Evacuation Pause) 1782M->10M(2964M) 1.816ms
[470.251s][info][gc] GC(1437) Pause Young (Normal) (G1 Evacuation Pause) 1782M->10M(2964M) 1.818ms
[470.427s][info][gc] GC(1438) Pause Young (Normal) (G1 Evacuation Pause) 1782M->10M(2964M) 1.975ms
[470.607s][info][gc] GC(1439) Pause Young (Normal) (G1 Evacuation Pause) 1782M->10M(2964M) 1.762ms
[470.785s][info][gc] GC(1440) Pause Young (Normal) (G1 Evacuation Pause) 1782M->10M(2964M) 3.643ms
[470.941s][info][gc] GC(1441) Pause Young (Normal) (G1 Evacuation Pause) 1782M->10M(2964M) 2.163ms
[471.097s][info][gc] GC(1442) Pause Young (Normal) (G1 Evacuation Pause) 1782M->10M(2964M) 2.200ms
[471.252s][info][gc] GC(1443) Pause Young (Normal) (G1 Evacuation Pause) 1782M->10M(2964M) 2.074ms
[471.407s][info][gc] GC(1444) Pause Young (Normal) (G1 Evacuation Pause) 1782M->10M(2964M) 1.603ms
[471.563s][info][gc] GC(1445) Pause Young (Normal) (G1 Evacuation Pause) 1782M->10M(2964M) 1.711ms
[471.718s][info][gc] GC(1446) Pause Young (Normal) (G1 Evacuation Pause) 1782M->10M(2964M) 1.675ms
[471.873s][info][gc] GC(1447) Pause Young (Normal) (G1 Evacuation Pause) 1782M->10M(2964M) 1.707ms
[472.028s][info][gc] GC(1448) Pause Young (Normal) (G1 Evacuation Pause) 1782M->10M(2964M) 1.567ms
[472.183s][info][gc] GC(1449) Pause Young (Normal) (G1 Evacuation Pause) 1782M->10M(2964M) 1.551ms
[472.338s][info][gc] GC(1450) Pause Young (Normal) (G1 Evacuation Pause) 1782M->10M(2964M) 1.523ms
[472.494s][info][gc] GC(1451) Pause Young (Normal) (G1 Evacuation Pause) 1782M->10M(2964M) 1.549ms
[472.648s][info][gc] GC(1452) Pause Young (Normal) (G1 Evacuation Pause) 1782M->10M(2964M) 1.441ms
[472.802s][info][gc] GC(1453) Pause Young (Normal) (G1 Evacuation Pause) 1782M->10M(2964M) 1.526ms
[472.957s][info][gc] GC(1454) Pause Young (Normal) (G1 Evacuation Pause) 1782M->10M(2964M) 1.573ms
[473.112s][info][gc] GC(1455) Pause Young (Normal) (G1 Evacuation Pause) 1782M->10M(2964M) 1.571ms
[473.266s][info][gc] GC(1456) Pause Young (Normal) (G1 Evacuation Pause) 1782M->10M(2964M) 1.740ms
[473.422s][info][gc] GC(1457) Pause Young (Normal) (G1 Evacuation Pause) 1782M->10M(2964M) 1.440ms
[473.578s][info][gc] GC(1458) Pause Young (Normal) (G1 Evacuation Pause) 1782M->10M(2964M) 1.601ms
[473.732s][info][gc] GC(1459) Pause Young (Normal) (G1 Evacuation Pause) 1782M->10M(2964M) 1.627ms
[473.886s][info][gc] GC(1460) Pause Young (Normal) (G1 Evacuation Pause) 1782M->10M(2964M) 1.530ms
[474.042s][info][gc] GC(1461) Pause Young (Normal) (G1 Evacuation Pause) 1782M->10M(2964M) 1.627ms
[474.197s][info][gc] GC(1462) Pause Young (Normal) (G1 Evacuation Pause) 1782M->10M(2964M) 1.428ms
[474.352s][info][gc] GC(1463) Pause Young (Normal) (G1 Evacuation Pause) 1782M->10M(2964M) 1.849ms
[474.507s][info][gc] GC(1464) Pause Young (Normal) (G1 Evacuation Pause) 1782M->10M(2964M) 1.536ms
[474.662s][info][gc] GC(1465) Pause Young (Normal) (G1 Evacuation Pause) 1782M->10M(2964M) 1.598ms
[474.818s][info][gc] GC(1466) Pause Young (Normal) (G1 Evacuation Pause) 1782M->10M(2964M) 1.390ms
[474.973s][info][gc] GC(1467) Pause Young (Normal) (G1 Evacuation Pause) 1782M->10M(2964M) 1.473ms
[475.127s][info][gc] GC(1468) Pause Young (Normal) (G1 Evacuation Pause) 1782M->10M(2964M) 1.446ms
[475.281s][info][gc] GC(1469) Pause Young (Normal) (G1 Evacuation Pause) 1782M->10M(2964M) 1.437ms
[475.437s][info][gc] GC(1470) Pause Young (Normal) (G1 Evacuation Pause) 1782M->10M(2964M) 1.552ms
[475.592s][info][gc] GC(1471) Pause Young (Normal) (G1 Evacuation Pause) 1782M->10M(2964M) 1.604ms
[475.747s][info][gc] GC(1472) Pause Young (Normal) (G1 Evacuation Pause) 1782M->10M(2964M) 1.642ms
[475.902s][info][gc] GC(1473) Pause Young (Normal) (G1 Evacuation Pause) 1782M->10M(2964M) 1.502ms
[476.059s][info][gc] GC(1474) Pause Young (Normal) (G1 Evacuation Pause) 1782M->10M(2964M) 2.796ms
[476.214s][info][gc] GC(1475) Pause Young (Normal) (G1 Evacuation Pause) 1782M->10M(2964M) 1.525ms
[476.369s][info][gc] GC(1476) Pause Young (Normal) (G1 Evacuation Pause) 1782M->10M(2964M) 1.499ms
[476.525s][info][gc] GC(1477) Pause Young (Normal) (G1 Evacuation Pause) 1782M->10M(2964M) 1.607ms
[476.681s][info][gc] GC(1478) Pause Young (Normal) (G1 Evacuation Pause) 1782M->10M(2964M) 1.449ms
[476.837s][info][gc] GC(1479) Pause Young (Normal) (G1 Evacuation Pause) 1782M->10M(2964M) 1.573ms
[476.991s][info][gc] GC(1480) Pause Young (Normal) (G1 Evacuation Pause) 1782M->10M(2964M) 1.369ms
[477.145s][info][gc] GC(1481) Pause Young (Normal) (G1 Evacuation Pause) 1782M->10M(2964M) 1.428ms
[477.300s][info][gc] GC(1482) Pause Young (Normal) (G1 Evacuation Pause) 1782M->10M(2964M) 1.697ms
[477.455s][info][gc] GC(1483) Pause Young (Normal) (G1 Evacuation Pause) 1782M->10M(2964M) 1.723ms
[477.610s][info][gc] GC(1484) Pause Young (Normal) (G1 Evacuation Pause) 1782M->10M(2964M) 1.466ms
[477.764s][info][gc] GC(1485) Pause Young (Normal) (G1 Evacuation Pause) 1782M->10M(2964M) 1.490ms
[477.919s][info][gc] GC(1486) Pause Young (Normal) (G1 Evacuation Pause) 1782M->10M(2964M) 1.499ms
[478.073s][info][gc] GC(1487) Pause Young (Normal) (G1 Evacuation Pause) 1782M->10M(2964M) 1.522ms
[478.229s][info][gc] GC(1488) Pause Young (Normal) (G1 Evacuation Pause) 1782M->10M(2964M) 1.420ms
[478.384s][info][gc] GC(1489) Pause Young (Normal) (G1 Evacuation Pause) 1782M->10M(2964M) 1.528ms
[478.539s][info][gc] GC(1490) Pause Young (Normal) (G1 Evacuation Pause) 1782M->10M(2964M) 1.613ms
[478.694s][info][gc] GC(1491) Pause Young (Normal) (G1 Evacuation Pause) 1782M->10M(2964M) 1.551ms
[478.849s][info][gc] GC(1492) Pause Young (Normal) (G1 Evacuation Pause) 1782M->10M(2964M) 1.472ms
[479.003s][info][gc] GC(1493) Pause Young (Normal) (G1 Evacuation Pause) 1782M->10M(2964M) 1.665ms
[479.158s][info][gc] GC(1494) Pause Young (Normal) (G1 Evacuation Pause) 1782M->10M(2964M) 1.496ms
[479.312s][info][gc] GC(1495) Pause Young (Normal) (G1 Evacuation Pause) 1782M->10M(2964M) 1.510ms
[479.467s][info][gc] GC(1496) Pause Young (Normal) (G1 Evacuation Pause) 1782M->10M(2964M) 1.594ms
[479.622s][info][gc] GC(1497) Pause Young (Normal) (G1 Evacuation Pause) 1782M->10M(2964M) 1.560ms
[479.776s][info][gc] GC(1498) Pause Young (Normal) (G1 Evacuation Pause) 1782M->10M(2964M) 1.466ms
[479.931s][info][gc] GC(1499) Pause Young (Normal) (G1 Evacuation Pause) 1782M->10M(2964M) 1.430ms
[480.085s][info][gc] GC(1500) Pause Young (Normal) (G1 Evacuation Pause) 1782M->10M(2964M) 1.476ms
[480.240s][info][gc] GC(1501) Pause Young (Normal) (G1 Evacuation Pause) 1782M->10M(2964M) 1.476ms
[480.395s][info][gc] GC(1502) Pause Young (Normal) (G1 Evacuation Pause) 1782M->10M(2964M) 1.617ms
[480.550s][info][gc] GC(1503) Pause Young (Normal) (G1 Evacuation Pause) 1782M->10M(2964M) 1.493ms
[480.705s][info][gc] GC(1504) Pause Young (Normal) (G1 Evacuation Pause) 1782M->10M(2964M) 1.463ms
[480.859s][info][gc] GC(1505) Pause Young (Normal) (G1 Evacuation Pause) 1782M->10M(2964M) 1.434ms
[481.014s][info][gc] GC(1506) Pause Young (Normal) (G1 Evacuation Pause) 1782M->10M(2964M) 1.609ms
[481.169s][info][gc] GC(1507) Pause Young (Normal) (G1 Evacuation Pause) 1782M->10M(2964M) 1.569ms
[481.324s][info][gc] GC(1508) Pause Young (Normal) (G1 Evacuation Pause) 1782M->10M(2964M) 1.475ms
[481.479s][info][gc] GC(1509) Pause Young (Normal) (G1 Evacuation Pause) 1782M->10M(2964M) 1.668ms
[481.635s][info][gc] GC(1510) Pause Young (Normal) (G1 Evacuation Pause) 1782M->10M(2964M) 1.544ms
[481.790s][info][gc] GC(1511) Pause Young (Normal) (G1 Evacuation Pause) 1782M->10M(2964M) 1.633ms
[481.944s][info][gc] GC(1512) Pause Young (Normal) (G1 Evacuation Pause) 1782M->10M(2964M) 1.523ms
[482.099s][info][gc] GC(1513) Pause Young (Normal) (G1 Evacuation Pause) 1782M->10M(2964M) 1.431ms
[482.254s][info][gc] GC(1514) Pause Young (Normal) (G1 Evacuation Pause) 1782M->10M(2964M) 1.695ms
[482.410s][info][gc] GC(1515) Pause Young (Normal) (G1 Evacuation Pause) 1782M->10M(2964M) 1.974ms
[482.565s][info][gc] GC(1516) Pause Young (Normal) (G1 Evacuation Pause) 1782M->10M(2964M) 1.432ms
[482.720s][info][gc] GC(1517) Pause Young (Normal) (G1 Evacuation Pause) 1782M->10M(2964M) 1.496ms
[482.875s][info][gc] GC(1518) Pause Young (Normal) (G1 Evacuation Pause) 1782M->10M(2964M) 1.493ms
[483.031s][info][gc] GC(1519) Pause Young (Normal) (G1 Evacuation Pause) 1782M->10M(2964M) 1.519ms
[483.186s][info][gc] GC(1520) Pause Young (Normal) (G1 Evacuation Pause) 1782M->10M(2964M) 1.725ms
[483.341s][info][gc] GC(1521) Pause Young (Normal) (G1 Evacuation Pause) 1782M->10M(2964M) 1.370ms
[483.496s][info][gc] GC(1522) Pause Young (Normal) (G1 Evacuation Pause) 1782M->10M(2964M) 1.524ms
[483.651s][info][gc] GC(1523) Pause Young (Normal) (G1 Evacuation Pause) 1782M->10M(2964M) 1.470ms
[483.805s][info][gc] GC(1524) Pause Young (Normal) (G1 Evacuation Pause) 1782M->10M(2964M) 1.581ms
[483.961s][info][gc] GC(1525) Pause Young (Normal) (G1 Evacuation Pause) 1782M->10M(2964M) 1.695ms
[484.116s][info][gc] GC(1526) Pause Young (Normal) (G1 Evacuation Pause) 1782M->10M(2964M) 1.566ms
[484.271s][info][gc] GC(1527) Pause Young (Normal) (G1 Evacuation Pause) 1782M->10M(2964M) 1.567ms
[484.426s][info][gc] GC(1528) Pause Young (Normal) (G1 Evacuation Pause) 1782M->10M(2964M) 1.511ms
[484.581s][info][gc] GC(1529) Pause Young (Normal) (G1 Evacuation Pause) 1782M->10M(2964M) 1.552ms
[484.737s][info][gc] GC(1530) Pause Young (Normal) (G1 Evacuation Pause) 1782M->10M(2964M) 1.518ms
[484.892s][info][gc] GC(1531) Pause Young (Normal) (G1 Evacuation Pause) 1782M->10M(2964M) 1.706ms
[485.047s][info][gc] GC(1532) Pause Young (Normal) (G1 Evacuation Pause) 1782M->10M(2964M) 1.465ms
[485.202s][info][gc] GC(1533) Pause Young (Normal) (G1 Evacuation Pause) 1782M->10M(2964M) 1.569ms
[485.357s][info][gc] GC(1534) Pause Young (Normal) (G1 Evacuation Pause) 1782M->10M(2964M) 1.590ms
[485.512s][info][gc] GC(1535) Pause Young (Normal) (G1 Evacuation Pause) 1782M->10M(2964M) 1.375ms
[485.667s][info][gc] GC(1536) Pause Young (Normal) (G1 Evacuation Pause) 1782M->10M(2964M) 1.689ms
[485.822s][info][gc] GC(1537) Pause Young (Normal) (G1 Evacuation Pause) 1782M->10M(2964M) 1.524ms
[485.977s][info][gc] GC(1538) Pause Young (Normal) (G1 Evacuation Pause) 1782M->10M(2964M) 1.409ms
[486.132s][info][gc] GC(1539) Pause Young (Normal) (G1 Evacuation Pause) 1782M->10M(2964M) 1.636ms
[486.287s][info][gc] GC(1540) Pause Young (Normal) (G1 Evacuation Pause) 1782M->10M(2964M) 1.511ms
[486.442s][info][gc] GC(1541) Pause Young (Normal) (G1 Evacuation Pause) 1782M->10M(2964M) 1.593ms
[486.596s][info][gc] GC(1542) Pause Young (Normal) (G1 Evacuation Pause) 1782M->10M(2964M) 1.599ms
[486.752s][info][gc] GC(1543) Pause Young (Normal) (G1 Evacuation Pause) 1782M->10M(2964M) 1.452ms
[486.906s][info][gc] GC(1544) Pause Young (Normal) (G1 Evacuation Pause) 1782M->10M(2964M) 1.588ms
[487.061s][info][gc] GC(1545) Pause Young (Normal) (G1 Evacuation Pause) 1782M->10M(2964M) 1.395ms
[487.216s][info][gc] GC(1546) Pause Young (Normal) (G1 Evacuation Pause) 1782M->10M(2964M) 1.418ms
[487.372s][info][gc] GC(1547) Pause Young (Normal) (G1 Evacuation Pause) 1782M->10M(2964M) 1.653ms
[487.527s][info][gc] GC(1548) Pause Young (Normal) (G1 Evacuation Pause) 1782M->10M(2964M) 1.612ms
[487.682s][info][gc] GC(1549) Pause Young (Normal) (G1 Evacuation Pause) 1782M->10M(2964M) 1.551ms
[487.837s][info][gc] GC(1550) Pause Young (Normal) (G1 Evacuation Pause) 1782M->10M(2964M) 1.549ms
[487.992s][info][gc] GC(1551) Pause Young (Normal) (G1 Evacuation Pause) 1782M->10M(2964M) 1.628ms
[488.147s][info][gc] GC(1552) Pause Young (Normal) (G1 Evacuation Pause) 1782M->10M(2964M) 1.707ms
[488.302s][info][gc] GC(1553) Pause Young (Normal) (G1 Evacuation Pause) 1782M->10M(2964M) 1.743ms
[488.457s][info][gc] GC(1554) Pause Young (Normal) (G1 Evacuation Pause) 1782M->10M(2964M) 1.688ms
[488.612s][info][gc] GC(1555) Pause Young (Normal) (G1 Evacuation Pause) 1782M->10M(2964M) 1.520ms
[488.767s][info][gc] GC(1556) Pause Young (Normal) (G1 Evacuation Pause) 1782M->10M(2964M) 1.546ms
[488.922s][info][gc] GC(1557) Pause Young (Normal) (G1 Evacuation Pause) 1782M->10M(2964M) 1.474ms
[489.076s][info][gc] GC(1558) Pause Young (Normal) (G1 Evacuation Pause) 1782M->10M(2964M) 1.456ms
[489.231s][info][gc] GC(1559) Pause Young (Normal) (G1 Evacuation Pause) 1782M->10M(2964M) 1.742ms
[489.387s][info][gc] GC(1560) Pause Young (Normal) (G1 Evacuation Pause) 1782M->10M(2964M) 1.455ms
[489.541s][info][gc] GC(1561) Pause Young (Normal) (G1 Evacuation Pause) 1782M->10M(2964M) 1.565ms
[489.696s][info][gc] GC(1562) Pause Young (Normal) (G1 Evacuation Pause) 1782M->10M(2964M) 1.713ms
[489.851s][info][gc] GC(1563) Pause Young (Normal) (G1 Evacuation Pause) 1782M->10M(2964M) 1.541ms
[490.006s][info][gc] GC(1564) Pause Young (Normal) (G1 Evacuation Pause) 1782M->10M(2964M) 1.482ms
[490.161s][info][gc] GC(1565) Pause Young (Normal) (G1 Evacuation Pause) 1782M->10M(2964M) 1.445ms
[490.315s][info][gc] GC(1566) Pause Young (Normal) (G1 Evacuation Pause) 1782M->10M(2964M) 1.498ms
[490.470s][info][gc] GC(1567) Pause Young (Normal) (G1 Evacuation Pause) 1782M->10M(2964M) 1.533ms
[490.625s][info][gc] GC(1568) Pause Young (Normal) (G1 Evacuation Pause) 1782M->10M(2964M) 1.689ms
[490.780s][info][gc] GC(1569) Pause Young (Normal) (G1 Evacuation Pause) 1782M->10M(2964M) 1.447ms
[490.935s][info][gc] GC(1570) Pause Young (Normal) (G1 Evacuation Pause) 1782M->10M(2964M) 1.606ms
[491.090s][info][gc] GC(1571) Pause Young (Normal) (G1 Evacuation Pause) 1782M->10M(2964M) 1.684ms
[491.244s][info][gc] GC(1572) Pause Young (Normal) (G1 Evacuation Pause) 1782M->10M(2964M) 1.524ms
[491.399s][info][gc] GC(1573) Pause Young (Normal) (G1 Evacuation Pause) 1782M->10M(2964M) 1.578ms
[491.554s][info][gc] GC(1574) Pause Young (Normal) (G1 Evacuation Pause) 1782M->10M(2964M) 1.668ms
[491.709s][info][gc] GC(1575) Pause Young (Normal) (G1 Evacuation Pause) 1782M->10M(2964M) 1.509ms
[491.864s][info][gc] GC(1576) Pause Young (Normal) (G1 Evacuation Pause) 1782M->10M(2964M) 1.500ms
[492.019s][info][gc] GC(1577) Pause Young (Normal) (G1 Evacuation Pause) 1782M->10M(2964M) 1.761ms
[492.174s][info][gc] GC(1578) Pause Young (Normal) (G1 Evacuation Pause) 1782M->10M(2964M) 1.869ms
[492.330s][info][gc] GC(1579) Pause Young (Normal) (G1 Evacuation Pause) 1782M->10M(2964M) 1.556ms
[492.485s][info][gc] GC(1580) Pause Young (Normal) (G1 Evacuation Pause) 1782M->10M(2964M) 1.519ms
[492.641s][info][gc] GC(1581) Pause Young (Normal) (G1 Evacuation Pause) 1782M->10M(2964M) 1.532ms
[492.796s][info][gc] GC(1582) Pause Young (Normal) (G1 Evacuation Pause) 1782M->10M(2964M) 1.624ms
[492.951s][info][gc] GC(1583) Pause Young (Normal) (G1 Evacuation Pause) 1782M->10M(2964M) 1.586ms
[493.105s][info][gc] GC(1584) Pause Young (Normal) (G1 Evacuation Pause) 1782M->10M(2964M) 1.516ms
[493.260s][info][gc] GC(1585) Pause Young (Normal) (G1 Evacuation Pause) 1782M->10M(2964M) 1.498ms
[494.395s][info][gc] GC(1586) Pause Young (Normal) (G1 Evacuation Pause) 1782M->11M(2964M) 1.569ms
[494.526s][info][gc] GC(1587) Pause Young (Normal) (G1 Evacuation Pause) 1783M->11M(2964M) 1.657ms
[494.675s][info][gc] GC(1588) Pause Young (Normal) (G1 Evacuation Pause) 1783M->11M(2964M) 1.896ms
[494.809s][info][gc] GC(1589) Pause Young (Normal) (G1 Evacuation Pause) 1783M->11M(2964M) 1.820ms
[494.941s][info][gc] GC(1590) Pause Young (Normal) (G1 Evacuation Pause) 1783M->11M(2964M) 1.897ms
[495.071s][info][gc] GC(1591) Pause Young (Normal) (G1 Evacuation Pause) 1783M->11M(2964M) 1.699ms
[495.201s][info][gc] GC(1592) Pause Young (Normal) (G1 Evacuation Pause) 1783M->11M(2964M) 1.841ms
[495.332s][info][gc] GC(1593) Pause Young (Normal) (G1 Evacuation Pause) 1783M->11M(2964M) 1.773ms
[495.463s][info][gc] GC(1594) Pause Young (Normal) (G1 Evacuation Pause) 1783M->11M(2964M) 1.749ms
[495.594s][info][gc] GC(1595) Pause Young (Normal) (G1 Evacuation Pause) 1783M->11M(2964M) 1.843ms
[495.726s][info][gc] GC(1596) Pause Young (Normal) (G1 Evacuation Pause) 1783M->11M(2964M) 1.968ms
[495.855s][info][gc] GC(1597) Pause Young (Normal) (G1 Evacuation Pause) 1783M->11M(2964M) 1.890ms
[495.985s][info][gc] GC(1598) Pause Young (Normal) (G1 Evacuation Pause) 1783M->11M(2964M) 1.819ms
[496.115s][info][gc] GC(1599) Pause Young (Normal) (G1 Evacuation Pause) 1783M->11M(2964M) 1.817ms
[496.245s][info][gc] GC(1600) Pause Young (Normal) (G1 Evacuation Pause) 1783M->11M(2964M) 1.730ms
[496.375s][info][gc] GC(1601) Pause Young (Normal) (G1 Evacuation Pause) 1783M->11M(2964M) 1.712ms
[496.509s][info][gc] GC(1602) Pause Young (Normal) (G1 Evacuation Pause) 1783M->11M(2964M) 2.253ms
[496.642s][info][gc] GC(1603) Pause Young (Normal) (G1 Evacuation Pause) 1783M->11M(2964M) 1.928ms
[496.775s][info][gc] GC(1604) Pause Young (Normal) (G1 Evacuation Pause) 1783M->11M(2964M) 1.666ms
[496.909s][info][gc] GC(1605) Pause Young (Normal) (G1 Evacuation Pause) 1783M->11M(2964M) 1.637ms
[497.042s][info][gc] GC(1606) Pause Young (Normal) (G1 Evacuation Pause) 1783M->11M(2964M) 1.512ms
[497.176s][info][gc] GC(1607) Pause Young (Normal) (G1 Evacuation Pause) 1783M->11M(2964M) 1.700ms
[497.309s][info][gc] GC(1608) Pause Young (Normal) (G1 Evacuation Pause) 1783M->11M(2964M) 1.687ms
[497.442s][info][gc] GC(1609) Pause Young (Normal) (G1 Evacuation Pause) 1783M->11M(2964M) 1.534ms
[497.576s][info][gc] GC(1610) Pause Young (Normal) (G1 Evacuation Pause) 1783M->11M(2964M) 1.480ms
[497.709s][info][gc] GC(1611) Pause Young (Normal) (G1 Evacuation Pause) 1783M->11M(2964M) 1.484ms
[497.842s][info][gc] GC(1612) Pause Young (Normal) (G1 Evacuation Pause) 1783M->11M(2964M) 1.521ms
[497.976s][info][gc] GC(1613) Pause Young (Normal) (G1 Evacuation Pause) 1783M->11M(2964M) 1.423ms
[498.110s][info][gc] GC(1614) Pause Young (Normal) (G1 Evacuation Pause) 1783M->11M(2964M) 2.176ms
[498.243s][info][gc] GC(1615) Pause Young (Normal) (G1 Evacuation Pause) 1783M->11M(2964M) 1.567ms
[498.377s][info][gc] GC(1616) Pause Young (Normal) (G1 Evacuation Pause) 1783M->11M(2964M) 1.458ms
[498.510s][info][gc] GC(1617) Pause Young (Normal) (G1 Evacuation Pause) 1783M->11M(2964M) 1.649ms
[498.643s][info][gc] GC(1618) Pause Young (Normal) (G1 Evacuation Pause) 1783M->11M(2964M) 1.511ms
[498.776s][info][gc] GC(1619) Pause Young (Normal) (G1 Evacuation Pause) 1783M->11M(2964M) 1.570ms
[498.908s][info][gc] GC(1620) Pause Young (Normal) (G1 Evacuation Pause) 1783M->11M(2964M) 1.553ms
[499.041s][info][gc] GC(1621) Pause Young (Normal) (G1 Evacuation Pause) 1783M->11M(2964M) 1.527ms
[499.174s][info][gc] GC(1622) Pause Young (Normal) (G1 Evacuation Pause) 1783M->11M(2964M) 1.529ms
[499.308s][info][gc] GC(1623) Pause Young (Normal) (G1 Evacuation Pause) 1783M->11M(2964M) 1.584ms
[499.441s][info][gc] GC(1624) Pause Young (Normal) (G1 Evacuation Pause) 1783M->11M(2964M) 1.552ms
[499.574s][info][gc] GC(1625) Pause Young (Normal) (G1 Evacuation Pause) 1783M->11M(2964M) 1.614ms
[499.707s][info][gc] GC(1626) Pause Young (Normal) (G1 Evacuation Pause) 1783M->11M(2964M) 1.757ms
[499.840s][info][gc] GC(1627) Pause Young (Normal) (G1 Evacuation Pause) 1783M->11M(2964M) 1.594ms
[499.973s][info][gc] GC(1628) Pause Young (Normal) (G1 Evacuation Pause) 1783M->11M(2964M) 1.423ms
[500.105s][info][gc] GC(1629) Pause Young (Normal) (G1 Evacuation Pause) 1783M->11M(2964M) 1.485ms
[500.238s][info][gc] GC(1630) Pause Young (Normal) (G1 Evacuation Pause) 1783M->11M(2964M) 1.500ms
[500.372s][info][gc] GC(1631) Pause Young (Normal) (G1 Evacuation Pause) 1783M->11M(2964M) 1.345ms
[500.505s][info][gc] GC(1632) Pause Young (Normal) (G1 Evacuation Pause) 1783M->11M(2964M) 1.785ms
[500.638s][info][gc] GC(1633) Pause Young (Normal) (G1 Evacuation Pause) 1783M->11M(2964M) 1.478ms
[500.771s][info][gc] GC(1634) Pause Young (Normal) (G1 Evacuation Pause) 1783M->11M(2964M) 1.564ms
[500.904s][info][gc] GC(1635) Pause Young (Normal) (G1 Evacuation Pause) 1783M->11M(2964M) 1.559ms
[501.037s][info][gc] GC(1636) Pause Young (Normal) (G1 Evacuation Pause) 1783M->11M(2964M) 1.503ms
[501.170s][info][gc] GC(1637) Pause Young (Normal) (G1 Evacuation Pause) 1783M->11M(2964M) 1.493ms
[501.303s][info][gc] GC(1638) Pause Young (Normal) (G1 Evacuation Pause) 1783M->11M(2964M) 1.570ms
[501.436s][info][gc] GC(1639) Pause Young (Normal) (G1 Evacuation Pause) 1783M->11M(2964M) 1.462ms
[501.570s][info][gc] GC(1640) Pause Young (Normal) (G1 Evacuation Pause) 1783M->11M(2964M) 1.940ms
[501.703s][info][gc] GC(1641) Pause Young (Normal) (G1 Evacuation Pause) 1783M->11M(2964M) 1.682ms
[501.836s][info][gc] GC(1642) Pause Young (Normal) (G1 Evacuation Pause) 1783M->11M(2964M) 1.522ms
[501.970s][info][gc] GC(1643) Pause Young (Normal) (G1 Evacuation Pause) 1783M->11M(2964M) 1.509ms
[502.103s][info][gc] GC(1644) Pause Young (Normal) (G1 Evacuation Pause) 1783M->11M(2964M) 1.542ms
[502.237s][info][gc] GC(1645) Pause Young (Normal) (G1 Evacuation Pause) 1783M->11M(2964M) 1.634ms
[502.370s][info][gc] GC(1646) Pause Young (Normal) (G1 Evacuation Pause) 1783M->11M(2964M) 1.421ms
[502.504s][info][gc] GC(1647) Pause Young (Normal) (G1 Evacuation Pause) 1783M->11M(2964M) 1.653ms
[502.637s][info][gc] GC(1648) Pause Young (Normal) (G1 Evacuation Pause) 1783M->11M(2964M) 1.402ms
[502.771s][info][gc] GC(1649) Pause Young (Normal) (G1 Evacuation Pause) 1783M->11M(2964M) 1.729ms
[502.904s][info][gc] GC(1650) Pause Young (Normal) (G1 Evacuation Pause) 1783M->11M(2964M) 1.537ms
[503.037s][info][gc] GC(1651) Pause Young (Normal) (G1 Evacuation Pause) 1783M->11M(2964M) 1.503ms
[503.170s][info][gc] GC(1652) Pause Young (Normal) (G1 Evacuation Pause) 1783M->11M(2964M) 1.501ms
[503.303s][info][gc] GC(1653) Pause Young (Normal) (G1 Evacuation Pause) 1783M->11M(2964M) 1.412ms
[503.436s][info][gc] GC(1654) Pause Young (Normal) (G1 Evacuation Pause) 1783M->11M(2964M) 1.444ms
[503.569s][info][gc] GC(1655) Pause Young (Normal) (G1 Evacuation Pause) 1783M->11M(2964M) 1.623ms
[503.702s][info][gc] GC(1656) Pause Young (Normal) (G1 Evacuation Pause) 1783M->11M(2964M) 1.389ms
[503.835s][info][gc] GC(1657) Pause Young (Normal) (G1 Evacuation Pause) 1783M->11M(2964M) 1.584ms
[503.968s][info][gc] GC(1658) Pause Young (Normal) (G1 Evacuation Pause) 1783M->11M(2964M) 1.601ms
[504.100s][info][gc] GC(1659) Pause Young (Normal) (G1 Evacuation Pause) 1783M->11M(2964M) 1.674ms
[504.233s][info][gc] GC(1660) Pause Young (Normal) (G1 Evacuation Pause) 1783M->11M(2964M) 1.509ms
[504.366s][info][gc] GC(1661) Pause Young (Normal) (G1 Evacuation Pause) 1783M->11M(2964M) 1.824ms
[504.500s][info][gc] GC(1662) Pause Young (Normal) (G1 Evacuation Pause) 1783M->11M(2964M) 1.542ms
[504.633s][info][gc] GC(1663) Pause Young (Normal) (G1 Evacuation Pause) 1783M->11M(2964M) 1.538ms
[504.766s][info][gc] GC(1664) Pause Young (Normal) (G1 Evacuation Pause) 1783M->11M(2964M) 1.537ms
[504.900s][info][gc] GC(1665) Pause Young (Normal) (G1 Evacuation Pause) 1783M->11M(2964M) 1.505ms
[505.034s][info][gc] GC(1666) Pause Young (Normal) (G1 Evacuation Pause) 1783M->11M(2964M) 1.534ms
[505.166s][info][gc] GC(1667) Pause Young (Normal) (G1 Evacuation Pause) 1783M->11M(2964M) 1.609ms
[505.300s][info][gc] GC(1668) Pause Young (Normal) (G1 Evacuation Pause) 1783M->11M(2964M) 1.505ms
[505.432s][info][gc] GC(1669) Pause Young (Normal) (G1 Evacuation Pause) 1783M->11M(2964M) 1.411ms
[505.565s][info][gc] GC(1670) Pause Young (Normal) (G1 Evacuation Pause) 1783M->11M(2964M) 1.526ms
[505.698s][info][gc] GC(1671) Pause Young (Normal) (G1 Evacuation Pause) 1783M->10M(2964M) 1.481ms
[505.831s][info][gc] GC(1672) Pause Young (Normal) (G1 Evacuation Pause) 1782M->11M(2964M) 1.605ms
[505.965s][info][gc] GC(1673) Pause Young (Normal) (G1 Evacuation Pause) 1783M->11M(2964M) 1.719ms
[506.098s][info][gc] GC(1674) Pause Young (Normal) (G1 Evacuation Pause) 1783M->10M(2964M) 1.420ms
[506.231s][info][gc] GC(1675) Pause Young (Normal) (G1 Evacuation Pause) 1782M->11M(2964M) 1.534ms
[506.365s][info][gc] GC(1676) Pause Young (Normal) (G1 Evacuation Pause) 1783M->11M(2964M) 1.535ms
[506.498s][info][gc] GC(1677) Pause Young (Normal) (G1 Evacuation Pause) 1783M->11M(2964M) 1.667ms
[506.631s][info][gc] GC(1678) Pause Young (Normal) (G1 Evacuation Pause) 1783M->11M(2964M) 1.544ms
[506.764s][info][gc] GC(1679) Pause Young (Normal) (G1 Evacuation Pause) 1783M->11M(2964M) 1.788ms
[506.897s][info][gc] GC(1680) Pause Young (Normal) (G1 Evacuation Pause) 1783M->11M(2964M) 1.455ms
[507.030s][info][gc] GC(1681) Pause Young (Normal) (G1 Evacuation Pause) 1783M->11M(2964M) 1.507ms
[507.164s][info][gc] GC(1682) Pause Young (Normal) (G1 Evacuation Pause) 1783M->11M(2964M) 1.521ms
[507.297s][info][gc] GC(1683) Pause Young (Normal) (G1 Evacuation Pause) 1783M->11M(2964M) 1.448ms
[507.430s][info][gc] GC(1684) Pause Young (Normal) (G1 Evacuation Pause) 1783M->11M(2964M) 1.539ms
[507.562s][info][gc] GC(1685) Pause Young (Normal) (G1 Evacuation Pause) 1783M->11M(2964M) 1.487ms
[507.696s][info][gc] GC(1686) Pause Young (Normal) (G1 Evacuation Pause) 1783M->11M(2964M) 1.759ms
[507.829s][info][gc] GC(1687) Pause Young (Normal) (G1 Evacuation Pause) 1783M->11M(2964M) 1.596ms
[507.962s][info][gc] GC(1688) Pause Young (Normal) (G1 Evacuation Pause) 1783M->11M(2964M) 1.501ms
[508.096s][info][gc] GC(1689) Pause Young (Normal) (G1 Evacuation Pause) 1783M->11M(2964M) 1.454ms
[508.229s][info][gc] GC(1690) Pause Young (Normal) (G1 Evacuation Pause) 1783M->10M(2964M) 1.462ms
[508.362s][info][gc] GC(1691) Pause Young (Normal) (G1 Evacuation Pause) 1782M->11M(2964M) 1.543ms
[508.495s][info][gc] GC(1692) Pause Young (Normal) (G1 Evacuation Pause) 1783M->10M(2964M) 1.473ms
[508.628s][info][gc] GC(1693) Pause Young (Normal) (G1 Evacuation Pause) 1782M->11M(2964M) 1.629ms
[508.761s][info][gc] GC(1694) Pause Young (Normal) (G1 Evacuation Pause) 1783M->11M(2964M) 1.633ms
[508.894s][info][gc] GC(1695) Pause Young (Normal) (G1 Evacuation Pause) 1783M->11M(2964M) 1.616ms
[509.027s][info][gc] GC(1696) Pause Young (Normal) (G1 Evacuation Pause) 1783M->11M(2964M) 1.507ms
[509.160s][info][gc] GC(1697) Pause Young (Normal) (G1 Evacuation Pause) 1783M->10M(2964M) 1.401ms
[509.293s][info][gc] GC(1698) Pause Young (Normal) (G1 Evacuation Pause) 1782M->11M(2964M) 1.459ms
[509.426s][info][gc] GC(1699) Pause Young (Normal) (G1 Evacuation Pause) 1783M->11M(2964M) 1.922ms
[509.560s][info][gc] GC(1700) Pause Young (Normal) (G1 Evacuation Pause) 1783M->11M(2964M) 1.689ms
[509.692s][info][gc] GC(1701) Pause Young (Normal) (G1 Evacuation Pause) 1783M->11M(2964M) 1.636ms
[509.826s][info][gc] GC(1702) Pause Young (Normal) (G1 Evacuation Pause) 1783M->11M(2964M) 1.600ms
[509.959s][info][gc] GC(1703) Pause Young (Normal) (G1 Evacuation Pause) 1783M->11M(2964M) 1.534ms
[510.092s][info][gc] GC(1704) Pause Young (Normal) (G1 Evacuation Pause) 1783M->11M(2964M) 1.915ms
[510.225s][info][gc] GC(1705) Pause Young (Normal) (G1 Evacuation Pause) 1783M->11M(2964M) 1.414ms
[510.358s][info][gc] GC(1706) Pause Young (Normal) (G1 Evacuation Pause) 1783M->11M(2964M) 1.385ms
[510.492s][info][gc] GC(1707) Pause Young (Normal) (G1 Evacuation Pause) 1783M->11M(2964M) 1.742ms
[510.625s][info][gc] GC(1708) Pause Young (Normal) (G1 Evacuation Pause) 1783M->11M(2964M) 1.588ms
[510.758s][info][gc] GC(1709) Pause Young (Normal) (G1 Evacuation Pause) 1783M->11M(2964M) 1.573ms
[510.891s][info][gc] GC(1710) Pause Young (Normal) (G1 Evacuation Pause) 1783M->11M(2964M) 1.452ms
[511.025s][info][gc] GC(1711) Pause Young (Normal) (G1 Evacuation Pause) 1783M->11M(2964M) 1.510ms
[511.159s][info][gc] GC(1712) Pause Young (Normal) (G1 Evacuation Pause) 1783M->11M(2964M) 1.523ms
[511.292s][info][gc] GC(1713) Pause Young (Normal) (G1 Evacuation Pause) 1783M->11M(2964M) 1.455ms
[511.425s][info][gc] GC(1714) Pause Young (Normal) (G1 Evacuation Pause) 1783M->11M(2964M) 1.550ms
[511.558s][info][gc] GC(1715) Pause Young (Normal) (G1 Evacuation Pause) 1783M->11M(2964M) 1.558ms
[511.692s][info][gc] GC(1716) Pause Young (Normal) (G1 Evacuation Pause) 1783M->11M(2964M) 1.612ms
[511.826s][info][gc] GC(1717) Pause Young (Normal) (G1 Evacuation Pause) 1783M->11M(2964M) 1.754ms
[511.960s][info][gc] GC(1718) Pause Young (Normal) (G1 Evacuation Pause) 1783M->11M(2964M) 1.554ms
[512.093s][info][gc] GC(1719) Pause Young (Normal) (G1 Evacuation Pause) 1783M->11M(2964M) 1.516ms
[512.225s][info][gc] GC(1720) Pause Young (Normal) (G1 Evacuation Pause) 1783M->11M(2964M) 1.598ms
[512.358s][info][gc] GC(1721) Pause Young (Normal) (G1 Evacuation Pause) 1783M->11M(2964M) 1.405ms
[512.492s][info][gc] GC(1722) Pause Young (Normal) (G1 Evacuation Pause) 1783M->11M(2964M) 1.655ms
[512.625s][info][gc] GC(1723) Pause Young (Normal) (G1 Evacuation Pause) 1783M->11M(2964M) 1.579ms
[512.758s][info][gc] GC(1724) Pause Young (Normal) (G1 Evacuation Pause) 1783M->11M(2964M) 1.394ms
[512.891s][info][gc] GC(1725) Pause Young (Normal) (G1 Evacuation Pause) 1783M->11M(2964M) 1.282ms
[513.025s][info][gc] GC(1726) Pause Young (Normal) (G1 Evacuation Pause) 1783M->11M(2964M) 1.425ms
[513.157s][info][gc] GC(1727) Pause Young (Normal) (G1 Evacuation Pause) 1783M->10M(2964M) 1.192ms
[513.290s][info][gc] GC(1728) Pause Young (Normal) (G1 Evacuation Pause) 1782M->11M(2964M) 1.328ms
[513.423s][info][gc] GC(1729) Pause Young (Normal) (G1 Evacuation Pause) 1783M->11M(2964M) 1.288ms
[513.556s][info][gc] GC(1730) Pause Young (Normal) (G1 Evacuation Pause) 1783M->11M(2964M) 1.246ms
[513.688s][info][gc] GC(1731) Pause Young (Normal) (G1 Evacuation Pause) 1783M->11M(2964M) 1.494ms
[513.822s][info][gc] GC(1732) Pause Young (Normal) (G1 Evacuation Pause) 1783M->11M(2964M) 1.463ms
[513.955s][info][gc] GC(1733) Pause Young (Normal) (G1 Evacuation Pause) 1783M->11M(2964M) 1.310ms
[514.087s][info][gc] GC(1734) Pause Young (Normal) (G1 Evacuation Pause) 1783M->11M(2964M) 1.369ms
[514.220s][info][gc] GC(1735) Pause Young (Normal) (G1 Evacuation Pause) 1783M->11M(2964M) 1.335ms
[514.352s][info][gc] GC(1736) Pause Young (Normal) (G1 Evacuation Pause) 1783M->11M(2964M) 1.212ms
[514.485s][info][gc] GC(1737) Pause Young (Normal) (G1 Evacuation Pause) 1783M->11M(2964M) 1.206ms
[514.617s][info][gc] GC(1738) Pause Young (Normal) (G1 Evacuation Pause) 1783M->11M(2964M) 1.249ms
[514.751s][info][gc] GC(1739) Pause Young (Normal) (G1 Evacuation Pause) 1783M->11M(2964M) 1.304ms
[514.883s][info][gc] GC(1740) Pause Young (Normal) (G1 Evacuation Pause) 1783M->11M(2964M) 1.332ms
[515.016s][info][gc] GC(1741) Pause Young (Normal) (G1 Evacuation Pause) 1783M->11M(2964M) 1.323ms
[515.149s][info][gc] GC(1742) Pause Young (Normal) (G1 Evacuation Pause) 1783M->11M(2964M) 1.178ms
[515.281s][info][gc] GC(1743) Pause Young (Normal) (G1 Evacuation Pause) 1783M->11M(2964M) 1.265ms
[515.414s][info][gc] GC(1744) Pause Young (Normal) (G1 Evacuation Pause) 1783M->11M(2964M) 1.372ms
[515.547s][info][gc] GC(1745) Pause Young (Normal) (G1 Evacuation Pause) 1783M->11M(2964M) 1.359ms
[515.679s][info][gc] GC(1746) Pause Young (Normal) (G1 Evacuation Pause) 1783M->11M(2964M) 1.283ms
[515.812s][info][gc] GC(1747) Pause Young (Normal) (G1 Evacuation Pause) 1783M->11M(2964M) 1.316ms
[515.945s][info][gc] GC(1748) Pause Young (Normal) (G1 Evacuation Pause) 1783M->11M(2964M) 1.426ms
[516.078s][info][gc] GC(1749) Pause Young (Normal) (G1 Evacuation Pause) 1783M->11M(2964M) 1.243ms
[516.211s][info][gc] GC(1750) Pause Young (Normal) (G1 Evacuation Pause) 1783M->10M(2964M) 1.293ms
[516.343s][info][gc] GC(1751) Pause Young (Normal) (G1 Evacuation Pause) 1782M->11M(2964M) 1.492ms
[516.476s][info][gc] GC(1752) Pause Young (Normal) (G1 Evacuation Pause) 1783M->11M(2964M) 1.245ms
[516.609s][info][gc] GC(1753) Pause Young (Normal) (G1 Evacuation Pause) 1783M->11M(2964M) 1.719ms
[516.742s][info][gc] GC(1754) Pause Young (Normal) (G1 Evacuation Pause) 1783M->11M(2964M) 1.270ms
[516.875s][info][gc] GC(1755) Pause Young (Normal) (G1 Evacuation Pause) 1783M->11M(2964M) 1.424ms
[517.008s][info][gc] GC(1756) Pause Young (Normal) (G1 Evacuation Pause) 1783M->11M(2964M) 1.248ms
[517.141s][info][gc] GC(1757) Pause Young (Normal) (G1 Evacuation Pause) 1783M->11M(2964M) 1.445ms
[517.274s][info][gc] GC(1758) Pause Young (Normal) (G1 Evacuation Pause) 1783M->11M(2964M) 1.376ms
[517.407s][info][gc] GC(1759) Pause Young (Normal) (G1 Evacuation Pause) 1783M->11M(2964M) 1.429ms
[517.540s][info][gc] GC(1760) Pause Young (Normal) (G1 Evacuation Pause) 1783M->11M(2964M) 1.345ms
[517.672s][info][gc] GC(1761) Pause Young (Normal) (G1 Evacuation Pause) 1783M->11M(2964M) 1.332ms
[517.805s][info][gc] GC(1762) Pause Young (Normal) (G1 Evacuation Pause) 1783M->11M(2964M) 1.417ms
[517.938s][info][gc] GC(1763) Pause Young (Normal) (G1 Evacuation Pause) 1783M->11M(2964M) 1.388ms
[518.071s][info][gc] GC(1764) Pause Young (Normal) (G1 Evacuation Pause) 1783M->11M(2964M) 1.386ms
[518.204s][info][gc] GC(1765) Pause Young (Normal) (G1 Evacuation Pause) 1783M->11M(2964M) 1.573ms
[518.337s][info][gc] GC(1766) Pause Young (Normal) (G1 Evacuation Pause) 1783M->11M(2964M) 1.269ms
[518.470s][info][gc] GC(1767) Pause Young (Normal) (G1 Evacuation Pause) 1783M->11M(2964M) 1.336ms
[518.603s][info][gc] GC(1768) Pause Young (Normal) (G1 Evacuation Pause) 1783M->11M(2964M) 1.386ms
[518.736s][info][gc] GC(1769) Pause Young (Normal) (G1 Evacuation Pause) 1783M->10M(2964M) 1.332ms
[518.869s][info][gc] GC(1770) Pause Young (Normal) (G1 Evacuation Pause) 1782M->11M(2964M) 1.421ms
[519.001s][info][gc] GC(1771) Pause Young (Normal) (G1 Evacuation Pause) 1783M->11M(2964M) 1.297ms
[519.135s][info][gc] GC(1772) Pause Young (Normal) (G1 Evacuation Pause) 1783M->11M(2964M) 1.526ms
[519.268s][info][gc] GC(1773) Pause Young (Normal) (G1 Evacuation Pause) 1783M->11M(2964M) 1.726ms
benchmarkAvgTime : 5000
nbThread : 16
[520.391s][info][gc] GC(1774) Pause Young (Normal) (G1 Evacuation Pause) 1783M->13M(2964M) 1.587ms
[520.459s][info][gc] GC(1775) Pause Young (Normal) (G1 Evacuation Pause) 1785M->13M(2964M) 1.356ms
[520.532s][info][gc] GC(1776) Pause Young (Normal) (G1 Evacuation Pause) 1785M->13M(2964M) 1.339ms
[520.600s][info][gc] GC(1777) Pause Young (Normal) (G1 Evacuation Pause) 1785M->13M(2964M) 1.350ms
[520.669s][info][gc] GC(1778) Pause Young (Normal) (G1 Evacuation Pause) 1785M->13M(2964M) 1.418ms
[520.737s][info][gc] GC(1779) Pause Young (Normal) (G1 Evacuation Pause) 1785M->13M(2964M) 1.443ms
[520.809s][info][gc] GC(1780) Pause Young (Normal) (G1 Evacuation Pause) 1785M->13M(2964M) 1.430ms
[520.877s][info][gc] GC(1781) Pause Young (Normal) (G1 Evacuation Pause) 1785M->13M(2964M) 1.453ms
[520.950s][info][gc] GC(1782) Pause Young (Normal) (G1 Evacuation Pause) 1785M->13M(2964M) 1.530ms
[521.021s][info][gc] GC(1783) Pause Young (Normal) (G1 Evacuation Pause) 1785M->13M(2964M) 1.615ms
[521.094s][info][gc] GC(1784) Pause Young (Normal) (G1 Evacuation Pause) 1785M->13M(2964M) 1.408ms
[521.162s][info][gc] GC(1785) Pause Young (Normal) (G1 Evacuation Pause) 1785M->13M(2964M) 1.406ms
[521.230s][info][gc] GC(1786) Pause Young (Normal) (G1 Evacuation Pause) 1785M->13M(2964M) 1.377ms
[521.297s][info][gc] GC(1787) Pause Young (Normal) (G1 Evacuation Pause) 1785M->13M(2964M) 1.397ms
[521.370s][info][gc] GC(1788) Pause Young (Normal) (G1 Evacuation Pause) 1785M->13M(3560M) 2.854ms
[521.475s][info][gc] GC(1789) Pause Young (Normal) (G1 Evacuation Pause) 2145M->13M(3560M) 3.386ms
[521.567s][info][gc] GC(1790) Pause Young (Normal) (G1 Evacuation Pause) 2145M->13M(3560M) 1.672ms
[521.658s][info][gc] GC(1791) Pause Young (Normal) (G1 Evacuation Pause) 2145M->13M(3560M) 1.752ms
[521.751s][info][gc] GC(1792) Pause Young (Normal) (G1 Evacuation Pause) 2145M->13M(4272M) 4.076ms
[521.876s][info][gc] GC(1793) Pause Young (Normal) (G1 Evacuation Pause) 2569M->13M(4272M) 2.184ms
[521.985s][info][gc] GC(1794) Pause Young (Normal) (G1 Evacuation Pause) 2569M->13M(4272M) 1.504ms
[522.094s][info][gc] GC(1795) Pause Young (Normal) (G1 Evacuation Pause) 2569M->13M(4272M) 2.202ms
[522.203s][info][gc] GC(1796) Pause Young (Normal) (G1 Evacuation Pause) 2569M->13M(4272M) 1.505ms
[522.312s][info][gc] GC(1797) Pause Young (Normal) (G1 Evacuation Pause) 2569M->13M(4272M) 1.811ms
[522.421s][info][gc] GC(1798) Pause Young (Normal) (G1 Evacuation Pause) 2569M->13M(4272M) 1.725ms
[522.530s][info][gc] GC(1799) Pause Young (Normal) (G1 Evacuation Pause) 2569M->13M(4272M) 1.844ms
[522.638s][info][gc] GC(1800) Pause Young (Normal) (G1 Evacuation Pause) 2569M->13M(4272M) 1.750ms
[522.747s][info][gc] GC(1801) Pause Young (Normal) (G1 Evacuation Pause) 2569M->12M(4272M) 1.907ms
[522.856s][info][gc] GC(1802) Pause Young (Normal) (G1 Evacuation Pause) 2568M->13M(4272M) 1.873ms
[522.966s][info][gc] GC(1803) Pause Young (Normal) (G1 Evacuation Pause) 2569M->13M(4272M) 2.002ms
[523.075s][info][gc] GC(1804) Pause Young (Normal) (G1 Evacuation Pause) 2569M->13M(4272M) 1.614ms
[523.184s][info][gc] GC(1805) Pause Young (Normal) (G1 Evacuation Pause) 2569M->13M(4272M) 1.751ms
[523.293s][info][gc] GC(1806) Pause Young (Normal) (G1 Evacuation Pause) 2569M->13M(4272M) 1.694ms
[523.402s][info][gc] GC(1807) Pause Young (Normal) (G1 Evacuation Pause) 2569M->13M(4272M) 1.745ms
[523.511s][info][gc] GC(1808) Pause Young (Normal) (G1 Evacuation Pause) 2569M->13M(4272M) 1.544ms
[523.620s][info][gc] GC(1809) Pause Young (Normal) (G1 Evacuation Pause) 2569M->13M(4272M) 1.527ms
[523.729s][info][gc] GC(1810) Pause Young (Normal) (G1 Evacuation Pause) 2569M->13M(4272M) 1.772ms
[523.838s][info][gc] GC(1811) Pause Young (Normal) (G1 Evacuation Pause) 2569M->13M(4272M) 1.853ms
[523.947s][info][gc] GC(1812) Pause Young (Normal) (G1 Evacuation Pause) 2569M->13M(4272M) 1.663ms
[524.056s][info][gc] GC(1813) Pause Young (Normal) (G1 Evacuation Pause) 2569M->13M(4272M) 1.416ms
[524.165s][info][gc] GC(1814) Pause Young (Normal) (G1 Evacuation Pause) 2569M->13M(4272M) 1.815ms
[524.274s][info][gc] GC(1815) Pause Young (Normal) (G1 Evacuation Pause) 2569M->13M(4272M) 1.594ms
[524.383s][info][gc] GC(1816) Pause Young (Normal) (G1 Evacuation Pause) 2569M->13M(4272M) 1.539ms
[524.493s][info][gc] GC(1817) Pause Young (Normal) (G1 Evacuation Pause) 2569M->13M(4272M) 1.953ms
[524.602s][info][gc] GC(1818) Pause Young (Normal) (G1 Evacuation Pause) 2569M->13M(4272M) 1.822ms
[524.711s][info][gc] GC(1819) Pause Young (Normal) (G1 Evacuation Pause) 2569M->13M(4272M) 1.609ms
[524.820s][info][gc] GC(1820) Pause Young (Normal) (G1 Evacuation Pause) 2569M->13M(4272M) 1.658ms
[524.929s][info][gc] GC(1821) Pause Young (Normal) (G1 Evacuation Pause) 2569M->13M(4272M) 1.744ms
[525.038s][info][gc] GC(1822) Pause Young (Normal) (G1 Evacuation Pause) 2569M->13M(4272M) 1.589ms
[525.147s][info][gc] GC(1823) Pause Young (Normal) (G1 Evacuation Pause) 2569M->13M(4272M) 1.443ms
[525.255s][info][gc] GC(1824) Pause Young (Normal) (G1 Evacuation Pause) 2569M->12M(4272M) 1.494ms
[525.364s][info][gc] GC(1825) Pause Young (Normal) (G1 Evacuation Pause) 2568M->13M(4272M) 1.447ms
[525.472s][info][gc] GC(1826) Pause Young (Normal) (G1 Evacuation Pause) 2569M->13M(4272M) 1.493ms
[525.581s][info][gc] GC(1827) Pause Young (Normal) (G1 Evacuation Pause) 2569M->13M(4272M) 1.658ms
[525.690s][info][gc] GC(1828) Pause Young (Normal) (G1 Evacuation Pause) 2569M->13M(4272M) 1.495ms
[525.799s][info][gc] GC(1829) Pause Young (Normal) (G1 Evacuation Pause) 2569M->13M(4272M) 1.564ms
[525.908s][info][gc] GC(1830) Pause Young (Normal) (G1 Evacuation Pause) 2569M->13M(4272M) 1.684ms
[526.017s][info][gc] GC(1831) Pause Young (Normal) (G1 Evacuation Pause) 2569M->13M(4272M) 1.757ms
[526.127s][info][gc] GC(1832) Pause Young (Normal) (G1 Evacuation Pause) 2569M->13M(4272M) 1.823ms
[526.236s][info][gc] GC(1833) Pause Young (Normal) (G1 Evacuation Pause) 2569M->13M(4272M) 1.716ms
[526.344s][info][gc] GC(1834) Pause Young (Normal) (G1 Evacuation Pause) 2569M->13M(4272M) 1.787ms
[526.453s][info][gc] GC(1835) Pause Young (Normal) (G1 Evacuation Pause) 2569M->13M(4272M) 1.529ms
[526.562s][info][gc] GC(1836) Pause Young (Normal) (G1 Evacuation Pause) 2569M->13M(4272M) 1.651ms
[526.671s][info][gc] GC(1837) Pause Young (Normal) (G1 Evacuation Pause) 2569M->13M(4272M) 1.555ms
[526.780s][info][gc] GC(1838) Pause Young (Normal) (G1 Evacuation Pause) 2569M->13M(4272M) 1.653ms
[526.888s][info][gc] GC(1839) Pause Young (Normal) (G1 Evacuation Pause) 2569M->13M(4272M) 1.524ms
[526.997s][info][gc] GC(1840) Pause Young (Normal) (G1 Evacuation Pause) 2569M->13M(4272M) 1.463ms
[527.106s][info][gc] GC(1841) Pause Young (Normal) (G1 Evacuation Pause) 2569M->13M(4272M) 1.419ms
[527.214s][info][gc] GC(1842) Pause Young (Normal) (G1 Evacuation Pause) 2569M->12M(4272M) 1.497ms
[527.323s][info][gc] GC(1843) Pause Young (Normal) (G1 Evacuation Pause) 2568M->12M(4272M) 1.238ms
[527.432s][info][gc] GC(1844) Pause Young (Normal) (G1 Evacuation Pause) 2568M->13M(4272M) 1.700ms
[527.541s][info][gc] GC(1845) Pause Young (Normal) (G1 Evacuation Pause) 2569M->13M(4272M) 1.747ms
[527.650s][info][gc] GC(1846) Pause Young (Normal) (G1 Evacuation Pause) 2569M->13M(4272M) 1.560ms
[527.759s][info][gc] GC(1847) Pause Young (Normal) (G1 Evacuation Pause) 2569M->13M(4272M) 1.469ms
[527.867s][info][gc] GC(1848) Pause Young (Normal) (G1 Evacuation Pause) 2569M->13M(4272M) 1.583ms
[527.977s][info][gc] GC(1849) Pause Young (Normal) (G1 Evacuation Pause) 2569M->13M(4272M) 1.628ms
[528.086s][info][gc] GC(1850) Pause Young (Normal) (G1 Evacuation Pause) 2569M->13M(4272M) 1.495ms
[528.194s][info][gc] GC(1851) Pause Young (Normal) (G1 Evacuation Pause) 2569M->13M(4272M) 1.597ms
[528.303s][info][gc] GC(1852) Pause Young (Normal) (G1 Evacuation Pause) 2569M->13M(4272M) 1.492ms
[528.412s][info][gc] GC(1853) Pause Young (Normal) (G1 Evacuation Pause) 2569M->13M(4272M) 1.399ms
[528.521s][info][gc] GC(1854) Pause Young (Normal) (G1 Evacuation Pause) 2569M->13M(4272M) 1.514ms
[528.630s][info][gc] GC(1855) Pause Young (Normal) (G1 Evacuation Pause) 2569M->13M(4272M) 1.477ms
[528.738s][info][gc] GC(1856) Pause Young (Normal) (G1 Evacuation Pause) 2569M->13M(4272M) 1.561ms
[528.847s][info][gc] GC(1857) Pause Young (Normal) (G1 Evacuation Pause) 2569M->13M(4272M) 1.675ms
[528.956s][info][gc] GC(1858) Pause Young (Normal) (G1 Evacuation Pause) 2569M->13M(4272M) 1.547ms
[529.064s][info][gc] GC(1859) Pause Young (Normal) (G1 Evacuation Pause) 2569M->13M(4272M) 1.349ms
[529.173s][info][gc] GC(1860) Pause Young (Normal) (G1 Evacuation Pause) 2569M->13M(4272M) 1.419ms
[529.282s][info][gc] GC(1861) Pause Young (Normal) (G1 Evacuation Pause) 2569M->12M(4272M) 1.427ms
[529.391s][info][gc] GC(1862) Pause Young (Normal) (G1 Evacuation Pause) 2568M->13M(4272M) 1.364ms
[529.500s][info][gc] GC(1863) Pause Young (Normal) (G1 Evacuation Pause) 2569M->13M(4272M) 1.567ms
[529.609s][info][gc] GC(1864) Pause Young (Normal) (G1 Evacuation Pause) 2569M->13M(4272M) 1.726ms
[529.717s][info][gc] GC(1865) Pause Young (Normal) (G1 Evacuation Pause) 2569M->13M(4272M) 1.555ms
[529.825s][info][gc] GC(1866) Pause Young (Normal) (G1 Evacuation Pause) 2569M->13M(4272M) 1.745ms
[529.934s][info][gc] GC(1867) Pause Young (Normal) (G1 Evacuation Pause) 2569M->13M(4272M) 1.438ms
[530.043s][info][gc] GC(1868) Pause Young (Normal) (G1 Evacuation Pause) 2569M->13M(4272M) 1.656ms
[530.152s][info][gc] GC(1869) Pause Young (Normal) (G1 Evacuation Pause) 2569M->13M(4272M) 1.649ms
[530.261s][info][gc] GC(1870) Pause Young (Normal) (G1 Evacuation Pause) 2569M->13M(4272M) 1.577ms
[530.370s][info][gc] GC(1871) Pause Young (Normal) (G1 Evacuation Pause) 2569M->12M(4272M) 1.472ms
[530.479s][info][gc] GC(1872) Pause Young (Normal) (G1 Evacuation Pause) 2568M->13M(4272M) 1.672ms
[530.588s][info][gc] GC(1873) Pause Young (Normal) (G1 Evacuation Pause) 2569M->13M(4272M) 1.460ms
[530.697s][info][gc] GC(1874) Pause Young (Normal) (G1 Evacuation Pause) 2569M->13M(4272M) 1.461ms
[530.805s][info][gc] GC(1875) Pause Young (Normal) (G1 Evacuation Pause) 2569M->13M(4272M) 1.429ms
[530.914s][info][gc] GC(1876) Pause Young (Normal) (G1 Evacuation Pause) 2569M->13M(4272M) 1.679ms
[531.024s][info][gc] GC(1877) Pause Young (Normal) (G1 Evacuation Pause) 2569M->13M(4272M) 1.677ms
[531.133s][info][gc] GC(1878) Pause Young (Normal) (G1 Evacuation Pause) 2569M->13M(4272M) 1.574ms
[531.243s][info][gc] GC(1879) Pause Young (Normal) (G1 Evacuation Pause) 2569M->13M(4272M) 1.630ms
[531.352s][info][gc] GC(1880) Pause Young (Normal) (G1 Evacuation Pause) 2569M->13M(4272M) 1.403ms
[531.461s][info][gc] GC(1881) Pause Young (Normal) (G1 Evacuation Pause) 2569M->13M(4272M) 1.744ms
[531.570s][info][gc] GC(1882) Pause Young (Normal) (G1 Evacuation Pause) 2569M->13M(4272M) 1.415ms
[531.679s][info][gc] GC(1883) Pause Young (Normal) (G1 Evacuation Pause) 2569M->13M(4272M) 1.433ms
[531.788s][info][gc] GC(1884) Pause Young (Normal) (G1 Evacuation Pause) 2569M->13M(4272M) 1.569ms
[531.897s][info][gc] GC(1885) Pause Young (Normal) (G1 Evacuation Pause) 2569M->13M(4272M) 1.576ms
[532.006s][info][gc] GC(1886) Pause Young (Normal) (G1 Evacuation Pause) 2569M->13M(4272M) 1.624ms
[532.115s][info][gc] GC(1887) Pause Young (Normal) (G1 Evacuation Pause) 2569M->13M(4272M) 1.582ms
[532.224s][info][gc] GC(1888) Pause Young (Normal) (G1 Evacuation Pause) 2569M->13M(4272M) 1.531ms
[532.334s][info][gc] GC(1889) Pause Young (Normal) (G1 Evacuation Pause) 2569M->13M(4272M) 1.519ms
[532.442s][info][gc] GC(1890) Pause Young (Normal) (G1 Evacuation Pause) 2569M->13M(4272M) 1.373ms
[532.551s][info][gc] GC(1891) Pause Young (Normal) (G1 Evacuation Pause) 2569M->13M(4272M) 1.502ms
[532.660s][info][gc] GC(1892) Pause Young (Normal) (G1 Evacuation Pause) 2569M->13M(4272M) 1.566ms
[532.768s][info][gc] GC(1893) Pause Young (Normal) (G1 Evacuation Pause) 2569M->13M(4272M) 1.444ms
[532.877s][info][gc] GC(1894) Pause Young (Normal) (G1 Evacuation Pause) 2569M->13M(4272M) 1.548ms
[532.985s][info][gc] GC(1895) Pause Young (Normal) (G1 Evacuation Pause) 2569M->13M(4272M) 1.513ms
[533.095s][info][gc] GC(1896) Pause Young (Normal) (G1 Evacuation Pause) 2569M->13M(4272M) 1.742ms
[533.204s][info][gc] GC(1897) Pause Young (Normal) (G1 Evacuation Pause) 2569M->13M(4272M) 1.599ms
[533.312s][info][gc] GC(1898) Pause Young (Normal) (G1 Evacuation Pause) 2569M->13M(4272M) 1.470ms
[533.420s][info][gc] GC(1899) Pause Young (Normal) (G1 Evacuation Pause) 2569M->13M(4272M) 1.676ms
[533.529s][info][gc] GC(1900) Pause Young (Normal) (G1 Evacuation Pause) 2569M->13M(4272M) 1.406ms
[533.637s][info][gc] GC(1901) Pause Young (Normal) (G1 Evacuation Pause) 2569M->13M(4272M) 1.433ms
[533.746s][info][gc] GC(1902) Pause Young (Normal) (G1 Evacuation Pause) 2569M->13M(4272M) 1.621ms
[533.855s][info][gc] GC(1903) Pause Young (Normal) (G1 Evacuation Pause) 2569M->13M(4272M) 1.729ms
[533.964s][info][gc] GC(1904) Pause Young (Normal) (G1 Evacuation Pause) 2569M->13M(4272M) 1.539ms
[534.073s][info][gc] GC(1905) Pause Young (Normal) (G1 Evacuation Pause) 2569M->13M(4272M) 1.781ms
[534.183s][info][gc] GC(1906) Pause Young (Normal) (G1 Evacuation Pause) 2569M->13M(4272M) 1.568ms
[534.292s][info][gc] GC(1907) Pause Young (Normal) (G1 Evacuation Pause) 2569M->13M(4272M) 1.478ms
[534.401s][info][gc] GC(1908) Pause Young (Normal) (G1 Evacuation Pause) 2569M->13M(4272M) 1.482ms
[534.509s][info][gc] GC(1909) Pause Young (Normal) (G1 Evacuation Pause) 2569M->13M(4272M) 1.397ms
[534.618s][info][gc] GC(1910) Pause Young (Normal) (G1 Evacuation Pause) 2569M->13M(4272M) 1.586ms
[534.727s][info][gc] GC(1911) Pause Young (Normal) (G1 Evacuation Pause) 2569M->13M(4272M) 1.699ms
[534.836s][info][gc] GC(1912) Pause Young (Normal) (G1 Evacuation Pause) 2569M->13M(4272M) 1.407ms
[534.945s][info][gc] GC(1913) Pause Young (Normal) (G1 Evacuation Pause) 2569M->13M(4272M) 1.565ms
[535.053s][info][gc] GC(1914) Pause Young (Normal) (G1 Evacuation Pause) 2569M->13M(4272M) 1.587ms
[535.162s][info][gc] GC(1915) Pause Young (Normal) (G1 Evacuation Pause) 2569M->13M(4272M) 1.537ms
[535.271s][info][gc] GC(1916) Pause Young (Normal) (G1 Evacuation Pause) 2569M->13M(4272M) 1.518ms
[535.379s][info][gc] GC(1917) Pause Young (Normal) (G1 Evacuation Pause) 2569M->13M(4272M) 1.553ms
[535.488s][info][gc] GC(1918) Pause Young (Normal) (G1 Evacuation Pause) 2569M->13M(4272M) 1.559ms
[535.597s][info][gc] GC(1919) Pause Young (Normal) (G1 Evacuation Pause) 2569M->13M(4272M) 1.508ms
[535.705s][info][gc] GC(1920) Pause Young (Normal) (G1 Evacuation Pause) 2569M->12M(4272M) 1.320ms
[535.814s][info][gc] GC(1921) Pause Young (Normal) (G1 Evacuation Pause) 2568M->13M(4272M) 1.739ms
[535.924s][info][gc] GC(1922) Pause Young (Normal) (G1 Evacuation Pause) 2569M->13M(4272M) 1.508ms
[536.032s][info][gc] GC(1923) Pause Young (Normal) (G1 Evacuation Pause) 2569M->13M(4272M) 1.500ms
[536.142s][info][gc] GC(1924) Pause Young (Normal) (G1 Evacuation Pause) 2569M->13M(4272M) 1.671ms
[536.250s][info][gc] GC(1925) Pause Young (Normal) (G1 Evacuation Pause) 2569M->13M(4272M) 1.495ms
[536.359s][info][gc] GC(1926) Pause Young (Normal) (G1 Evacuation Pause) 2569M->13M(4272M) 1.661ms
[536.468s][info][gc] GC(1927) Pause Young (Normal) (G1 Evacuation Pause) 2569M->13M(4272M) 1.364ms
[536.577s][info][gc] GC(1928) Pause Young (Normal) (G1 Evacuation Pause) 2569M->13M(4272M) 1.481ms
[536.685s][info][gc] GC(1929) Pause Young (Normal) (G1 Evacuation Pause) 2569M->13M(4272M) 1.470ms
[536.794s][info][gc] GC(1930) Pause Young (Normal) (G1 Evacuation Pause) 2569M->13M(4272M) 1.508ms
[536.903s][info][gc] GC(1931) Pause Young (Normal) (G1 Evacuation Pause) 2569M->13M(4272M) 1.638ms
[537.012s][info][gc] GC(1932) Pause Young (Normal) (G1 Evacuation Pause) 2569M->13M(4272M) 1.554ms
[537.120s][info][gc] GC(1933) Pause Young (Normal) (G1 Evacuation Pause) 2569M->13M(4272M) 1.568ms
[537.229s][info][gc] GC(1934) Pause Young (Normal) (G1 Evacuation Pause) 2569M->13M(4272M) 1.502ms
[537.338s][info][gc] GC(1935) Pause Young (Normal) (G1 Evacuation Pause) 2569M->13M(4272M) 1.498ms
[537.447s][info][gc] GC(1936) Pause Young (Normal) (G1 Evacuation Pause) 2569M->13M(4272M) 1.366ms
[537.556s][info][gc] GC(1937) Pause Young (Normal) (G1 Evacuation Pause) 2569M->13M(4272M) 1.773ms
[537.664s][info][gc] GC(1938) Pause Young (Normal) (G1 Evacuation Pause) 2569M->13M(4272M) 1.380ms
[537.773s][info][gc] GC(1939) Pause Young (Normal) (G1 Evacuation Pause) 2569M->13M(4272M) 1.666ms
[537.882s][info][gc] GC(1940) Pause Young (Normal) (G1 Evacuation Pause) 2569M->13M(4272M) 1.543ms
[537.992s][info][gc] GC(1941) Pause Young (Normal) (G1 Evacuation Pause) 2569M->13M(4272M) 1.671ms
[538.102s][info][gc] GC(1942) Pause Young (Normal) (G1 Evacuation Pause) 2569M->13M(4272M) 1.774ms
[538.211s][info][gc] GC(1943) Pause Young (Normal) (G1 Evacuation Pause) 2569M->13M(4272M) 1.401ms
[538.319s][info][gc] GC(1944) Pause Young (Normal) (G1 Evacuation Pause) 2569M->13M(4272M) 1.555ms
[538.428s][info][gc] GC(1945) Pause Young (Normal) (G1 Evacuation Pause) 2569M->13M(4272M) 1.622ms
[538.537s][info][gc] GC(1946) Pause Young (Normal) (G1 Evacuation Pause) 2569M->13M(4272M) 1.534ms
[538.646s][info][gc] GC(1947) Pause Young (Normal) (G1 Evacuation Pause) 2569M->13M(4272M) 1.413ms
[538.756s][info][gc] GC(1948) Pause Young (Normal) (G1 Evacuation Pause) 2569M->13M(4272M) 1.555ms
[538.865s][info][gc] GC(1949) Pause Young (Normal) (G1 Evacuation Pause) 2569M->13M(4272M) 1.519ms
[538.974s][info][gc] GC(1950) Pause Young (Normal) (G1 Evacuation Pause) 2569M->13M(4272M) 1.586ms
[539.083s][info][gc] GC(1951) Pause Young (Normal) (G1 Evacuation Pause) 2569M->13M(4272M) 1.586ms
[539.192s][info][gc] GC(1952) Pause Young (Normal) (G1 Evacuation Pause) 2569M->13M(4272M) 1.590ms
[539.301s][info][gc] GC(1953) Pause Young (Normal) (G1 Evacuation Pause) 2569M->12M(4272M) 1.565ms
[539.410s][info][gc] GC(1954) Pause Young (Normal) (G1 Evacuation Pause) 2568M->13M(4272M) 1.771ms
[539.518s][info][gc] GC(1955) Pause Young (Normal) (G1 Evacuation Pause) 2569M->13M(4272M) 1.424ms
[539.627s][info][gc] GC(1956) Pause Young (Normal) (G1 Evacuation Pause) 2569M->13M(4272M) 1.568ms
[539.736s][info][gc] GC(1957) Pause Young (Normal) (G1 Evacuation Pause) 2569M->13M(4272M) 1.482ms
[539.845s][info][gc] GC(1958) Pause Young (Normal) (G1 Evacuation Pause) 2569M->13M(4272M) 1.416ms
[539.953s][info][gc] GC(1959) Pause Young (Normal) (G1 Evacuation Pause) 2569M->13M(4272M) 1.582ms
[540.062s][info][gc] GC(1960) Pause Young (Normal) (G1 Evacuation Pause) 2569M->13M(4272M) 1.792ms
[540.171s][info][gc] GC(1961) Pause Young (Normal) (G1 Evacuation Pause) 2569M->13M(4272M) 1.677ms
[540.280s][info][gc] GC(1962) Pause Young (Normal) (G1 Evacuation Pause) 2569M->13M(4272M) 1.593ms
[540.389s][info][gc] GC(1963) Pause Young (Normal) (G1 Evacuation Pause) 2569M->13M(4272M) 1.548ms
[540.497s][info][gc] GC(1964) Pause Young (Normal) (G1 Evacuation Pause) 2569M->13M(4272M) 1.528ms
[540.606s][info][gc] GC(1965) Pause Young (Normal) (G1 Evacuation Pause) 2569M->13M(4272M) 1.561ms
[540.715s][info][gc] GC(1966) Pause Young (Normal) (G1 Evacuation Pause) 2569M->13M(4272M) 1.578ms
[540.824s][info][gc] GC(1967) Pause Young (Normal) (G1 Evacuation Pause) 2569M->13M(4272M) 1.434ms
[540.933s][info][gc] GC(1968) Pause Young (Normal) (G1 Evacuation Pause) 2569M->13M(4272M) 1.844ms
[541.042s][info][gc] GC(1969) Pause Young (Normal) (G1 Evacuation Pause) 2569M->13M(4272M) 1.846ms
[541.151s][info][gc] GC(1970) Pause Young (Normal) (G1 Evacuation Pause) 2569M->13M(4272M) 1.455ms
[541.260s][info][gc] GC(1971) Pause Young (Normal) (G1 Evacuation Pause) 2569M->13M(4272M) 1.504ms
[541.369s][info][gc] GC(1972) Pause Young (Normal) (G1 Evacuation Pause) 2569M->13M(4272M) 1.688ms
[541.477s][info][gc] GC(1973) Pause Young (Normal) (G1 Evacuation Pause) 2569M->13M(4272M) 1.327ms
[541.586s][info][gc] GC(1974) Pause Young (Normal) (G1 Evacuation Pause) 2569M->13M(4272M) 1.496ms
[541.694s][info][gc] GC(1975) Pause Young (Normal) (G1 Evacuation Pause) 2569M->13M(4272M) 1.489ms
[541.802s][info][gc] GC(1976) Pause Young (Normal) (G1 Evacuation Pause) 2569M->13M(4272M) 1.307ms
[541.911s][info][gc] GC(1977) Pause Young (Normal) (G1 Evacuation Pause) 2569M->13M(4272M) 1.460ms
[542.020s][info][gc] GC(1978) Pause Young (Normal) (G1 Evacuation Pause) 2569M->13M(4272M) 1.456ms
[542.129s][info][gc] GC(1979) Pause Young (Normal) (G1 Evacuation Pause) 2569M->13M(4272M) 1.726ms
[542.238s][info][gc] GC(1980) Pause Young (Normal) (G1 Evacuation Pause) 2569M->13M(4272M) 1.636ms
[542.348s][info][gc] GC(1981) Pause Young (Normal) (G1 Evacuation Pause) 2569M->13M(4272M) 1.602ms
[542.456s][info][gc] GC(1982) Pause Young (Normal) (G1 Evacuation Pause) 2569M->13M(4272M) 1.502ms
[542.565s][info][gc] GC(1983) Pause Young (Normal) (G1 Evacuation Pause) 2569M->13M(4272M) 1.509ms
[542.673s][info][gc] GC(1984) Pause Young (Normal) (G1 Evacuation Pause) 2569M->13M(4272M) 1.404ms
[542.782s][info][gc] GC(1985) Pause Young (Normal) (G1 Evacuation Pause) 2569M->13M(4272M) 1.419ms
[542.891s][info][gc] GC(1986) Pause Young (Normal) (G1 Evacuation Pause) 2569M->13M(4272M) 1.635ms
[543.000s][info][gc] GC(1987) Pause Young (Normal) (G1 Evacuation Pause) 2569M->13M(4272M) 1.752ms
[543.109s][info][gc] GC(1988) Pause Young (Normal) (G1 Evacuation Pause) 2569M->13M(4272M) 1.636ms
[543.218s][info][gc] GC(1989) Pause Young (Normal) (G1 Evacuation Pause) 2569M->13M(4272M) 1.517ms
[543.327s][info][gc] GC(1990) Pause Young (Normal) (G1 Evacuation Pause) 2569M->13M(4272M) 1.569ms
[543.435s][info][gc] GC(1991) Pause Young (Normal) (G1 Evacuation Pause) 2569M->13M(4272M) 1.598ms
[543.544s][info][gc] GC(1992) Pause Young (Normal) (G1 Evacuation Pause) 2569M->13M(4272M) 1.492ms
[543.652s][info][gc] GC(1993) Pause Young (Normal) (G1 Evacuation Pause) 2569M->13M(4272M) 1.470ms
[543.761s][info][gc] GC(1994) Pause Young (Normal) (G1 Evacuation Pause) 2569M->13M(4272M) 1.553ms
[543.870s][info][gc] GC(1995) Pause Young (Normal) (G1 Evacuation Pause) 2569M->13M(4272M) 1.548ms
[543.978s][info][gc] GC(1996) Pause Young (Normal) (G1 Evacuation Pause) 2569M->13M(4272M) 1.399ms
[544.087s][info][gc] GC(1997) Pause Young (Normal) (G1 Evacuation Pause) 2569M->13M(4272M) 1.817ms
[544.196s][info][gc] GC(1998) Pause Young (Normal) (G1 Evacuation Pause) 2569M->13M(4272M) 1.435ms
[544.304s][info][gc] GC(1999) Pause Young (Normal) (G1 Evacuation Pause) 2569M->13M(4272M) 1.643ms
[544.413s][info][gc] GC(2000) Pause Young (Normal) (G1 Evacuation Pause) 2569M->13M(4272M) 1.711ms
[544.522s][info][gc] GC(2001) Pause Young (Normal) (G1 Evacuation Pause) 2569M->13M(4272M) 1.488ms
[544.630s][info][gc] GC(2002) Pause Young (Normal) (G1 Evacuation Pause) 2569M->13M(4272M) 1.630ms
[544.739s][info][gc] GC(2003) Pause Young (Normal) (G1 Evacuation Pause) 2569M->13M(4272M) 1.440ms
[544.847s][info][gc] GC(2004) Pause Young (Normal) (G1 Evacuation Pause) 2569M->13M(4272M) 1.632ms
[544.956s][info][gc] GC(2005) Pause Young (Normal) (G1 Evacuation Pause) 2569M->13M(4272M) 1.604ms
[545.064s][info][gc] GC(2006) Pause Young (Normal) (G1 Evacuation Pause) 2569M->13M(4272M) 1.526ms
[545.173s][info][gc] GC(2007) Pause Young (Normal) (G1 Evacuation Pause) 2569M->13M(4272M) 1.486ms
[545.281s][info][gc] GC(2008) Pause Young (Normal) (G1 Evacuation Pause) 2569M->13M(4272M) 1.422ms
[546.385s][info][gc] GC(2009) Pause Young (Normal) (G1 Evacuation Pause) 2569M->15M(4272M) 1.945ms
[546.488s][info][gc] GC(2010) Pause Young (Normal) (G1 Evacuation Pause) 2571M->15M(4272M) 2.169ms
[546.598s][info][gc] GC(2011) Pause Young (Normal) (G1 Evacuation Pause) 2571M->15M(4272M) 1.971ms
[546.700s][info][gc] GC(2012) Pause Young (Normal) (G1 Evacuation Pause) 2571M->15M(4272M) 1.944ms
[546.804s][info][gc] GC(2013) Pause Young (Normal) (G1 Evacuation Pause) 2571M->15M(4272M) 2.214ms
[546.903s][info][gc] GC(2014) Pause Young (Normal) (G1 Evacuation Pause) 2571M->15M(4272M) 1.913ms
[547.001s][info][gc] GC(2015) Pause Young (Normal) (G1 Evacuation Pause) 2571M->15M(4272M) 1.982ms
[547.099s][info][gc] GC(2016) Pause Young (Normal) (G1 Evacuation Pause) 2571M->15M(4272M) 2.038ms
[547.201s][info][gc] GC(2017) Pause Young (Normal) (G1 Evacuation Pause) 2571M->15M(4272M) 2.017ms
[547.298s][info][gc] GC(2018) Pause Young (Normal) (G1 Evacuation Pause) 2571M->15M(4272M) 2.057ms
[547.407s][info][gc] GC(2019) Pause Young (Normal) (G1 Evacuation Pause) 2571M->15M(4272M) 2.067ms
[547.513s][info][gc] GC(2020) Pause Young (Normal) (G1 Evacuation Pause) 2571M->15M(4272M) 1.914ms
[547.612s][info][gc] GC(2021) Pause Young (Normal) (G1 Evacuation Pause) 2567M->15M(4272M) 1.928ms
[547.710s][info][gc] GC(2022) Pause Young (Normal) (G1 Evacuation Pause) 2567M->15M(4272M) 2.061ms
[547.813s][info][gc] GC(2023) Pause Young (Normal) (G1 Evacuation Pause) 2571M->15M(4272M) 2.087ms
[547.913s][info][gc] GC(2024) Pause Young (Normal) (G1 Evacuation Pause) 2567M->15M(4272M) 3.881ms
[548.020s][info][gc] GC(2025) Pause Young (Normal) (G1 Evacuation Pause) 2571M->15M(4272M) 2.294ms
[548.128s][info][gc] GC(2026) Pause Young (Normal) (G1 Evacuation Pause) 2571M->15M(4272M) 2.950ms
[548.235s][info][gc] GC(2027) Pause Young (Normal) (G1 Evacuation Pause) 2571M->15M(4272M) 2.398ms
[548.346s][info][gc] GC(2028) Pause Young (Normal) (G1 Evacuation Pause) 2571M->14M(5128M) 6.044ms
[548.492s][info][gc] GC(2029) Pause Young (Normal) (G1 Evacuation Pause) 3086M->15M(5128M) 2.095ms
[548.620s][info][gc] GC(2030) Pause Young (Normal) (G1 Evacuation Pause) 3087M->15M(5128M) 2.463ms
[548.749s][info][gc] GC(2031) Pause Young (Normal) (G1 Evacuation Pause) 3087M->15M(5128M) 2.550ms
[548.877s][info][gc] GC(2032) Pause Young (Normal) (G1 Evacuation Pause) 3087M->15M(5128M) 2.344ms
[549.005s][info][gc] GC(2033) Pause Young (Normal) (G1 Evacuation Pause) 3087M->15M(5128M) 2.006ms
[549.133s][info][gc] GC(2034) Pause Young (Normal) (G1 Evacuation Pause) 3087M->15M(5128M) 2.186ms
[549.261s][info][gc] GC(2035) Pause Young (Normal) (G1 Evacuation Pause) 3087M->15M(5128M) 2.113ms
[549.390s][info][gc] GC(2036) Pause Young (Normal) (G1 Evacuation Pause) 3087M->15M(5128M) 2.119ms
[549.519s][info][gc] GC(2037) Pause Young (Normal) (G1 Evacuation Pause) 3087M->15M(5128M) 2.047ms
[549.647s][info][gc] GC(2038) Pause Young (Normal) (G1 Evacuation Pause) 3087M->14M(5128M) 1.763ms
[549.775s][info][gc] GC(2039) Pause Young (Normal) (G1 Evacuation Pause) 3086M->15M(5128M) 1.935ms
[549.903s][info][gc] GC(2040) Pause Young (Normal) (G1 Evacuation Pause) 3087M->15M(5128M) 2.139ms
[550.032s][info][gc] GC(2041) Pause Young (Normal) (G1 Evacuation Pause) 3087M->15M(5128M) 1.966ms
[550.161s][info][gc] GC(2042) Pause Young (Normal) (G1 Evacuation Pause) 3087M->15M(5128M) 2.219ms
[550.289s][info][gc] GC(2043) Pause Young (Normal) (G1 Evacuation Pause) 3087M->15M(5128M) 1.894ms
[550.417s][info][gc] GC(2044) Pause Young (Normal) (G1 Evacuation Pause) 3087M->15M(5128M) 1.997ms
[550.545s][info][gc] GC(2045) Pause Young (Normal) (G1 Evacuation Pause) 3087M->15M(5128M) 2.087ms
[550.674s][info][gc] GC(2046) Pause Young (Normal) (G1 Evacuation Pause) 3087M->15M(5128M) 1.862ms
[550.802s][info][gc] GC(2047) Pause Young (Normal) (G1 Evacuation Pause) 3087M->15M(5128M) 2.069ms
[550.930s][info][gc] GC(2048) Pause Young (Normal) (G1 Evacuation Pause) 3087M->15M(5128M) 1.926ms
[551.058s][info][gc] GC(2049) Pause Young (Normal) (G1 Evacuation Pause) 3087M->15M(5128M) 2.070ms
[551.186s][info][gc] GC(2050) Pause Young (Normal) (G1 Evacuation Pause) 3087M->15M(5128M) 1.987ms
[551.314s][info][gc] GC(2051) Pause Young (Normal) (G1 Evacuation Pause) 3087M->14M(5128M) 2.072ms
[551.442s][info][gc] GC(2052) Pause Young (Normal) (G1 Evacuation Pause) 3086M->14M(5128M) 2.099ms
[551.570s][info][gc] GC(2053) Pause Young (Normal) (G1 Evacuation Pause) 3086M->15M(5128M) 2.001ms
[551.698s][info][gc] GC(2054) Pause Young (Normal) (G1 Evacuation Pause) 3087M->15M(5128M) 2.072ms
[551.826s][info][gc] GC(2055) Pause Young (Normal) (G1 Evacuation Pause) 3087M->15M(5128M) 1.921ms
[551.955s][info][gc] GC(2056) Pause Young (Normal) (G1 Evacuation Pause) 3087M->15M(5128M) 2.447ms
[552.083s][info][gc] GC(2057) Pause Young (Normal) (G1 Evacuation Pause) 3087M->14M(5128M) 1.802ms
[552.211s][info][gc] GC(2058) Pause Young (Normal) (G1 Evacuation Pause) 3086M->15M(5128M) 1.785ms
[552.339s][info][gc] GC(2059) Pause Young (Normal) (G1 Evacuation Pause) 3087M->15M(5128M) 1.828ms
[552.467s][info][gc] GC(2060) Pause Young (Normal) (G1 Evacuation Pause) 3087M->15M(5128M) 1.901ms
[552.595s][info][gc] GC(2061) Pause Young (Normal) (G1 Evacuation Pause) 3087M->15M(5128M) 1.926ms
[552.722s][info][gc] GC(2062) Pause Young (Normal) (G1 Evacuation Pause) 3087M->15M(5128M) 2.008ms
[552.851s][info][gc] GC(2063) Pause Young (Normal) (G1 Evacuation Pause) 3087M->15M(5128M) 1.960ms
[552.979s][info][gc] GC(2064) Pause Young (Normal) (G1 Evacuation Pause) 3087M->14M(5128M) 1.825ms
[553.107s][info][gc] GC(2065) Pause Young (Normal) (G1 Evacuation Pause) 3086M->15M(5128M) 1.854ms
[553.235s][info][gc] GC(2066) Pause Young (Normal) (G1 Evacuation Pause) 3087M->15M(5128M) 2.204ms
[553.363s][info][gc] GC(2067) Pause Young (Normal) (G1 Evacuation Pause) 3087M->15M(5128M) 1.840ms
[553.491s][info][gc] GC(2068) Pause Young (Normal) (G1 Evacuation Pause) 3087M->15M(5128M) 1.753ms
[553.619s][info][gc] GC(2069) Pause Young (Normal) (G1 Evacuation Pause) 3087M->15M(5128M) 1.914ms
[553.746s][info][gc] GC(2070) Pause Young (Normal) (G1 Evacuation Pause) 3087M->15M(5128M) 1.969ms
[553.875s][info][gc] GC(2071) Pause Young (Normal) (G1 Evacuation Pause) 3087M->15M(5128M) 2.003ms
[554.004s][info][gc] GC(2072) Pause Young (Normal) (G1 Evacuation Pause) 3087M->15M(5128M) 2.034ms
[554.132s][info][gc] GC(2073) Pause Young (Normal) (G1 Evacuation Pause) 3087M->15M(5128M) 2.052ms
[554.259s][info][gc] GC(2074) Pause Young (Normal) (G1 Evacuation Pause) 3087M->15M(5128M) 1.835ms
[554.388s][info][gc] GC(2075) Pause Young (Normal) (G1 Evacuation Pause) 3087M->15M(5128M) 1.929ms
[554.516s][info][gc] GC(2076) Pause Young (Normal) (G1 Evacuation Pause) 3087M->15M(5128M) 2.234ms
[554.645s][info][gc] GC(2077) Pause Young (Normal) (G1 Evacuation Pause) 3087M->15M(5128M) 1.815ms
[554.773s][info][gc] GC(2078) Pause Young (Normal) (G1 Evacuation Pause) 3087M->15M(5128M) 2.180ms
[554.901s][info][gc] GC(2079) Pause Young (Normal) (G1 Evacuation Pause) 3087M->15M(5128M) 2.059ms
[555.029s][info][gc] GC(2080) Pause Young (Normal) (G1 Evacuation Pause) 3087M->15M(5128M) 1.949ms
[555.157s][info][gc] GC(2081) Pause Young (Normal) (G1 Evacuation Pause) 3087M->15M(5128M) 1.946ms
[555.285s][info][gc] GC(2082) Pause Young (Normal) (G1 Evacuation Pause) 3087M->15M(5128M) 1.996ms
[555.414s][info][gc] GC(2083) Pause Young (Normal) (G1 Evacuation Pause) 3087M->15M(5128M) 2.080ms
[555.542s][info][gc] GC(2084) Pause Young (Normal) (G1 Evacuation Pause) 3087M->15M(5128M) 1.938ms
[555.670s][info][gc] GC(2085) Pause Young (Normal) (G1 Evacuation Pause) 3087M->15M(5128M) 1.953ms
[555.798s][info][gc] GC(2086) Pause Young (Normal) (G1 Evacuation Pause) 3087M->15M(5128M) 1.932ms
[555.926s][info][gc] GC(2087) Pause Young (Normal) (G1 Evacuation Pause) 3087M->15M(5128M) 1.886ms
[556.054s][info][gc] GC(2088) Pause Young (Normal) (G1 Evacuation Pause) 3087M->15M(5128M) 1.918ms
[556.181s][info][gc] GC(2089) Pause Young (Normal) (G1 Evacuation Pause) 3087M->15M(5128M) 1.951ms
[556.309s][info][gc] GC(2090) Pause Young (Normal) (G1 Evacuation Pause) 3087M->15M(5128M) 1.882ms
[556.437s][info][gc] GC(2091) Pause Young (Normal) (G1 Evacuation Pause) 3087M->14M(5128M) 1.844ms
[556.566s][info][gc] GC(2092) Pause Young (Normal) (G1 Evacuation Pause) 3086M->15M(5128M) 1.817ms
[556.694s][info][gc] GC(2093) Pause Young (Normal) (G1 Evacuation Pause) 3087M->14M(5128M) 1.839ms
[556.821s][info][gc] GC(2094) Pause Young (Normal) (G1 Evacuation Pause) 3086M->15M(5128M) 1.766ms
[556.950s][info][gc] GC(2095) Pause Young (Normal) (G1 Evacuation Pause) 3087M->14M(5128M) 1.883ms
[557.078s][info][gc] GC(2096) Pause Young (Normal) (G1 Evacuation Pause) 3086M->15M(5128M) 1.970ms
[557.207s][info][gc] GC(2097) Pause Young (Normal) (G1 Evacuation Pause) 3087M->15M(5128M) 1.876ms
[557.335s][info][gc] GC(2098) Pause Young (Normal) (G1 Evacuation Pause) 3087M->15M(5128M) 1.971ms
[557.463s][info][gc] GC(2099) Pause Young (Normal) (G1 Evacuation Pause) 3087M->15M(5128M) 1.854ms
[557.591s][info][gc] GC(2100) Pause Young (Normal) (G1 Evacuation Pause) 3087M->15M(5128M) 1.937ms
[557.719s][info][gc] GC(2101) Pause Young (Normal) (G1 Evacuation Pause) 3087M->15M(5128M) 1.871ms
[557.847s][info][gc] GC(2102) Pause Young (Normal) (G1 Evacuation Pause) 3087M->15M(5128M) 1.788ms
[557.975s][info][gc] GC(2103) Pause Young (Normal) (G1 Evacuation Pause) 3087M->15M(5128M) 1.866ms
[558.103s][info][gc] GC(2104) Pause Young (Normal) (G1 Evacuation Pause) 3087M->15M(5128M) 1.956ms
[558.231s][info][gc] GC(2105) Pause Young (Normal) (G1 Evacuation Pause) 3087M->14M(5128M) 2.013ms
[558.359s][info][gc] GC(2106) Pause Young (Normal) (G1 Evacuation Pause) 3086M->15M(5128M) 1.991ms
[558.488s][info][gc] GC(2107) Pause Young (Normal) (G1 Evacuation Pause) 3087M->15M(5128M) 1.811ms
[558.615s][info][gc] GC(2108) Pause Young (Normal) (G1 Evacuation Pause) 3087M->15M(5128M) 1.967ms
[558.743s][info][gc] GC(2109) Pause Young (Normal) (G1 Evacuation Pause) 3087M->15M(5128M) 1.843ms
[558.871s][info][gc] GC(2110) Pause Young (Normal) (G1 Evacuation Pause) 3087M->14M(5128M) 1.855ms
[558.999s][info][gc] GC(2111) Pause Young (Normal) (G1 Evacuation Pause) 3086M->15M(5128M) 2.269ms
[559.127s][info][gc] GC(2112) Pause Young (Normal) (G1 Evacuation Pause) 3087M->15M(5128M) 1.883ms
[559.255s][info][gc] GC(2113) Pause Young (Normal) (G1 Evacuation Pause) 3087M->14M(5128M) 2.021ms
[559.383s][info][gc] GC(2114) Pause Young (Normal) (G1 Evacuation Pause) 3086M->14M(5128M) 1.952ms
[559.511s][info][gc] GC(2115) Pause Young (Normal) (G1 Evacuation Pause) 3086M->15M(5128M) 1.917ms
[559.639s][info][gc] GC(2116) Pause Young (Normal) (G1 Evacuation Pause) 3087M->15M(5128M) 2.170ms
[559.767s][info][gc] GC(2117) Pause Young (Normal) (G1 Evacuation Pause) 3087M->15M(5128M) 1.889ms
[559.895s][info][gc] GC(2118) Pause Young (Normal) (G1 Evacuation Pause) 3087M->15M(5128M) 1.860ms
[560.022s][info][gc] GC(2119) Pause Young (Normal) (G1 Evacuation Pause) 3087M->15M(5128M) 1.926ms
[560.150s][info][gc] GC(2120) Pause Young (Normal) (G1 Evacuation Pause) 3087M->15M(5128M) 1.910ms
[560.279s][info][gc] GC(2121) Pause Young (Normal) (G1 Evacuation Pause) 3087M->15M(5128M) 2.154ms
[560.407s][info][gc] GC(2122) Pause Young (Normal) (G1 Evacuation Pause) 3087M->15M(5128M) 2.036ms
[560.535s][info][gc] GC(2123) Pause Young (Normal) (G1 Evacuation Pause) 3087M->15M(5128M) 1.818ms
[560.664s][info][gc] GC(2124) Pause Young (Normal) (G1 Evacuation Pause) 3087M->15M(5128M) 2.004ms
[560.792s][info][gc] GC(2125) Pause Young (Normal) (G1 Evacuation Pause) 3087M->15M(5128M) 1.977ms
[560.920s][info][gc] GC(2126) Pause Young (Normal) (G1 Evacuation Pause) 3087M->15M(5128M) 1.959ms
[561.048s][info][gc] GC(2127) Pause Young (Normal) (G1 Evacuation Pause) 3087M->14M(5128M) 1.996ms
[561.176s][info][gc] GC(2128) Pause Young (Normal) (G1 Evacuation Pause) 3086M->15M(5128M) 1.883ms
[561.303s][info][gc] GC(2129) Pause Young (Normal) (G1 Evacuation Pause) 3087M->15M(5128M) 2.054ms
[561.431s][info][gc] GC(2130) Pause Young (Normal) (G1 Evacuation Pause) 3087M->15M(5128M) 1.998ms
[561.559s][info][gc] GC(2131) Pause Young (Normal) (G1 Evacuation Pause) 3087M->15M(5128M) 1.978ms
[561.688s][info][gc] GC(2132) Pause Young (Normal) (G1 Evacuation Pause) 3087M->15M(5128M) 1.935ms
[561.816s][info][gc] GC(2133) Pause Young (Normal) (G1 Evacuation Pause) 3087M->15M(5128M) 1.912ms
[561.943s][info][gc] GC(2134) Pause Young (Normal) (G1 Evacuation Pause) 3087M->14M(5128M) 1.896ms
[562.071s][info][gc] GC(2135) Pause Young (Normal) (G1 Evacuation Pause) 3086M->14M(5128M) 1.860ms
[562.200s][info][gc] GC(2136) Pause Young (Normal) (G1 Evacuation Pause) 3086M->15M(5128M) 1.887ms
[562.328s][info][gc] GC(2137) Pause Young (Normal) (G1 Evacuation Pause) 3087M->15M(5128M) 1.834ms
[562.455s][info][gc] GC(2138) Pause Young (Normal) (G1 Evacuation Pause) 3087M->14M(5128M) 1.819ms
[562.584s][info][gc] GC(2139) Pause Young (Normal) (G1 Evacuation Pause) 3086M->15M(5128M) 2.192ms
[562.712s][info][gc] GC(2140) Pause Young (Normal) (G1 Evacuation Pause) 3087M->15M(5128M) 1.916ms
[562.840s][info][gc] GC(2141) Pause Young (Normal) (G1 Evacuation Pause) 3087M->15M(5128M) 2.000ms
[562.968s][info][gc] GC(2142) Pause Young (Normal) (G1 Evacuation Pause) 3087M->15M(5128M) 1.873ms
[563.095s][info][gc] GC(2143) Pause Young (Normal) (G1 Evacuation Pause) 3087M->15M(5128M) 1.896ms
[563.223s][info][gc] GC(2144) Pause Young (Normal) (G1 Evacuation Pause) 3087M->15M(5128M) 1.927ms
[563.351s][info][gc] GC(2145) Pause Young (Normal) (G1 Evacuation Pause) 3087M->15M(5128M) 1.898ms
[563.479s][info][gc] GC(2146) Pause Young (Normal) (G1 Evacuation Pause) 3087M->15M(5128M) 1.900ms
[563.607s][info][gc] GC(2147) Pause Young (Normal) (G1 Evacuation Pause) 3087M->15M(5128M) 1.941ms
[563.735s][info][gc] GC(2148) Pause Young (Normal) (G1 Evacuation Pause) 3087M->15M(5128M) 1.969ms
[563.864s][info][gc] GC(2149) Pause Young (Normal) (G1 Evacuation Pause) 3087M->15M(5128M) 2.035ms
[563.992s][info][gc] GC(2150) Pause Young (Normal) (G1 Evacuation Pause) 3087M->15M(5128M) 2.270ms
[564.121s][info][gc] GC(2151) Pause Young (Normal) (G1 Evacuation Pause) 3087M->15M(5128M) 1.936ms
[564.249s][info][gc] GC(2152) Pause Young (Normal) (G1 Evacuation Pause) 3087M->14M(5128M) 1.785ms
[564.377s][info][gc] GC(2153) Pause Young (Normal) (G1 Evacuation Pause) 3086M->15M(5128M) 2.064ms
[564.505s][info][gc] GC(2154) Pause Young (Normal) (G1 Evacuation Pause) 3087M->15M(5128M) 1.930ms
[564.634s][info][gc] GC(2155) Pause Young (Normal) (G1 Evacuation Pause) 3087M->14M(5128M) 1.852ms
[564.762s][info][gc] GC(2156) Pause Young (Normal) (G1 Evacuation Pause) 3086M->15M(5128M) 2.003ms
[564.890s][info][gc] GC(2157) Pause Young (Normal) (G1 Evacuation Pause) 3087M->15M(5128M) 1.793ms
[565.018s][info][gc] GC(2158) Pause Young (Normal) (G1 Evacuation Pause) 3087M->15M(5128M) 1.922ms
[565.147s][info][gc] GC(2159) Pause Young (Normal) (G1 Evacuation Pause) 3087M->15M(5128M) 2.029ms
[565.275s][info][gc] GC(2160) Pause Young (Normal) (G1 Evacuation Pause) 3087M->15M(5128M) 1.923ms
[565.403s][info][gc] GC(2161) Pause Young (Normal) (G1 Evacuation Pause) 3087M->14M(5128M) 1.829ms
[565.532s][info][gc] GC(2162) Pause Young (Normal) (G1 Evacuation Pause) 3086M->15M(5128M) 1.894ms
[565.660s][info][gc] GC(2163) Pause Young (Normal) (G1 Evacuation Pause) 3087M->15M(5128M) 1.986ms
[565.788s][info][gc] GC(2164) Pause Young (Normal) (G1 Evacuation Pause) 3087M->15M(5128M) 2.080ms
[565.916s][info][gc] GC(2165) Pause Young (Normal) (G1 Evacuation Pause) 3087M->15M(5128M) 1.905ms
[566.044s][info][gc] GC(2166) Pause Young (Normal) (G1 Evacuation Pause) 3087M->15M(5128M) 1.767ms
[566.172s][info][gc] GC(2167) Pause Young (Normal) (G1 Evacuation Pause) 3087M->15M(5128M) 2.106ms
[566.300s][info][gc] GC(2168) Pause Young (Normal) (G1 Evacuation Pause) 3087M->14M(5128M) 1.866ms
[566.428s][info][gc] GC(2169) Pause Young (Normal) (G1 Evacuation Pause) 3086M->15M(5128M) 1.865ms
[566.556s][info][gc] GC(2170) Pause Young (Normal) (G1 Evacuation Pause) 3087M->15M(5128M) 1.959ms
[566.684s][info][gc] GC(2171) Pause Young (Normal) (G1 Evacuation Pause) 3087M->15M(5128M) 1.911ms
[566.812s][info][gc] GC(2172) Pause Young (Normal) (G1 Evacuation Pause) 3087M->14M(5128M) 1.748ms
[566.940s][info][gc] GC(2173) Pause Young (Normal) (G1 Evacuation Pause) 3086M->15M(5128M) 1.703ms
[567.068s][info][gc] GC(2174) Pause Young (Normal) (G1 Evacuation Pause) 3087M->15M(5128M) 2.041ms
[567.196s][info][gc] GC(2175) Pause Young (Normal) (G1 Evacuation Pause) 3087M->15M(5128M) 1.972ms
[567.324s][info][gc] GC(2176) Pause Young (Normal) (G1 Evacuation Pause) 3087M->15M(5128M) 1.911ms
[567.452s][info][gc] GC(2177) Pause Young (Normal) (G1 Evacuation Pause) 3087M->15M(5128M) 1.925ms
[567.580s][info][gc] GC(2178) Pause Young (Normal) (G1 Evacuation Pause) 3087M->15M(5128M) 1.881ms
[567.708s][info][gc] GC(2179) Pause Young (Normal) (G1 Evacuation Pause) 3087M->15M(5128M) 1.801ms
[567.835s][info][gc] GC(2180) Pause Young (Normal) (G1 Evacuation Pause) 3087M->15M(5128M) 1.986ms
[567.963s][info][gc] GC(2181) Pause Young (Normal) (G1 Evacuation Pause) 3087M->14M(5128M) 1.915ms
[568.091s][info][gc] GC(2182) Pause Young (Normal) (G1 Evacuation Pause) 3086M->15M(5128M) 1.948ms
[568.219s][info][gc] GC(2183) Pause Young (Normal) (G1 Evacuation Pause) 3087M->15M(5128M) 1.901ms
[568.347s][info][gc] GC(2184) Pause Young (Normal) (G1 Evacuation Pause) 3087M->14M(5128M) 1.969ms
[568.475s][info][gc] GC(2185) Pause Young (Normal) (G1 Evacuation Pause) 3086M->15M(5128M) 1.967ms
[568.603s][info][gc] GC(2186) Pause Young (Normal) (G1 Evacuation Pause) 3087M->15M(5128M) 1.943ms
[568.731s][info][gc] GC(2187) Pause Young (Normal) (G1 Evacuation Pause) 3087M->15M(5128M) 2.126ms
[568.859s][info][gc] GC(2188) Pause Young (Normal) (G1 Evacuation Pause) 3087M->15M(5128M) 2.002ms
[568.987s][info][gc] GC(2189) Pause Young (Normal) (G1 Evacuation Pause) 3087M->15M(5128M) 2.069ms
[569.115s][info][gc] GC(2190) Pause Young (Normal) (G1 Evacuation Pause) 3087M->15M(5128M) 1.879ms
[569.243s][info][gc] GC(2191) Pause Young (Normal) (G1 Evacuation Pause) 3087M->15M(5128M) 2.228ms
[569.371s][info][gc] GC(2192) Pause Young (Normal) (G1 Evacuation Pause) 3087M->14M(5128M) 1.936ms
[569.499s][info][gc] GC(2193) Pause Young (Normal) (G1 Evacuation Pause) 3086M->15M(5128M) 1.998ms
[569.627s][info][gc] GC(2194) Pause Young (Normal) (G1 Evacuation Pause) 3087M->14M(5128M) 1.921ms
[569.754s][info][gc] GC(2195) Pause Young (Normal) (G1 Evacuation Pause) 3086M->15M(5128M) 2.018ms
[569.883s][info][gc] GC(2196) Pause Young (Normal) (G1 Evacuation Pause) 3087M->15M(5128M) 2.133ms
[570.010s][info][gc] GC(2197) Pause Young (Normal) (G1 Evacuation Pause) 3087M->15M(5128M) 1.933ms
[570.138s][info][gc] GC(2198) Pause Young (Normal) (G1 Evacuation Pause) 3087M->15M(5128M) 1.895ms
[570.267s][info][gc] GC(2199) Pause Young (Normal) (G1 Evacuation Pause) 3087M->15M(5128M) 2.212ms
[570.395s][info][gc] GC(2200) Pause Young (Normal) (G1 Evacuation Pause) 3087M->15M(5128M) 2.174ms
[570.523s][info][gc] GC(2201) Pause Young (Normal) (G1 Evacuation Pause) 3087M->15M(5128M) 1.821ms
[570.651s][info][gc] GC(2202) Pause Young (Normal) (G1 Evacuation Pause) 3087M->15M(5128M) 2.182ms
[570.779s][info][gc] GC(2203) Pause Young (Normal) (G1 Evacuation Pause) 3087M->14M(5128M) 1.809ms
[570.907s][info][gc] GC(2204) Pause Young (Normal) (G1 Evacuation Pause) 3086M->15M(5128M) 1.910ms
[571.035s][info][gc] GC(2205) Pause Young (Normal) (G1 Evacuation Pause) 3087M->15M(5128M) 1.961ms
[571.163s][info][gc] GC(2206) Pause Young (Normal) (G1 Evacuation Pause) 3087M->15M(5128M) 1.753ms
[572.298s][info][gc] GC(2207) Pause Young (Normal) (G1 Evacuation Pause) 3087M->17M(5128M) 4.279ms
[572.420s][info][gc] GC(2208) Pause Young (Normal) (G1 Evacuation Pause) 3089M->17M(5128M) 2.178ms
[572.539s][info][gc] GC(2209) Pause Young (Normal) (G1 Evacuation Pause) 3089M->16M(5128M) 2.148ms
[572.664s][info][gc] GC(2210) Pause Young (Normal) (G1 Evacuation Pause) 3088M->16M(5128M) 2.288ms
[572.794s][info][gc] GC(2211) Pause Young (Normal) (G1 Evacuation Pause) 3088M->17M(5128M) 2.325ms
[572.913s][info][gc] GC(2212) Pause Young (Normal) (G1 Evacuation Pause) 3089M->16M(5128M) 2.224ms
[573.031s][info][gc] GC(2213) Pause Young (Normal) (G1 Evacuation Pause) 3088M->16M(5128M) 2.184ms
[573.150s][info][gc] GC(2214) Pause Young (Normal) (G1 Evacuation Pause) 3088M->17M(5128M) 2.181ms
[573.274s][info][gc] GC(2215) Pause Young (Normal) (G1 Evacuation Pause) 3089M->16M(5128M) 2.250ms
[573.393s][info][gc] GC(2216) Pause Young (Normal) (G1 Evacuation Pause) 3088M->17M(5128M) 2.176ms
[573.512s][info][gc] GC(2217) Pause Young (Normal) (G1 Evacuation Pause) 3089M->16M(5128M) 2.139ms
[573.645s][info][gc] GC(2218) Pause Young (Normal) (G1 Evacuation Pause) 3088M->16M(5128M) 2.046ms
[573.763s][info][gc] GC(2219) Pause Young (Normal) (G1 Evacuation Pause) 3088M->16M(5128M) 2.134ms
[573.883s][info][gc] GC(2220) Pause Young (Normal) (G1 Evacuation Pause) 3088M->17M(5128M) 2.407ms
[574.001s][info][gc] GC(2221) Pause Young (Normal) (G1 Evacuation Pause) 3089M->17M(5128M) 2.229ms
[574.121s][info][gc] GC(2222) Pause Young (Normal) (G1 Evacuation Pause) 3089M->17M(5128M) 3.934ms
[574.241s][info][gc] GC(2223) Pause Young (Normal) (G1 Evacuation Pause) 3089M->16M(5128M) 2.405ms
[574.360s][info][gc] GC(2224) Pause Young (Normal) (G1 Evacuation Pause) 3088M->16M(5128M) 2.345ms
[574.478s][info][gc] GC(2225) Pause Young (Normal) (G1 Evacuation Pause) 3088M->16M(5128M) 2.631ms
[574.597s][info][gc] GC(2226) Pause Young (Normal) (G1 Evacuation Pause) 3088M->16M(5128M) 2.430ms
[574.716s][info][gc] GC(2227) Pause Young (Normal) (G1 Evacuation Pause) 3088M->16M(5128M) 1.867ms
[574.834s][info][gc] GC(2228) Pause Young (Normal) (G1 Evacuation Pause) 3088M->17M(5128M) 2.138ms
[574.954s][info][gc] GC(2229) Pause Young (Normal) (G1 Evacuation Pause) 3089M->17M(5128M) 2.316ms
[575.073s][info][gc] GC(2230) Pause Young (Normal) (G1 Evacuation Pause) 3089M->17M(5128M) 2.250ms
[575.191s][info][gc] GC(2231) Pause Young (Normal) (G1 Evacuation Pause) 3089M->17M(5128M) 1.887ms
[575.310s][info][gc] GC(2232) Pause Young (Normal) (G1 Evacuation Pause) 3089M->17M(5128M) 1.980ms
[575.429s][info][gc] GC(2233) Pause Young (Normal) (G1 Evacuation Pause) 3089M->16M(5128M) 2.012ms
[575.548s][info][gc] GC(2234) Pause Young (Normal) (G1 Evacuation Pause) 3088M->16M(5128M) 2.045ms
[575.666s][info][gc] GC(2235) Pause Young (Normal) (G1 Evacuation Pause) 3088M->16M(5128M) 1.913ms
[575.784s][info][gc] GC(2236) Pause Young (Normal) (G1 Evacuation Pause) 3088M->17M(5128M) 2.239ms
[575.903s][info][gc] GC(2237) Pause Young (Normal) (G1 Evacuation Pause) 3089M->16M(5128M) 1.812ms
[576.022s][info][gc] GC(2238) Pause Young (Normal) (G1 Evacuation Pause) 3088M->16M(5128M) 1.913ms
[576.141s][info][gc] GC(2239) Pause Young (Normal) (G1 Evacuation Pause) 3088M->16M(5128M) 2.089ms
[576.260s][info][gc] GC(2240) Pause Young (Normal) (G1 Evacuation Pause) 3088M->17M(5128M) 2.128ms
[576.379s][info][gc] GC(2241) Pause Young (Normal) (G1 Evacuation Pause) 3089M->16M(5128M) 1.978ms
[576.498s][info][gc] GC(2242) Pause Young (Normal) (G1 Evacuation Pause) 3088M->16M(5128M) 2.105ms
[576.617s][info][gc] GC(2243) Pause Young (Normal) (G1 Evacuation Pause) 3088M->16M(5128M) 2.064ms
[576.736s][info][gc] GC(2244) Pause Young (Normal) (G1 Evacuation Pause) 3088M->16M(5128M) 1.968ms
[576.855s][info][gc] GC(2245) Pause Young (Normal) (G1 Evacuation Pause) 3088M->16M(5128M) 2.254ms
[576.973s][info][gc] GC(2246) Pause Young (Normal) (G1 Evacuation Pause) 3088M->16M(5128M) 1.956ms
[577.091s][info][gc] GC(2247) Pause Young (Normal) (G1 Evacuation Pause) 3088M->16M(5128M) 1.943ms
[577.209s][info][gc] GC(2248) Pause Young (Normal) (G1 Evacuation Pause) 3088M->17M(5128M) 1.937ms
[577.328s][info][gc] GC(2249) Pause Young (Normal) (G1 Evacuation Pause) 3089M->16M(5128M) 2.200ms
[577.447s][info][gc] GC(2250) Pause Young (Normal) (G1 Evacuation Pause) 3088M->16M(5128M) 1.996ms
[577.565s][info][gc] GC(2251) Pause Young (Normal) (G1 Evacuation Pause) 3088M->16M(5128M) 1.988ms
[577.684s][info][gc] GC(2252) Pause Young (Normal) (G1 Evacuation Pause) 3088M->16M(5128M) 1.919ms
[577.803s][info][gc] GC(2253) Pause Young (Normal) (G1 Evacuation Pause) 3088M->16M(5128M) 1.959ms
[577.922s][info][gc] GC(2254) Pause Young (Normal) (G1 Evacuation Pause) 3088M->16M(5128M) 2.166ms
[578.041s][info][gc] GC(2255) Pause Young (Normal) (G1 Evacuation Pause) 3088M->16M(5128M) 1.902ms
[578.159s][info][gc] GC(2256) Pause Young (Normal) (G1 Evacuation Pause) 3088M->16M(5128M) 1.944ms
[578.277s][info][gc] GC(2257) Pause Young (Normal) (G1 Evacuation Pause) 3088M->16M(5128M) 2.197ms
[578.396s][info][gc] GC(2258) Pause Young (Normal) (G1 Evacuation Pause) 3088M->16M(5128M) 2.220ms
[578.515s][info][gc] GC(2259) Pause Young (Normal) (G1 Evacuation Pause) 3088M->17M(5128M) 1.962ms
[578.633s][info][gc] GC(2260) Pause Young (Normal) (G1 Evacuation Pause) 3089M->16M(5128M) 1.961ms
[578.752s][info][gc] GC(2261) Pause Young (Normal) (G1 Evacuation Pause) 3088M->16M(5128M) 1.784ms
[578.870s][info][gc] GC(2262) Pause Young (Normal) (G1 Evacuation Pause) 3088M->16M(5128M) 2.007ms
[578.989s][info][gc] GC(2263) Pause Young (Normal) (G1 Evacuation Pause) 3088M->16M(5128M) 2.046ms
[579.108s][info][gc] GC(2264) Pause Young (Normal) (G1 Evacuation Pause) 3088M->16M(5128M) 2.033ms
[579.227s][info][gc] GC(2265) Pause Young (Normal) (G1 Evacuation Pause) 3088M->16M(5128M) 2.126ms
[579.346s][info][gc] GC(2266) Pause Young (Normal) (G1 Evacuation Pause) 3088M->16M(5128M) 1.915ms
[579.464s][info][gc] GC(2267) Pause Young (Normal) (G1 Evacuation Pause) 3088M->16M(5128M) 2.071ms
[579.583s][info][gc] GC(2268) Pause Young (Normal) (G1 Evacuation Pause) 3088M->17M(5128M) 1.880ms
[579.701s][info][gc] GC(2269) Pause Young (Normal) (G1 Evacuation Pause) 3089M->17M(5128M) 2.151ms
[579.820s][info][gc] GC(2270) Pause Young (Normal) (G1 Evacuation Pause) 3089M->16M(5128M) 2.005ms
[579.939s][info][gc] GC(2271) Pause Young (Normal) (G1 Evacuation Pause) 3088M->17M(5128M) 2.058ms
[580.057s][info][gc] GC(2272) Pause Young (Normal) (G1 Evacuation Pause) 3089M->16M(5128M) 1.871ms
[580.176s][info][gc] GC(2273) Pause Young (Normal) (G1 Evacuation Pause) 3088M->16M(5128M) 1.853ms
[580.295s][info][gc] GC(2274) Pause Young (Normal) (G1 Evacuation Pause) 3088M->16M(5128M) 2.038ms
[580.414s][info][gc] GC(2275) Pause Young (Normal) (G1 Evacuation Pause) 3088M->17M(5128M) 2.054ms
[580.533s][info][gc] GC(2276) Pause Young (Normal) (G1 Evacuation Pause) 3089M->16M(5128M) 1.916ms
[580.652s][info][gc] GC(2277) Pause Young (Normal) (G1 Evacuation Pause) 3088M->16M(5128M) 1.936ms
[580.771s][info][gc] GC(2278) Pause Young (Normal) (G1 Evacuation Pause) 3088M->16M(5128M) 1.955ms
[580.890s][info][gc] GC(2279) Pause Young (Normal) (G1 Evacuation Pause) 3088M->16M(5128M) 1.960ms
[581.008s][info][gc] GC(2280) Pause Young (Normal) (G1 Evacuation Pause) 3088M->16M(5128M) 1.998ms
[581.128s][info][gc] GC(2281) Pause Young (Normal) (G1 Evacuation Pause) 3088M->16M(5128M) 2.328ms
[581.246s][info][gc] GC(2282) Pause Young (Normal) (G1 Evacuation Pause) 3088M->16M(5128M) 1.914ms
[581.365s][info][gc] GC(2283) Pause Young (Normal) (G1 Evacuation Pause) 3088M->16M(5128M) 1.909ms
[581.484s][info][gc] GC(2284) Pause Young (Normal) (G1 Evacuation Pause) 3088M->17M(5128M) 2.031ms
[581.602s][info][gc] GC(2285) Pause Young (Normal) (G1 Evacuation Pause) 3089M->16M(5128M) 2.116ms
[581.720s][info][gc] GC(2286) Pause Young (Normal) (G1 Evacuation Pause) 3088M->16M(5128M) 1.885ms
[581.838s][info][gc] GC(2287) Pause Young (Normal) (G1 Evacuation Pause) 3088M->16M(5128M) 1.913ms
[581.957s][info][gc] GC(2288) Pause Young (Normal) (G1 Evacuation Pause) 3088M->16M(5128M) 1.882ms
[582.075s][info][gc] GC(2289) Pause Young (Normal) (G1 Evacuation Pause) 3088M->17M(5128M) 2.009ms
[582.194s][info][gc] GC(2290) Pause Young (Normal) (G1 Evacuation Pause) 3089M->16M(5128M) 1.918ms
[582.312s][info][gc] GC(2291) Pause Young (Normal) (G1 Evacuation Pause) 3088M->17M(5128M) 1.964ms
[582.430s][info][gc] GC(2292) Pause Young (Normal) (G1 Evacuation Pause) 3089M->17M(5128M) 2.153ms
[582.549s][info][gc] GC(2293) Pause Young (Normal) (G1 Evacuation Pause) 3089M->16M(5128M) 2.081ms
[582.667s][info][gc] GC(2294) Pause Young (Normal) (G1 Evacuation Pause) 3088M->17M(5128M) 1.908ms
[582.786s][info][gc] GC(2295) Pause Young (Normal) (G1 Evacuation Pause) 3089M->16M(5128M) 2.022ms
[582.904s][info][gc] GC(2296) Pause Young (Normal) (G1 Evacuation Pause) 3088M->16M(5128M) 1.933ms
[583.023s][info][gc] GC(2297) Pause Young (Normal) (G1 Evacuation Pause) 3088M->16M(5128M) 2.085ms
[583.142s][info][gc] GC(2298) Pause Young (Normal) (G1 Evacuation Pause) 3088M->17M(5128M) 1.939ms
[583.262s][info][gc] GC(2299) Pause Young (Normal) (G1 Evacuation Pause) 3089M->17M(5128M) 2.053ms
[583.381s][info][gc] GC(2300) Pause Young (Normal) (G1 Evacuation Pause) 3089M->16M(5128M) 1.920ms
[583.499s][info][gc] GC(2301) Pause Young (Normal) (G1 Evacuation Pause) 3088M->16M(5128M) 1.868ms
[583.618s][info][gc] GC(2302) Pause Young (Normal) (G1 Evacuation Pause) 3088M->16M(5128M) 1.879ms
[583.736s][info][gc] GC(2303) Pause Young (Normal) (G1 Evacuation Pause) 3088M->16M(5128M) 1.918ms
[583.855s][info][gc] GC(2304) Pause Young (Normal) (G1 Evacuation Pause) 3088M->16M(5128M) 1.904ms
[583.973s][info][gc] GC(2305) Pause Young (Normal) (G1 Evacuation Pause) 3088M->16M(5128M) 2.085ms
[584.092s][info][gc] GC(2306) Pause Young (Normal) (G1 Evacuation Pause) 3088M->16M(5128M) 1.984ms
[584.210s][info][gc] GC(2307) Pause Young (Normal) (G1 Evacuation Pause) 3088M->16M(5128M) 1.797ms
[584.328s][info][gc] GC(2308) Pause Young (Normal) (G1 Evacuation Pause) 3088M->16M(5128M) 1.788ms
[584.446s][info][gc] GC(2309) Pause Young (Normal) (G1 Evacuation Pause) 3088M->16M(5128M) 1.755ms
[584.565s][info][gc] GC(2310) Pause Young (Normal) (G1 Evacuation Pause) 3088M->16M(5128M) 1.841ms
[584.683s][info][gc] GC(2311) Pause Young (Normal) (G1 Evacuation Pause) 3088M->16M(5128M) 1.871ms
[584.802s][info][gc] GC(2312) Pause Young (Normal) (G1 Evacuation Pause) 3088M->16M(5128M) 1.937ms
[584.920s][info][gc] GC(2313) Pause Young (Normal) (G1 Evacuation Pause) 3088M->16M(5128M) 1.913ms
[585.038s][info][gc] GC(2314) Pause Young (Normal) (G1 Evacuation Pause) 3088M->16M(5128M) 2.019ms
[585.157s][info][gc] GC(2315) Pause Young (Normal) (G1 Evacuation Pause) 3088M->17M(5128M) 2.036ms
[585.275s][info][gc] GC(2316) Pause Young (Normal) (G1 Evacuation Pause) 3089M->16M(5128M) 1.711ms
[585.393s][info][gc] GC(2317) Pause Young (Normal) (G1 Evacuation Pause) 3088M->16M(5128M) 1.813ms
[585.511s][info][gc] GC(2318) Pause Young (Normal) (G1 Evacuation Pause) 3088M->16M(5128M) 1.905ms
[585.630s][info][gc] GC(2319) Pause Young (Normal) (G1 Evacuation Pause) 3088M->16M(5128M) 2.327ms
[585.748s][info][gc] GC(2320) Pause Young (Normal) (G1 Evacuation Pause) 3088M->16M(5128M) 2.074ms
[585.867s][info][gc] GC(2321) Pause Young (Normal) (G1 Evacuation Pause) 3088M->16M(5128M) 1.913ms
[585.985s][info][gc] GC(2322) Pause Young (Normal) (G1 Evacuation Pause) 3088M->16M(5128M) 1.933ms
[586.104s][info][gc] GC(2323) Pause Young (Normal) (G1 Evacuation Pause) 3088M->16M(5128M) 2.037ms
[586.223s][info][gc] GC(2324) Pause Young (Normal) (G1 Evacuation Pause) 3088M->16M(5128M) 1.811ms
[586.341s][info][gc] GC(2325) Pause Young (Normal) (G1 Evacuation Pause) 3088M->16M(5128M) 1.973ms
[586.460s][info][gc] GC(2326) Pause Young (Normal) (G1 Evacuation Pause) 3088M->16M(5128M) 2.143ms
[586.579s][info][gc] GC(2327) Pause Young (Normal) (G1 Evacuation Pause) 3088M->16M(5128M) 1.998ms
[586.698s][info][gc] GC(2328) Pause Young (Normal) (G1 Evacuation Pause) 3088M->16M(5128M) 1.889ms
[586.817s][info][gc] GC(2329) Pause Young (Normal) (G1 Evacuation Pause) 3088M->16M(5128M) 1.908ms
[586.935s][info][gc] GC(2330) Pause Young (Normal) (G1 Evacuation Pause) 3088M->16M(5128M) 1.935ms
[587.054s][info][gc] GC(2331) Pause Young (Normal) (G1 Evacuation Pause) 3088M->16M(5128M) 1.885ms
[587.172s][info][gc] GC(2332) Pause Young (Normal) (G1 Evacuation Pause) 3088M->16M(5128M) 2.118ms
[587.291s][info][gc] GC(2333) Pause Young (Normal) (G1 Evacuation Pause) 3088M->16M(5128M) 2.015ms
[587.410s][info][gc] GC(2334) Pause Young (Normal) (G1 Evacuation Pause) 3088M->16M(5128M) 1.982ms
[587.528s][info][gc] GC(2335) Pause Young (Normal) (G1 Evacuation Pause) 3088M->16M(5128M) 1.893ms
[587.646s][info][gc] GC(2336) Pause Young (Normal) (G1 Evacuation Pause) 3088M->17M(5128M) 1.973ms
[587.765s][info][gc] GC(2337) Pause Young (Normal) (G1 Evacuation Pause) 3089M->16M(5128M) 1.848ms
[587.883s][info][gc] GC(2338) Pause Young (Normal) (G1 Evacuation Pause) 3088M->16M(5128M) 1.773ms
[588.002s][info][gc] GC(2339) Pause Young (Normal) (G1 Evacuation Pause) 3088M->17M(5128M) 1.987ms
[588.121s][info][gc] GC(2340) Pause Young (Normal) (G1 Evacuation Pause) 3089M->16M(5128M) 2.083ms
[588.240s][info][gc] GC(2341) Pause Young (Normal) (G1 Evacuation Pause) 3088M->17M(5128M) 2.104ms
[588.358s][info][gc] GC(2342) Pause Young (Normal) (G1 Evacuation Pause) 3089M->17M(5128M) 1.909ms
[588.477s][info][gc] GC(2343) Pause Young (Normal) (G1 Evacuation Pause) 3089M->17M(5128M) 1.930ms
[588.596s][info][gc] GC(2344) Pause Young (Normal) (G1 Evacuation Pause) 3089M->16M(5128M) 1.956ms
[588.715s][info][gc] GC(2345) Pause Young (Normal) (G1 Evacuation Pause) 3088M->16M(5128M) 2.399ms
[588.833s][info][gc] GC(2346) Pause Young (Normal) (G1 Evacuation Pause) 3088M->16M(5128M) 1.872ms
[588.952s][info][gc] GC(2347) Pause Young (Normal) (G1 Evacuation Pause) 3088M->16M(5128M) 2.110ms
[589.071s][info][gc] GC(2348) Pause Young (Normal) (G1 Evacuation Pause) 3088M->16M(5128M) 1.898ms
[589.189s][info][gc] GC(2349) Pause Young (Normal) (G1 Evacuation Pause) 3088M->16M(5128M) 1.860ms
[589.308s][info][gc] GC(2350) Pause Young (Normal) (G1 Evacuation Pause) 3088M->16M(5128M) 1.990ms
[589.427s][info][gc] GC(2351) Pause Young (Normal) (G1 Evacuation Pause) 3088M->17M(5128M) 2.242ms
[589.545s][info][gc] GC(2352) Pause Young (Normal) (G1 Evacuation Pause) 3089M->16M(5128M) 2.038ms
[589.664s][info][gc] GC(2353) Pause Young (Normal) (G1 Evacuation Pause) 3088M->16M(5128M) 1.943ms
[589.782s][info][gc] GC(2354) Pause Young (Normal) (G1 Evacuation Pause) 3088M->16M(5128M) 1.977ms
[589.901s][info][gc] GC(2355) Pause Young (Normal) (G1 Evacuation Pause) 3088M->17M(5128M) 2.088ms
[590.020s][info][gc] GC(2356) Pause Young (Normal) (G1 Evacuation Pause) 3089M->17M(5128M) 1.970ms
[590.139s][info][gc] GC(2357) Pause Young (Normal) (G1 Evacuation Pause) 3089M->17M(5128M) 2.109ms
[590.258s][info][gc] GC(2358) Pause Young (Normal) (G1 Evacuation Pause) 3089M->17M(5128M) 2.062ms
[590.377s][info][gc] GC(2359) Pause Young (Normal) (G1 Evacuation Pause) 3089M->17M(5128M) 1.933ms
[590.496s][info][gc] GC(2360) Pause Young (Normal) (G1 Evacuation Pause) 3089M->16M(5128M) 1.830ms
[590.615s][info][gc] GC(2361) Pause Young (Normal) (G1 Evacuation Pause) 3088M->16M(5128M) 1.767ms
[590.734s][info][gc] GC(2362) Pause Young (Normal) (G1 Evacuation Pause) 3088M->16M(5128M) 1.966ms
[590.853s][info][gc] GC(2363) Pause Young (Normal) (G1 Evacuation Pause) 3088M->16M(5128M) 1.974ms
[590.972s][info][gc] GC(2364) Pause Young (Normal) (G1 Evacuation Pause) 3088M->17M(5128M) 2.088ms
[591.091s][info][gc] GC(2365) Pause Young (Normal) (G1 Evacuation Pause) 3089M->16M(5128M) 1.985ms
[591.210s][info][gc] GC(2366) Pause Young (Normal) (G1 Evacuation Pause) 3088M->16M(5128M) 2.046ms
[591.329s][info][gc] GC(2367) Pause Young (Normal) (G1 Evacuation Pause) 3088M->16M(5128M) 1.958ms
[591.448s][info][gc] GC(2368) Pause Young (Normal) (G1 Evacuation Pause) 3088M->16M(5128M) 2.213ms
[591.567s][info][gc] GC(2369) Pause Young (Normal) (G1 Evacuation Pause) 3088M->17M(5128M) 2.045ms
[591.686s][info][gc] GC(2370) Pause Young (Normal) (G1 Evacuation Pause) 3089M->16M(5128M) 1.888ms
[591.805s][info][gc] GC(2371) Pause Young (Normal) (G1 Evacuation Pause) 3088M->16M(5128M) 2.077ms
[591.924s][info][gc] GC(2372) Pause Young (Normal) (G1 Evacuation Pause) 3088M->16M(5128M) 1.816ms
[592.042s][info][gc] GC(2373) Pause Young (Normal) (G1 Evacuation Pause) 3088M->16M(5128M) 2.033ms
[592.161s][info][gc] GC(2374) Pause Young (Normal) (G1 Evacuation Pause) 3088M->16M(5128M) 2.055ms
[592.279s][info][gc] GC(2375) Pause Young (Normal) (G1 Evacuation Pause) 3088M->17M(5128M) 2.019ms
[592.398s][info][gc] GC(2376) Pause Young (Normal) (G1 Evacuation Pause) 3089M->16M(5128M) 2.002ms
[592.517s][info][gc] GC(2377) Pause Young (Normal) (G1 Evacuation Pause) 3088M->16M(5128M) 1.980ms
[592.635s][info][gc] GC(2378) Pause Young (Normal) (G1 Evacuation Pause) 3088M->16M(5128M) 1.872ms
[592.754s][info][gc] GC(2379) Pause Young (Normal) (G1 Evacuation Pause) 3088M->16M(5128M) 2.135ms
[592.873s][info][gc] GC(2380) Pause Young (Normal) (G1 Evacuation Pause) 3088M->16M(5128M) 1.985ms
[592.991s][info][gc] GC(2381) Pause Young (Normal) (G1 Evacuation Pause) 3088M->16M(5128M) 1.875ms
[593.110s][info][gc] GC(2382) Pause Young (Normal) (G1 Evacuation Pause) 3088M->16M(5128M) 1.893ms
[593.228s][info][gc] GC(2383) Pause Young (Normal) (G1 Evacuation Pause) 3088M->16M(5128M) 2.018ms
[593.347s][info][gc] GC(2384) Pause Young (Normal) (G1 Evacuation Pause) 3088M->17M(5128M) 2.025ms
[593.466s][info][gc] GC(2385) Pause Young (Normal) (G1 Evacuation Pause) 3089M->16M(5128M) 1.967ms
[593.584s][info][gc] GC(2386) Pause Young (Normal) (G1 Evacuation Pause) 3088M->16M(5128M) 1.851ms
[593.702s][info][gc] GC(2387) Pause Young (Normal) (G1 Evacuation Pause) 3088M->16M(5128M) 1.922ms
[593.821s][info][gc] GC(2388) Pause Young (Normal) (G1 Evacuation Pause) 3088M->17M(5128M) 2.165ms
[593.939s][info][gc] GC(2389) Pause Young (Normal) (G1 Evacuation Pause) 3089M->16M(5128M) 1.976ms
[594.058s][info][gc] GC(2390) Pause Young (Normal) (G1 Evacuation Pause) 3088M->16M(5128M) 1.878ms
[594.177s][info][gc] GC(2391) Pause Young (Normal) (G1 Evacuation Pause) 3088M->16M(5128M) 2.003ms
[594.295s][info][gc] GC(2392) Pause Young (Normal) (G1 Evacuation Pause) 3088M->16M(5128M) 1.886ms
[594.414s][info][gc] GC(2393) Pause Young (Normal) (G1 Evacuation Pause) 3088M->17M(5128M) 1.853ms
[594.532s][info][gc] GC(2394) Pause Young (Normal) (G1 Evacuation Pause) 3089M->16M(5128M) 1.878ms
[594.651s][info][gc] GC(2395) Pause Young (Normal) (G1 Evacuation Pause) 3088M->17M(5128M) 2.294ms
[594.769s][info][gc] GC(2396) Pause Young (Normal) (G1 Evacuation Pause) 3089M->16M(5128M) 1.953ms
[594.888s][info][gc] GC(2397) Pause Young (Normal) (G1 Evacuation Pause) 3088M->16M(5128M) 1.813ms
[595.007s][info][gc] GC(2398) Pause Young (Normal) (G1 Evacuation Pause) 3088M->17M(5128M) 1.878ms
[595.126s][info][gc] GC(2399) Pause Young (Normal) (G1 Evacuation Pause) 3089M->16M(5128M) 1.977ms
[595.244s][info][gc] GC(2400) Pause Young (Normal) (G1 Evacuation Pause) 3088M->16M(5128M) 1.879ms
[595.363s][info][gc] GC(2401) Pause Young (Normal) (G1 Evacuation Pause) 3088M->16M(5128M) 1.924ms
[595.481s][info][gc] GC(2402) Pause Young (Normal) (G1 Evacuation Pause) 3088M->16M(5128M) 2.074ms
[595.600s][info][gc] GC(2403) Pause Young (Normal) (G1 Evacuation Pause) 3088M->17M(5128M) 2.061ms
[595.719s][info][gc] GC(2404) Pause Young (Normal) (G1 Evacuation Pause) 3089M->17M(5128M) 1.993ms
[595.837s][info][gc] GC(2405) Pause Young (Normal) (G1 Evacuation Pause) 3089M->17M(5128M) 2.131ms
[595.956s][info][gc] GC(2406) Pause Young (Normal) (G1 Evacuation Pause) 3089M->16M(5128M) 2.066ms
[596.075s][info][gc] GC(2407) Pause Young (Normal) (G1 Evacuation Pause) 3088M->16M(5128M) 1.944ms
[596.193s][info][gc] GC(2408) Pause Young (Normal) (G1 Evacuation Pause) 3088M->16M(5128M) 2.010ms
[596.312s][info][gc] GC(2409) Pause Young (Normal) (G1 Evacuation Pause) 3088M->16M(5128M) 2.101ms
[596.431s][info][gc] GC(2410) Pause Young (Normal) (G1 Evacuation Pause) 3088M->17M(5128M) 2.137ms
[596.549s][info][gc] GC(2411) Pause Young (Normal) (G1 Evacuation Pause) 3089M->17M(5128M) 2.150ms
[596.668s][info][gc] GC(2412) Pause Young (Normal) (G1 Evacuation Pause) 3089M->16M(5128M) 1.890ms
[596.787s][info][gc] GC(2413) Pause Young (Normal) (G1 Evacuation Pause) 3088M->16M(5128M) 1.995ms
[596.905s][info][gc] GC(2414) Pause Young (Normal) (G1 Evacuation Pause) 3088M->16M(5128M) 1.965ms
[597.024s][info][gc] GC(2415) Pause Young (Normal) (G1 Evacuation Pause) 3088M->17M(5128M) 2.027ms
[597.142s][info][gc] GC(2416) Pause Young (Normal) (G1 Evacuation Pause) 3089M->16M(5128M) 2.013ms
[597.261s][info][gc] GC(2417) Pause Young (Normal) (G1 Evacuation Pause) 3088M->17M(5128M) 2.051ms
[598.406s][info][gc] GC(2418) Pause Young (Normal) (G1 Evacuation Pause) 3089M->18M(5128M) 2.289ms
[598.531s][info][gc] GC(2419) Pause Young (Normal) (G1 Evacuation Pause) 3090M->18M(5128M) 2.322ms
[598.649s][info][gc] GC(2420) Pause Young (Normal) (G1 Evacuation Pause) 3090M->18M(5128M) 2.085ms
[598.767s][info][gc] GC(2421) Pause Young (Normal) (G1 Evacuation Pause) 3090M->18M(5128M) 2.120ms
[598.885s][info][gc] GC(2422) Pause Young (Normal) (G1 Evacuation Pause) 3090M->18M(5128M) 2.149ms
[599.005s][info][gc] GC(2423) Pause Young (Normal) (G1 Evacuation Pause) 3090M->18M(5128M) 2.249ms
[599.124s][info][gc] GC(2424) Pause Young (Normal) (G1 Evacuation Pause) 3090M->18M(5128M) 2.201ms
[599.242s][info][gc] GC(2425) Pause Young (Normal) (G1 Evacuation Pause) 3090M->18M(5128M) 2.205ms
[599.366s][info][gc] GC(2426) Pause Young (Normal) (G1 Evacuation Pause) 3090M->18M(5128M) 2.277ms
[599.484s][info][gc] GC(2427) Pause Young (Normal) (G1 Evacuation Pause) 3090M->18M(5128M) 2.323ms
[599.603s][info][gc] GC(2428) Pause Young (Normal) (G1 Evacuation Pause) 3090M->18M(5128M) 2.225ms
[599.723s][info][gc] GC(2429) Pause Young (Normal) (G1 Evacuation Pause) 3090M->18M(5128M) 2.254ms
[599.848s][info][gc] GC(2430) Pause Young (Normal) (G1 Evacuation Pause) 3090M->18M(5128M) 2.296ms
[599.966s][info][gc] GC(2431) Pause Young (Normal) (G1 Evacuation Pause) 3090M->18M(5128M) 2.229ms
[600.091s][info][gc] GC(2432) Pause Young (Normal) (G1 Evacuation Pause) 3090M->18M(5128M) 2.420ms
[600.216s][info][gc] GC(2433) Pause Young (Normal) (G1 Evacuation Pause) 3090M->18M(5128M) 2.282ms
[600.408s][info][gc] GC(2434) Pause Young (Normal) (G1 Evacuation Pause) 3090M->18M(5128M) 2.690ms
[600.600s][info][gc] GC(2435) Pause Young (Normal) (G1 Evacuation Pause) 3090M->18M(5128M) 2.534ms
[600.791s][info][gc] GC(2436) Pause Young (Normal) (G1 Evacuation Pause) 3090M->18M(5128M) 2.629ms
[600.983s][info][gc] GC(2437) Pause Young (Normal) (G1 Evacuation Pause) 3090M->18M(5128M) 2.340ms
[601.175s][info][gc] GC(2438) Pause Young (Normal) (G1 Evacuation Pause) 3090M->18M(5128M) 2.455ms
[601.367s][info][gc] GC(2439) Pause Young (Normal) (G1 Evacuation Pause) 3090M->18M(5128M) 2.114ms
[601.558s][info][gc] GC(2440) Pause Young (Normal) (G1 Evacuation Pause) 3090M->18M(5128M) 2.120ms
[601.750s][info][gc] GC(2441) Pause Young (Normal) (G1 Evacuation Pause) 3090M->18M(5128M) 1.984ms
[601.941s][info][gc] GC(2442) Pause Young (Normal) (G1 Evacuation Pause) 3090M->18M(5128M) 2.005ms
[602.132s][info][gc] GC(2443) Pause Young (Normal) (G1 Evacuation Pause) 3090M->18M(5128M) 2.050ms
[602.323s][info][gc] GC(2444) Pause Young (Normal) (G1 Evacuation Pause) 3090M->18M(5128M) 1.962ms
[602.515s][info][gc] GC(2445) Pause Young (Normal) (G1 Evacuation Pause) 3090M->18M(5128M) 2.116ms
[602.707s][info][gc] GC(2446) Pause Young (Normal) (G1 Evacuation Pause) 3090M->18M(5128M) 2.119ms
[602.900s][info][gc] GC(2447) Pause Young (Normal) (G1 Evacuation Pause) 3090M->18M(5128M) 2.123ms
[603.092s][info][gc] GC(2448) Pause Young (Normal) (G1 Evacuation Pause) 3090M->18M(5128M) 2.267ms
[603.284s][info][gc] GC(2449) Pause Young (Normal) (G1 Evacuation Pause) 3090M->18M(5128M) 2.168ms
[603.475s][info][gc] GC(2450) Pause Young (Normal) (G1 Evacuation Pause) 3090M->18M(5128M) 2.078ms
[603.667s][info][gc] GC(2451) Pause Young (Normal) (G1 Evacuation Pause) 3090M->18M(5128M) 2.094ms
[603.859s][info][gc] GC(2452) Pause Young (Normal) (G1 Evacuation Pause) 3090M->18M(5128M) 2.158ms
[604.050s][info][gc] GC(2453) Pause Young (Normal) (G1 Evacuation Pause) 3090M->18M(5128M) 1.945ms
[604.240s][info][gc] GC(2454) Pause Young (Normal) (G1 Evacuation Pause) 3090M->18M(5128M) 2.076ms
[604.432s][info][gc] GC(2455) Pause Young (Normal) (G1 Evacuation Pause) 3090M->18M(5128M) 2.047ms
[604.623s][info][gc] GC(2456) Pause Young (Normal) (G1 Evacuation Pause) 3090M->18M(5128M) 2.021ms
[604.814s][info][gc] GC(2457) Pause Young (Normal) (G1 Evacuation Pause) 3090M->18M(5128M) 1.992ms
[605.006s][info][gc] GC(2458) Pause Young (Normal) (G1 Evacuation Pause) 3090M->18M(5128M) 2.056ms
[605.196s][info][gc] GC(2459) Pause Young (Normal) (G1 Evacuation Pause) 3090M->18M(5128M) 2.157ms
[605.388s][info][gc] GC(2460) Pause Young (Normal) (G1 Evacuation Pause) 3090M->18M(5128M) 2.465ms
[605.579s][info][gc] GC(2461) Pause Young (Normal) (G1 Evacuation Pause) 3090M->18M(5128M) 2.109ms
[605.771s][info][gc] GC(2462) Pause Young (Normal) (G1 Evacuation Pause) 3090M->18M(5128M) 2.217ms
[605.961s][info][gc] GC(2463) Pause Young (Normal) (G1 Evacuation Pause) 3090M->18M(5128M) 1.996ms
[606.154s][info][gc] GC(2464) Pause Young (Normal) (G1 Evacuation Pause) 3090M->18M(5128M) 2.040ms
[606.345s][info][gc] GC(2465) Pause Young (Normal) (G1 Evacuation Pause) 3090M->18M(5128M) 2.010ms
[606.537s][info][gc] GC(2466) Pause Young (Normal) (G1 Evacuation Pause) 3090M->18M(5128M) 2.060ms
[606.729s][info][gc] GC(2467) Pause Young (Normal) (G1 Evacuation Pause) 3090M->18M(5128M) 2.350ms
[606.922s][info][gc] GC(2468) Pause Young (Normal) (G1 Evacuation Pause) 3090M->18M(5128M) 2.045ms
[607.114s][info][gc] GC(2469) Pause Young (Normal) (G1 Evacuation Pause) 3090M->18M(5128M) 2.238ms
[607.304s][info][gc] GC(2470) Pause Young (Normal) (G1 Evacuation Pause) 3090M->18M(5128M) 1.988ms
[607.494s][info][gc] GC(2471) Pause Young (Normal) (G1 Evacuation Pause) 3090M->18M(5128M) 2.138ms
[607.687s][info][gc] GC(2472) Pause Young (Normal) (G1 Evacuation Pause) 3090M->18M(5128M) 2.255ms
[607.878s][info][gc] GC(2473) Pause Young (Normal) (G1 Evacuation Pause) 3090M->18M(5128M) 2.050ms
[608.067s][info][gc] GC(2474) Pause Young (Normal) (G1 Evacuation Pause) 3090M->18M(5128M) 2.231ms
[608.258s][info][gc] GC(2475) Pause Young (Normal) (G1 Evacuation Pause) 3090M->18M(5128M) 2.007ms
[608.449s][info][gc] GC(2476) Pause Young (Normal) (G1 Evacuation Pause) 3090M->18M(5128M) 2.110ms
[608.641s][info][gc] GC(2477) Pause Young (Normal) (G1 Evacuation Pause) 3090M->18M(5128M) 1.968ms
[608.831s][info][gc] GC(2478) Pause Young (Normal) (G1 Evacuation Pause) 3090M->18M(5128M) 2.426ms
[609.022s][info][gc] GC(2479) Pause Young (Normal) (G1 Evacuation Pause) 3090M->18M(5128M) 2.321ms
[609.215s][info][gc] GC(2480) Pause Young (Normal) (G1 Evacuation Pause) 3090M->18M(5128M) 2.106ms
[609.407s][info][gc] GC(2481) Pause Young (Normal) (G1 Evacuation Pause) 3090M->18M(5128M) 2.214ms
[609.598s][info][gc] GC(2482) Pause Young (Normal) (G1 Evacuation Pause) 3090M->18M(5128M) 2.155ms
[609.789s][info][gc] GC(2483) Pause Young (Normal) (G1 Evacuation Pause) 3090M->18M(5128M) 1.973ms
[609.981s][info][gc] GC(2484) Pause Young (Normal) (G1 Evacuation Pause) 3090M->18M(5128M) 2.223ms
[610.174s][info][gc] GC(2485) Pause Young (Normal) (G1 Evacuation Pause) 3090M->18M(5128M) 1.964ms
[610.364s][info][gc] GC(2486) Pause Young (Normal) (G1 Evacuation Pause) 3090M->18M(5128M) 2.469ms
[610.556s][info][gc] GC(2487) Pause Young (Normal) (G1 Evacuation Pause) 3090M->18M(5128M) 2.141ms
[610.749s][info][gc] GC(2488) Pause Young (Normal) (G1 Evacuation Pause) 3090M->18M(5128M) 2.153ms
[610.942s][info][gc] GC(2489) Pause Young (Normal) (G1 Evacuation Pause) 3090M->18M(5128M) 2.040ms
[611.134s][info][gc] GC(2490) Pause Young (Normal) (G1 Evacuation Pause) 3090M->18M(5128M) 2.259ms
[611.324s][info][gc] GC(2491) Pause Young (Normal) (G1 Evacuation Pause) 3090M->18M(5128M) 2.119ms
[611.516s][info][gc] GC(2492) Pause Young (Normal) (G1 Evacuation Pause) 3090M->18M(5128M) 1.961ms
[611.707s][info][gc] GC(2493) Pause Young (Normal) (G1 Evacuation Pause) 3090M->18M(5128M) 2.281ms
[611.898s][info][gc] GC(2494) Pause Young (Normal) (G1 Evacuation Pause) 3090M->18M(5128M) 2.253ms
[612.089s][info][gc] GC(2495) Pause Young (Normal) (G1 Evacuation Pause) 3090M->18M(5128M) 2.054ms
[612.280s][info][gc] GC(2496) Pause Young (Normal) (G1 Evacuation Pause) 3090M->18M(5128M) 2.013ms
[612.472s][info][gc] GC(2497) Pause Young (Normal) (G1 Evacuation Pause) 3090M->18M(5128M) 2.023ms
[612.663s][info][gc] GC(2498) Pause Young (Normal) (G1 Evacuation Pause) 3090M->18M(5128M) 2.083ms
[612.853s][info][gc] GC(2499) Pause Young (Normal) (G1 Evacuation Pause) 3090M->18M(5128M) 2.214ms
[613.044s][info][gc] GC(2500) Pause Young (Normal) (G1 Evacuation Pause) 3090M->18M(5128M) 1.963ms
[613.235s][info][gc] GC(2501) Pause Young (Normal) (G1 Evacuation Pause) 3090M->18M(5128M) 1.938ms
[613.425s][info][gc] GC(2502) Pause Young (Normal) (G1 Evacuation Pause) 3090M->18M(5128M) 1.971ms
[613.616s][info][gc] GC(2503) Pause Young (Normal) (G1 Evacuation Pause) 3090M->18M(5128M) 1.871ms
[613.809s][info][gc] GC(2504) Pause Young (Normal) (G1 Evacuation Pause) 3090M->18M(5128M) 2.181ms
[614.002s][info][gc] GC(2505) Pause Young (Normal) (G1 Evacuation Pause) 3090M->18M(5128M) 2.009ms
[614.193s][info][gc] GC(2506) Pause Young (Normal) (G1 Evacuation Pause) 3090M->18M(5128M) 1.978ms
[614.385s][info][gc] GC(2507) Pause Young (Normal) (G1 Evacuation Pause) 3090M->18M(5128M) 2.128ms
[614.577s][info][gc] GC(2508) Pause Young (Normal) (G1 Evacuation Pause) 3090M->18M(5128M) 1.992ms
[614.769s][info][gc] GC(2509) Pause Young (Normal) (G1 Evacuation Pause) 3090M->18M(5128M) 2.283ms
[614.962s][info][gc] GC(2510) Pause Young (Normal) (G1 Evacuation Pause) 3090M->18M(5128M) 2.095ms
[615.153s][info][gc] GC(2511) Pause Young (Normal) (G1 Evacuation Pause) 3090M->18M(5128M) 1.906ms
[615.344s][info][gc] GC(2512) Pause Young (Normal) (G1 Evacuation Pause) 3090M->18M(5128M) 1.952ms
[615.534s][info][gc] GC(2513) Pause Young (Normal) (G1 Evacuation Pause) 3090M->18M(5128M) 1.915ms
[615.726s][info][gc] GC(2514) Pause Young (Normal) (G1 Evacuation Pause) 3090M->18M(5128M) 1.905ms
[615.917s][info][gc] GC(2515) Pause Young (Normal) (G1 Evacuation Pause) 3090M->18M(5128M) 1.974ms
[616.109s][info][gc] GC(2516) Pause Young (Normal) (G1 Evacuation Pause) 3090M->18M(5128M) 1.966ms
[616.302s][info][gc] GC(2517) Pause Young (Normal) (G1 Evacuation Pause) 3090M->18M(5128M) 2.000ms
[616.494s][info][gc] GC(2518) Pause Young (Normal) (G1 Evacuation Pause) 3090M->18M(5128M) 1.887ms
[616.684s][info][gc] GC(2519) Pause Young (Normal) (G1 Evacuation Pause) 3090M->18M(5128M) 2.034ms
[616.873s][info][gc] GC(2520) Pause Young (Normal) (G1 Evacuation Pause) 3090M->18M(5128M) 1.986ms
[617.065s][info][gc] GC(2521) Pause Young (Normal) (G1 Evacuation Pause) 3090M->18M(5128M) 2.056ms
[617.258s][info][gc] GC(2522) Pause Young (Normal) (G1 Evacuation Pause) 3090M->18M(5128M) 1.960ms
[617.449s][info][gc] GC(2523) Pause Young (Normal) (G1 Evacuation Pause) 3090M->18M(5128M) 2.151ms
[617.639s][info][gc] GC(2524) Pause Young (Normal) (G1 Evacuation Pause) 3090M->18M(5128M) 2.065ms
[617.830s][info][gc] GC(2525) Pause Young (Normal) (G1 Evacuation Pause) 3090M->18M(5128M) 2.008ms
[618.022s][info][gc] GC(2526) Pause Young (Normal) (G1 Evacuation Pause) 3090M->18M(5128M) 2.001ms
[618.214s][info][gc] GC(2527) Pause Young (Normal) (G1 Evacuation Pause) 3090M->18M(5128M) 2.264ms
[618.406s][info][gc] GC(2528) Pause Young (Normal) (G1 Evacuation Pause) 3090M->18M(5128M) 2.101ms
[618.599s][info][gc] GC(2529) Pause Young (Normal) (G1 Evacuation Pause) 3090M->18M(5128M) 2.118ms
[618.791s][info][gc] GC(2530) Pause Young (Normal) (G1 Evacuation Pause) 3090M->18M(5128M) 1.868ms
[618.982s][info][gc] GC(2531) Pause Young (Normal) (G1 Evacuation Pause) 3090M->18M(5128M) 1.913ms
[619.175s][info][gc] GC(2532) Pause Young (Normal) (G1 Evacuation Pause) 3090M->18M(5128M) 1.917ms
[619.367s][info][gc] GC(2533) Pause Young (Normal) (G1 Evacuation Pause) 3090M->18M(5128M) 1.829ms
[619.558s][info][gc] GC(2534) Pause Young (Normal) (G1 Evacuation Pause) 3090M->18M(5128M) 1.986ms
[619.751s][info][gc] GC(2535) Pause Young (Normal) (G1 Evacuation Pause) 3090M->18M(5128M) 2.140ms
[619.943s][info][gc] GC(2536) Pause Young (Normal) (G1 Evacuation Pause) 3090M->18M(5128M) 2.043ms
[620.134s][info][gc] GC(2537) Pause Young (Normal) (G1 Evacuation Pause) 3090M->18M(5128M) 1.938ms
[620.324s][info][gc] GC(2538) Pause Young (Normal) (G1 Evacuation Pause) 3090M->18M(5128M) 1.928ms
[620.515s][info][gc] GC(2539) Pause Young (Normal) (G1 Evacuation Pause) 3090M->18M(5128M) 1.965ms
[620.706s][info][gc] GC(2540) Pause Young (Normal) (G1 Evacuation Pause) 3090M->18M(5128M) 1.979ms
[620.897s][info][gc] GC(2541) Pause Young (Normal) (G1 Evacuation Pause) 3090M->18M(5128M) 2.063ms
[621.086s][info][gc] GC(2542) Pause Young (Normal) (G1 Evacuation Pause) 3090M->18M(5128M) 1.969ms
[621.277s][info][gc] GC(2543) Pause Young (Normal) (G1 Evacuation Pause) 3090M->18M(5128M) 2.068ms
[621.470s][info][gc] GC(2544) Pause Young (Normal) (G1 Evacuation Pause) 3090M->18M(5128M) 2.127ms
[621.659s][info][gc] GC(2545) Pause Young (Normal) (G1 Evacuation Pause) 3090M->18M(5128M) 1.905ms
[621.850s][info][gc] GC(2546) Pause Young (Normal) (G1 Evacuation Pause) 3090M->18M(5128M) 2.040ms
[622.041s][info][gc] GC(2547) Pause Young (Normal) (G1 Evacuation Pause) 3090M->18M(5128M) 1.887ms
[622.233s][info][gc] GC(2548) Pause Young (Normal) (G1 Evacuation Pause) 3090M->18M(5128M) 1.979ms
[622.424s][info][gc] GC(2549) Pause Young (Normal) (G1 Evacuation Pause) 3090M->18M(5128M) 1.749ms
[622.617s][info][gc] GC(2550) Pause Young (Normal) (G1 Evacuation Pause) 3090M->18M(5128M) 1.605ms
[622.808s][info][gc] GC(2551) Pause Young (Normal) (G1 Evacuation Pause) 3090M->18M(5128M) 2.062ms
[622.999s][info][gc] GC(2552) Pause Young (Normal) (G1 Evacuation Pause) 3090M->18M(5128M) 2.036ms
[623.192s][info][gc] GC(2553) Pause Young (Normal) (G1 Evacuation Pause) 3090M->18M(5128M) 2.118ms
[624.355s][info][gc] GC(2554) Pause Young (Normal) (G1 Evacuation Pause) 3090M->20M(5128M) 2.307ms
[624.474s][info][gc] GC(2555) Pause Young (Normal) (G1 Evacuation Pause) 3092M->19M(5128M) 2.280ms
[624.598s][info][gc] GC(2556) Pause Young (Normal) (G1 Evacuation Pause) 3091M->19M(5128M) 2.188ms
[624.729s][info][gc] GC(2557) Pause Young (Normal) (G1 Evacuation Pause) 3091M->20M(5128M) 2.217ms
[624.847s][info][gc] GC(2558) Pause Young (Normal) (G1 Evacuation Pause) 3092M->20M(5128M) 2.284ms
[624.966s][info][gc] GC(2559) Pause Young (Normal) (G1 Evacuation Pause) 3092M->19M(5128M) 2.238ms
[625.084s][info][gc] GC(2560) Pause Young (Normal) (G1 Evacuation Pause) 3091M->19M(5128M) 2.063ms
[625.203s][info][gc] GC(2561) Pause Young (Normal) (G1 Evacuation Pause) 3091M->19M(5128M) 2.188ms
[625.321s][info][gc] GC(2562) Pause Young (Normal) (G1 Evacuation Pause) 3091M->20M(5128M) 2.216ms
[625.442s][info][gc] GC(2563) Pause Young (Normal) (G1 Evacuation Pause) 3092M->20M(5128M) 2.234ms
[625.561s][info][gc] GC(2564) Pause Young (Normal) (G1 Evacuation Pause) 3092M->19M(5128M) 2.230ms
[625.687s][info][gc] GC(2565) Pause Young (Normal) (G1 Evacuation Pause) 3091M->20M(5128M) 2.206ms
[625.809s][info][gc] GC(2566) Pause Young (Normal) (G1 Evacuation Pause) 3092M->20M(5128M) 2.194ms
[625.929s][info][gc] GC(2567) Pause Young (Normal) (G1 Evacuation Pause) 3092M->19M(5128M) 2.163ms
[626.053s][info][gc] GC(2568) Pause Young (Normal) (G1 Evacuation Pause) 3091M->20M(5128M) 2.230ms
[626.173s][info][gc] GC(2569) Pause Young (Normal) (G1 Evacuation Pause) 3092M->19M(5128M) 3.717ms
[626.293s][info][gc] GC(2570) Pause Young (Normal) (G1 Evacuation Pause) 3091M->19M(5128M) 2.587ms
[626.413s][info][gc] GC(2571) Pause Young (Normal) (G1 Evacuation Pause) 3091M->19M(5128M) 2.500ms
[626.533s][info][gc] GC(2572) Pause Young (Normal) (G1 Evacuation Pause) 3091M->19M(5128M) 2.379ms
[626.652s][info][gc] GC(2573) Pause Young (Normal) (G1 Evacuation Pause) 3091M->19M(5128M) 2.078ms
[626.772s][info][gc] GC(2574) Pause Young (Normal) (G1 Evacuation Pause) 3091M->20M(5128M) 2.443ms
[626.891s][info][gc] GC(2575) Pause Young (Normal) (G1 Evacuation Pause) 3092M->19M(5128M) 1.850ms
[627.011s][info][gc] GC(2576) Pause Young (Normal) (G1 Evacuation Pause) 3091M->19M(5128M) 2.237ms
[627.130s][info][gc] GC(2577) Pause Young (Normal) (G1 Evacuation Pause) 3091M->19M(5128M) 2.038ms
[627.250s][info][gc] GC(2578) Pause Young (Normal) (G1 Evacuation Pause) 3091M->19M(5128M) 2.016ms
[627.370s][info][gc] GC(2579) Pause Young (Normal) (G1 Evacuation Pause) 3091M->19M(5128M) 2.008ms
[627.489s][info][gc] GC(2580) Pause Young (Normal) (G1 Evacuation Pause) 3091M->19M(5128M) 2.012ms
[627.609s][info][gc] GC(2581) Pause Young (Normal) (G1 Evacuation Pause) 3091M->19M(5128M) 2.035ms
[627.728s][info][gc] GC(2582) Pause Young (Normal) (G1 Evacuation Pause) 3091M->19M(5128M) 2.041ms
[627.847s][info][gc] GC(2583) Pause Young (Normal) (G1 Evacuation Pause) 3091M->19M(5128M) 1.897ms
[627.967s][info][gc] GC(2584) Pause Young (Normal) (G1 Evacuation Pause) 3091M->19M(5128M) 2.710ms
[628.086s][info][gc] GC(2585) Pause Young (Normal) (G1 Evacuation Pause) 3091M->19M(5128M) 1.946ms
[628.206s][info][gc] GC(2586) Pause Young (Normal) (G1 Evacuation Pause) 3091M->19M(5128M) 2.284ms
[628.326s][info][gc] GC(2587) Pause Young (Normal) (G1 Evacuation Pause) 3091M->19M(5128M) 2.115ms
[628.445s][info][gc] GC(2588) Pause Young (Normal) (G1 Evacuation Pause) 3091M->19M(5128M) 2.135ms
[628.565s][info][gc] GC(2589) Pause Young (Normal) (G1 Evacuation Pause) 3091M->19M(5128M) 2.020ms
[628.685s][info][gc] GC(2590) Pause Young (Normal) (G1 Evacuation Pause) 3091M->19M(5128M) 2.049ms
[628.804s][info][gc] GC(2591) Pause Young (Normal) (G1 Evacuation Pause) 3091M->19M(5128M) 1.826ms
[628.923s][info][gc] GC(2592) Pause Young (Normal) (G1 Evacuation Pause) 3091M->19M(5128M) 1.909ms
[629.042s][info][gc] GC(2593) Pause Young (Normal) (G1 Evacuation Pause) 3091M->19M(5128M) 1.983ms
[629.161s][info][gc] GC(2594) Pause Young (Normal) (G1 Evacuation Pause) 3091M->19M(5128M) 2.250ms
[629.281s][info][gc] GC(2595) Pause Young (Normal) (G1 Evacuation Pause) 3091M->19M(5128M) 2.054ms
[629.400s][info][gc] GC(2596) Pause Young (Normal) (G1 Evacuation Pause) 3091M->19M(5128M) 2.032ms
[629.519s][info][gc] GC(2597) Pause Young (Normal) (G1 Evacuation Pause) 3091M->19M(5128M) 2.093ms
[629.638s][info][gc] GC(2598) Pause Young (Normal) (G1 Evacuation Pause) 3091M->19M(5128M) 2.013ms
[629.758s][info][gc] GC(2599) Pause Young (Normal) (G1 Evacuation Pause) 3091M->19M(5128M) 2.092ms
[629.877s][info][gc] GC(2600) Pause Young (Normal) (G1 Evacuation Pause) 3091M->19M(5128M) 1.842ms
[629.997s][info][gc] GC(2601) Pause Young (Normal) (G1 Evacuation Pause) 3091M->19M(5128M) 2.106ms
[630.116s][info][gc] GC(2602) Pause Young (Normal) (G1 Evacuation Pause) 3091M->19M(5128M) 1.894ms
[630.235s][info][gc] GC(2603) Pause Young (Normal) (G1 Evacuation Pause) 3091M->20M(5128M) 2.061ms
[630.354s][info][gc] GC(2604) Pause Young (Normal) (G1 Evacuation Pause) 3092M->19M(5128M) 1.947ms
[630.474s][info][gc] GC(2605) Pause Young (Normal) (G1 Evacuation Pause) 3091M->19M(5128M) 2.039ms
[630.593s][info][gc] GC(2606) Pause Young (Normal) (G1 Evacuation Pause) 3091M->19M(5128M) 1.853ms
[630.712s][info][gc] GC(2607) Pause Young (Normal) (G1 Evacuation Pause) 3091M->19M(5128M) 1.940ms
[630.831s][info][gc] GC(2608) Pause Young (Normal) (G1 Evacuation Pause) 3091M->19M(5128M) 1.949ms
[630.950s][info][gc] GC(2609) Pause Young (Normal) (G1 Evacuation Pause) 3091M->19M(5128M) 2.020ms
[631.070s][info][gc] GC(2610) Pause Young (Normal) (G1 Evacuation Pause) 3091M->19M(5128M) 1.879ms
[631.189s][info][gc] GC(2611) Pause Young (Normal) (G1 Evacuation Pause) 3091M->19M(5128M) 2.161ms
[631.308s][info][gc] GC(2612) Pause Young (Normal) (G1 Evacuation Pause) 3091M->20M(5128M) 2.072ms
[631.428s][info][gc] GC(2613) Pause Young (Normal) (G1 Evacuation Pause) 3092M->20M(5128M) 2.087ms
[631.547s][info][gc] GC(2614) Pause Young (Normal) (G1 Evacuation Pause) 3092M->19M(5128M) 1.930ms
[631.666s][info][gc] GC(2615) Pause Young (Normal) (G1 Evacuation Pause) 3091M->19M(5128M) 1.812ms
[631.785s][info][gc] GC(2616) Pause Young (Normal) (G1 Evacuation Pause) 3091M->20M(5128M) 2.060ms
[631.904s][info][gc] GC(2617) Pause Young (Normal) (G1 Evacuation Pause) 3092M->19M(5128M) 1.901ms
[632.024s][info][gc] GC(2618) Pause Young (Normal) (G1 Evacuation Pause) 3091M->19M(5128M) 1.852ms
[632.143s][info][gc] GC(2619) Pause Young (Normal) (G1 Evacuation Pause) 3091M->19M(5128M) 1.897ms
[632.262s][info][gc] GC(2620) Pause Young (Normal) (G1 Evacuation Pause) 3091M->19M(5128M) 2.064ms
[632.381s][info][gc] GC(2621) Pause Young (Normal) (G1 Evacuation Pause) 3091M->19M(5128M) 1.919ms
[632.501s][info][gc] GC(2622) Pause Young (Normal) (G1 Evacuation Pause) 3091M->19M(5128M) 1.953ms
[632.621s][info][gc] GC(2623) Pause Young (Normal) (G1 Evacuation Pause) 3091M->19M(5128M) 1.804ms
[632.740s][info][gc] GC(2624) Pause Young (Normal) (G1 Evacuation Pause) 3091M->19M(5128M) 2.062ms
[632.860s][info][gc] GC(2625) Pause Young (Normal) (G1 Evacuation Pause) 3091M->20M(5128M) 2.203ms
[632.979s][info][gc] GC(2626) Pause Young (Normal) (G1 Evacuation Pause) 3092M->20M(5128M) 2.075ms
[633.099s][info][gc] GC(2627) Pause Young (Normal) (G1 Evacuation Pause) 3092M->19M(5128M) 2.112ms
[633.218s][info][gc] GC(2628) Pause Young (Normal) (G1 Evacuation Pause) 3091M->19M(5128M) 2.019ms
[633.338s][info][gc] GC(2629) Pause Young (Normal) (G1 Evacuation Pause) 3091M->19M(5128M) 1.838ms
[633.457s][info][gc] GC(2630) Pause Young (Normal) (G1 Evacuation Pause) 3091M->19M(5128M) 2.078ms
[633.576s][info][gc] GC(2631) Pause Young (Normal) (G1 Evacuation Pause) 3091M->19M(5128M) 1.836ms
[633.695s][info][gc] GC(2632) Pause Young (Normal) (G1 Evacuation Pause) 3091M->20M(5128M) 2.085ms
[633.814s][info][gc] GC(2633) Pause Young (Normal) (G1 Evacuation Pause) 3092M->19M(5128M) 2.135ms
[633.934s][info][gc] GC(2634) Pause Young (Normal) (G1 Evacuation Pause) 3091M->19M(5128M) 2.128ms
[634.053s][info][gc] GC(2635) Pause Young (Normal) (G1 Evacuation Pause) 3091M->20M(5128M) 1.964ms
[634.173s][info][gc] GC(2636) Pause Young (Normal) (G1 Evacuation Pause) 3092M->19M(5128M) 2.091ms
[634.292s][info][gc] GC(2637) Pause Young (Normal) (G1 Evacuation Pause) 3091M->19M(5128M) 2.113ms
[634.411s][info][gc] GC(2638) Pause Young (Normal) (G1 Evacuation Pause) 3091M->19M(5128M) 1.933ms
[634.531s][info][gc] GC(2639) Pause Young (Normal) (G1 Evacuation Pause) 3091M->19M(5128M) 1.992ms
[634.649s][info][gc] GC(2640) Pause Young (Normal) (G1 Evacuation Pause) 3091M->19M(5128M) 1.964ms
[634.769s][info][gc] GC(2641) Pause Young (Normal) (G1 Evacuation Pause) 3091M->20M(5128M) 2.015ms
[634.888s][info][gc] GC(2642) Pause Young (Normal) (G1 Evacuation Pause) 3092M->19M(5128M) 2.129ms
[635.007s][info][gc] GC(2643) Pause Young (Normal) (G1 Evacuation Pause) 3091M->19M(5128M) 2.086ms
[635.127s][info][gc] GC(2644) Pause Young (Normal) (G1 Evacuation Pause) 3091M->19M(5128M) 2.125ms
[635.247s][info][gc] GC(2645) Pause Young (Normal) (G1 Evacuation Pause) 3091M->20M(5128M) 2.044ms
[635.367s][info][gc] GC(2646) Pause Young (Normal) (G1 Evacuation Pause) 3092M->19M(5128M) 1.820ms
[635.486s][info][gc] GC(2647) Pause Young (Normal) (G1 Evacuation Pause) 3091M->19M(5128M) 1.990ms
[635.605s][info][gc] GC(2648) Pause Young (Normal) (G1 Evacuation Pause) 3091M->19M(5128M) 1.914ms
[635.725s][info][gc] GC(2649) Pause Young (Normal) (G1 Evacuation Pause) 3091M->19M(5128M) 1.994ms
[635.844s][info][gc] GC(2650) Pause Young (Normal) (G1 Evacuation Pause) 3091M->20M(5128M) 1.976ms
[635.963s][info][gc] GC(2651) Pause Young (Normal) (G1 Evacuation Pause) 3092M->20M(5128M) 2.030ms
[636.082s][info][gc] GC(2652) Pause Young (Normal) (G1 Evacuation Pause) 3092M->20M(5128M) 1.888ms
[636.202s][info][gc] GC(2653) Pause Young (Normal) (G1 Evacuation Pause) 3092M->19M(5128M) 2.325ms
[636.321s][info][gc] GC(2654) Pause Young (Normal) (G1 Evacuation Pause) 3091M->20M(5128M) 1.959ms
[636.440s][info][gc] GC(2655) Pause Young (Normal) (G1 Evacuation Pause) 3092M->19M(5128M) 1.893ms
[636.560s][info][gc] GC(2656) Pause Young (Normal) (G1 Evacuation Pause) 3091M->19M(5128M) 1.819ms
[636.679s][info][gc] GC(2657) Pause Young (Normal) (G1 Evacuation Pause) 3091M->19M(5128M) 2.041ms
[636.798s][info][gc] GC(2658) Pause Young (Normal) (G1 Evacuation Pause) 3091M->19M(5128M) 2.159ms
[636.917s][info][gc] GC(2659) Pause Young (Normal) (G1 Evacuation Pause) 3091M->19M(5128M) 1.923ms
[637.037s][info][gc] GC(2660) Pause Young (Normal) (G1 Evacuation Pause) 3091M->19M(5128M) 2.019ms
[637.156s][info][gc] GC(2661) Pause Young (Normal) (G1 Evacuation Pause) 3091M->19M(5128M) 1.993ms
[637.275s][info][gc] GC(2662) Pause Young (Normal) (G1 Evacuation Pause) 3091M->19M(5128M) 1.954ms
[637.394s][info][gc] GC(2663) Pause Young (Normal) (G1 Evacuation Pause) 3091M->19M(5128M) 1.972ms
[637.513s][info][gc] GC(2664) Pause Young (Normal) (G1 Evacuation Pause) 3091M->19M(5128M) 1.755ms
[637.632s][info][gc] GC(2665) Pause Young (Normal) (G1 Evacuation Pause) 3091M->19M(5128M) 2.063ms
[637.751s][info][gc] GC(2666) Pause Young (Normal) (G1 Evacuation Pause) 3091M->19M(5128M) 1.930ms
[637.870s][info][gc] GC(2667) Pause Young (Normal) (G1 Evacuation Pause) 3091M->19M(5128M) 1.980ms
[637.989s][info][gc] GC(2668) Pause Young (Normal) (G1 Evacuation Pause) 3091M->19M(5128M) 1.954ms
[638.109s][info][gc] GC(2669) Pause Young (Normal) (G1 Evacuation Pause) 3091M->19M(5128M) 1.831ms
[638.228s][info][gc] GC(2670) Pause Young (Normal) (G1 Evacuation Pause) 3091M->19M(5128M) 2.059ms
[638.347s][info][gc] GC(2671) Pause Young (Normal) (G1 Evacuation Pause) 3091M->19M(5128M) 1.925ms
[638.467s][info][gc] GC(2672) Pause Young (Normal) (G1 Evacuation Pause) 3091M->19M(5128M) 2.058ms
[638.586s][info][gc] GC(2673) Pause Young (Normal) (G1 Evacuation Pause) 3091M->19M(5128M) 1.984ms
[638.706s][info][gc] GC(2674) Pause Young (Normal) (G1 Evacuation Pause) 3091M->19M(5128M) 1.868ms
[638.825s][info][gc] GC(2675) Pause Young (Normal) (G1 Evacuation Pause) 3091M->19M(5128M) 2.113ms
[638.945s][info][gc] GC(2676) Pause Young (Normal) (G1 Evacuation Pause) 3091M->19M(5128M) 2.091ms
[639.064s][info][gc] GC(2677) Pause Young (Normal) (G1 Evacuation Pause) 3091M->19M(5128M) 2.083ms
[639.184s][info][gc] GC(2678) Pause Young (Normal) (G1 Evacuation Pause) 3091M->19M(5128M) 1.859ms
[639.303s][info][gc] GC(2679) Pause Young (Normal) (G1 Evacuation Pause) 3091M->20M(5128M) 1.939ms
[639.422s][info][gc] GC(2680) Pause Young (Normal) (G1 Evacuation Pause) 3092M->19M(5128M) 2.055ms
[639.541s][info][gc] GC(2681) Pause Young (Normal) (G1 Evacuation Pause) 3091M->19M(5128M) 1.938ms
[639.661s][info][gc] GC(2682) Pause Young (Normal) (G1 Evacuation Pause) 3091M->19M(5128M) 2.083ms
[639.780s][info][gc] GC(2683) Pause Young (Normal) (G1 Evacuation Pause) 3091M->19M(5128M) 1.976ms
[639.899s][info][gc] GC(2684) Pause Young (Normal) (G1 Evacuation Pause) 3091M->20M(5128M) 2.029ms
[640.018s][info][gc] GC(2685) Pause Young (Normal) (G1 Evacuation Pause) 3092M->20M(5128M) 2.067ms
[640.138s][info][gc] GC(2686) Pause Young (Normal) (G1 Evacuation Pause) 3092M->19M(5128M) 1.978ms
[640.257s][info][gc] GC(2687) Pause Young (Normal) (G1 Evacuation Pause) 3091M->20M(5128M) 1.908ms
[640.376s][info][gc] GC(2688) Pause Young (Normal) (G1 Evacuation Pause) 3092M->19M(5128M) 1.943ms
[640.495s][info][gc] GC(2689) Pause Young (Normal) (G1 Evacuation Pause) 3091M->20M(5128M) 1.980ms
[640.615s][info][gc] GC(2690) Pause Young (Normal) (G1 Evacuation Pause) 3092M->19M(5128M) 2.016ms
[640.734s][info][gc] GC(2691) Pause Young (Normal) (G1 Evacuation Pause) 3091M->19M(5128M) 1.962ms
[640.853s][info][gc] GC(2692) Pause Young (Normal) (G1 Evacuation Pause) 3091M->19M(5128M) 1.981ms
[640.972s][info][gc] GC(2693) Pause Young (Normal) (G1 Evacuation Pause) 3091M->19M(5128M) 2.088ms
[641.092s][info][gc] GC(2694) Pause Young (Normal) (G1 Evacuation Pause) 3091M->20M(5128M) 2.090ms
[641.211s][info][gc] GC(2695) Pause Young (Normal) (G1 Evacuation Pause) 3092M->19M(5128M) 2.021ms
[641.330s][info][gc] GC(2696) Pause Young (Normal) (G1 Evacuation Pause) 3091M->19M(5128M) 1.924ms
[641.449s][info][gc] GC(2697) Pause Young (Normal) (G1 Evacuation Pause) 3091M->19M(5128M) 1.871ms
[641.568s][info][gc] GC(2698) Pause Young (Normal) (G1 Evacuation Pause) 3091M->19M(5128M) 1.878ms
[641.687s][info][gc] GC(2699) Pause Young (Normal) (G1 Evacuation Pause) 3091M->19M(5128M) 2.000ms
[641.807s][info][gc] GC(2700) Pause Young (Normal) (G1 Evacuation Pause) 3091M->19M(5128M) 2.143ms
[641.926s][info][gc] GC(2701) Pause Young (Normal) (G1 Evacuation Pause) 3091M->19M(5128M) 1.964ms
[642.046s][info][gc] GC(2702) Pause Young (Normal) (G1 Evacuation Pause) 3091M->19M(5128M) 1.940ms
[642.166s][info][gc] GC(2703) Pause Young (Normal) (G1 Evacuation Pause) 3091M->19M(5128M) 2.092ms
[642.286s][info][gc] GC(2704) Pause Young (Normal) (G1 Evacuation Pause) 3091M->19M(5128M) 1.947ms
[642.405s][info][gc] GC(2705) Pause Young (Normal) (G1 Evacuation Pause) 3091M->19M(5128M) 2.110ms
[642.525s][info][gc] GC(2706) Pause Young (Normal) (G1 Evacuation Pause) 3091M->19M(5128M) 1.981ms
[642.644s][info][gc] GC(2707) Pause Young (Normal) (G1 Evacuation Pause) 3091M->19M(5128M) 2.035ms
[642.764s][info][gc] GC(2708) Pause Young (Normal) (G1 Evacuation Pause) 3091M->19M(5128M) 1.986ms
[642.883s][info][gc] GC(2709) Pause Young (Normal) (G1 Evacuation Pause) 3091M->19M(5128M) 1.998ms
[643.003s][info][gc] GC(2710) Pause Young (Normal) (G1 Evacuation Pause) 3091M->20M(5128M) 2.061ms
[643.122s][info][gc] GC(2711) Pause Young (Normal) (G1 Evacuation Pause) 3092M->19M(5128M) 1.963ms
[643.242s][info][gc] GC(2712) Pause Young (Normal) (G1 Evacuation Pause) 3091M->19M(5128M) 2.057ms
[643.361s][info][gc] GC(2713) Pause Young (Normal) (G1 Evacuation Pause) 3091M->19M(5128M) 1.907ms
[643.480s][info][gc] GC(2714) Pause Young (Normal) (G1 Evacuation Pause) 3091M->19M(5128M) 1.974ms
[643.600s][info][gc] GC(2715) Pause Young (Normal) (G1 Evacuation Pause) 3091M->19M(5128M) 2.144ms
[643.719s][info][gc] GC(2716) Pause Young (Normal) (G1 Evacuation Pause) 3091M->19M(5128M) 1.797ms
[643.838s][info][gc] GC(2717) Pause Young (Normal) (G1 Evacuation Pause) 3091M->19M(5128M) 1.896ms
[643.957s][info][gc] GC(2718) Pause Young (Normal) (G1 Evacuation Pause) 3091M->19M(5128M) 1.899ms
[644.077s][info][gc] GC(2719) Pause Young (Normal) (G1 Evacuation Pause) 3091M->19M(5128M) 2.272ms
[644.197s][info][gc] GC(2720) Pause Young (Normal) (G1 Evacuation Pause) 3091M->19M(5128M) 2.171ms
[644.317s][info][gc] GC(2721) Pause Young (Normal) (G1 Evacuation Pause) 3091M->19M(5128M) 2.149ms
[644.436s][info][gc] GC(2722) Pause Young (Normal) (G1 Evacuation Pause) 3091M->19M(5128M) 1.971ms
[644.555s][info][gc] GC(2723) Pause Young (Normal) (G1 Evacuation Pause) 3091M->19M(5128M) 1.855ms
[644.674s][info][gc] GC(2724) Pause Young (Normal) (G1 Evacuation Pause) 3091M->19M(5128M) 2.027ms
[644.793s][info][gc] GC(2725) Pause Young (Normal) (G1 Evacuation Pause) 3091M->19M(5128M) 1.930ms
[644.913s][info][gc] GC(2726) Pause Young (Normal) (G1 Evacuation Pause) 3091M->20M(5128M) 2.094ms
[645.032s][info][gc] GC(2727) Pause Young (Normal) (G1 Evacuation Pause) 3092M->20M(5128M) 2.010ms
[645.151s][info][gc] GC(2728) Pause Young (Normal) (G1 Evacuation Pause) 3092M->19M(5128M) 1.973ms
[645.270s][info][gc] GC(2729) Pause Young (Normal) (G1 Evacuation Pause) 3091M->19M(5128M) 1.804ms
[645.390s][info][gc] GC(2730) Pause Young (Normal) (G1 Evacuation Pause) 3091M->20M(5128M) 2.349ms
[645.509s][info][gc] GC(2731) Pause Young (Normal) (G1 Evacuation Pause) 3092M->19M(5128M) 1.939ms
[645.628s][info][gc] GC(2732) Pause Young (Normal) (G1 Evacuation Pause) 3091M->19M(5128M) 1.798ms
[645.747s][info][gc] GC(2733) Pause Young (Normal) (G1 Evacuation Pause) 3091M->19M(5128M) 2.009ms
[645.866s][info][gc] GC(2734) Pause Young (Normal) (G1 Evacuation Pause) 3091M->19M(5128M) 2.024ms
[645.985s][info][gc] GC(2735) Pause Young (Normal) (G1 Evacuation Pause) 3091M->19M(5128M) 2.016ms
[646.105s][info][gc] GC(2736) Pause Young (Normal) (G1 Evacuation Pause) 3091M->19M(5128M) 1.994ms
[646.224s][info][gc] GC(2737) Pause Young (Normal) (G1 Evacuation Pause) 3091M->19M(5128M) 2.074ms
[646.343s][info][gc] GC(2738) Pause Young (Normal) (G1 Evacuation Pause) 3091M->19M(5128M) 1.947ms
[646.463s][info][gc] GC(2739) Pause Young (Normal) (G1 Evacuation Pause) 3091M->19M(5128M) 2.038ms
[646.582s][info][gc] GC(2740) Pause Young (Normal) (G1 Evacuation Pause) 3091M->19M(5128M) 1.949ms
[646.701s][info][gc] GC(2741) Pause Young (Normal) (G1 Evacuation Pause) 3091M->19M(5128M) 1.909ms
[646.820s][info][gc] GC(2742) Pause Young (Normal) (G1 Evacuation Pause) 3091M->19M(5128M) 1.981ms
[646.939s][info][gc] GC(2743) Pause Young (Normal) (G1 Evacuation Pause) 3091M->19M(5128M) 2.121ms
[647.059s][info][gc] GC(2744) Pause Young (Normal) (G1 Evacuation Pause) 3091M->19M(5128M) 2.125ms
[647.179s][info][gc] GC(2745) Pause Young (Normal) (G1 Evacuation Pause) 3091M->19M(5128M) 2.220ms
[647.298s][info][gc] GC(2746) Pause Young (Normal) (G1 Evacuation Pause) 3091M->19M(5128M) 1.939ms
[647.417s][info][gc] GC(2747) Pause Young (Normal) (G1 Evacuation Pause) 3091M->19M(5128M) 2.012ms
[647.536s][info][gc] GC(2748) Pause Young (Normal) (G1 Evacuation Pause) 3091M->19M(5128M) 2.008ms
[647.655s][info][gc] GC(2749) Pause Young (Normal) (G1 Evacuation Pause) 3091M->19M(5128M) 1.891ms
[647.774s][info][gc] GC(2750) Pause Young (Normal) (G1 Evacuation Pause) 3091M->19M(5128M) 2.099ms
[647.893s][info][gc] GC(2751) Pause Young (Normal) (G1 Evacuation Pause) 3091M->19M(5128M) 2.045ms
[648.012s][info][gc] GC(2752) Pause Young (Normal) (G1 Evacuation Pause) 3091M->19M(5128M) 2.064ms
[648.132s][info][gc] GC(2753) Pause Young (Normal) (G1 Evacuation Pause) 3091M->19M(5128M) 1.957ms
[648.251s][info][gc] GC(2754) Pause Young (Normal) (G1 Evacuation Pause) 3091M->20M(5128M) 2.380ms
[648.370s][info][gc] GC(2755) Pause Young (Normal) (G1 Evacuation Pause) 3092M->19M(5128M) 2.090ms
[648.489s][info][gc] GC(2756) Pause Young (Normal) (G1 Evacuation Pause) 3091M->19M(5128M) 1.992ms
[648.608s][info][gc] GC(2757) Pause Young (Normal) (G1 Evacuation Pause) 3091M->20M(5128M) 2.027ms
[648.728s][info][gc] GC(2758) Pause Young (Normal) (G1 Evacuation Pause) 3092M->19M(5128M) 2.170ms
[648.847s][info][gc] GC(2759) Pause Young (Normal) (G1 Evacuation Pause) 3091M->19M(5128M) 2.147ms
[648.966s][info][gc] GC(2760) Pause Young (Normal) (G1 Evacuation Pause) 3091M->19M(5128M) 2.021ms
[649.085s][info][gc] GC(2761) Pause Young (Normal) (G1 Evacuation Pause) 3091M->19M(5128M) 2.088ms
[649.204s][info][gc] GC(2762) Pause Young (Normal) (G1 Evacuation Pause) 3091M->19M(5128M) 1.884ms
benchmarkAvgTime : 5000
nbThread : 32
[650.354s][info][gc] GC(2763) Pause Young (Normal) (G1 Evacuation Pause) 3091M->23M(5128M) 1.855ms
[650.440s][info][gc] GC(2764) Pause Young (Normal) (G1 Evacuation Pause) 3091M->23M(5128M) 1.840ms
[650.523s][info][gc] GC(2765) Pause Young (Normal) (G1 Evacuation Pause) 3091M->24M(5128M) 1.822ms
[650.606s][info][gc] GC(2766) Pause Young (Normal) (G1 Evacuation Pause) 3092M->23M(5128M) 1.769ms
[650.691s][info][gc] GC(2767) Pause Young (Normal) (G1 Evacuation Pause) 3091M->23M(5128M) 1.689ms
[650.780s][info][gc] GC(2768) Pause Young (Normal) (G1 Evacuation Pause) 3091M->23M(5128M) 1.699ms
[650.863s][info][gc] GC(2769) Pause Young (Normal) (G1 Evacuation Pause) 3091M->23M(5128M) 1.722ms
[650.946s][info][gc] GC(2770) Pause Young (Normal) (G1 Evacuation Pause) 3091M->23M(5128M) 1.898ms
[651.031s][info][gc] GC(2771) Pause Young (Normal) (G1 Evacuation Pause) 3091M->23M(5128M) 1.767ms
[651.112s][info][gc] GC(2772) Pause Young (Normal) (G1 Evacuation Pause) 3091M->23M(5128M) 1.723ms
[651.194s][info][gc] GC(2773) Pause Young (Normal) (G1 Evacuation Pause) 3091M->23M(5128M) 1.794ms
[651.276s][info][gc] GC(2774) Pause Young (Normal) (G1 Evacuation Pause) 3091M->23M(5128M) 1.703ms
[651.362s][info][gc] GC(2775) Pause Young (Normal) (G1 Evacuation Pause) 3091M->23M(5128M) 1.840ms
[651.445s][info][gc] GC(2776) Pause Young (Normal) (G1 Evacuation Pause) 3091M->23M(5128M) 1.718ms
[651.530s][info][gc] GC(2777) Pause Young (Normal) (G1 Evacuation Pause) 3091M->23M(5128M) 1.880ms
[651.616s][info][gc] GC(2778) Pause Young (Normal) (G1 Evacuation Pause) 3091M->23M(5128M) 3.252ms
[651.702s][info][gc] GC(2779) Pause Young (Normal) (G1 Evacuation Pause) 3095M->23M(5128M) 2.378ms
[651.789s][info][gc] GC(2780) Pause Young (Normal) (G1 Evacuation Pause) 3095M->23M(5128M) 2.136ms
[651.874s][info][gc] GC(2781) Pause Young (Normal) (G1 Evacuation Pause) 3095M->23M(5128M) 2.204ms
[651.962s][info][gc] GC(2782) Pause Young (Normal) (G1 Evacuation Pause) 3095M->23M(5128M) 2.511ms
[652.052s][info][gc] GC(2783) Pause Young (Normal) (G1 Evacuation Pause) 3095M->23M(5128M) 2.054ms
[652.142s][info][gc] GC(2784) Pause Young (Normal) (G1 Evacuation Pause) 3095M->23M(5128M) 2.197ms
[652.232s][info][gc] GC(2785) Pause Young (Normal) (G1 Evacuation Pause) 3095M->23M(5128M) 2.127ms
[652.322s][info][gc] GC(2786) Pause Young (Normal) (G1 Evacuation Pause) 3095M->23M(5128M) 2.152ms
[652.413s][info][gc] GC(2787) Pause Young (Normal) (G1 Evacuation Pause) 3095M->23M(5128M) 2.244ms
[652.503s][info][gc] GC(2788) Pause Young (Normal) (G1 Evacuation Pause) 3095M->23M(5128M) 2.105ms
[652.593s][info][gc] GC(2789) Pause Young (Normal) (G1 Evacuation Pause) 3095M->23M(5128M) 1.935ms
[652.683s][info][gc] GC(2790) Pause Young (Normal) (G1 Evacuation Pause) 3095M->23M(5128M) 2.312ms
[652.772s][info][gc] GC(2791) Pause Young (Normal) (G1 Evacuation Pause) 3095M->23M(5128M) 2.031ms
[652.862s][info][gc] GC(2792) Pause Young (Normal) (G1 Evacuation Pause) 3095M->23M(5128M) 1.876ms
[652.952s][info][gc] GC(2793) Pause Young (Normal) (G1 Evacuation Pause) 3095M->23M(5128M) 2.081ms
[653.042s][info][gc] GC(2794) Pause Young (Normal) (G1 Evacuation Pause) 3095M->23M(5128M) 2.276ms
[653.132s][info][gc] GC(2795) Pause Young (Normal) (G1 Evacuation Pause) 3095M->23M(5128M) 2.172ms
[653.223s][info][gc] GC(2796) Pause Young (Normal) (G1 Evacuation Pause) 3095M->23M(5128M) 2.174ms
[653.312s][info][gc] GC(2797) Pause Young (Normal) (G1 Evacuation Pause) 3095M->23M(5128M) 1.915ms
[653.402s][info][gc] GC(2798) Pause Young (Normal) (G1 Evacuation Pause) 3095M->23M(5128M) 2.230ms
[653.492s][info][gc] GC(2799) Pause Young (Normal) (G1 Evacuation Pause) 3095M->23M(5128M) 2.148ms
[653.582s][info][gc] GC(2800) Pause Young (Normal) (G1 Evacuation Pause) 3095M->23M(5128M) 2.232ms
[653.672s][info][gc] GC(2801) Pause Young (Normal) (G1 Evacuation Pause) 3095M->23M(5128M) 2.387ms
[653.762s][info][gc] GC(2802) Pause Young (Normal) (G1 Evacuation Pause) 3095M->23M(5128M) 1.956ms
[653.853s][info][gc] GC(2803) Pause Young (Normal) (G1 Evacuation Pause) 3095M->23M(5128M) 2.078ms
[653.943s][info][gc] GC(2804) Pause Young (Normal) (G1 Evacuation Pause) 3095M->23M(5128M) 1.894ms
[654.033s][info][gc] GC(2805) Pause Young (Normal) (G1 Evacuation Pause) 3095M->23M(5128M) 2.027ms
[654.123s][info][gc] GC(2806) Pause Young (Normal) (G1 Evacuation Pause) 3095M->23M(5128M) 2.152ms
[654.212s][info][gc] GC(2807) Pause Young (Normal) (G1 Evacuation Pause) 3095M->24M(5128M) 2.032ms
[654.302s][info][gc] GC(2808) Pause Young (Normal) (G1 Evacuation Pause) 3092M->23M(5128M) 1.930ms
[654.392s][info][gc] GC(2809) Pause Young (Normal) (G1 Evacuation Pause) 3095M->23M(5128M) 2.040ms
[654.482s][info][gc] GC(2810) Pause Young (Normal) (G1 Evacuation Pause) 3095M->23M(5128M) 2.084ms
[654.572s][info][gc] GC(2811) Pause Young (Normal) (G1 Evacuation Pause) 3095M->23M(5128M) 1.979ms
[654.662s][info][gc] GC(2812) Pause Young (Normal) (G1 Evacuation Pause) 3095M->23M(5128M) 1.740ms
[654.751s][info][gc] GC(2813) Pause Young (Normal) (G1 Evacuation Pause) 3095M->23M(5128M) 1.955ms
[654.841s][info][gc] GC(2814) Pause Young (Normal) (G1 Evacuation Pause) 3095M->23M(5128M) 1.811ms
[654.931s][info][gc] GC(2815) Pause Young (Normal) (G1 Evacuation Pause) 3095M->23M(5128M) 1.916ms
[655.022s][info][gc] GC(2816) Pause Young (Normal) (G1 Evacuation Pause) 3095M->23M(5128M) 2.491ms
[655.112s][info][gc] GC(2817) Pause Young (Normal) (G1 Evacuation Pause) 3095M->23M(5128M) 2.477ms
[655.202s][info][gc] GC(2818) Pause Young (Normal) (G1 Evacuation Pause) 3095M->23M(5128M) 2.095ms
[655.292s][info][gc] GC(2819) Pause Young (Normal) (G1 Evacuation Pause) 3095M->23M(5128M) 1.947ms
[655.382s][info][gc] GC(2820) Pause Young (Normal) (G1 Evacuation Pause) 3095M->23M(5128M) 1.851ms
[655.472s][info][gc] GC(2821) Pause Young (Normal) (G1 Evacuation Pause) 3095M->23M(5128M) 1.915ms
[655.561s][info][gc] GC(2822) Pause Young (Normal) (G1 Evacuation Pause) 3095M->22M(5128M) 1.988ms
[655.651s][info][gc] GC(2823) Pause Young (Normal) (G1 Evacuation Pause) 3094M->23M(5128M) 1.921ms
[655.741s][info][gc] GC(2824) Pause Young (Normal) (G1 Evacuation Pause) 3095M->23M(5128M) 1.847ms
[655.831s][info][gc] GC(2825) Pause Young (Normal) (G1 Evacuation Pause) 3095M->23M(5128M) 2.138ms
[655.921s][info][gc] GC(2826) Pause Young (Normal) (G1 Evacuation Pause) 3095M->23M(5128M) 1.980ms
[656.011s][info][gc] GC(2827) Pause Young (Normal) (G1 Evacuation Pause) 3095M->23M(5128M) 1.820ms
[656.101s][info][gc] GC(2828) Pause Young (Normal) (G1 Evacuation Pause) 3095M->23M(5128M) 1.909ms
[656.191s][info][gc] GC(2829) Pause Young (Normal) (G1 Evacuation Pause) 3095M->23M(5128M) 2.214ms
[656.281s][info][gc] GC(2830) Pause Young (Normal) (G1 Evacuation Pause) 3095M->23M(5128M) 1.910ms
[656.370s][info][gc] GC(2831) Pause Young (Normal) (G1 Evacuation Pause) 3095M->23M(5128M) 1.821ms
[656.460s][info][gc] GC(2832) Pause Young (Normal) (G1 Evacuation Pause) 3095M->23M(5128M) 1.820ms
[656.551s][info][gc] GC(2833) Pause Young (Normal) (G1 Evacuation Pause) 3095M->23M(5128M) 2.057ms
[656.641s][info][gc] GC(2834) Pause Young (Normal) (G1 Evacuation Pause) 3095M->23M(5128M) 1.791ms
[656.730s][info][gc] GC(2835) Pause Young (Normal) (G1 Evacuation Pause) 3095M->23M(5128M) 2.007ms
[656.820s][info][gc] GC(2836) Pause Young (Normal) (G1 Evacuation Pause) 3095M->23M(5128M) 1.834ms
[656.910s][info][gc] GC(2837) Pause Young (Normal) (G1 Evacuation Pause) 3095M->23M(5128M) 1.901ms
[657.000s][info][gc] GC(2838) Pause Young (Normal) (G1 Evacuation Pause) 3095M->23M(5128M) 1.880ms
[657.089s][info][gc] GC(2839) Pause Young (Normal) (G1 Evacuation Pause) 3095M->23M(5128M) 1.813ms
[657.179s][info][gc] GC(2840) Pause Young (Normal) (G1 Evacuation Pause) 3095M->23M(5128M) 2.240ms
[657.269s][info][gc] GC(2841) Pause Young (Normal) (G1 Evacuation Pause) 3091M->23M(5128M) 2.064ms
[657.359s][info][gc] GC(2842) Pause Young (Normal) (G1 Evacuation Pause) 3095M->23M(5128M) 1.836ms
[657.449s][info][gc] GC(2843) Pause Young (Normal) (G1 Evacuation Pause) 3095M->23M(5128M) 1.827ms
[657.539s][info][gc] GC(2844) Pause Young (Normal) (G1 Evacuation Pause) 3095M->23M(5128M) 2.065ms
[657.629s][info][gc] GC(2845) Pause Young (Normal) (G1 Evacuation Pause) 3095M->23M(5128M) 1.996ms
[657.719s][info][gc] GC(2846) Pause Young (Normal) (G1 Evacuation Pause) 3095M->23M(5128M) 2.005ms
[657.809s][info][gc] GC(2847) Pause Young (Normal) (G1 Evacuation Pause) 3095M->23M(5128M) 2.073ms
[657.899s][info][gc] GC(2848) Pause Young (Normal) (G1 Evacuation Pause) 3095M->23M(5128M) 1.780ms
[657.988s][info][gc] GC(2849) Pause Young (Normal) (G1 Evacuation Pause) 3095M->23M(5128M) 1.703ms
[658.078s][info][gc] GC(2850) Pause Young (Normal) (G1 Evacuation Pause) 3095M->23M(5128M) 1.713ms
[658.168s][info][gc] GC(2851) Pause Young (Normal) (G1 Evacuation Pause) 3095M->23M(5128M) 1.866ms
[658.259s][info][gc] GC(2852) Pause Young (Normal) (G1 Evacuation Pause) 3095M->23M(5128M) 2.079ms
[658.349s][info][gc] GC(2853) Pause Young (Normal) (G1 Evacuation Pause) 3095M->23M(5128M) 1.926ms
[658.438s][info][gc] GC(2854) Pause Young (Normal) (G1 Evacuation Pause) 3095M->23M(5128M) 2.010ms
[658.528s][info][gc] GC(2855) Pause Young (Normal) (G1 Evacuation Pause) 3095M->23M(5128M) 2.004ms
[658.618s][info][gc] GC(2856) Pause Young (Normal) (G1 Evacuation Pause) 3095M->23M(5128M) 1.789ms
[658.708s][info][gc] GC(2857) Pause Young (Normal) (G1 Evacuation Pause) 3095M->23M(5128M) 2.019ms
[658.798s][info][gc] GC(2858) Pause Young (Normal) (G1 Evacuation Pause) 3095M->23M(5128M) 1.806ms
[658.888s][info][gc] GC(2859) Pause Young (Normal) (G1 Evacuation Pause) 3095M->23M(5128M) 1.957ms
[658.978s][info][gc] GC(2860) Pause Young (Normal) (G1 Evacuation Pause) 3095M->23M(5128M) 2.018ms
[659.068s][info][gc] GC(2861) Pause Young (Normal) (G1 Evacuation Pause) 3095M->23M(5128M) 1.891ms
[659.158s][info][gc] GC(2862) Pause Young (Normal) (G1 Evacuation Pause) 3095M->23M(5128M) 1.963ms
[659.248s][info][gc] GC(2863) Pause Young (Normal) (G1 Evacuation Pause) 3095M->22M(5128M) 2.046ms
[659.337s][info][gc] GC(2864) Pause Young (Normal) (G1 Evacuation Pause) 3094M->23M(5128M) 1.754ms
[659.427s][info][gc] GC(2865) Pause Young (Normal) (G1 Evacuation Pause) 3095M->23M(5128M) 1.761ms
[659.517s][info][gc] GC(2866) Pause Young (Normal) (G1 Evacuation Pause) 3095M->23M(5128M) 1.694ms
[659.607s][info][gc] GC(2867) Pause Young (Normal) (G1 Evacuation Pause) 3095M->23M(5128M) 1.810ms
[659.697s][info][gc] GC(2868) Pause Young (Normal) (G1 Evacuation Pause) 3095M->23M(5128M) 1.951ms
[659.786s][info][gc] GC(2869) Pause Young (Normal) (G1 Evacuation Pause) 3095M->23M(5128M) 1.800ms
[659.876s][info][gc] GC(2870) Pause Young (Normal) (G1 Evacuation Pause) 3091M->23M(5128M) 1.904ms
[659.966s][info][gc] GC(2871) Pause Young (Normal) (G1 Evacuation Pause) 3095M->23M(5128M) 1.863ms
[660.055s][info][gc] GC(2872) Pause Young (Normal) (G1 Evacuation Pause) 3095M->23M(5128M) 1.832ms
[660.145s][info][gc] GC(2873) Pause Young (Normal) (G1 Evacuation Pause) 3095M->23M(5128M) 1.707ms
[660.235s][info][gc] GC(2874) Pause Young (Normal) (G1 Evacuation Pause) 3095M->23M(5128M) 1.978ms
[660.325s][info][gc] GC(2875) Pause Young (Normal) (G1 Evacuation Pause) 3095M->23M(5128M) 1.907ms
[660.415s][info][gc] GC(2876) Pause Young (Normal) (G1 Evacuation Pause) 3095M->23M(5128M) 1.831ms
[660.505s][info][gc] GC(2877) Pause Young (Normal) (G1 Evacuation Pause) 3095M->23M(5128M) 1.886ms
[660.594s][info][gc] GC(2878) Pause Young (Normal) (G1 Evacuation Pause) 3095M->23M(5128M) 1.989ms
[660.684s][info][gc] GC(2879) Pause Young (Normal) (G1 Evacuation Pause) 3095M->23M(5128M) 1.736ms
[660.773s][info][gc] GC(2880) Pause Young (Normal) (G1 Evacuation Pause) 3095M->23M(5128M) 2.178ms
[660.863s][info][gc] GC(2881) Pause Young (Normal) (G1 Evacuation Pause) 3095M->23M(5128M) 1.765ms
[660.953s][info][gc] GC(2882) Pause Young (Normal) (G1 Evacuation Pause) 3095M->23M(5128M) 2.159ms
[661.043s][info][gc] GC(2883) Pause Young (Normal) (G1 Evacuation Pause) 3095M->23M(5128M) 2.195ms
[661.133s][info][gc] GC(2884) Pause Young (Normal) (G1 Evacuation Pause) 3095M->23M(5128M) 1.995ms
[661.223s][info][gc] GC(2885) Pause Young (Normal) (G1 Evacuation Pause) 3095M->23M(5128M) 1.953ms
[661.313s][info][gc] GC(2886) Pause Young (Normal) (G1 Evacuation Pause) 3095M->23M(5128M) 1.963ms
[661.402s][info][gc] GC(2887) Pause Young (Normal) (G1 Evacuation Pause) 3095M->23M(5128M) 1.881ms
[661.492s][info][gc] GC(2888) Pause Young (Normal) (G1 Evacuation Pause) 3095M->23M(5128M) 1.877ms
[661.582s][info][gc] GC(2889) Pause Young (Normal) (G1 Evacuation Pause) 3095M->23M(5128M) 1.878ms
[661.672s][info][gc] GC(2890) Pause Young (Normal) (G1 Evacuation Pause) 3095M->23M(5128M) 1.929ms
[661.761s][info][gc] GC(2891) Pause Young (Normal) (G1 Evacuation Pause) 3095M->23M(5128M) 1.825ms
[661.851s][info][gc] GC(2892) Pause Young (Normal) (G1 Evacuation Pause) 3095M->23M(5128M) 1.932ms
[661.941s][info][gc] GC(2893) Pause Young (Normal) (G1 Evacuation Pause) 3095M->23M(5128M) 1.906ms
[662.031s][info][gc] GC(2894) Pause Young (Normal) (G1 Evacuation Pause) 3095M->23M(5128M) 1.799ms
[662.121s][info][gc] GC(2895) Pause Young (Normal) (G1 Evacuation Pause) 3095M->23M(5128M) 1.912ms
[662.211s][info][gc] GC(2896) Pause Young (Normal) (G1 Evacuation Pause) 3095M->23M(5128M) 1.863ms
[662.302s][info][gc] GC(2897) Pause Young (Normal) (G1 Evacuation Pause) 3091M->23M(5128M) 2.097ms
[662.392s][info][gc] GC(2898) Pause Young (Normal) (G1 Evacuation Pause) 3095M->23M(5128M) 1.864ms
[662.482s][info][gc] GC(2899) Pause Young (Normal) (G1 Evacuation Pause) 3095M->23M(5128M) 1.904ms
[662.572s][info][gc] GC(2900) Pause Young (Normal) (G1 Evacuation Pause) 3095M->23M(5128M) 1.997ms
[662.662s][info][gc] GC(2901) Pause Young (Normal) (G1 Evacuation Pause) 3095M->23M(5128M) 1.728ms
[662.752s][info][gc] GC(2902) Pause Young (Normal) (G1 Evacuation Pause) 3095M->23M(5128M) 1.979ms
[662.842s][info][gc] GC(2903) Pause Young (Normal) (G1 Evacuation Pause) 3095M->23M(5128M) 2.011ms
[662.932s][info][gc] GC(2904) Pause Young (Normal) (G1 Evacuation Pause) 3095M->23M(5128M) 1.938ms
[663.021s][info][gc] GC(2905) Pause Young (Normal) (G1 Evacuation Pause) 3095M->23M(5128M) 1.836ms
[663.111s][info][gc] GC(2906) Pause Young (Normal) (G1 Evacuation Pause) 3095M->23M(5128M) 1.725ms
[663.201s][info][gc] GC(2907) Pause Young (Normal) (G1 Evacuation Pause) 3095M->23M(5128M) 1.820ms
[663.291s][info][gc] GC(2908) Pause Young (Normal) (G1 Evacuation Pause) 3095M->23M(5128M) 1.705ms
[663.380s][info][gc] GC(2909) Pause Young (Normal) (G1 Evacuation Pause) 3095M->23M(5128M) 1.911ms
[663.471s][info][gc] GC(2910) Pause Young (Normal) (G1 Evacuation Pause) 3095M->23M(5128M) 1.905ms
[663.561s][info][gc] GC(2911) Pause Young (Normal) (G1 Evacuation Pause) 3095M->23M(5128M) 1.905ms
[663.650s][info][gc] GC(2912) Pause Young (Normal) (G1 Evacuation Pause) 3095M->23M(5128M) 1.878ms
[663.740s][info][gc] GC(2913) Pause Young (Normal) (G1 Evacuation Pause) 3095M->23M(5128M) 1.766ms
[663.830s][info][gc] GC(2914) Pause Young (Normal) (G1 Evacuation Pause) 3095M->23M(5128M) 2.018ms
[663.920s][info][gc] GC(2915) Pause Young (Normal) (G1 Evacuation Pause) 3095M->23M(5128M) 1.829ms
[664.009s][info][gc] GC(2916) Pause Young (Normal) (G1 Evacuation Pause) 3095M->23M(5128M) 1.785ms
[664.099s][info][gc] GC(2917) Pause Young (Normal) (G1 Evacuation Pause) 3095M->23M(5128M) 1.845ms
[664.189s][info][gc] GC(2918) Pause Young (Normal) (G1 Evacuation Pause) 3095M->23M(5128M) 2.096ms
[664.279s][info][gc] GC(2919) Pause Young (Normal) (G1 Evacuation Pause) 3095M->23M(5128M) 1.909ms
[664.369s][info][gc] GC(2920) Pause Young (Normal) (G1 Evacuation Pause) 3095M->23M(5128M) 2.145ms
[664.459s][info][gc] GC(2921) Pause Young (Normal) (G1 Evacuation Pause) 3095M->23M(5128M) 1.935ms
[664.549s][info][gc] GC(2922) Pause Young (Normal) (G1 Evacuation Pause) 3095M->23M(5128M) 2.128ms
[664.639s][info][gc] GC(2923) Pause Young (Normal) (G1 Evacuation Pause) 3095M->23M(5128M) 1.894ms
[664.728s][info][gc] GC(2924) Pause Young (Normal) (G1 Evacuation Pause) 3091M->23M(5128M) 1.603ms
[664.817s][info][gc] GC(2925) Pause Young (Normal) (G1 Evacuation Pause) 3095M->23M(5128M) 1.736ms
[664.907s][info][gc] GC(2926) Pause Young (Normal) (G1 Evacuation Pause) 3095M->23M(5128M) 1.707ms
[664.997s][info][gc] GC(2927) Pause Young (Normal) (G1 Evacuation Pause) 3095M->23M(5128M) 1.837ms
[665.087s][info][gc] GC(2928) Pause Young (Normal) (G1 Evacuation Pause) 3095M->23M(5128M) 2.005ms
[665.177s][info][gc] GC(2929) Pause Young (Normal) (G1 Evacuation Pause) 3095M->23M(5128M) 1.730ms
[665.267s][info][gc] GC(2930) Pause Young (Normal) (G1 Evacuation Pause) 3095M->23M(5128M) 2.078ms
[665.357s][info][gc] GC(2931) Pause Young (Normal) (G1 Evacuation Pause) 3095M->23M(5128M) 1.759ms
[665.447s][info][gc] GC(2932) Pause Young (Normal) (G1 Evacuation Pause) 3095M->23M(5128M) 2.011ms
[665.537s][info][gc] GC(2933) Pause Young (Normal) (G1 Evacuation Pause) 3095M->23M(5128M) 1.876ms
[665.627s][info][gc] GC(2934) Pause Young (Normal) (G1 Evacuation Pause) 3095M->23M(5128M) 1.924ms
[665.717s][info][gc] GC(2935) Pause Young (Normal) (G1 Evacuation Pause) 3095M->23M(5128M) 2.074ms
[665.807s][info][gc] GC(2936) Pause Young (Normal) (G1 Evacuation Pause) 3095M->23M(5128M) 1.953ms
[665.897s][info][gc] GC(2937) Pause Young (Normal) (G1 Evacuation Pause) 3095M->23M(5128M) 2.065ms
[665.987s][info][gc] GC(2938) Pause Young (Normal) (G1 Evacuation Pause) 3091M->23M(5128M) 2.017ms
[666.077s][info][gc] GC(2939) Pause Young (Normal) (G1 Evacuation Pause) 3095M->23M(5128M) 2.274ms
[666.168s][info][gc] GC(2940) Pause Young (Normal) (G1 Evacuation Pause) 3095M->23M(5128M) 2.030ms
[666.257s][info][gc] GC(2941) Pause Young (Normal) (G1 Evacuation Pause) 3095M->23M(5128M) 1.838ms
[666.348s][info][gc] GC(2942) Pause Young (Normal) (G1 Evacuation Pause) 3095M->23M(5128M) 1.958ms
[666.438s][info][gc] GC(2943) Pause Young (Normal) (G1 Evacuation Pause) 3095M->23M(5128M) 1.829ms
[666.528s][info][gc] GC(2944) Pause Young (Normal) (G1 Evacuation Pause) 3095M->23M(5128M) 1.902ms
[666.618s][info][gc] GC(2945) Pause Young (Normal) (G1 Evacuation Pause) 3095M->23M(5128M) 1.759ms
[666.707s][info][gc] GC(2946) Pause Young (Normal) (G1 Evacuation Pause) 3095M->23M(5128M) 1.976ms
[666.797s][info][gc] GC(2947) Pause Young (Normal) (G1 Evacuation Pause) 3095M->23M(5128M) 1.903ms
[666.887s][info][gc] GC(2948) Pause Young (Normal) (G1 Evacuation Pause) 3095M->23M(5128M) 1.948ms
[666.977s][info][gc] GC(2949) Pause Young (Normal) (G1 Evacuation Pause) 3095M->23M(5128M) 1.716ms
[667.067s][info][gc] GC(2950) Pause Young (Normal) (G1 Evacuation Pause) 3095M->23M(5128M) 1.876ms
[667.157s][info][gc] GC(2951) Pause Young (Normal) (G1 Evacuation Pause) 3095M->23M(5128M) 1.976ms
[667.247s][info][gc] GC(2952) Pause Young (Normal) (G1 Evacuation Pause) 3095M->23M(5128M) 1.869ms
[667.337s][info][gc] GC(2953) Pause Young (Normal) (G1 Evacuation Pause) 3095M->23M(5128M) 1.847ms
[667.427s][info][gc] GC(2954) Pause Young (Normal) (G1 Evacuation Pause) 3095M->23M(5128M) 2.005ms
[667.516s][info][gc] GC(2955) Pause Young (Normal) (G1 Evacuation Pause) 3095M->23M(5128M) 1.788ms
[667.607s][info][gc] GC(2956) Pause Young (Normal) (G1 Evacuation Pause) 3095M->23M(5128M) 1.838ms
[667.697s][info][gc] GC(2957) Pause Young (Normal) (G1 Evacuation Pause) 3095M->23M(5128M) 1.849ms
[667.786s][info][gc] GC(2958) Pause Young (Normal) (G1 Evacuation Pause) 3095M->23M(5128M) 1.872ms
[667.876s][info][gc] GC(2959) Pause Young (Normal) (G1 Evacuation Pause) 3095M->23M(5128M) 1.853ms
[667.966s][info][gc] GC(2960) Pause Young (Normal) (G1 Evacuation Pause) 3095M->23M(5128M) 2.010ms
[668.056s][info][gc] GC(2961) Pause Young (Normal) (G1 Evacuation Pause) 3095M->23M(5128M) 1.920ms
[668.146s][info][gc] GC(2962) Pause Young (Normal) (G1 Evacuation Pause) 3095M->23M(5128M) 1.928ms
[668.236s][info][gc] GC(2963) Pause Young (Normal) (G1 Evacuation Pause) 3095M->23M(5128M) 1.759ms
[668.327s][info][gc] GC(2964) Pause Young (Normal) (G1 Evacuation Pause) 3095M->23M(5128M) 2.238ms
[668.417s][info][gc] GC(2965) Pause Young (Normal) (G1 Evacuation Pause) 3095M->23M(5128M) 1.737ms
[668.507s][info][gc] GC(2966) Pause Young (Normal) (G1 Evacuation Pause) 3095M->23M(5128M) 2.243ms
[668.597s][info][gc] GC(2967) Pause Young (Normal) (G1 Evacuation Pause) 3095M->22M(5128M) 1.951ms
[668.687s][info][gc] GC(2968) Pause Young (Normal) (G1 Evacuation Pause) 3094M->23M(5128M) 2.011ms
[668.777s][info][gc] GC(2969) Pause Young (Normal) (G1 Evacuation Pause) 3095M->23M(5128M) 2.100ms
[668.866s][info][gc] GC(2970) Pause Young (Normal) (G1 Evacuation Pause) 3095M->23M(5128M) 2.069ms
[668.956s][info][gc] GC(2971) Pause Young (Normal) (G1 Evacuation Pause) 3095M->23M(5128M) 1.932ms
[669.046s][info][gc] GC(2972) Pause Young (Normal) (G1 Evacuation Pause) 3095M->23M(5128M) 1.850ms
[669.136s][info][gc] GC(2973) Pause Young (Normal) (G1 Evacuation Pause) 3095M->23M(5128M) 1.895ms
[669.226s][info][gc] GC(2974) Pause Young (Normal) (G1 Evacuation Pause) 3095M->23M(5128M) 1.724ms
[669.316s][info][gc] GC(2975) Pause Young (Normal) (G1 Evacuation Pause) 3095M->23M(5128M) 1.795ms
[669.405s][info][gc] GC(2976) Pause Young (Normal) (G1 Evacuation Pause) 3095M->23M(5128M) 1.885ms
[669.495s][info][gc] GC(2977) Pause Young (Normal) (G1 Evacuation Pause) 3095M->23M(5128M) 1.952ms
[669.585s][info][gc] GC(2978) Pause Young (Normal) (G1 Evacuation Pause) 3095M->23M(5128M) 2.039ms
[669.676s][info][gc] GC(2979) Pause Young (Normal) (G1 Evacuation Pause) 3095M->23M(5128M) 2.015ms
[669.766s][info][gc] GC(2980) Pause Young (Normal) (G1 Evacuation Pause) 3095M->23M(5128M) 1.968ms
[669.856s][info][gc] GC(2981) Pause Young (Normal) (G1 Evacuation Pause) 3095M->23M(5128M) 1.803ms
[669.946s][info][gc] GC(2982) Pause Young (Normal) (G1 Evacuation Pause) 3095M->23M(5128M) 1.982ms
[670.036s][info][gc] GC(2983) Pause Young (Normal) (G1 Evacuation Pause) 3095M->23M(5128M) 1.814ms
[670.126s][info][gc] GC(2984) Pause Young (Normal) (G1 Evacuation Pause) 3095M->23M(5128M) 1.721ms
[670.215s][info][gc] GC(2985) Pause Young (Normal) (G1 Evacuation Pause) 3095M->23M(5128M) 1.740ms
[670.305s][info][gc] GC(2986) Pause Young (Normal) (G1 Evacuation Pause) 3095M->23M(5128M) 1.750ms
[670.396s][info][gc] GC(2987) Pause Young (Normal) (G1 Evacuation Pause) 3095M->23M(5128M) 1.854ms
[670.486s][info][gc] GC(2988) Pause Young (Normal) (G1 Evacuation Pause) 3095M->23M(5128M) 2.162ms
[670.576s][info][gc] GC(2989) Pause Young (Normal) (G1 Evacuation Pause) 3095M->23M(5128M) 1.779ms
[670.666s][info][gc] GC(2990) Pause Young (Normal) (G1 Evacuation Pause) 3095M->23M(5128M) 1.755ms
[670.758s][info][gc] GC(2991) Pause Young (Normal) (G1 Evacuation Pause) 3095M->23M(5128M) 4.427ms
[670.847s][info][gc] GC(2992) Pause Young (Normal) (G1 Evacuation Pause) 3095M->23M(5128M) 1.774ms
[670.937s][info][gc] GC(2993) Pause Young (Normal) (G1 Evacuation Pause) 3095M->23M(5128M) 1.739ms
[671.027s][info][gc] GC(2994) Pause Young (Normal) (G1 Evacuation Pause) 3095M->23M(5128M) 1.927ms
[671.117s][info][gc] GC(2995) Pause Young (Normal) (G1 Evacuation Pause) 3095M->23M(5128M) 1.823ms
[671.207s][info][gc] GC(2996) Pause Young (Normal) (G1 Evacuation Pause) 3095M->23M(5128M) 1.783ms
[671.297s][info][gc] GC(2997) Pause Young (Normal) (G1 Evacuation Pause) 3095M->23M(5128M) 1.747ms
[671.387s][info][gc] GC(2998) Pause Young (Normal) (G1 Evacuation Pause) 3095M->23M(5128M) 2.361ms
[671.477s][info][gc] GC(2999) Pause Young (Normal) (G1 Evacuation Pause) 3095M->23M(5128M) 1.780ms
[671.567s][info][gc] GC(3000) Pause Young (Normal) (G1 Evacuation Pause) 3095M->23M(5128M) 1.842ms
[671.657s][info][gc] GC(3001) Pause Young (Normal) (G1 Evacuation Pause) 3095M->23M(5128M) 2.052ms
[671.747s][info][gc] GC(3002) Pause Young (Normal) (G1 Evacuation Pause) 3095M->23M(5128M) 1.875ms
[671.837s][info][gc] GC(3003) Pause Young (Normal) (G1 Evacuation Pause) 3095M->23M(5128M) 1.771ms
[671.927s][info][gc] GC(3004) Pause Young (Normal) (G1 Evacuation Pause) 3095M->23M(5128M) 2.040ms
[672.017s][info][gc] GC(3005) Pause Young (Normal) (G1 Evacuation Pause) 3095M->23M(5128M) 1.930ms
[672.107s][info][gc] GC(3006) Pause Young (Normal) (G1 Evacuation Pause) 3095M->23M(5128M) 2.041ms
[672.197s][info][gc] GC(3007) Pause Young (Normal) (G1 Evacuation Pause) 3095M->23M(5128M) 2.025ms
[672.286s][info][gc] GC(3008) Pause Young (Normal) (G1 Evacuation Pause) 3095M->23M(5128M) 1.889ms
[672.376s][info][gc] GC(3009) Pause Young (Normal) (G1 Evacuation Pause) 3095M->23M(5128M) 1.918ms
[672.466s][info][gc] GC(3010) Pause Young (Normal) (G1 Evacuation Pause) 3095M->23M(5128M) 1.744ms
[672.556s][info][gc] GC(3011) Pause Young (Normal) (G1 Evacuation Pause) 3095M->23M(5128M) 2.000ms
[672.646s][info][gc] GC(3012) Pause Young (Normal) (G1 Evacuation Pause) 3091M->23M(5128M) 1.921ms
[672.736s][info][gc] GC(3013) Pause Young (Normal) (G1 Evacuation Pause) 3095M->23M(5128M) 1.853ms
[672.826s][info][gc] GC(3014) Pause Young (Normal) (G1 Evacuation Pause) 3095M->23M(5128M) 2.049ms
[672.916s][info][gc] GC(3015) Pause Young (Normal) (G1 Evacuation Pause) 3091M->23M(5128M) 1.726ms
[673.006s][info][gc] GC(3016) Pause Young (Normal) (G1 Evacuation Pause) 3095M->23M(5128M) 2.036ms
[673.096s][info][gc] GC(3017) Pause Young (Normal) (G1 Evacuation Pause) 3095M->23M(5128M) 1.862ms
[673.186s][info][gc] GC(3018) Pause Young (Normal) (G1 Evacuation Pause) 3095M->23M(5128M) 1.992ms
[673.275s][info][gc] GC(3019) Pause Young (Normal) (G1 Evacuation Pause) 3095M->23M(5128M) 1.714ms
[673.365s][info][gc] GC(3020) Pause Young (Normal) (G1 Evacuation Pause) 3095M->23M(5128M) 1.938ms
[673.455s][info][gc] GC(3021) Pause Young (Normal) (G1 Evacuation Pause) 3095M->23M(5128M) 1.837ms
[673.545s][info][gc] GC(3022) Pause Young (Normal) (G1 Evacuation Pause) 3095M->23M(5128M) 2.070ms
[673.635s][info][gc] GC(3023) Pause Young (Normal) (G1 Evacuation Pause) 3095M->23M(5128M) 1.853ms
[673.725s][info][gc] GC(3024) Pause Young (Normal) (G1 Evacuation Pause) 3095M->23M(5128M) 1.891ms
[673.815s][info][gc] GC(3025) Pause Young (Normal) (G1 Evacuation Pause) 3095M->23M(5128M) 1.783ms
[673.905s][info][gc] GC(3026) Pause Young (Normal) (G1 Evacuation Pause) 3095M->23M(5128M) 1.828ms
[673.994s][info][gc] GC(3027) Pause Young (Normal) (G1 Evacuation Pause) 3095M->23M(5128M) 1.980ms
[674.084s][info][gc] GC(3028) Pause Young (Normal) (G1 Evacuation Pause) 3095M->23M(5128M) 1.719ms
[674.174s][info][gc] GC(3029) Pause Young (Normal) (G1 Evacuation Pause) 3095M->23M(5128M) 1.716ms
[674.264s][info][gc] GC(3030) Pause Young (Normal) (G1 Evacuation Pause) 3095M->23M(5128M) 2.087ms
[674.354s][info][gc] GC(3031) Pause Young (Normal) (G1 Evacuation Pause) 3095M->23M(5128M) 1.897ms
[674.444s][info][gc] GC(3032) Pause Young (Normal) (G1 Evacuation Pause) 3095M->23M(5128M) 1.910ms
[674.534s][info][gc] GC(3033) Pause Young (Normal) (G1 Evacuation Pause) 3095M->23M(5128M) 2.020ms
[674.624s][info][gc] GC(3034) Pause Young (Normal) (G1 Evacuation Pause) 3095M->23M(5128M) 1.893ms
[674.714s][info][gc] GC(3035) Pause Young (Normal) (G1 Evacuation Pause) 3095M->23M(5128M) 1.706ms
[674.804s][info][gc] GC(3036) Pause Young (Normal) (G1 Evacuation Pause) 3095M->23M(5128M) 1.819ms
[674.894s][info][gc] GC(3037) Pause Young (Normal) (G1 Evacuation Pause) 3095M->23M(5128M) 1.773ms
[674.984s][info][gc] GC(3038) Pause Young (Normal) (G1 Evacuation Pause) 3095M->23M(5128M) 2.077ms
[675.073s][info][gc] GC(3039) Pause Young (Normal) (G1 Evacuation Pause) 3095M->23M(5128M) 1.864ms
[675.164s][info][gc] GC(3040) Pause Young (Normal) (G1 Evacuation Pause) 3095M->23M(5128M) 1.886ms
[675.254s][info][gc] GC(3041) Pause Young (Normal) (G1 Evacuation Pause) 3095M->23M(5128M) 1.902ms
[676.346s][info][gc] GC(3042) Pause Young (Normal) (G1 Evacuation Pause) 3095M->26M(5128M) 2.086ms
[676.435s][info][gc] GC(3043) Pause Young (Normal) (G1 Evacuation Pause) 3094M->27M(5128M) 2.021ms
[676.518s][info][gc] GC(3044) Pause Young (Normal) (G1 Evacuation Pause) 3095M->27M(5128M) 1.873ms
[676.601s][info][gc] GC(3045) Pause Young (Normal) (G1 Evacuation Pause) 3095M->27M(5128M) 1.849ms
[676.688s][info][gc] GC(3046) Pause Young (Normal) (G1 Evacuation Pause) 3095M->27M(5128M) 2.449ms
[676.772s][info][gc] GC(3047) Pause Young (Normal) (G1 Evacuation Pause) 3095M->27M(5128M) 2.622ms
[676.855s][info][gc] GC(3048) Pause Young (Normal) (G1 Evacuation Pause) 3095M->27M(5128M) 1.926ms
[676.941s][info][gc] GC(3049) Pause Young (Normal) (G1 Evacuation Pause) 3095M->27M(5128M) 2.064ms
[677.026s][info][gc] GC(3050) Pause Young (Normal) (G1 Evacuation Pause) 3095M->26M(5128M) 2.050ms
[677.109s][info][gc] GC(3051) Pause Young (Normal) (G1 Evacuation Pause) 3094M->27M(5128M) 1.877ms
[677.193s][info][gc] GC(3052) Pause Young (Normal) (G1 Evacuation Pause) 3095M->27M(5128M) 2.033ms
[677.276s][info][gc] GC(3053) Pause Young (Normal) (G1 Evacuation Pause) 3095M->26M(5128M) 1.902ms
[677.358s][info][gc] GC(3054) Pause Young (Normal) (G1 Evacuation Pause) 3094M->27M(5128M) 1.997ms
[677.439s][info][gc] GC(3055) Pause Young (Normal) (G1 Evacuation Pause) 3095M->27M(5128M) 2.091ms
[677.523s][info][gc] GC(3056) Pause Young (Normal) (G1 Evacuation Pause) 3095M->26M(5128M) 1.796ms
[677.611s][info][gc] GC(3057) Pause Young (Normal) (G1 Evacuation Pause) 3094M->27M(5128M) 4.842ms
[677.694s][info][gc] GC(3058) Pause Young (Normal) (G1 Evacuation Pause) 3095M->27M(5128M) 2.573ms
[677.777s][info][gc] GC(3059) Pause Young (Normal) (G1 Evacuation Pause) 3099M->26M(5128M) 2.215ms
[677.862s][info][gc] GC(3060) Pause Young (Normal) (G1 Evacuation Pause) 3098M->26M(5128M) 2.712ms
[677.952s][info][gc] GC(3061) Pause Young (Normal) (G1 Evacuation Pause) 3098M->27M(6152M) 5.280ms
[678.080s][info][gc] GC(3062) Pause Young (Normal) (G1 Evacuation Pause) 3711M->26M(6152M) 2.314ms
[678.184s][info][gc] GC(3063) Pause Young (Normal) (G1 Evacuation Pause) 3710M->27M(6152M) 2.681ms
[678.288s][info][gc] GC(3064) Pause Young (Normal) (G1 Evacuation Pause) 3711M->27M(6152M) 2.448ms
[678.392s][info][gc] GC(3065) Pause Young (Normal) (G1 Evacuation Pause) 3711M->26M(6152M) 2.274ms
[678.496s][info][gc] GC(3066) Pause Young (Normal) (G1 Evacuation Pause) 3710M->27M(6152M) 2.469ms
[678.600s][info][gc] GC(3067) Pause Young (Normal) (G1 Evacuation Pause) 3711M->27M(6152M) 2.299ms
[678.703s][info][gc] GC(3068) Pause Young (Normal) (G1 Evacuation Pause) 3707M->27M(6152M) 2.466ms
[678.807s][info][gc] GC(3069) Pause Young (Normal) (G1 Evacuation Pause) 3711M->26M(6152M) 2.424ms
[678.911s][info][gc] GC(3070) Pause Young (Normal) (G1 Evacuation Pause) 3710M->27M(6152M) 2.306ms
[679.015s][info][gc] GC(3071) Pause Young (Normal) (G1 Evacuation Pause) 3711M->26M(6152M) 2.303ms
[679.118s][info][gc] GC(3072) Pause Young (Normal) (G1 Evacuation Pause) 3710M->27M(6152M) 2.355ms
[679.222s][info][gc] GC(3073) Pause Young (Normal) (G1 Evacuation Pause) 3711M->27M(6152M) 2.623ms
[679.326s][info][gc] GC(3074) Pause Young (Normal) (G1 Evacuation Pause) 3711M->26M(6152M) 2.445ms
[679.430s][info][gc] GC(3075) Pause Young (Normal) (G1 Evacuation Pause) 3710M->27M(6152M) 2.529ms
[679.534s][info][gc] GC(3076) Pause Young (Normal) (G1 Evacuation Pause) 3711M->27M(6152M) 2.304ms
[679.638s][info][gc] GC(3077) Pause Young (Normal) (G1 Evacuation Pause) 3707M->27M(6152M) 2.473ms
[679.741s][info][gc] GC(3078) Pause Young (Normal) (G1 Evacuation Pause) 3711M->26M(6152M) 2.250ms
[679.845s][info][gc] GC(3079) Pause Young (Normal) (G1 Evacuation Pause) 3710M->26M(6152M) 2.110ms
[679.949s][info][gc] GC(3080) Pause Young (Normal) (G1 Evacuation Pause) 3710M->26M(6152M) 2.118ms
[680.053s][info][gc] GC(3081) Pause Young (Normal) (G1 Evacuation Pause) 3710M->27M(6152M) 2.531ms
[680.157s][info][gc] GC(3082) Pause Young (Normal) (G1 Evacuation Pause) 3707M->26M(6152M) 2.281ms
[680.260s][info][gc] GC(3083) Pause Young (Normal) (G1 Evacuation Pause) 3710M->26M(6152M) 2.213ms
[680.364s][info][gc] GC(3084) Pause Young (Normal) (G1 Evacuation Pause) 3710M->27M(6152M) 2.316ms
[680.467s][info][gc] GC(3085) Pause Young (Normal) (G1 Evacuation Pause) 3711M->26M(6152M) 2.124ms
[680.571s][info][gc] GC(3086) Pause Young (Normal) (G1 Evacuation Pause) 3710M->26M(6152M) 2.227ms
[680.675s][info][gc] GC(3087) Pause Young (Normal) (G1 Evacuation Pause) 3710M->27M(6152M) 2.315ms
[680.778s][info][gc] GC(3088) Pause Young (Normal) (G1 Evacuation Pause) 3711M->27M(6152M) 2.255ms
[680.882s][info][gc] GC(3089) Pause Young (Normal) (G1 Evacuation Pause) 3711M->26M(6152M) 2.226ms
[680.986s][info][gc] GC(3090) Pause Young (Normal) (G1 Evacuation Pause) 3710M->27M(6152M) 2.350ms
[681.090s][info][gc] GC(3091) Pause Young (Normal) (G1 Evacuation Pause) 3711M->27M(6152M) 1.963ms
[681.194s][info][gc] GC(3092) Pause Young (Normal) (G1 Evacuation Pause) 3711M->27M(6152M) 2.291ms
[681.298s][info][gc] GC(3093) Pause Young (Normal) (G1 Evacuation Pause) 3711M->27M(6152M) 2.353ms
[681.402s][info][gc] GC(3094) Pause Young (Normal) (G1 Evacuation Pause) 3711M->26M(6152M) 2.396ms
[681.508s][info][gc] GC(3095) Pause Young (Normal) (G1 Evacuation Pause) 3710M->26M(6152M) 2.376ms
[681.614s][info][gc] GC(3096) Pause Young (Normal) (G1 Evacuation Pause) 3710M->26M(6152M) 2.175ms
[681.717s][info][gc] GC(3097) Pause Young (Normal) (G1 Evacuation Pause) 3710M->26M(6152M) 2.462ms
[681.821s][info][gc] GC(3098) Pause Young (Normal) (G1 Evacuation Pause) 3710M->27M(6152M) 2.039ms
[681.924s][info][gc] GC(3099) Pause Young (Normal) (G1 Evacuation Pause) 3711M->27M(6152M) 2.262ms
[682.028s][info][gc] GC(3100) Pause Young (Normal) (G1 Evacuation Pause) 3711M->26M(6152M) 2.487ms
[682.132s][info][gc] GC(3101) Pause Young (Normal) (G1 Evacuation Pause) 3710M->26M(6152M) 2.127ms
[682.236s][info][gc] GC(3102) Pause Young (Normal) (G1 Evacuation Pause) 3710M->26M(6152M) 2.234ms
[682.339s][info][gc] GC(3103) Pause Young (Normal) (G1 Evacuation Pause) 3710M->26M(6152M) 2.028ms
[682.443s][info][gc] GC(3104) Pause Young (Normal) (G1 Evacuation Pause) 3710M->27M(6152M) 2.148ms
[682.547s][info][gc] GC(3105) Pause Young (Normal) (G1 Evacuation Pause) 3711M->26M(6152M) 2.305ms
[682.651s][info][gc] GC(3106) Pause Young (Normal) (G1 Evacuation Pause) 3710M->27M(6152M) 2.283ms
[682.754s][info][gc] GC(3107) Pause Young (Normal) (G1 Evacuation Pause) 3711M->26M(6152M) 2.026ms
[682.857s][info][gc] GC(3108) Pause Young (Normal) (G1 Evacuation Pause) 3710M->26M(6152M) 2.187ms
[682.961s][info][gc] GC(3109) Pause Young (Normal) (G1 Evacuation Pause) 3710M->27M(6152M) 2.176ms
[683.065s][info][gc] GC(3110) Pause Young (Normal) (G1 Evacuation Pause) 3707M->26M(6152M) 1.992ms
[683.168s][info][gc] GC(3111) Pause Young (Normal) (G1 Evacuation Pause) 3710M->26M(6152M) 2.462ms
[683.272s][info][gc] GC(3112) Pause Young (Normal) (G1 Evacuation Pause) 3710M->27M(6152M) 2.312ms
[683.375s][info][gc] GC(3113) Pause Young (Normal) (G1 Evacuation Pause) 3711M->26M(6152M) 2.087ms
[683.478s][info][gc] GC(3114) Pause Young (Normal) (G1 Evacuation Pause) 3710M->26M(6152M) 1.982ms
[683.582s][info][gc] GC(3115) Pause Young (Normal) (G1 Evacuation Pause) 3710M->26M(6152M) 2.195ms
[683.686s][info][gc] GC(3116) Pause Young (Normal) (G1 Evacuation Pause) 3710M->27M(6152M) 2.125ms
[683.790s][info][gc] GC(3117) Pause Young (Normal) (G1 Evacuation Pause) 3707M->27M(6152M) 2.182ms
[683.893s][info][gc] GC(3118) Pause Young (Normal) (G1 Evacuation Pause) 3707M->26M(6152M) 1.988ms
[683.997s][info][gc] GC(3119) Pause Young (Normal) (G1 Evacuation Pause) 3710M->27M(6152M) 2.026ms
[684.100s][info][gc] GC(3120) Pause Young (Normal) (G1 Evacuation Pause) 3711M->27M(6152M) 2.065ms
[684.203s][info][gc] GC(3121) Pause Young (Normal) (G1 Evacuation Pause) 3711M->26M(6152M) 1.969ms
[684.307s][info][gc] GC(3122) Pause Young (Normal) (G1 Evacuation Pause) 3710M->26M(6152M) 2.198ms
[684.411s][info][gc] GC(3123) Pause Young (Normal) (G1 Evacuation Pause) 3710M->27M(6152M) 2.306ms
[684.515s][info][gc] GC(3124) Pause Young (Normal) (G1 Evacuation Pause) 3711M->26M(6152M) 2.501ms
[684.619s][info][gc] GC(3125) Pause Young (Normal) (G1 Evacuation Pause) 3710M->27M(6152M) 2.384ms
[684.722s][info][gc] GC(3126) Pause Young (Normal) (G1 Evacuation Pause) 3711M->26M(6152M) 2.145ms
[684.826s][info][gc] GC(3127) Pause Young (Normal) (G1 Evacuation Pause) 3710M->26M(6152M) 2.393ms
[684.930s][info][gc] GC(3128) Pause Young (Normal) (G1 Evacuation Pause) 3710M->27M(6152M) 2.270ms
[685.034s][info][gc] GC(3129) Pause Young (Normal) (G1 Evacuation Pause) 3711M->26M(6152M) 2.218ms
[685.137s][info][gc] GC(3130) Pause Young (Normal) (G1 Evacuation Pause) 3710M->26M(6152M) 1.970ms
[685.241s][info][gc] GC(3131) Pause Young (Normal) (G1 Evacuation Pause) 3710M->26M(6152M) 1.991ms
[685.344s][info][gc] GC(3132) Pause Young (Normal) (G1 Evacuation Pause) 3710M->27M(6152M) 2.318ms
[685.448s][info][gc] GC(3133) Pause Young (Normal) (G1 Evacuation Pause) 3711M->26M(6152M) 1.925ms
[685.552s][info][gc] GC(3134) Pause Young (Normal) (G1 Evacuation Pause) 3710M->27M(6152M) 2.290ms
[685.655s][info][gc] GC(3135) Pause Young (Normal) (G1 Evacuation Pause) 3711M->26M(6152M) 2.083ms
[685.759s][info][gc] GC(3136) Pause Young (Normal) (G1 Evacuation Pause) 3710M->26M(6152M) 1.990ms
[685.863s][info][gc] GC(3137) Pause Young (Normal) (G1 Evacuation Pause) 3710M->27M(6152M) 2.231ms
[685.967s][info][gc] GC(3138) Pause Young (Normal) (G1 Evacuation Pause) 3711M->27M(6152M) 2.106ms
[686.070s][info][gc] GC(3139) Pause Young (Normal) (G1 Evacuation Pause) 3711M->27M(6152M) 2.107ms
[686.174s][info][gc] GC(3140) Pause Young (Normal) (G1 Evacuation Pause) 3711M->27M(6152M) 2.390ms
[686.278s][info][gc] GC(3141) Pause Young (Normal) (G1 Evacuation Pause) 3711M->27M(6152M) 2.041ms
[686.382s][info][gc] GC(3142) Pause Young (Normal) (G1 Evacuation Pause) 3711M->27M(6152M) 2.151ms
[686.485s][info][gc] GC(3143) Pause Young (Normal) (G1 Evacuation Pause) 3711M->26M(6152M) 2.062ms
[686.589s][info][gc] GC(3144) Pause Young (Normal) (G1 Evacuation Pause) 3710M->26M(6152M) 2.092ms
[686.693s][info][gc] GC(3145) Pause Young (Normal) (G1 Evacuation Pause) 3710M->26M(6152M) 2.319ms
[686.796s][info][gc] GC(3146) Pause Young (Normal) (G1 Evacuation Pause) 3710M->26M(6152M) 2.401ms
[686.900s][info][gc] GC(3147) Pause Young (Normal) (G1 Evacuation Pause) 3710M->26M(6152M) 2.068ms
[687.003s][info][gc] GC(3148) Pause Young (Normal) (G1 Evacuation Pause) 3710M->26M(6152M) 2.266ms
[687.106s][info][gc] GC(3149) Pause Young (Normal) (G1 Evacuation Pause) 3710M->27M(6152M) 2.010ms
[687.210s][info][gc] GC(3150) Pause Young (Normal) (G1 Evacuation Pause) 3711M->26M(6152M) 2.275ms
[687.314s][info][gc] GC(3151) Pause Young (Normal) (G1 Evacuation Pause) 3710M->26M(6152M) 1.990ms
[687.417s][info][gc] GC(3152) Pause Young (Normal) (G1 Evacuation Pause) 3710M->26M(6152M) 2.082ms
[687.521s][info][gc] GC(3153) Pause Young (Normal) (G1 Evacuation Pause) 3710M->26M(6152M) 2.352ms
[687.624s][info][gc] GC(3154) Pause Young (Normal) (G1 Evacuation Pause) 3710M->26M(6152M) 1.969ms
[687.727s][info][gc] GC(3155) Pause Young (Normal) (G1 Evacuation Pause) 3710M->27M(6152M) 2.057ms
[687.831s][info][gc] GC(3156) Pause Young (Normal) (G1 Evacuation Pause) 3711M->27M(6152M) 2.442ms
[687.934s][info][gc] GC(3157) Pause Young (Normal) (G1 Evacuation Pause) 3711M->27M(6152M) 2.207ms
[688.038s][info][gc] GC(3158) Pause Young (Normal) (G1 Evacuation Pause) 3711M->26M(6152M) 1.902ms
[688.141s][info][gc] GC(3159) Pause Young (Normal) (G1 Evacuation Pause) 3710M->26M(6152M) 2.151ms
[688.245s][info][gc] GC(3160) Pause Young (Normal) (G1 Evacuation Pause) 3710M->26M(6152M) 1.911ms
[688.349s][info][gc] GC(3161) Pause Young (Normal) (G1 Evacuation Pause) 3710M->27M(6152M) 2.311ms
[688.453s][info][gc] GC(3162) Pause Young (Normal) (G1 Evacuation Pause) 3711M->27M(6152M) 2.201ms
[688.557s][info][gc] GC(3163) Pause Young (Normal) (G1 Evacuation Pause) 3711M->26M(6152M) 2.031ms
[688.660s][info][gc] GC(3164) Pause Young (Normal) (G1 Evacuation Pause) 3710M->27M(6152M) 2.157ms
[688.764s][info][gc] GC(3165) Pause Young (Normal) (G1 Evacuation Pause) 3711M->27M(6152M) 2.170ms
[688.867s][info][gc] GC(3166) Pause Young (Normal) (G1 Evacuation Pause) 3711M->27M(6152M) 2.074ms
[688.971s][info][gc] GC(3167) Pause Young (Normal) (G1 Evacuation Pause) 3711M->27M(6152M) 2.180ms
[689.075s][info][gc] GC(3168) Pause Young (Normal) (G1 Evacuation Pause) 3711M->27M(6152M) 2.047ms
[689.178s][info][gc] GC(3169) Pause Young (Normal) (G1 Evacuation Pause) 3711M->27M(6152M) 2.144ms
[689.282s][info][gc] GC(3170) Pause Young (Normal) (G1 Evacuation Pause) 3711M->27M(6152M) 2.162ms
[689.386s][info][gc] GC(3171) Pause Young (Normal) (G1 Evacuation Pause) 3711M->27M(6152M) 2.313ms
[689.489s][info][gc] GC(3172) Pause Young (Normal) (G1 Evacuation Pause) 3707M->27M(6152M) 2.102ms
[689.593s][info][gc] GC(3173) Pause Young (Normal) (G1 Evacuation Pause) 3711M->27M(6152M) 2.032ms
[689.697s][info][gc] GC(3174) Pause Young (Normal) (G1 Evacuation Pause) 3711M->27M(6152M) 2.008ms
[689.800s][info][gc] GC(3175) Pause Young (Normal) (G1 Evacuation Pause) 3711M->27M(6152M) 2.054ms
[689.904s][info][gc] GC(3176) Pause Young (Normal) (G1 Evacuation Pause) 3711M->27M(6152M) 2.146ms
[690.007s][info][gc] GC(3177) Pause Young (Normal) (G1 Evacuation Pause) 3711M->27M(6152M) 2.105ms
[690.111s][info][gc] GC(3178) Pause Young (Normal) (G1 Evacuation Pause) 3711M->27M(6152M) 2.158ms
[690.214s][info][gc] GC(3179) Pause Young (Normal) (G1 Evacuation Pause) 3711M->27M(6152M) 2.215ms
[690.318s][info][gc] GC(3180) Pause Young (Normal) (G1 Evacuation Pause) 3711M->26M(6152M) 2.179ms
[690.422s][info][gc] GC(3181) Pause Young (Normal) (G1 Evacuation Pause) 3710M->27M(6152M) 2.012ms
[690.525s][info][gc] GC(3182) Pause Young (Normal) (G1 Evacuation Pause) 3711M->26M(6152M) 2.023ms
[690.629s][info][gc] GC(3183) Pause Young (Normal) (G1 Evacuation Pause) 3710M->26M(6152M) 2.071ms
[690.732s][info][gc] GC(3184) Pause Young (Normal) (G1 Evacuation Pause) 3710M->26M(6152M) 1.894ms
[690.835s][info][gc] GC(3185) Pause Young (Normal) (G1 Evacuation Pause) 3710M->26M(6152M) 1.990ms
[690.939s][info][gc] GC(3186) Pause Young (Normal) (G1 Evacuation Pause) 3710M->26M(6152M) 2.346ms
[691.042s][info][gc] GC(3187) Pause Young (Normal) (G1 Evacuation Pause) 3710M->27M(6152M) 2.309ms
[691.146s][info][gc] GC(3188) Pause Young (Normal) (G1 Evacuation Pause) 3711M->26M(6152M) 2.174ms
[691.249s][info][gc] GC(3189) Pause Young (Normal) (G1 Evacuation Pause) 3710M->26M(6152M) 1.910ms
[691.353s][info][gc] GC(3190) Pause Young (Normal) (G1 Evacuation Pause) 3710M->27M(6152M) 2.220ms
[691.457s][info][gc] GC(3191) Pause Young (Normal) (G1 Evacuation Pause) 3711M->27M(6152M) 2.110ms
[691.560s][info][gc] GC(3192) Pause Young (Normal) (G1 Evacuation Pause) 3711M->27M(6152M) 2.240ms
[691.664s][info][gc] GC(3193) Pause Young (Normal) (G1 Evacuation Pause) 3707M->27M(6152M) 2.373ms
[691.768s][info][gc] GC(3194) Pause Young (Normal) (G1 Evacuation Pause) 3711M->27M(6152M) 2.207ms
[691.871s][info][gc] GC(3195) Pause Young (Normal) (G1 Evacuation Pause) 3711M->26M(6152M) 2.108ms
[691.975s][info][gc] GC(3196) Pause Young (Normal) (G1 Evacuation Pause) 3710M->26M(6152M) 2.341ms
[692.079s][info][gc] GC(3197) Pause Young (Normal) (G1 Evacuation Pause) 3710M->26M(6152M) 2.089ms
[692.182s][info][gc] GC(3198) Pause Young (Normal) (G1 Evacuation Pause) 3710M->26M(6152M) 2.049ms
[692.286s][info][gc] GC(3199) Pause Young (Normal) (G1 Evacuation Pause) 3710M->26M(6152M) 2.054ms
[692.390s][info][gc] GC(3200) Pause Young (Normal) (G1 Evacuation Pause) 3710M->26M(6152M) 2.073ms
[692.494s][info][gc] GC(3201) Pause Young (Normal) (G1 Evacuation Pause) 3710M->27M(6152M) 2.020ms
[692.597s][info][gc] GC(3202) Pause Young (Normal) (G1 Evacuation Pause) 3711M->26M(6152M) 1.896ms
[692.701s][info][gc] GC(3203) Pause Young (Normal) (G1 Evacuation Pause) 3710M->26M(6152M) 2.106ms
[692.804s][info][gc] GC(3204) Pause Young (Normal) (G1 Evacuation Pause) 3710M->26M(6152M) 2.036ms
[692.908s][info][gc] GC(3205) Pause Young (Normal) (G1 Evacuation Pause) 3710M->27M(6152M) 1.997ms
[693.012s][info][gc] GC(3206) Pause Young (Normal) (G1 Evacuation Pause) 3711M->26M(6152M) 2.203ms
[693.115s][info][gc] GC(3207) Pause Young (Normal) (G1 Evacuation Pause) 3710M->26M(6152M) 2.311ms
[693.219s][info][gc] GC(3208) Pause Young (Normal) (G1 Evacuation Pause) 3710M->26M(6152M) 2.040ms
[693.322s][info][gc] GC(3209) Pause Young (Normal) (G1 Evacuation Pause) 3710M->27M(6152M) 2.111ms
[693.426s][info][gc] GC(3210) Pause Young (Normal) (G1 Evacuation Pause) 3711M->26M(6152M) 2.309ms
[693.530s][info][gc] GC(3211) Pause Young (Normal) (G1 Evacuation Pause) 3710M->26M(6152M) 2.164ms
[693.634s][info][gc] GC(3212) Pause Young (Normal) (G1 Evacuation Pause) 3710M->26M(6152M) 2.303ms
[693.738s][info][gc] GC(3213) Pause Young (Normal) (G1 Evacuation Pause) 3710M->27M(6152M) 2.380ms
[693.842s][info][gc] GC(3214) Pause Young (Normal) (G1 Evacuation Pause) 3711M->26M(6152M) 2.091ms
[693.945s][info][gc] GC(3215) Pause Young (Normal) (G1 Evacuation Pause) 3710M->26M(6152M) 2.221ms
[694.049s][info][gc] GC(3216) Pause Young (Normal) (G1 Evacuation Pause) 3710M->26M(6152M) 2.225ms
[694.153s][info][gc] GC(3217) Pause Young (Normal) (G1 Evacuation Pause) 3710M->26M(6152M) 1.983ms
[694.256s][info][gc] GC(3218) Pause Young (Normal) (G1 Evacuation Pause) 3710M->26M(6152M) 2.064ms
[694.360s][info][gc] GC(3219) Pause Young (Normal) (G1 Evacuation Pause) 3710M->26M(6152M) 2.210ms
[694.465s][info][gc] GC(3220) Pause Young (Normal) (G1 Evacuation Pause) 3710M->26M(6152M) 2.530ms
[694.568s][info][gc] GC(3221) Pause Young (Normal) (G1 Evacuation Pause) 3710M->26M(6152M) 2.039ms
[694.671s][info][gc] GC(3222) Pause Young (Normal) (G1 Evacuation Pause) 3710M->26M(6152M) 1.958ms
[694.775s][info][gc] GC(3223) Pause Young (Normal) (G1 Evacuation Pause) 3710M->26M(6152M) 2.271ms
[694.878s][info][gc] GC(3224) Pause Young (Normal) (G1 Evacuation Pause) 3710M->26M(6152M) 2.187ms
[694.982s][info][gc] GC(3225) Pause Young (Normal) (G1 Evacuation Pause) 3710M->27M(6152M) 2.154ms
[695.085s][info][gc] GC(3226) Pause Young (Normal) (G1 Evacuation Pause) 3707M->26M(6152M) 2.251ms
[695.189s][info][gc] GC(3227) Pause Young (Normal) (G1 Evacuation Pause) 3710M->26M(6152M) 2.360ms
[695.293s][info][gc] GC(3228) Pause Young (Normal) (G1 Evacuation Pause) 3710M->27M(6152M) 2.131ms
[695.396s][info][gc] GC(3229) Pause Young (Normal) (G1 Evacuation Pause) 3707M->27M(6152M) 2.100ms
[695.500s][info][gc] GC(3230) Pause Young (Normal) (G1 Evacuation Pause) 3711M->27M(6152M) 2.262ms
[695.603s][info][gc] GC(3231) Pause Young (Normal) (G1 Evacuation Pause) 3711M->27M(6152M) 2.310ms
[695.707s][info][gc] GC(3232) Pause Young (Normal) (G1 Evacuation Pause) 3711M->27M(6152M) 2.107ms
[695.811s][info][gc] GC(3233) Pause Young (Normal) (G1 Evacuation Pause) 3711M->26M(6152M) 2.277ms
[695.922s][info][gc] GC(3234) Pause Young (Normal) (G1 Evacuation Pause) 3710M->26M(6152M) 9.634ms
[696.025s][info][gc] GC(3235) Pause Young (Normal) (G1 Evacuation Pause) 3710M->26M(6152M) 2.180ms
[696.129s][info][gc] GC(3236) Pause Young (Normal) (G1 Evacuation Pause) 3710M->27M(6152M) 2.107ms
[696.232s][info][gc] GC(3237) Pause Young (Normal) (G1 Evacuation Pause) 3711M->27M(6152M) 2.299ms
[696.336s][info][gc] GC(3238) Pause Young (Normal) (G1 Evacuation Pause) 3711M->27M(6152M) 2.116ms
[696.440s][info][gc] GC(3239) Pause Young (Normal) (G1 Evacuation Pause) 3711M->27M(6152M) 2.124ms
[696.544s][info][gc] GC(3240) Pause Young (Normal) (G1 Evacuation Pause) 3711M->27M(6152M) 2.168ms
[696.647s][info][gc] GC(3241) Pause Young (Normal) (G1 Evacuation Pause) 3711M->26M(6152M) 2.016ms
[696.751s][info][gc] GC(3242) Pause Young (Normal) (G1 Evacuation Pause) 3710M->26M(6152M) 1.960ms
[696.855s][info][gc] GC(3243) Pause Young (Normal) (G1 Evacuation Pause) 3710M->26M(6152M) 2.180ms
[696.958s][info][gc] GC(3244) Pause Young (Normal) (G1 Evacuation Pause) 3710M->27M(6152M) 2.088ms
[697.062s][info][gc] GC(3245) Pause Young (Normal) (G1 Evacuation Pause) 3711M->27M(6152M) 2.103ms
[697.165s][info][gc] GC(3246) Pause Young (Normal) (G1 Evacuation Pause) 3711M->26M(6152M) 1.982ms
[697.269s][info][gc] GC(3247) Pause Young (Normal) (G1 Evacuation Pause) 3710M->27M(6152M) 2.134ms
[697.373s][info][gc] GC(3248) Pause Young (Normal) (G1 Evacuation Pause) 3711M->27M(6152M) 2.052ms
[697.476s][info][gc] GC(3249) Pause Young (Normal) (G1 Evacuation Pause) 3711M->26M(6152M) 1.889ms
[697.580s][info][gc] GC(3250) Pause Young (Normal) (G1 Evacuation Pause) 3710M->27M(6152M) 2.109ms
[697.684s][info][gc] GC(3251) Pause Young (Normal) (G1 Evacuation Pause) 3711M->27M(6152M) 2.239ms
[697.787s][info][gc] GC(3252) Pause Young (Normal) (G1 Evacuation Pause) 3711M->26M(6152M) 2.084ms
[697.891s][info][gc] GC(3253) Pause Young (Normal) (G1 Evacuation Pause) 3710M->27M(6152M) 2.226ms
[697.995s][info][gc] GC(3254) Pause Young (Normal) (G1 Evacuation Pause) 3711M->26M(6152M) 2.180ms
[698.099s][info][gc] GC(3255) Pause Young (Normal) (G1 Evacuation Pause) 3710M->27M(6152M) 2.162ms
[698.203s][info][gc] GC(3256) Pause Young (Normal) (G1 Evacuation Pause) 3711M->27M(6152M) 2.359ms
[698.307s][info][gc] GC(3257) Pause Young (Normal) (G1 Evacuation Pause) 3707M->27M(6152M) 2.191ms
[698.410s][info][gc] GC(3258) Pause Young (Normal) (G1 Evacuation Pause) 3707M->26M(6152M) 1.921ms
[698.514s][info][gc] GC(3259) Pause Young (Normal) (G1 Evacuation Pause) 3710M->27M(6152M) 2.144ms
[698.617s][info][gc] GC(3260) Pause Young (Normal) (G1 Evacuation Pause) 3711M->27M(6152M) 2.007ms
[698.721s][info][gc] GC(3261) Pause Young (Normal) (G1 Evacuation Pause) 3711M->26M(6152M) 2.025ms
[698.825s][info][gc] GC(3262) Pause Young (Normal) (G1 Evacuation Pause) 3710M->27M(6152M) 2.143ms
[698.928s][info][gc] GC(3263) Pause Young (Normal) (G1 Evacuation Pause) 3711M->27M(6152M) 2.050ms
[699.031s][info][gc] GC(3264) Pause Young (Normal) (G1 Evacuation Pause) 3711M->26M(6152M) 1.969ms
[699.135s][info][gc] GC(3265) Pause Young (Normal) (G1 Evacuation Pause) 3710M->27M(6152M) 1.943ms
[699.239s][info][gc] GC(3266) Pause Young (Normal) (G1 Evacuation Pause) 3711M->27M(6152M) 2.332ms
[699.343s][info][gc] GC(3267) Pause Young (Normal) (G1 Evacuation Pause) 3711M->27M(6152M) 2.218ms
[699.446s][info][gc] GC(3268) Pause Young (Normal) (G1 Evacuation Pause) 3707M->26M(6152M) 1.947ms
[699.550s][info][gc] GC(3269) Pause Young (Normal) (G1 Evacuation Pause) 3710M->26M(6152M) 1.988ms
[699.653s][info][gc] GC(3270) Pause Young (Normal) (G1 Evacuation Pause) 3710M->27M(6152M) 1.932ms
[699.757s][info][gc] GC(3271) Pause Young (Normal) (G1 Evacuation Pause) 3711M->27M(6152M) 1.984ms
[699.860s][info][gc] GC(3272) Pause Young (Normal) (G1 Evacuation Pause) 3711M->26M(6152M) 1.872ms
[699.964s][info][gc] GC(3273) Pause Young (Normal) (G1 Evacuation Pause) 3710M->27M(6152M) 1.915ms
[700.067s][info][gc] GC(3274) Pause Young (Normal) (G1 Evacuation Pause) 3711M->26M(6152M) 2.024ms
[700.171s][info][gc] GC(3275) Pause Young (Normal) (G1 Evacuation Pause) 3710M->26M(6152M) 2.110ms
[700.274s][info][gc] GC(3276) Pause Young (Normal) (G1 Evacuation Pause) 3710M->26M(6152M) 1.887ms
[700.377s][info][gc] GC(3277) Pause Young (Normal) (G1 Evacuation Pause) 3710M->27M(6152M) 2.052ms
[700.480s][info][gc] GC(3278) Pause Young (Normal) (G1 Evacuation Pause) 3711M->26M(6152M) 1.885ms
[700.584s][info][gc] GC(3279) Pause Young (Normal) (G1 Evacuation Pause) 3710M->26M(6152M) 2.097ms
[700.687s][info][gc] GC(3280) Pause Young (Normal) (G1 Evacuation Pause) 3710M->27M(6152M) 2.126ms
[700.790s][info][gc] GC(3281) Pause Young (Normal) (G1 Evacuation Pause) 3711M->27M(6152M) 2.097ms
[700.894s][info][gc] GC(3282) Pause Young (Normal) (G1 Evacuation Pause) 3707M->27M(6152M) 2.140ms
[700.998s][info][gc] GC(3283) Pause Young (Normal) (G1 Evacuation Pause) 3711M->26M(6152M) 2.107ms
[701.101s][info][gc] GC(3284) Pause Young (Normal) (G1 Evacuation Pause) 3710M->27M(6152M) 2.075ms
[701.204s][info][gc] GC(3285) Pause Young (Normal) (G1 Evacuation Pause) 3711M->26M(6152M) 1.992ms
[701.308s][info][gc] GC(3286) Pause Young (Normal) (G1 Evacuation Pause) 3710M->27M(6152M) 2.068ms
[702.414s][info][gc] GC(3287) Pause Young (Normal) (G1 Evacuation Pause) 3711M->30M(6152M) 2.008ms
[702.517s][info][gc] GC(3288) Pause Young (Normal) (G1 Evacuation Pause) 3710M->30M(6152M) 2.005ms
[702.615s][info][gc] GC(3289) Pause Young (Normal) (G1 Evacuation Pause) 3710M->30M(6152M) 2.176ms
[702.713s][info][gc] GC(3290) Pause Young (Normal) (G1 Evacuation Pause) 3710M->30M(6152M) 2.185ms
[702.813s][info][gc] GC(3291) Pause Young (Normal) (G1 Evacuation Pause) 3710M->31M(6152M) 2.216ms
[702.912s][info][gc] GC(3292) Pause Young (Normal) (G1 Evacuation Pause) 3711M->30M(6152M) 2.061ms
[703.012s][info][gc] GC(3293) Pause Young (Normal) (G1 Evacuation Pause) 3710M->30M(6152M) 2.267ms
[703.112s][info][gc] GC(3294) Pause Young (Normal) (G1 Evacuation Pause) 3710M->30M(6152M) 2.130ms
[703.212s][info][gc] GC(3295) Pause Young (Normal) (G1 Evacuation Pause) 3710M->30M(6152M) 2.206ms
[703.314s][info][gc] GC(3296) Pause Young (Normal) (G1 Evacuation Pause) 3710M->30M(6152M) 2.176ms
[703.411s][info][gc] GC(3297) Pause Young (Normal) (G1 Evacuation Pause) 3710M->30M(6152M) 2.429ms
[703.511s][info][gc] GC(3298) Pause Young (Normal) (G1 Evacuation Pause) 3710M->30M(6152M) 2.266ms
[703.611s][info][gc] GC(3299) Pause Young (Normal) (G1 Evacuation Pause) 3710M->30M(6152M) 2.211ms
[703.709s][info][gc] GC(3300) Pause Young (Normal) (G1 Evacuation Pause) 3710M->30M(6152M) 2.138ms
[703.808s][info][gc] GC(3301) Pause Young (Normal) (G1 Evacuation Pause) 3710M->30M(6152M) 3.675ms
[703.910s][info][gc] GC(3302) Pause Young (Normal) (G1 Evacuation Pause) 3710M->30M(6152M) 2.708ms
[704.018s][info][gc] GC(3303) Pause Young (Normal) (G1 Evacuation Pause) 3714M->30M(6152M) 2.453ms
[704.127s][info][gc] GC(3304) Pause Young (Normal) (G1 Evacuation Pause) 3714M->30M(6152M) 2.999ms
[704.235s][info][gc] GC(3305) Pause Young (Normal) (G1 Evacuation Pause) 3714M->30M(6152M) 2.285ms
[704.343s][info][gc] GC(3306) Pause Young (Normal) (G1 Evacuation Pause) 3714M->30M(6152M) 2.514ms
[704.452s][info][gc] GC(3307) Pause Young (Normal) (G1 Evacuation Pause) 3714M->30M(6152M) 2.277ms
[704.559s][info][gc] GC(3308) Pause Young (Normal) (G1 Evacuation Pause) 3714M->30M(6152M) 2.079ms
[704.667s][info][gc] GC(3309) Pause Young (Normal) (G1 Evacuation Pause) 3714M->30M(6152M) 2.140ms
[704.775s][info][gc] GC(3310) Pause Young (Normal) (G1 Evacuation Pause) 3714M->30M(6152M) 1.983ms
[704.883s][info][gc] GC(3311) Pause Young (Normal) (G1 Evacuation Pause) 3714M->30M(6152M) 2.212ms
[704.991s][info][gc] GC(3312) Pause Young (Normal) (G1 Evacuation Pause) 3714M->30M(6152M) 2.253ms
[705.099s][info][gc] GC(3313) Pause Young (Normal) (G1 Evacuation Pause) 3714M->30M(6152M) 2.154ms
[705.207s][info][gc] GC(3314) Pause Young (Normal) (G1 Evacuation Pause) 3714M->30M(6152M) 2.232ms
[705.314s][info][gc] GC(3315) Pause Young (Normal) (G1 Evacuation Pause) 3714M->30M(6152M) 1.986ms
[705.422s][info][gc] GC(3316) Pause Young (Normal) (G1 Evacuation Pause) 3714M->30M(6152M) 2.110ms
[705.530s][info][gc] GC(3317) Pause Young (Normal) (G1 Evacuation Pause) 3714M->30M(6152M) 2.106ms
[705.637s][info][gc] GC(3318) Pause Young (Normal) (G1 Evacuation Pause) 3714M->30M(6152M) 2.230ms
[705.745s][info][gc] GC(3319) Pause Young (Normal) (G1 Evacuation Pause) 3714M->30M(6152M) 2.293ms
[705.853s][info][gc] GC(3320) Pause Young (Normal) (G1 Evacuation Pause) 3714M->30M(6152M) 2.044ms
[705.961s][info][gc] GC(3321) Pause Young (Normal) (G1 Evacuation Pause) 3714M->30M(6152M) 2.128ms
[706.068s][info][gc] GC(3322) Pause Young (Normal) (G1 Evacuation Pause) 3714M->30M(6152M) 1.804ms
[706.175s][info][gc] GC(3323) Pause Young (Normal) (G1 Evacuation Pause) 3714M->30M(6152M) 2.137ms
[706.283s][info][gc] GC(3324) Pause Young (Normal) (G1 Evacuation Pause) 3714M->30M(6152M) 2.202ms
[706.391s][info][gc] GC(3325) Pause Young (Normal) (G1 Evacuation Pause) 3714M->30M(6152M) 2.148ms
[706.498s][info][gc] GC(3326) Pause Young (Normal) (G1 Evacuation Pause) 3714M->30M(6152M) 1.923ms
[706.606s][info][gc] GC(3327) Pause Young (Normal) (G1 Evacuation Pause) 3714M->30M(6152M) 2.102ms
[706.713s][info][gc] GC(3328) Pause Young (Normal) (G1 Evacuation Pause) 3714M->30M(6152M) 2.072ms
[706.821s][info][gc] GC(3329) Pause Young (Normal) (G1 Evacuation Pause) 3714M->30M(6152M) 2.240ms
[706.931s][info][gc] GC(3330) Pause Young (Normal) (G1 Evacuation Pause) 3714M->30M(6152M) 2.292ms
[707.040s][info][gc] GC(3331) Pause Young (Normal) (G1 Evacuation Pause) 3714M->30M(6152M) 1.864ms
[707.150s][info][gc] GC(3332) Pause Young (Normal) (G1 Evacuation Pause) 3714M->30M(6152M) 2.441ms
[707.258s][info][gc] GC(3333) Pause Young (Normal) (G1 Evacuation Pause) 3714M->30M(6152M) 2.344ms
[707.366s][info][gc] GC(3334) Pause Young (Normal) (G1 Evacuation Pause) 3714M->30M(6152M) 1.993ms
[707.474s][info][gc] GC(3335) Pause Young (Normal) (G1 Evacuation Pause) 3714M->30M(6152M) 2.214ms
[707.581s][info][gc] GC(3336) Pause Young (Normal) (G1 Evacuation Pause) 3710M->30M(6152M) 2.036ms
[707.689s][info][gc] GC(3337) Pause Young (Normal) (G1 Evacuation Pause) 3714M->30M(6152M) 2.275ms
[707.797s][info][gc] GC(3338) Pause Young (Normal) (G1 Evacuation Pause) 3714M->30M(6152M) 1.891ms
[707.906s][info][gc] GC(3339) Pause Young (Normal) (G1 Evacuation Pause) 3714M->30M(6152M) 1.943ms
[708.016s][info][gc] GC(3340) Pause Young (Normal) (G1 Evacuation Pause) 3714M->30M(6152M) 2.495ms
[708.125s][info][gc] GC(3341) Pause Young (Normal) (G1 Evacuation Pause) 3714M->30M(6152M) 2.156ms
[708.233s][info][gc] GC(3342) Pause Young (Normal) (G1 Evacuation Pause) 3714M->30M(6152M) 1.858ms
[708.341s][info][gc] GC(3343) Pause Young (Normal) (G1 Evacuation Pause) 3714M->30M(6152M) 2.341ms
[708.449s][info][gc] GC(3344) Pause Young (Normal) (G1 Evacuation Pause) 3714M->30M(6152M) 2.125ms
[708.557s][info][gc] GC(3345) Pause Young (Normal) (G1 Evacuation Pause) 3714M->30M(6152M) 2.201ms
[708.664s][info][gc] GC(3346) Pause Young (Normal) (G1 Evacuation Pause) 3714M->30M(6152M) 2.027ms
[708.772s][info][gc] GC(3347) Pause Young (Normal) (G1 Evacuation Pause) 3714M->30M(6152M) 2.155ms
[708.879s][info][gc] GC(3348) Pause Young (Normal) (G1 Evacuation Pause) 3714M->30M(6152M) 2.028ms
[708.986s][info][gc] GC(3349) Pause Young (Normal) (G1 Evacuation Pause) 3714M->30M(6152M) 1.853ms
[709.094s][info][gc] GC(3350) Pause Young (Normal) (G1 Evacuation Pause) 3714M->30M(6152M) 2.209ms
[709.202s][info][gc] GC(3351) Pause Young (Normal) (G1 Evacuation Pause) 3710M->30M(6152M) 2.120ms
[709.309s][info][gc] GC(3352) Pause Young (Normal) (G1 Evacuation Pause) 3714M->30M(6152M) 2.232ms
[709.417s][info][gc] GC(3353) Pause Young (Normal) (G1 Evacuation Pause) 3714M->30M(6152M) 2.234ms
[709.524s][info][gc] GC(3354) Pause Young (Normal) (G1 Evacuation Pause) 3714M->30M(6152M) 1.896ms
[709.632s][info][gc] GC(3355) Pause Young (Normal) (G1 Evacuation Pause) 3714M->30M(6152M) 1.896ms
[709.740s][info][gc] GC(3356) Pause Young (Normal) (G1 Evacuation Pause) 3714M->30M(6152M) 2.114ms
[709.847s][info][gc] GC(3357) Pause Young (Normal) (G1 Evacuation Pause) 3714M->30M(6152M) 2.433ms
[709.955s][info][gc] GC(3358) Pause Young (Normal) (G1 Evacuation Pause) 3710M->30M(6152M) 2.018ms
[710.063s][info][gc] GC(3359) Pause Young (Normal) (G1 Evacuation Pause) 3714M->30M(6152M) 2.329ms
[710.170s][info][gc] GC(3360) Pause Young (Normal) (G1 Evacuation Pause) 3710M->30M(6152M) 2.073ms
[710.278s][info][gc] GC(3361) Pause Young (Normal) (G1 Evacuation Pause) 3714M->30M(6152M) 2.253ms
[710.385s][info][gc] GC(3362) Pause Young (Normal) (G1 Evacuation Pause) 3714M->30M(6152M) 1.846ms
[710.493s][info][gc] GC(3363) Pause Young (Normal) (G1 Evacuation Pause) 3714M->30M(6152M) 2.044ms
[710.600s][info][gc] GC(3364) Pause Young (Normal) (G1 Evacuation Pause) 3714M->30M(6152M) 2.075ms
[710.708s][info][gc] GC(3365) Pause Young (Normal) (G1 Evacuation Pause) 3714M->30M(6152M) 2.005ms
[710.816s][info][gc] GC(3366) Pause Young (Normal) (G1 Evacuation Pause) 3714M->30M(6152M) 2.056ms
[710.923s][info][gc] GC(3367) Pause Young (Normal) (G1 Evacuation Pause) 3714M->30M(6152M) 1.982ms
[711.031s][info][gc] GC(3368) Pause Young (Normal) (G1 Evacuation Pause) 3714M->30M(6152M) 2.097ms
[711.138s][info][gc] GC(3369) Pause Young (Normal) (G1 Evacuation Pause) 3714M->30M(6152M) 2.247ms
[711.246s][info][gc] GC(3370) Pause Young (Normal) (G1 Evacuation Pause) 3714M->30M(6152M) 2.001ms
[711.353s][info][gc] GC(3371) Pause Young (Normal) (G1 Evacuation Pause) 3714M->30M(6152M) 2.082ms
[711.461s][info][gc] GC(3372) Pause Young (Normal) (G1 Evacuation Pause) 3714M->30M(6152M) 1.949ms
[711.569s][info][gc] GC(3373) Pause Young (Normal) (G1 Evacuation Pause) 3714M->30M(6152M) 1.999ms
[711.676s][info][gc] GC(3374) Pause Young (Normal) (G1 Evacuation Pause) 3714M->30M(6152M) 1.886ms
[711.784s][info][gc] GC(3375) Pause Young (Normal) (G1 Evacuation Pause) 3714M->30M(6152M) 2.166ms
[711.891s][info][gc] GC(3376) Pause Young (Normal) (G1 Evacuation Pause) 3714M->30M(6152M) 1.889ms
[711.999s][info][gc] GC(3377) Pause Young (Normal) (G1 Evacuation Pause) 3714M->30M(6152M) 1.805ms
[712.106s][info][gc] GC(3378) Pause Young (Normal) (G1 Evacuation Pause) 3714M->30M(6152M) 2.161ms
[712.214s][info][gc] GC(3379) Pause Young (Normal) (G1 Evacuation Pause) 3714M->30M(6152M) 1.976ms
[712.322s][info][gc] GC(3380) Pause Young (Normal) (G1 Evacuation Pause) 3714M->30M(6152M) 2.182ms
[712.429s][info][gc] GC(3381) Pause Young (Normal) (G1 Evacuation Pause) 3714M->30M(6152M) 2.175ms
[712.536s][info][gc] GC(3382) Pause Young (Normal) (G1 Evacuation Pause) 3710M->30M(6152M) 1.987ms
[712.644s][info][gc] GC(3383) Pause Young (Normal) (G1 Evacuation Pause) 3714M->30M(6152M) 2.092ms
[712.751s][info][gc] GC(3384) Pause Young (Normal) (G1 Evacuation Pause) 3714M->30M(6152M) 1.947ms
[712.858s][info][gc] GC(3385) Pause Young (Normal) (G1 Evacuation Pause) 3714M->30M(6152M) 2.005ms
[712.966s][info][gc] GC(3386) Pause Young (Normal) (G1 Evacuation Pause) 3714M->30M(6152M) 1.926ms
[713.073s][info][gc] GC(3387) Pause Young (Normal) (G1 Evacuation Pause) 3714M->30M(6152M) 1.973ms
[713.181s][info][gc] GC(3388) Pause Young (Normal) (G1 Evacuation Pause) 3714M->30M(6152M) 1.884ms
[713.288s][info][gc] GC(3389) Pause Young (Normal) (G1 Evacuation Pause) 3714M->30M(6152M) 2.048ms
[713.395s][info][gc] GC(3390) Pause Young (Normal) (G1 Evacuation Pause) 3714M->30M(6152M) 1.919ms
[713.502s][info][gc] GC(3391) Pause Young (Normal) (G1 Evacuation Pause) 3714M->30M(6152M) 2.134ms
[713.610s][info][gc] GC(3392) Pause Young (Normal) (G1 Evacuation Pause) 3714M->30M(6152M) 1.893ms
[713.717s][info][gc] GC(3393) Pause Young (Normal) (G1 Evacuation Pause) 3714M->30M(6152M) 2.047ms
[713.825s][info][gc] GC(3394) Pause Young (Normal) (G1 Evacuation Pause) 3714M->30M(6152M) 2.208ms
[713.932s][info][gc] GC(3395) Pause Young (Normal) (G1 Evacuation Pause) 3714M->30M(6152M) 2.144ms
[714.040s][info][gc] GC(3396) Pause Young (Normal) (G1 Evacuation Pause) 3714M->30M(6152M) 2.138ms
[714.148s][info][gc] GC(3397) Pause Young (Normal) (G1 Evacuation Pause) 3714M->30M(6152M) 2.061ms
[714.255s][info][gc] GC(3398) Pause Young (Normal) (G1 Evacuation Pause) 3714M->29M(6152M) 1.846ms
[714.363s][info][gc] GC(3399) Pause Young (Normal) (G1 Evacuation Pause) 3713M->30M(6152M) 2.279ms
[714.471s][info][gc] GC(3400) Pause Young (Normal) (G1 Evacuation Pause) 3714M->30M(6152M) 2.258ms
[714.578s][info][gc] GC(3401) Pause Young (Normal) (G1 Evacuation Pause) 3714M->30M(6152M) 2.053ms
[714.686s][info][gc] GC(3402) Pause Young (Normal) (G1 Evacuation Pause) 3714M->30M(6152M) 1.941ms
[714.793s][info][gc] GC(3403) Pause Young (Normal) (G1 Evacuation Pause) 3714M->30M(6152M) 2.070ms
[714.901s][info][gc] GC(3404) Pause Young (Normal) (G1 Evacuation Pause) 3714M->30M(6152M) 2.053ms
[715.008s][info][gc] GC(3405) Pause Young (Normal) (G1 Evacuation Pause) 3714M->30M(6152M) 2.269ms
[715.115s][info][gc] GC(3406) Pause Young (Normal) (G1 Evacuation Pause) 3714M->30M(6152M) 1.844ms
[715.223s][info][gc] GC(3407) Pause Young (Normal) (G1 Evacuation Pause) 3714M->30M(6152M) 2.084ms
[715.331s][info][gc] GC(3408) Pause Young (Normal) (G1 Evacuation Pause) 3714M->30M(6152M) 2.058ms
[715.439s][info][gc] GC(3409) Pause Young (Normal) (G1 Evacuation Pause) 3714M->30M(6152M) 2.362ms
[715.546s][info][gc] GC(3410) Pause Young (Normal) (G1 Evacuation Pause) 3714M->30M(6152M) 2.217ms
[715.653s][info][gc] GC(3411) Pause Young (Normal) (G1 Evacuation Pause) 3714M->30M(6152M) 2.072ms
[715.761s][info][gc] GC(3412) Pause Young (Normal) (G1 Evacuation Pause) 3714M->30M(6152M) 2.447ms
[715.869s][info][gc] GC(3413) Pause Young (Normal) (G1 Evacuation Pause) 3714M->30M(6152M) 2.190ms
[715.976s][info][gc] GC(3414) Pause Young (Normal) (G1 Evacuation Pause) 3714M->30M(6152M) 2.004ms
[716.084s][info][gc] GC(3415) Pause Young (Normal) (G1 Evacuation Pause) 3714M->30M(6152M) 2.051ms
[716.191s][info][gc] GC(3416) Pause Young (Normal) (G1 Evacuation Pause) 3714M->30M(6152M) 2.145ms
[716.299s][info][gc] GC(3417) Pause Young (Normal) (G1 Evacuation Pause) 3714M->30M(6152M) 2.258ms
[716.406s][info][gc] GC(3418) Pause Young (Normal) (G1 Evacuation Pause) 3714M->30M(6152M) 1.905ms
[716.513s][info][gc] GC(3419) Pause Young (Normal) (G1 Evacuation Pause) 3714M->30M(6152M) 1.981ms
[716.621s][info][gc] GC(3420) Pause Young (Normal) (G1 Evacuation Pause) 3714M->30M(6152M) 2.229ms
[716.728s][info][gc] GC(3421) Pause Young (Normal) (G1 Evacuation Pause) 3714M->30M(6152M) 2.143ms
[716.835s][info][gc] GC(3422) Pause Young (Normal) (G1 Evacuation Pause) 3714M->30M(6152M) 1.827ms
[716.943s][info][gc] GC(3423) Pause Young (Normal) (G1 Evacuation Pause) 3714M->30M(6152M) 2.259ms
[717.050s][info][gc] GC(3424) Pause Young (Normal) (G1 Evacuation Pause) 3714M->30M(6152M) 2.018ms
[717.158s][info][gc] GC(3425) Pause Young (Normal) (G1 Evacuation Pause) 3714M->30M(6152M) 2.048ms
[717.265s][info][gc] GC(3426) Pause Young (Normal) (G1 Evacuation Pause) 3714M->30M(6152M) 1.993ms
[717.372s][info][gc] GC(3427) Pause Young (Normal) (G1 Evacuation Pause) 3714M->30M(6152M) 2.296ms
[717.480s][info][gc] GC(3428) Pause Young (Normal) (G1 Evacuation Pause) 3714M->30M(6152M) 2.099ms
[717.588s][info][gc] GC(3429) Pause Young (Normal) (G1 Evacuation Pause) 3714M->30M(6152M) 2.031ms
[717.695s][info][gc] GC(3430) Pause Young (Normal) (G1 Evacuation Pause) 3714M->30M(6152M) 2.048ms
[717.802s][info][gc] GC(3431) Pause Young (Normal) (G1 Evacuation Pause) 3714M->30M(6152M) 1.941ms
[717.910s][info][gc] GC(3432) Pause Young (Normal) (G1 Evacuation Pause) 3714M->30M(6152M) 1.982ms
[718.018s][info][gc] GC(3433) Pause Young (Normal) (G1 Evacuation Pause) 3714M->30M(6152M) 1.942ms
[718.126s][info][gc] GC(3434) Pause Young (Normal) (G1 Evacuation Pause) 3714M->30M(6152M) 2.284ms
[718.233s][info][gc] GC(3435) Pause Young (Normal) (G1 Evacuation Pause) 3710M->30M(6152M) 2.057ms
[718.341s][info][gc] GC(3436) Pause Young (Normal) (G1 Evacuation Pause) 3714M->30M(6152M) 2.050ms
[718.449s][info][gc] GC(3437) Pause Young (Normal) (G1 Evacuation Pause) 3714M->30M(6152M) 2.221ms
[718.556s][info][gc] GC(3438) Pause Young (Normal) (G1 Evacuation Pause) 3714M->30M(6152M) 2.050ms
[718.664s][info][gc] GC(3439) Pause Young (Normal) (G1 Evacuation Pause) 3714M->30M(6152M) 2.035ms
[718.771s][info][gc] GC(3440) Pause Young (Normal) (G1 Evacuation Pause) 3714M->30M(6152M) 2.040ms
[718.878s][info][gc] GC(3441) Pause Young (Normal) (G1 Evacuation Pause) 3714M->30M(6152M) 2.108ms
[718.986s][info][gc] GC(3442) Pause Young (Normal) (G1 Evacuation Pause) 3714M->30M(6152M) 2.128ms
[719.094s][info][gc] GC(3443) Pause Young (Normal) (G1 Evacuation Pause) 3714M->30M(6152M) 1.964ms
[719.201s][info][gc] GC(3444) Pause Young (Normal) (G1 Evacuation Pause) 3714M->30M(6152M) 1.909ms
[719.309s][info][gc] GC(3445) Pause Young (Normal) (G1 Evacuation Pause) 3714M->30M(6152M) 1.867ms
[719.416s][info][gc] GC(3446) Pause Young (Normal) (G1 Evacuation Pause) 3714M->30M(6152M) 1.952ms
[719.523s][info][gc] GC(3447) Pause Young (Normal) (G1 Evacuation Pause) 3714M->30M(6152M) 2.101ms
[719.630s][info][gc] GC(3448) Pause Young (Normal) (G1 Evacuation Pause) 3710M->30M(6152M) 1.991ms
[719.738s][info][gc] GC(3449) Pause Young (Normal) (G1 Evacuation Pause) 3714M->30M(6152M) 2.141ms
[719.846s][info][gc] GC(3450) Pause Young (Normal) (G1 Evacuation Pause) 3714M->30M(6152M) 2.069ms
[719.954s][info][gc] GC(3451) Pause Young (Normal) (G1 Evacuation Pause) 3714M->30M(6152M) 1.978ms
[720.061s][info][gc] GC(3452) Pause Young (Normal) (G1 Evacuation Pause) 3714M->30M(6152M) 1.980ms
[720.169s][info][gc] GC(3453) Pause Young (Normal) (G1 Evacuation Pause) 3714M->30M(6152M) 1.894ms
[720.276s][info][gc] GC(3454) Pause Young (Normal) (G1 Evacuation Pause) 3714M->30M(6152M) 1.806ms
[720.384s][info][gc] GC(3455) Pause Young (Normal) (G1 Evacuation Pause) 3714M->30M(6152M) 2.069ms
[720.491s][info][gc] GC(3456) Pause Young (Normal) (G1 Evacuation Pause) 3714M->30M(6152M) 1.938ms
[720.598s][info][gc] GC(3457) Pause Young (Normal) (G1 Evacuation Pause) 3714M->30M(6152M) 2.010ms
[720.705s][info][gc] GC(3458) Pause Young (Normal) (G1 Evacuation Pause) 3714M->30M(6152M) 2.062ms
[720.813s][info][gc] GC(3459) Pause Young (Normal) (G1 Evacuation Pause) 3714M->30M(6152M) 2.365ms
[720.921s][info][gc] GC(3460) Pause Young (Normal) (G1 Evacuation Pause) 3714M->30M(6152M) 1.995ms
[721.028s][info][gc] GC(3461) Pause Young (Normal) (G1 Evacuation Pause) 3714M->30M(6152M) 2.019ms
[721.136s][info][gc] GC(3462) Pause Young (Normal) (G1 Evacuation Pause) 3714M->30M(6152M) 1.926ms
[721.243s][info][gc] GC(3463) Pause Young (Normal) (G1 Evacuation Pause) 3714M->30M(6152M) 2.018ms
[721.350s][info][gc] GC(3464) Pause Young (Normal) (G1 Evacuation Pause) 3714M->30M(6152M) 1.959ms
[721.458s][info][gc] GC(3465) Pause Young (Normal) (G1 Evacuation Pause) 3714M->30M(6152M) 2.058ms
[721.565s][info][gc] GC(3466) Pause Young (Normal) (G1 Evacuation Pause) 3714M->30M(6152M) 2.071ms
[721.673s][info][gc] GC(3467) Pause Young (Normal) (G1 Evacuation Pause) 3714M->30M(6152M) 2.203ms
[721.780s][info][gc] GC(3468) Pause Young (Normal) (G1 Evacuation Pause) 3714M->30M(6152M) 1.941ms
[721.888s][info][gc] GC(3469) Pause Young (Normal) (G1 Evacuation Pause) 3714M->30M(6152M) 2.124ms
[721.995s][info][gc] GC(3470) Pause Young (Normal) (G1 Evacuation Pause) 3714M->30M(6152M) 1.850ms
[722.103s][info][gc] GC(3471) Pause Young (Normal) (G1 Evacuation Pause) 3714M->30M(6152M) 2.035ms
[722.210s][info][gc] GC(3472) Pause Young (Normal) (G1 Evacuation Pause) 3714M->30M(6152M) 2.146ms
[722.318s][info][gc] GC(3473) Pause Young (Normal) (G1 Evacuation Pause) 3714M->30M(6152M) 1.926ms
[722.426s][info][gc] GC(3474) Pause Young (Normal) (G1 Evacuation Pause) 3714M->30M(6152M) 2.442ms
[722.534s][info][gc] GC(3475) Pause Young (Normal) (G1 Evacuation Pause) 3714M->30M(6152M) 2.581ms
[722.642s][info][gc] GC(3476) Pause Young (Normal) (G1 Evacuation Pause) 3714M->30M(6152M) 2.162ms
[722.749s][info][gc] GC(3477) Pause Young (Normal) (G1 Evacuation Pause) 3714M->30M(6152M) 1.909ms
[722.857s][info][gc] GC(3478) Pause Young (Normal) (G1 Evacuation Pause) 3714M->30M(6152M) 1.782ms
[722.964s][info][gc] GC(3479) Pause Young (Normal) (G1 Evacuation Pause) 3714M->30M(6152M) 1.979ms
[723.072s][info][gc] GC(3480) Pause Young (Normal) (G1 Evacuation Pause) 3714M->30M(6152M) 2.101ms
[723.180s][info][gc] GC(3481) Pause Young (Normal) (G1 Evacuation Pause) 3714M->30M(6152M) 1.865ms
[723.287s][info][gc] GC(3482) Pause Young (Normal) (G1 Evacuation Pause) 3714M->30M(6152M) 1.839ms
[723.394s][info][gc] GC(3483) Pause Young (Normal) (G1 Evacuation Pause) 3714M->30M(6152M) 1.908ms
[723.502s][info][gc] GC(3484) Pause Young (Normal) (G1 Evacuation Pause) 3714M->30M(6152M) 2.139ms
[723.610s][info][gc] GC(3485) Pause Young (Normal) (G1 Evacuation Pause) 3714M->30M(6152M) 2.250ms
[723.718s][info][gc] GC(3486) Pause Young (Normal) (G1 Evacuation Pause) 3714M->30M(6152M) 2.022ms
[723.825s][info][gc] GC(3487) Pause Young (Normal) (G1 Evacuation Pause) 3714M->30M(6152M) 1.862ms
[723.933s][info][gc] GC(3488) Pause Young (Normal) (G1 Evacuation Pause) 3714M->30M(6152M) 2.102ms
[724.041s][info][gc] GC(3489) Pause Young (Normal) (G1 Evacuation Pause) 3714M->30M(6152M) 2.415ms
[724.148s][info][gc] GC(3490) Pause Young (Normal) (G1 Evacuation Pause) 3714M->30M(6152M) 2.484ms
[724.256s][info][gc] GC(3491) Pause Young (Normal) (G1 Evacuation Pause) 3710M->30M(6152M) 2.101ms
[724.363s][info][gc] GC(3492) Pause Young (Normal) (G1 Evacuation Pause) 3714M->30M(6152M) 2.116ms
[724.471s][info][gc] GC(3493) Pause Young (Normal) (G1 Evacuation Pause) 3714M->30M(6152M) 2.126ms
[724.578s][info][gc] GC(3494) Pause Young (Normal) (G1 Evacuation Pause) 3714M->30M(6152M) 2.072ms
[724.686s][info][gc] GC(3495) Pause Young (Normal) (G1 Evacuation Pause) 3714M->30M(6152M) 1.994ms
[724.793s][info][gc] GC(3496) Pause Young (Normal) (G1 Evacuation Pause) 3714M->30M(6152M) 2.015ms
[724.901s][info][gc] GC(3497) Pause Young (Normal) (G1 Evacuation Pause) 3714M->30M(6152M) 1.885ms
[725.008s][info][gc] GC(3498) Pause Young (Normal) (G1 Evacuation Pause) 3714M->30M(6152M) 2.043ms
[725.116s][info][gc] GC(3499) Pause Young (Normal) (G1 Evacuation Pause) 3714M->30M(6152M) 1.898ms
[725.224s][info][gc] GC(3500) Pause Young (Normal) (G1 Evacuation Pause) 3714M->30M(6152M) 2.020ms
[725.331s][info][gc] GC(3501) Pause Young (Normal) (G1 Evacuation Pause) 3714M->30M(6152M) 2.123ms
[725.439s][info][gc] GC(3502) Pause Young (Normal) (G1 Evacuation Pause) 3710M->30M(6152M) 1.949ms
[725.546s][info][gc] GC(3503) Pause Young (Normal) (G1 Evacuation Pause) 3714M->30M(6152M) 2.178ms
[725.654s][info][gc] GC(3504) Pause Young (Normal) (G1 Evacuation Pause) 3714M->30M(6152M) 2.017ms
[725.761s][info][gc] GC(3505) Pause Young (Normal) (G1 Evacuation Pause) 3714M->30M(6152M) 1.952ms
[725.869s][info][gc] GC(3506) Pause Young (Normal) (G1 Evacuation Pause) 3714M->30M(6152M) 2.031ms
[725.976s][info][gc] GC(3507) Pause Young (Normal) (G1 Evacuation Pause) 3714M->30M(6152M) 2.105ms
[726.083s][info][gc] GC(3508) Pause Young (Normal) (G1 Evacuation Pause) 3714M->30M(6152M) 1.906ms
[726.191s][info][gc] GC(3509) Pause Young (Normal) (G1 Evacuation Pause) 3714M->30M(6152M) 1.975ms
[726.298s][info][gc] GC(3510) Pause Young (Normal) (G1 Evacuation Pause) 3714M->30M(6152M) 2.115ms
[726.405s][info][gc] GC(3511) Pause Young (Normal) (G1 Evacuation Pause) 3714M->30M(6152M) 1.902ms
[726.513s][info][gc] GC(3512) Pause Young (Normal) (G1 Evacuation Pause) 3714M->30M(6152M) 2.119ms
[726.621s][info][gc] GC(3513) Pause Young (Normal) (G1 Evacuation Pause) 3714M->30M(6152M) 2.085ms
[726.728s][info][gc] GC(3514) Pause Young (Normal) (G1 Evacuation Pause) 3714M->30M(6152M) 1.946ms
[726.835s][info][gc] GC(3515) Pause Young (Normal) (G1 Evacuation Pause) 3714M->30M(6152M) 2.210ms
[726.943s][info][gc] GC(3516) Pause Young (Normal) (G1 Evacuation Pause) 3710M->30M(6152M) 1.911ms
[727.050s][info][gc] GC(3517) Pause Young (Normal) (G1 Evacuation Pause) 3714M->30M(6152M) 2.068ms
[727.158s][info][gc] GC(3518) Pause Young (Normal) (G1 Evacuation Pause) 3714M->30M(6152M) 2.102ms
[727.266s][info][gc] GC(3519) Pause Young (Normal) (G1 Evacuation Pause) 3714M->30M(6152M) 2.087ms
[728.387s][info][gc] GC(3520) Pause Young (Normal) (G1 Evacuation Pause) 3714M->33M(6152M) 2.227ms
[728.486s][info][gc] GC(3521) Pause Young (Normal) (G1 Evacuation Pause) 3713M->33M(6152M) 2.108ms
[728.591s][info][gc] GC(3522) Pause Young (Normal) (G1 Evacuation Pause) 3713M->34M(6152M) 2.264ms
[728.688s][info][gc] GC(3523) Pause Young (Normal) (G1 Evacuation Pause) 3714M->33M(6152M) 2.191ms
[728.785s][info][gc] GC(3524) Pause Young (Normal) (G1 Evacuation Pause) 3713M->33M(6152M) 2.245ms
[728.883s][info][gc] GC(3525) Pause Young (Normal) (G1 Evacuation Pause) 3713M->34M(6152M) 2.285ms
[728.983s][info][gc] GC(3526) Pause Young (Normal) (G1 Evacuation Pause) 3714M->33M(6152M) 2.615ms
[729.086s][info][gc] GC(3527) Pause Young (Normal) (G1 Evacuation Pause) 3713M->34M(6152M) 2.171ms
[729.186s][info][gc] GC(3528) Pause Young (Normal) (G1 Evacuation Pause) 3714M->33M(6152M) 2.016ms
[729.284s][info][gc] GC(3529) Pause Young (Normal) (G1 Evacuation Pause) 3713M->33M(6152M) 2.484ms
[729.381s][info][gc] GC(3530) Pause Young (Normal) (G1 Evacuation Pause) 3713M->33M(6152M) 2.418ms
[729.482s][info][gc] GC(3531) Pause Young (Normal) (G1 Evacuation Pause) 3713M->34M(6152M) 2.315ms
[729.580s][info][gc] GC(3532) Pause Young (Normal) (G1 Evacuation Pause) 3714M->33M(6152M) 2.052ms
[729.677s][info][gc] GC(3533) Pause Young (Normal) (G1 Evacuation Pause) 3713M->33M(6152M) 2.310ms
[729.780s][info][gc] GC(3534) Pause Young (Normal) (G1 Evacuation Pause) 3713M->33M(6152M) 2.310ms
[729.888s][info][gc] GC(3535) Pause Young (Normal) (G1 Evacuation Pause) 3713M->33M(6152M) 4.307ms
[730.029s][info][gc] GC(3536) Pause Young (Normal) (G1 Evacuation Pause) 3717M->33M(6152M) 3.362ms
[730.171s][info][gc] GC(3537) Pause Young (Normal) (G1 Evacuation Pause) 3717M->33M(6152M) 3.314ms
[730.309s][info][gc] GC(3538) Pause Young (Normal) (G1 Evacuation Pause) 3717M->33M(6152M) 2.658ms
[730.450s][info][gc] GC(3539) Pause Young (Normal) (G1 Evacuation Pause) 3717M->33M(6152M) 2.537ms
[730.590s][info][gc] GC(3540) Pause Young (Normal) (G1 Evacuation Pause) 3717M->33M(6152M) 2.216ms
[730.730s][info][gc] GC(3541) Pause Young (Normal) (G1 Evacuation Pause) 3717M->33M(6152M) 2.400ms
[730.870s][info][gc] GC(3542) Pause Young (Normal) (G1 Evacuation Pause) 3717M->33M(6152M) 2.031ms
[731.010s][info][gc] GC(3543) Pause Young (Normal) (G1 Evacuation Pause) 3717M->33M(6152M) 2.245ms
[731.149s][info][gc] GC(3544) Pause Young (Normal) (G1 Evacuation Pause) 3717M->33M(6152M) 2.370ms
[731.288s][info][gc] GC(3545) Pause Young (Normal) (G1 Evacuation Pause) 3717M->33M(6152M) 2.034ms
[731.429s][info][gc] GC(3546) Pause Young (Normal) (G1 Evacuation Pause) 3717M->33M(6152M) 2.206ms
[731.568s][info][gc] GC(3547) Pause Young (Normal) (G1 Evacuation Pause) 3717M->33M(6152M) 1.961ms
[731.708s][info][gc] GC(3548) Pause Young (Normal) (G1 Evacuation Pause) 3717M->33M(6152M) 2.168ms
[731.848s][info][gc] GC(3549) Pause Young (Normal) (G1 Evacuation Pause) 3717M->33M(6152M) 2.084ms
[731.987s][info][gc] GC(3550) Pause Young (Normal) (G1 Evacuation Pause) 3717M->33M(6152M) 1.909ms
[732.127s][info][gc] GC(3551) Pause Young (Normal) (G1 Evacuation Pause) 3717M->33M(6152M) 1.937ms
[732.269s][info][gc] GC(3552) Pause Young (Normal) (G1 Evacuation Pause) 3717M->33M(6152M) 2.049ms
[732.408s][info][gc] GC(3553) Pause Young (Normal) (G1 Evacuation Pause) 3717M->33M(6152M) 2.331ms
[732.548s][info][gc] GC(3554) Pause Young (Normal) (G1 Evacuation Pause) 3717M->33M(6152M) 2.100ms
[732.688s][info][gc] GC(3555) Pause Young (Normal) (G1 Evacuation Pause) 3717M->33M(6152M) 1.886ms
[732.827s][info][gc] GC(3556) Pause Young (Normal) (G1 Evacuation Pause) 3717M->33M(6152M) 2.315ms
[732.967s][info][gc] GC(3557) Pause Young (Normal) (G1 Evacuation Pause) 3717M->33M(6152M) 2.095ms
[733.106s][info][gc] GC(3558) Pause Young (Normal) (G1 Evacuation Pause) 3717M->33M(6152M) 2.190ms
[733.245s][info][gc] GC(3559) Pause Young (Normal) (G1 Evacuation Pause) 3717M->33M(6152M) 2.006ms
[733.386s][info][gc] GC(3560) Pause Young (Normal) (G1 Evacuation Pause) 3717M->33M(6152M) 2.294ms
[733.527s][info][gc] GC(3561) Pause Young (Normal) (G1 Evacuation Pause) 3717M->33M(6152M) 2.188ms
[733.665s][info][gc] GC(3562) Pause Young (Normal) (G1 Evacuation Pause) 3717M->33M(6152M) 2.095ms
[733.804s][info][gc] GC(3563) Pause Young (Normal) (G1 Evacuation Pause) 3713M->33M(6152M) 1.793ms
[733.943s][info][gc] GC(3564) Pause Young (Normal) (G1 Evacuation Pause) 3717M->33M(6152M) 1.964ms
[734.083s][info][gc] GC(3565) Pause Young (Normal) (G1 Evacuation Pause) 3717M->33M(6152M) 1.893ms
[734.223s][info][gc] GC(3566) Pause Young (Normal) (G1 Evacuation Pause) 3717M->33M(6152M) 2.143ms
[734.362s][info][gc] GC(3567) Pause Young (Normal) (G1 Evacuation Pause) 3713M->33M(6152M) 2.006ms
[734.501s][info][gc] GC(3568) Pause Young (Normal) (G1 Evacuation Pause) 3717M->33M(6152M) 2.103ms
[734.639s][info][gc] GC(3569) Pause Young (Normal) (G1 Evacuation Pause) 3717M->33M(6152M) 2.189ms
[734.779s][info][gc] GC(3570) Pause Young (Normal) (G1 Evacuation Pause) 3717M->33M(6152M) 1.847ms
[734.918s][info][gc] GC(3571) Pause Young (Normal) (G1 Evacuation Pause) 3717M->33M(6152M) 2.210ms
[735.058s][info][gc] GC(3572) Pause Young (Normal) (G1 Evacuation Pause) 3717M->33M(6152M) 2.083ms
[735.195s][info][gc] GC(3573) Pause Young (Normal) (G1 Evacuation Pause) 3717M->33M(6152M) 1.814ms
[735.334s][info][gc] GC(3574) Pause Young (Normal) (G1 Evacuation Pause) 3717M->33M(6152M) 1.912ms
[735.473s][info][gc] GC(3575) Pause Young (Normal) (G1 Evacuation Pause) 3717M->33M(6152M) 2.090ms
[735.612s][info][gc] GC(3576) Pause Young (Normal) (G1 Evacuation Pause) 3717M->33M(6152M) 1.893ms
[735.750s][info][gc] GC(3577) Pause Young (Normal) (G1 Evacuation Pause) 3717M->33M(6152M) 2.042ms
[735.889s][info][gc] GC(3578) Pause Young (Normal) (G1 Evacuation Pause) 3717M->33M(6152M) 1.777ms
[736.028s][info][gc] GC(3579) Pause Young (Normal) (G1 Evacuation Pause) 3717M->33M(6152M) 2.186ms
[736.168s][info][gc] GC(3580) Pause Young (Normal) (G1 Evacuation Pause) 3717M->33M(6152M) 2.383ms
[736.306s][info][gc] GC(3581) Pause Young (Normal) (G1 Evacuation Pause) 3713M->33M(6152M) 2.214ms
[736.445s][info][gc] GC(3582) Pause Young (Normal) (G1 Evacuation Pause) 3717M->33M(6152M) 1.947ms
[736.585s][info][gc] GC(3583) Pause Young (Normal) (G1 Evacuation Pause) 3717M->33M(6152M) 1.969ms
[736.723s][info][gc] GC(3584) Pause Young (Normal) (G1 Evacuation Pause) 3717M->33M(6152M) 2.095ms
[736.862s][info][gc] GC(3585) Pause Young (Normal) (G1 Evacuation Pause) 3717M->33M(6152M) 1.923ms
[737.001s][info][gc] GC(3586) Pause Young (Normal) (G1 Evacuation Pause) 3717M->33M(6152M) 1.927ms
[737.141s][info][gc] GC(3587) Pause Young (Normal) (G1 Evacuation Pause) 3717M->34M(6152M) 2.034ms
[737.279s][info][gc] GC(3588) Pause Young (Normal) (G1 Evacuation Pause) 3714M->33M(6152M) 1.994ms
[737.419s][info][gc] GC(3589) Pause Young (Normal) (G1 Evacuation Pause) 3717M->34M(6152M) 2.235ms
[737.557s][info][gc] GC(3590) Pause Young (Normal) (G1 Evacuation Pause) 3714M->33M(6152M) 1.975ms
[737.697s][info][gc] GC(3591) Pause Young (Normal) (G1 Evacuation Pause) 3713M->33M(6152M) 1.947ms
[737.836s][info][gc] GC(3592) Pause Young (Normal) (G1 Evacuation Pause) 3717M->33M(6152M) 1.882ms
[737.975s][info][gc] GC(3593) Pause Young (Normal) (G1 Evacuation Pause) 3717M->33M(6152M) 2.006ms
[738.114s][info][gc] GC(3594) Pause Young (Normal) (G1 Evacuation Pause) 3717M->33M(6152M) 2.048ms
[738.252s][info][gc] GC(3595) Pause Young (Normal) (G1 Evacuation Pause) 3717M->33M(6152M) 1.903ms
[738.391s][info][gc] GC(3596) Pause Young (Normal) (G1 Evacuation Pause) 3717M->33M(6152M) 2.125ms
[738.530s][info][gc] GC(3597) Pause Young (Normal) (G1 Evacuation Pause) 3717M->33M(6152M) 2.108ms
[738.669s][info][gc] GC(3598) Pause Young (Normal) (G1 Evacuation Pause) 3713M->33M(6152M) 1.899ms
[738.807s][info][gc] GC(3599) Pause Young (Normal) (G1 Evacuation Pause) 3717M->33M(6152M) 1.959ms
[738.946s][info][gc] GC(3600) Pause Young (Normal) (G1 Evacuation Pause) 3717M->33M(6152M) 1.794ms
[739.086s][info][gc] GC(3601) Pause Young (Normal) (G1 Evacuation Pause) 3717M->33M(6152M) 1.901ms
[739.224s][info][gc] GC(3602) Pause Young (Normal) (G1 Evacuation Pause) 3717M->33M(6152M) 2.099ms
[739.364s][info][gc] GC(3603) Pause Young (Normal) (G1 Evacuation Pause) 3717M->33M(6152M) 1.951ms
[739.503s][info][gc] GC(3604) Pause Young (Normal) (G1 Evacuation Pause) 3717M->33M(6152M) 1.946ms
[739.641s][info][gc] GC(3605) Pause Young (Normal) (G1 Evacuation Pause) 3717M->33M(6152M) 1.969ms
[739.781s][info][gc] GC(3606) Pause Young (Normal) (G1 Evacuation Pause) 3717M->33M(6152M) 1.941ms
[739.919s][info][gc] GC(3607) Pause Young (Normal) (G1 Evacuation Pause) 3717M->33M(6152M) 2.165ms
[740.058s][info][gc] GC(3608) Pause Young (Normal) (G1 Evacuation Pause) 3717M->33M(6152M) 2.021ms
[740.196s][info][gc] GC(3609) Pause Young (Normal) (G1 Evacuation Pause) 3717M->33M(6152M) 1.727ms
[740.336s][info][gc] GC(3610) Pause Young (Normal) (G1 Evacuation Pause) 3717M->33M(6152M) 2.036ms
[740.475s][info][gc] GC(3611) Pause Young (Normal) (G1 Evacuation Pause) 3717M->33M(6152M) 1.899ms
[740.614s][info][gc] GC(3612) Pause Young (Normal) (G1 Evacuation Pause) 3717M->33M(6152M) 1.985ms
[740.753s][info][gc] GC(3613) Pause Young (Normal) (G1 Evacuation Pause) 3717M->33M(6152M) 1.952ms
[740.890s][info][gc] GC(3614) Pause Young (Normal) (G1 Evacuation Pause) 3717M->33M(6152M) 1.798ms
[741.030s][info][gc] GC(3615) Pause Young (Normal) (G1 Evacuation Pause) 3717M->33M(6152M) 1.796ms
[741.168s][info][gc] GC(3616) Pause Young (Normal) (G1 Evacuation Pause) 3717M->33M(6152M) 1.899ms
[741.309s][info][gc] GC(3617) Pause Young (Normal) (G1 Evacuation Pause) 3717M->34M(6152M) 2.059ms
[741.448s][info][gc] GC(3618) Pause Young (Normal) (G1 Evacuation Pause) 3714M->33M(6152M) 1.971ms
[741.587s][info][gc] GC(3619) Pause Young (Normal) (G1 Evacuation Pause) 3717M->33M(6152M) 2.094ms
[741.726s][info][gc] GC(3620) Pause Young (Normal) (G1 Evacuation Pause) 3717M->33M(6152M) 1.785ms
[741.866s][info][gc] GC(3621) Pause Young (Normal) (G1 Evacuation Pause) 3717M->33M(6152M) 1.910ms
[742.005s][info][gc] GC(3622) Pause Young (Normal) (G1 Evacuation Pause) 3717M->33M(6152M) 1.731ms
[742.144s][info][gc] GC(3623) Pause Young (Normal) (G1 Evacuation Pause) 3717M->33M(6152M) 1.980ms
[742.283s][info][gc] GC(3624) Pause Young (Normal) (G1 Evacuation Pause) 3717M->33M(6152M) 1.952ms
[742.422s][info][gc] GC(3625) Pause Young (Normal) (G1 Evacuation Pause) 3717M->34M(6152M) 2.086ms
[742.560s][info][gc] GC(3626) Pause Young (Normal) (G1 Evacuation Pause) 3714M->33M(6152M) 2.119ms
[742.699s][info][gc] GC(3627) Pause Young (Normal) (G1 Evacuation Pause) 3717M->33M(6152M) 2.181ms
[742.838s][info][gc] GC(3628) Pause Young (Normal) (G1 Evacuation Pause) 3713M->33M(6152M) 1.983ms
[742.976s][info][gc] GC(3629) Pause Young (Normal) (G1 Evacuation Pause) 3717M->33M(6152M) 1.947ms
[743.115s][info][gc] GC(3630) Pause Young (Normal) (G1 Evacuation Pause) 3717M->33M(6152M) 2.016ms
[743.254s][info][gc] GC(3631) Pause Young (Normal) (G1 Evacuation Pause) 3717M->33M(6152M) 2.002ms
[743.392s][info][gc] GC(3632) Pause Young (Normal) (G1 Evacuation Pause) 3717M->33M(6152M) 1.860ms
[743.531s][info][gc] GC(3633) Pause Young (Normal) (G1 Evacuation Pause) 3717M->33M(6152M) 2.016ms
[743.669s][info][gc] GC(3634) Pause Young (Normal) (G1 Evacuation Pause) 3717M->33M(6152M) 2.108ms
[743.808s][info][gc] GC(3635) Pause Young (Normal) (G1 Evacuation Pause) 3717M->33M(6152M) 1.917ms
[743.947s][info][gc] GC(3636) Pause Young (Normal) (G1 Evacuation Pause) 3717M->33M(6152M) 1.938ms
[744.086s][info][gc] GC(3637) Pause Young (Normal) (G1 Evacuation Pause) 3717M->33M(6152M) 2.082ms
[744.225s][info][gc] GC(3638) Pause Young (Normal) (G1 Evacuation Pause) 3717M->33M(6152M) 1.830ms
[744.365s][info][gc] GC(3639) Pause Young (Normal) (G1 Evacuation Pause) 3717M->33M(6152M) 1.957ms
[744.505s][info][gc] GC(3640) Pause Young (Normal) (G1 Evacuation Pause) 3717M->33M(6152M) 2.040ms
[744.642s][info][gc] GC(3641) Pause Young (Normal) (G1 Evacuation Pause) 3717M->33M(6152M) 2.032ms
[744.780s][info][gc] GC(3642) Pause Young (Normal) (G1 Evacuation Pause) 3717M->34M(6152M) 2.007ms
[744.919s][info][gc] GC(3643) Pause Young (Normal) (G1 Evacuation Pause) 3714M->33M(6152M) 1.856ms
[745.058s][info][gc] GC(3644) Pause Young (Normal) (G1 Evacuation Pause) 3717M->33M(6152M) 1.882ms
[745.197s][info][gc] GC(3645) Pause Young (Normal) (G1 Evacuation Pause) 3717M->33M(6152M) 1.872ms
[745.336s][info][gc] GC(3646) Pause Young (Normal) (G1 Evacuation Pause) 3717M->33M(6152M) 2.039ms
[745.475s][info][gc] GC(3647) Pause Young (Normal) (G1 Evacuation Pause) 3717M->33M(6152M) 1.762ms
[745.616s][info][gc] GC(3648) Pause Young (Normal) (G1 Evacuation Pause) 3717M->33M(6152M) 2.041ms
[745.754s][info][gc] GC(3649) Pause Young (Normal) (G1 Evacuation Pause) 3717M->33M(6152M) 1.977ms
[745.892s][info][gc] GC(3650) Pause Young (Normal) (G1 Evacuation Pause) 3717M->33M(6152M) 1.958ms
[746.032s][info][gc] GC(3651) Pause Young (Normal) (G1 Evacuation Pause) 3717M->33M(6152M) 2.092ms
[746.171s][info][gc] GC(3652) Pause Young (Normal) (G1 Evacuation Pause) 3717M->33M(6152M) 1.804ms
[746.310s][info][gc] GC(3653) Pause Young (Normal) (G1 Evacuation Pause) 3717M->33M(6152M) 1.994ms
[746.449s][info][gc] GC(3654) Pause Young (Normal) (G1 Evacuation Pause) 3717M->33M(6152M) 1.908ms
[746.587s][info][gc] GC(3655) Pause Young (Normal) (G1 Evacuation Pause) 3717M->34M(6152M) 1.946ms
[746.725s][info][gc] GC(3656) Pause Young (Normal) (G1 Evacuation Pause) 3714M->34M(6152M) 1.935ms
[746.862s][info][gc] GC(3657) Pause Young (Normal) (G1 Evacuation Pause) 3714M->33M(6152M) 1.769ms
[747.001s][info][gc] GC(3658) Pause Young (Normal) (G1 Evacuation Pause) 3717M->33M(6152M) 1.796ms
[747.140s][info][gc] GC(3659) Pause Young (Normal) (G1 Evacuation Pause) 3717M->33M(6152M) 1.917ms
[747.279s][info][gc] GC(3660) Pause Young (Normal) (G1 Evacuation Pause) 3717M->33M(6152M) 1.859ms
[747.419s][info][gc] GC(3661) Pause Young (Normal) (G1 Evacuation Pause) 3717M->33M(6152M) 1.811ms
[747.558s][info][gc] GC(3662) Pause Young (Normal) (G1 Evacuation Pause) 3717M->33M(6152M) 1.954ms
[747.697s][info][gc] GC(3663) Pause Young (Normal) (G1 Evacuation Pause) 3713M->33M(6152M) 1.890ms
[747.836s][info][gc] GC(3664) Pause Young (Normal) (G1 Evacuation Pause) 3717M->33M(6152M) 1.888ms
[747.974s][info][gc] GC(3665) Pause Young (Normal) (G1 Evacuation Pause) 3717M->33M(6152M) 1.967ms
[748.113s][info][gc] GC(3666) Pause Young (Normal) (G1 Evacuation Pause) 3713M->33M(6152M) 2.124ms
[748.252s][info][gc] GC(3667) Pause Young (Normal) (G1 Evacuation Pause) 3717M->33M(6152M) 1.935ms
[748.390s][info][gc] GC(3668) Pause Young (Normal) (G1 Evacuation Pause) 3717M->33M(6152M) 1.729ms
[748.530s][info][gc] GC(3669) Pause Young (Normal) (G1 Evacuation Pause) 3717M->33M(6152M) 2.114ms
[748.668s][info][gc] GC(3670) Pause Young (Normal) (G1 Evacuation Pause) 3717M->33M(6152M) 1.937ms
[748.807s][info][gc] GC(3671) Pause Young (Normal) (G1 Evacuation Pause) 3717M->33M(6152M) 1.904ms
[748.946s][info][gc] GC(3672) Pause Young (Normal) (G1 Evacuation Pause) 3713M->34M(6152M) 2.159ms
[749.086s][info][gc] GC(3673) Pause Young (Normal) (G1 Evacuation Pause) 3714M->33M(6152M) 2.320ms
[749.224s][info][gc] GC(3674) Pause Young (Normal) (G1 Evacuation Pause) 3717M->33M(6152M) 1.904ms
[749.363s][info][gc] GC(3675) Pause Young (Normal) (G1 Evacuation Pause) 3713M->33M(6152M) 1.847ms
[749.501s][info][gc] GC(3676) Pause Young (Normal) (G1 Evacuation Pause) 3717M->33M(6152M) 1.761ms
[749.640s][info][gc] GC(3677) Pause Young (Normal) (G1 Evacuation Pause) 3717M->33M(6152M) 2.004ms
[749.779s][info][gc] GC(3678) Pause Young (Normal) (G1 Evacuation Pause) 3717M->33M(6152M) 2.112ms
[749.919s][info][gc] GC(3679) Pause Young (Normal) (G1 Evacuation Pause) 3717M->33M(6152M) 1.963ms
[750.059s][info][gc] GC(3680) Pause Young (Normal) (G1 Evacuation Pause) 3717M->33M(6152M) 2.052ms
[750.197s][info][gc] GC(3681) Pause Young (Normal) (G1 Evacuation Pause) 3713M->33M(6152M) 2.090ms
[750.335s][info][gc] GC(3682) Pause Young (Normal) (G1 Evacuation Pause) 3717M->33M(6152M) 2.077ms
[750.475s][info][gc] GC(3683) Pause Young (Normal) (G1 Evacuation Pause) 3717M->33M(6152M) 1.776ms
[750.614s][info][gc] GC(3684) Pause Young (Normal) (G1 Evacuation Pause) 3717M->33M(6152M) 1.833ms
[750.755s][info][gc] GC(3685) Pause Young (Normal) (G1 Evacuation Pause) 3717M->33M(6152M) 2.070ms
[750.892s][info][gc] GC(3686) Pause Young (Normal) (G1 Evacuation Pause) 3717M->33M(6152M) 1.819ms
[751.031s][info][gc] GC(3687) Pause Young (Normal) (G1 Evacuation Pause) 3717M->33M(6152M) 2.084ms
[751.169s][info][gc] GC(3688) Pause Young (Normal) (G1 Evacuation Pause) 3717M->33M(6152M) 1.917ms
[751.308s][info][gc] GC(3689) Pause Young (Normal) (G1 Evacuation Pause) 3717M->33M(6152M) 2.024ms
[751.449s][info][gc] GC(3690) Pause Young (Normal) (G1 Evacuation Pause) 3717M->33M(6152M) 1.896ms
[751.588s][info][gc] GC(3691) Pause Young (Normal) (G1 Evacuation Pause) 3717M->33M(6152M) 1.759ms
[751.726s][info][gc] GC(3692) Pause Young (Normal) (G1 Evacuation Pause) 3717M->33M(6152M) 2.045ms
[751.865s][info][gc] GC(3693) Pause Young (Normal) (G1 Evacuation Pause) 3717M->33M(6152M) 1.934ms
[752.003s][info][gc] GC(3694) Pause Young (Normal) (G1 Evacuation Pause) 3717M->34M(6152M) 2.095ms
[752.141s][info][gc] GC(3695) Pause Young (Normal) (G1 Evacuation Pause) 3714M->33M(6152M) 1.818ms
[752.280s][info][gc] GC(3696) Pause Young (Normal) (G1 Evacuation Pause) 3717M->33M(6152M) 1.767ms
[752.419s][info][gc] GC(3697) Pause Young (Normal) (G1 Evacuation Pause) 3717M->33M(6152M) 1.808ms
[752.558s][info][gc] GC(3698) Pause Young (Normal) (G1 Evacuation Pause) 3717M->33M(6152M) 1.779ms
[752.698s][info][gc] GC(3699) Pause Young (Normal) (G1 Evacuation Pause) 3717M->33M(6152M) 1.769ms
[752.837s][info][gc] GC(3700) Pause Young (Normal) (G1 Evacuation Pause) 3717M->33M(6152M) 1.759ms
[752.976s][info][gc] GC(3701) Pause Young (Normal) (G1 Evacuation Pause) 3717M->33M(6152M) 1.957ms
[753.115s][info][gc] GC(3702) Pause Young (Normal) (G1 Evacuation Pause) 3717M->33M(6152M) 1.831ms
[753.254s][info][gc] GC(3703) Pause Young (Normal) (G1 Evacuation Pause) 3717M->33M(6152M) 1.856ms
[754.375s][info][gc] GC(3704) Pause Young (Normal) (G1 Evacuation Pause) 3717M->37M(6152M) 2.249ms
[754.474s][info][gc] GC(3705) Pause Young (Normal) (G1 Evacuation Pause) 3717M->37M(6152M) 2.109ms
[754.573s][info][gc] GC(3706) Pause Young (Normal) (G1 Evacuation Pause) 3717M->36M(6152M) 2.130ms
[754.673s][info][gc] GC(3707) Pause Young (Normal) (G1 Evacuation Pause) 3716M->37M(6152M) 2.212ms
[754.769s][info][gc] GC(3708) Pause Young (Normal) (G1 Evacuation Pause) 3717M->36M(6152M) 2.081ms
[754.867s][info][gc] GC(3709) Pause Young (Normal) (G1 Evacuation Pause) 3716M->36M(6152M) 2.099ms
[754.967s][info][gc] GC(3710) Pause Young (Normal) (G1 Evacuation Pause) 3716M->37M(6152M) 2.126ms
[755.067s][info][gc] GC(3711) Pause Young (Normal) (G1 Evacuation Pause) 3717M->37M(6152M) 2.070ms
[755.166s][info][gc] GC(3712) Pause Young (Normal) (G1 Evacuation Pause) 3717M->37M(6152M) 2.185ms
[755.264s][info][gc] GC(3713) Pause Young (Normal) (G1 Evacuation Pause) 3717M->36M(6152M) 2.147ms
[755.360s][info][gc] GC(3714) Pause Young (Normal) (G1 Evacuation Pause) 3716M->37M(6152M) 2.031ms
[755.460s][info][gc] GC(3715) Pause Young (Normal) (G1 Evacuation Pause) 3717M->37M(6152M) 2.105ms
[755.558s][info][gc] GC(3716) Pause Young (Normal) (G1 Evacuation Pause) 3717M->36M(6152M) 2.074ms
[755.655s][info][gc] GC(3717) Pause Young (Normal) (G1 Evacuation Pause) 3716M->37M(6152M) 2.033ms
[755.755s][info][gc] GC(3718) Pause Young (Normal) (G1 Evacuation Pause) 3717M->36M(6152M) 2.145ms
[755.860s][info][gc] GC(3719) Pause Young (Normal) (G1 Evacuation Pause) 3716M->36M(6152M) 5.960ms
[755.972s][info][gc] GC(3720) Pause Young (Normal) (G1 Evacuation Pause) 3720M->36M(6152M) 2.956ms
[756.084s][info][gc] GC(3721) Pause Young (Normal) (G1 Evacuation Pause) 3720M->36M(6152M) 3.159ms
[756.196s][info][gc] GC(3722) Pause Young (Normal) (G1 Evacuation Pause) 3720M->36M(6152M) 3.063ms
[756.307s][info][gc] GC(3723) Pause Young (Normal) (G1 Evacuation Pause) 3720M->37M(6152M) 2.828ms
[756.418s][info][gc] GC(3724) Pause Young (Normal) (G1 Evacuation Pause) 3717M->36M(6152M) 2.788ms
[756.529s][info][gc] GC(3725) Pause Young (Normal) (G1 Evacuation Pause) 3720M->36M(6152M) 2.667ms
[756.638s][info][gc] GC(3726) Pause Young (Normal) (G1 Evacuation Pause) 3720M->36M(6152M) 2.437ms
[756.748s][info][gc] GC(3727) Pause Young (Normal) (G1 Evacuation Pause) 3720M->36M(6152M) 2.195ms
[756.858s][info][gc] GC(3728) Pause Young (Normal) (G1 Evacuation Pause) 3720M->36M(6152M) 2.461ms
[756.970s][info][gc] GC(3729) Pause Young (Normal) (G1 Evacuation Pause) 3720M->37M(6152M) 3.115ms
[757.081s][info][gc] GC(3730) Pause Young (Normal) (G1 Evacuation Pause) 3717M->36M(6152M) 2.374ms
[757.192s][info][gc] GC(3731) Pause Young (Normal) (G1 Evacuation Pause) 3720M->36M(6152M) 2.391ms
[757.301s][info][gc] GC(3732) Pause Young (Normal) (G1 Evacuation Pause) 3720M->37M(6152M) 2.257ms
[757.412s][info][gc] GC(3733) Pause Young (Normal) (G1 Evacuation Pause) 3717M->36M(6152M) 2.606ms
[757.522s][info][gc] GC(3734) Pause Young (Normal) (G1 Evacuation Pause) 3720M->36M(6152M) 2.002ms
[757.634s][info][gc] GC(3735) Pause Young (Normal) (G1 Evacuation Pause) 3720M->37M(6152M) 2.340ms
[757.745s][info][gc] GC(3736) Pause Young (Normal) (G1 Evacuation Pause) 3717M->36M(6152M) 1.930ms
[757.856s][info][gc] GC(3737) Pause Young (Normal) (G1 Evacuation Pause) 3720M->36M(6152M) 2.568ms
[757.966s][info][gc] GC(3738) Pause Young (Normal) (G1 Evacuation Pause) 3720M->36M(6152M) 2.123ms
[758.076s][info][gc] GC(3739) Pause Young (Normal) (G1 Evacuation Pause) 3720M->36M(6152M) 2.070ms
[758.186s][info][gc] GC(3740) Pause Young (Normal) (G1 Evacuation Pause) 3720M->36M(6152M) 1.883ms
[758.297s][info][gc] GC(3741) Pause Young (Normal) (G1 Evacuation Pause) 3720M->37M(6152M) 2.252ms
[758.407s][info][gc] GC(3742) Pause Young (Normal) (G1 Evacuation Pause) 3721M->37M(6152M) 2.177ms
[758.517s][info][gc] GC(3743) Pause Young (Normal) (G1 Evacuation Pause) 3721M->36M(6152M) 1.926ms
[758.628s][info][gc] GC(3744) Pause Young (Normal) (G1 Evacuation Pause) 3720M->36M(6152M) 2.160ms
[758.738s][info][gc] GC(3745) Pause Young (Normal) (G1 Evacuation Pause) 3720M->36M(6152M) 1.887ms
[758.849s][info][gc] GC(3746) Pause Young (Normal) (G1 Evacuation Pause) 3720M->36M(6152M) 1.883ms
[758.960s][info][gc] GC(3747) Pause Young (Normal) (G1 Evacuation Pause) 3720M->36M(6152M) 2.142ms
[759.070s][info][gc] GC(3748) Pause Young (Normal) (G1 Evacuation Pause) 3720M->36M(6152M) 2.139ms
[759.181s][info][gc] GC(3749) Pause Young (Normal) (G1 Evacuation Pause) 3720M->36M(6152M) 2.017ms
[759.291s][info][gc] GC(3750) Pause Young (Normal) (G1 Evacuation Pause) 3720M->36M(6152M) 2.253ms
[759.401s][info][gc] GC(3751) Pause Young (Normal) (G1 Evacuation Pause) 3720M->36M(6152M) 2.101ms
[759.511s][info][gc] GC(3752) Pause Young (Normal) (G1 Evacuation Pause) 3720M->36M(6152M) 2.329ms
[759.621s][info][gc] GC(3753) Pause Young (Normal) (G1 Evacuation Pause) 3720M->36M(6152M) 2.031ms
[759.730s][info][gc] GC(3754) Pause Young (Normal) (G1 Evacuation Pause) 3720M->36M(6152M) 2.230ms
[759.840s][info][gc] GC(3755) Pause Young (Normal) (G1 Evacuation Pause) 3720M->36M(6152M) 1.882ms
[759.949s][info][gc] GC(3756) Pause Young (Normal) (G1 Evacuation Pause) 3720M->36M(6152M) 2.016ms
[760.059s][info][gc] GC(3757) Pause Young (Normal) (G1 Evacuation Pause) 3720M->36M(6152M) 2.044ms
[760.169s][info][gc] GC(3758) Pause Young (Normal) (G1 Evacuation Pause) 3720M->36M(6152M) 2.234ms
[760.279s][info][gc] GC(3759) Pause Young (Normal) (G1 Evacuation Pause) 3720M->37M(6152M) 2.249ms
[760.389s][info][gc] GC(3760) Pause Young (Normal) (G1 Evacuation Pause) 3721M->36M(6152M) 1.934ms
[760.499s][info][gc] GC(3761) Pause Young (Normal) (G1 Evacuation Pause) 3720M->36M(6152M) 2.162ms
[760.609s][info][gc] GC(3762) Pause Young (Normal) (G1 Evacuation Pause) 3720M->36M(6152M) 2.060ms
[760.719s][info][gc] GC(3763) Pause Young (Normal) (G1 Evacuation Pause) 3720M->36M(6152M) 2.227ms
[760.829s][info][gc] GC(3764) Pause Young (Normal) (G1 Evacuation Pause) 3720M->36M(6152M) 2.289ms
[760.938s][info][gc] GC(3765) Pause Young (Normal) (G1 Evacuation Pause) 3720M->36M(6152M) 2.073ms
[761.047s][info][gc] GC(3766) Pause Young (Normal) (G1 Evacuation Pause) 3720M->36M(6152M) 1.962ms
[761.157s][info][gc] GC(3767) Pause Young (Normal) (G1 Evacuation Pause) 3720M->37M(6152M) 2.433ms
[761.267s][info][gc] GC(3768) Pause Young (Normal) (G1 Evacuation Pause) 3721M->36M(6152M) 2.094ms
[761.377s][info][gc] GC(3769) Pause Young (Normal) (G1 Evacuation Pause) 3720M->36M(6152M) 2.178ms
[761.487s][info][gc] GC(3770) Pause Young (Normal) (G1 Evacuation Pause) 3720M->37M(6152M) 2.235ms
[761.596s][info][gc] GC(3771) Pause Young (Normal) (G1 Evacuation Pause) 3721M->36M(6152M) 1.804ms
[761.706s][info][gc] GC(3772) Pause Young (Normal) (G1 Evacuation Pause) 3720M->36M(6152M) 2.115ms
[761.815s][info][gc] GC(3773) Pause Young (Normal) (G1 Evacuation Pause) 3720M->36M(6152M) 1.879ms
[761.925s][info][gc] GC(3774) Pause Young (Normal) (G1 Evacuation Pause) 3720M->36M(6152M) 1.955ms
[762.035s][info][gc] GC(3775) Pause Young (Normal) (G1 Evacuation Pause) 3720M->36M(6152M) 2.278ms
[762.145s][info][gc] GC(3776) Pause Young (Normal) (G1 Evacuation Pause) 3720M->37M(6152M) 2.095ms
[762.254s][info][gc] GC(3777) Pause Young (Normal) (G1 Evacuation Pause) 3717M->36M(6152M) 1.957ms
[762.364s][info][gc] GC(3778) Pause Young (Normal) (G1 Evacuation Pause) 3720M->36M(6152M) 2.054ms
[762.473s][info][gc] GC(3779) Pause Young (Normal) (G1 Evacuation Pause) 3720M->36M(6152M) 2.032ms
[762.583s][info][gc] GC(3780) Pause Young (Normal) (G1 Evacuation Pause) 3720M->36M(6152M) 2.298ms
[762.693s][info][gc] GC(3781) Pause Young (Normal) (G1 Evacuation Pause) 3720M->36M(6152M) 2.051ms
[762.803s][info][gc] GC(3782) Pause Young (Normal) (G1 Evacuation Pause) 3720M->36M(6152M) 2.056ms
[762.912s][info][gc] GC(3783) Pause Young (Normal) (G1 Evacuation Pause) 3720M->36M(6152M) 2.044ms
[763.022s][info][gc] GC(3784) Pause Young (Normal) (G1 Evacuation Pause) 3720M->36M(6152M) 2.103ms
[763.131s][info][gc] GC(3785) Pause Young (Normal) (G1 Evacuation Pause) 3720M->36M(6152M) 2.108ms
[763.240s][info][gc] GC(3786) Pause Young (Normal) (G1 Evacuation Pause) 3720M->36M(6152M) 2.184ms
[763.351s][info][gc] GC(3787) Pause Young (Normal) (G1 Evacuation Pause) 3720M->37M(6152M) 2.217ms
[763.460s][info][gc] GC(3788) Pause Young (Normal) (G1 Evacuation Pause) 3721M->36M(6152M) 2.014ms
[763.570s][info][gc] GC(3789) Pause Young (Normal) (G1 Evacuation Pause) 3720M->36M(6152M) 1.970ms
[763.680s][info][gc] GC(3790) Pause Young (Normal) (G1 Evacuation Pause) 3720M->36M(6152M) 2.091ms
[763.790s][info][gc] GC(3791) Pause Young (Normal) (G1 Evacuation Pause) 3720M->36M(6152M) 2.065ms
[763.900s][info][gc] GC(3792) Pause Young (Normal) (G1 Evacuation Pause) 3720M->36M(6152M) 2.076ms
[764.010s][info][gc] GC(3793) Pause Young (Normal) (G1 Evacuation Pause) 3720M->36M(6152M) 2.192ms
[764.119s][info][gc] GC(3794) Pause Young (Normal) (G1 Evacuation Pause) 3720M->36M(6152M) 1.957ms
[764.228s][info][gc] GC(3795) Pause Young (Normal) (G1 Evacuation Pause) 3720M->36M(6152M) 2.155ms
[764.338s][info][gc] GC(3796) Pause Young (Normal) (G1 Evacuation Pause) 3720M->36M(6152M) 1.834ms
[764.447s][info][gc] GC(3797) Pause Young (Normal) (G1 Evacuation Pause) 3720M->36M(6152M) 2.074ms
[764.556s][info][gc] GC(3798) Pause Young (Normal) (G1 Evacuation Pause) 3720M->36M(6152M) 2.082ms
[764.666s][info][gc] GC(3799) Pause Young (Normal) (G1 Evacuation Pause) 3720M->36M(6152M) 1.964ms
[764.776s][info][gc] GC(3800) Pause Young (Normal) (G1 Evacuation Pause) 3720M->36M(6152M) 2.068ms
[764.885s][info][gc] GC(3801) Pause Young (Normal) (G1 Evacuation Pause) 3720M->36M(6152M) 1.905ms
[764.995s][info][gc] GC(3802) Pause Young (Normal) (G1 Evacuation Pause) 3720M->36M(6152M) 1.986ms
[765.104s][info][gc] GC(3803) Pause Young (Normal) (G1 Evacuation Pause) 3720M->36M(6152M) 1.942ms
[765.213s][info][gc] GC(3804) Pause Young (Normal) (G1 Evacuation Pause) 3720M->36M(6152M) 2.050ms
[765.323s][info][gc] GC(3805) Pause Young (Normal) (G1 Evacuation Pause) 3720M->36M(6152M) 2.216ms
[765.432s][info][gc] GC(3806) Pause Young (Normal) (G1 Evacuation Pause) 3720M->36M(6152M) 1.911ms
[765.541s][info][gc] GC(3807) Pause Young (Normal) (G1 Evacuation Pause) 3720M->36M(6152M) 2.236ms
[765.649s][info][gc] GC(3808) Pause Young (Normal) (G1 Evacuation Pause) 3720M->37M(6152M) 2.254ms
[765.758s][info][gc] GC(3809) Pause Young (Normal) (G1 Evacuation Pause) 3717M->36M(6152M) 2.176ms
[765.868s][info][gc] GC(3810) Pause Young (Normal) (G1 Evacuation Pause) 3720M->36M(6152M) 1.928ms
[765.978s][info][gc] GC(3811) Pause Young (Normal) (G1 Evacuation Pause) 3720M->36M(6152M) 1.879ms
[766.088s][info][gc] GC(3812) Pause Young (Normal) (G1 Evacuation Pause) 3720M->36M(6152M) 1.899ms
[766.198s][info][gc] GC(3813) Pause Young (Normal) (G1 Evacuation Pause) 3720M->37M(6152M) 2.148ms
[766.308s][info][gc] GC(3814) Pause Young (Normal) (G1 Evacuation Pause) 3721M->37M(6152M) 2.177ms
[766.417s][info][gc] GC(3815) Pause Young (Normal) (G1 Evacuation Pause) 3717M->36M(6152M) 2.096ms
[766.527s][info][gc] GC(3816) Pause Young (Normal) (G1 Evacuation Pause) 3720M->37M(6152M) 2.430ms
[766.635s][info][gc] GC(3817) Pause Young (Normal) (G1 Evacuation Pause) 3721M->36M(6152M) 2.009ms
[766.745s][info][gc] GC(3818) Pause Young (Normal) (G1 Evacuation Pause) 3720M->36M(6152M) 2.132ms
[766.855s][info][gc] GC(3819) Pause Young (Normal) (G1 Evacuation Pause) 3720M->37M(6152M) 2.215ms
[766.964s][info][gc] GC(3820) Pause Young (Normal) (G1 Evacuation Pause) 3721M->37M(6152M) 2.080ms
[767.074s][info][gc] GC(3821) Pause Young (Normal) (G1 Evacuation Pause) 3721M->36M(6152M) 2.206ms
[767.184s][info][gc] GC(3822) Pause Young (Normal) (G1 Evacuation Pause) 3720M->36M(6152M) 2.013ms
[767.293s][info][gc] GC(3823) Pause Young (Normal) (G1 Evacuation Pause) 3720M->36M(6152M) 1.914ms
[767.402s][info][gc] GC(3824) Pause Young (Normal) (G1 Evacuation Pause) 3720M->36M(6152M) 2.179ms
[767.512s][info][gc] GC(3825) Pause Young (Normal) (G1 Evacuation Pause) 3720M->36M(6152M) 1.890ms
[767.621s][info][gc] GC(3826) Pause Young (Normal) (G1 Evacuation Pause) 3720M->36M(6152M) 2.076ms
[767.732s][info][gc] GC(3827) Pause Young (Normal) (G1 Evacuation Pause) 3720M->36M(6152M) 2.156ms
[767.842s][info][gc] GC(3828) Pause Young (Normal) (G1 Evacuation Pause) 3720M->36M(6152M) 1.942ms
[767.952s][info][gc] GC(3829) Pause Young (Normal) (G1 Evacuation Pause) 3720M->36M(6152M) 1.876ms
[768.062s][info][gc] GC(3830) Pause Young (Normal) (G1 Evacuation Pause) 3720M->36M(6152M) 2.239ms
[768.171s][info][gc] GC(3831) Pause Young (Normal) (G1 Evacuation Pause) 3720M->37M(6152M) 2.132ms
[768.280s][info][gc] GC(3832) Pause Young (Normal) (G1 Evacuation Pause) 3721M->36M(6152M) 1.991ms
[768.389s][info][gc] GC(3833) Pause Young (Normal) (G1 Evacuation Pause) 3720M->37M(6152M) 2.220ms
[768.499s][info][gc] GC(3834) Pause Young (Normal) (G1 Evacuation Pause) 3721M->36M(6152M) 2.198ms
[768.608s][info][gc] GC(3835) Pause Young (Normal) (G1 Evacuation Pause) 3720M->36M(6152M) 1.976ms
[768.718s][info][gc] GC(3836) Pause Young (Normal) (G1 Evacuation Pause) 3720M->37M(6152M) 2.085ms
[768.827s][info][gc] GC(3837) Pause Young (Normal) (G1 Evacuation Pause) 3721M->36M(6152M) 2.087ms
[768.937s][info][gc] GC(3838) Pause Young (Normal) (G1 Evacuation Pause) 3720M->37M(6152M) 2.120ms
[769.047s][info][gc] GC(3839) Pause Young (Normal) (G1 Evacuation Pause) 3717M->37M(6152M) 2.175ms
[769.156s][info][gc] GC(3840) Pause Young (Normal) (G1 Evacuation Pause) 3717M->36M(6152M) 2.023ms
[769.265s][info][gc] GC(3841) Pause Young (Normal) (G1 Evacuation Pause) 3720M->36M(6152M) 1.992ms
[769.375s][info][gc] GC(3842) Pause Young (Normal) (G1 Evacuation Pause) 3720M->37M(6152M) 2.030ms
[769.485s][info][gc] GC(3843) Pause Young (Normal) (G1 Evacuation Pause) 3717M->36M(6152M) 2.133ms
[769.595s][info][gc] GC(3844) Pause Young (Normal) (G1 Evacuation Pause) 3720M->36M(6152M) 1.879ms
[769.704s][info][gc] GC(3845) Pause Young (Normal) (G1 Evacuation Pause) 3720M->36M(6152M) 1.859ms
[769.813s][info][gc] GC(3846) Pause Young (Normal) (G1 Evacuation Pause) 3720M->36M(6152M) 2.012ms
[769.923s][info][gc] GC(3847) Pause Young (Normal) (G1 Evacuation Pause) 3720M->36M(6152M) 2.066ms
[770.033s][info][gc] GC(3848) Pause Young (Normal) (G1 Evacuation Pause) 3720M->36M(6152M) 1.913ms
[770.143s][info][gc] GC(3849) Pause Young (Normal) (G1 Evacuation Pause) 3720M->36M(6152M) 2.053ms
[770.253s][info][gc] GC(3850) Pause Young (Normal) (G1 Evacuation Pause) 3720M->37M(6152M) 1.948ms
[770.363s][info][gc] GC(3851) Pause Young (Normal) (G1 Evacuation Pause) 3721M->37M(6152M) 2.029ms
[770.472s][info][gc] GC(3852) Pause Young (Normal) (G1 Evacuation Pause) 3717M->36M(6152M) 1.986ms
[770.581s][info][gc] GC(3853) Pause Young (Normal) (G1 Evacuation Pause) 3720M->37M(6152M) 2.033ms
[770.690s][info][gc] GC(3854) Pause Young (Normal) (G1 Evacuation Pause) 3717M->36M(6152M) 1.999ms
[770.799s][info][gc] GC(3855) Pause Young (Normal) (G1 Evacuation Pause) 3720M->36M(6152M) 2.039ms
[770.909s][info][gc] GC(3856) Pause Young (Normal) (G1 Evacuation Pause) 3720M->36M(6152M) 1.841ms
[771.019s][info][gc] GC(3857) Pause Young (Normal) (G1 Evacuation Pause) 3720M->37M(6152M) 1.940ms
[771.129s][info][gc] GC(3858) Pause Young (Normal) (G1 Evacuation Pause) 3721M->37M(6152M) 2.155ms
[771.239s][info][gc] GC(3859) Pause Young (Normal) (G1 Evacuation Pause) 3717M->37M(6152M) 2.089ms
[771.348s][info][gc] GC(3860) Pause Young (Normal) (G1 Evacuation Pause) 3721M->37M(6152M) 2.296ms
[771.457s][info][gc] GC(3861) Pause Young (Normal) (G1 Evacuation Pause) 3721M->36M(6152M) 1.959ms
[771.567s][info][gc] GC(3862) Pause Young (Normal) (G1 Evacuation Pause) 3720M->36M(6152M) 2.131ms
[771.677s][info][gc] GC(3863) Pause Young (Normal) (G1 Evacuation Pause) 3720M->36M(6152M) 2.334ms
[771.787s][info][gc] GC(3864) Pause Young (Normal) (G1 Evacuation Pause) 3720M->36M(6152M) 1.984ms
[771.897s][info][gc] GC(3865) Pause Young (Normal) (G1 Evacuation Pause) 3720M->37M(6152M) 1.968ms
[772.007s][info][gc] GC(3866) Pause Young (Normal) (G1 Evacuation Pause) 3717M->37M(6152M) 2.091ms
[772.117s][info][gc] GC(3867) Pause Young (Normal) (G1 Evacuation Pause) 3721M->36M(6152M) 1.990ms
[772.226s][info][gc] GC(3868) Pause Young (Normal) (G1 Evacuation Pause) 3720M->36M(6152M) 2.068ms
[772.335s][info][gc] GC(3869) Pause Young (Normal) (G1 Evacuation Pause) 3720M->36M(6152M) 1.971ms
[772.445s][info][gc] GC(3870) Pause Young (Normal) (G1 Evacuation Pause) 3720M->36M(6152M) 2.225ms
[772.554s][info][gc] GC(3871) Pause Young (Normal) (G1 Evacuation Pause) 3720M->37M(6152M) 2.254ms
[772.664s][info][gc] GC(3872) Pause Young (Normal) (G1 Evacuation Pause) 3721M->36M(6152M) 2.144ms
[772.773s][info][gc] GC(3873) Pause Young (Normal) (G1 Evacuation Pause) 3720M->36M(6152M) 2.048ms
[772.884s][info][gc] GC(3874) Pause Young (Normal) (G1 Evacuation Pause) 3720M->36M(6152M) 2.113ms
[772.993s][info][gc] GC(3875) Pause Young (Normal) (G1 Evacuation Pause) 3720M->36M(6152M) 2.260ms
[773.103s][info][gc] GC(3876) Pause Young (Normal) (G1 Evacuation Pause) 3720M->37M(6152M) 2.223ms
[773.212s][info][gc] GC(3877) Pause Young (Normal) (G1 Evacuation Pause) 3721M->36M(6152M) 2.276ms
[773.322s][info][gc] GC(3878) Pause Young (Normal) (G1 Evacuation Pause) 3720M->36M(6152M) 2.036ms
[773.431s][info][gc] GC(3879) Pause Young (Normal) (G1 Evacuation Pause) 3720M->36M(6152M) 1.865ms
[773.541s][info][gc] GC(3880) Pause Young (Normal) (G1 Evacuation Pause) 3720M->36M(6152M) 2.127ms
[773.651s][info][gc] GC(3881) Pause Young (Normal) (G1 Evacuation Pause) 3720M->36M(6152M) 1.917ms
[773.761s][info][gc] GC(3882) Pause Young (Normal) (G1 Evacuation Pause) 3720M->36M(6152M) 2.053ms
[773.870s][info][gc] GC(3883) Pause Young (Normal) (G1 Evacuation Pause) 3720M->37M(6152M) 1.988ms
[773.980s][info][gc] GC(3884) Pause Young (Normal) (G1 Evacuation Pause) 3721M->37M(6152M) 1.922ms
[774.090s][info][gc] GC(3885) Pause Young (Normal) (G1 Evacuation Pause) 3721M->36M(6152M) 1.999ms
[774.200s][info][gc] GC(3886) Pause Young (Normal) (G1 Evacuation Pause) 3720M->36M(6152M) 2.177ms
[774.310s][info][gc] GC(3887) Pause Young (Normal) (G1 Evacuation Pause) 3720M->36M(6152M) 1.900ms
[774.419s][info][gc] GC(3888) Pause Young (Normal) (G1 Evacuation Pause) 3720M->37M(6152M) 2.138ms
[774.529s][info][gc] GC(3889) Pause Young (Normal) (G1 Evacuation Pause) 3721M->37M(6152M) 2.272ms
[774.638s][info][gc] GC(3890) Pause Young (Normal) (G1 Evacuation Pause) 3721M->36M(6152M) 1.941ms
[774.748s][info][gc] GC(3891) Pause Young (Normal) (G1 Evacuation Pause) 3720M->36M(6152M) 1.917ms
[774.857s][info][gc] GC(3892) Pause Young (Normal) (G1 Evacuation Pause) 3720M->36M(6152M) 1.886ms
[774.968s][info][gc] GC(3893) Pause Young (Normal) (G1 Evacuation Pause) 3720M->37M(6152M) 2.077ms
[775.077s][info][gc] GC(3894) Pause Young (Normal) (G1 Evacuation Pause) 3717M->36M(6152M) 2.068ms
[775.187s][info][gc] GC(3895) Pause Young (Normal) (G1 Evacuation Pause) 3720M->36M(6152M) 2.170ms
[775.296s][info][gc] GC(3896) Pause Young (Normal) (G1 Evacuation Pause) 3720M->36M(6152M) 1.876ms
[775.406s][info][gc] GC(3897) Pause Young (Normal) (G1 Evacuation Pause) 3720M->36M(6152M) 2.093ms
[775.515s][info][gc] GC(3898) Pause Young (Normal) (G1 Evacuation Pause) 3720M->36M(6152M) 2.139ms
[775.625s][info][gc] GC(3899) Pause Young (Normal) (G1 Evacuation Pause) 3720M->36M(6152M) 2.028ms
[775.736s][info][gc] GC(3900) Pause Young (Normal) (G1 Evacuation Pause) 3720M->36M(6152M) 1.985ms
[775.845s][info][gc] GC(3901) Pause Young (Normal) (G1 Evacuation Pause) 3720M->36M(6152M) 2.115ms
[775.955s][info][gc] GC(3902) Pause Young (Normal) (G1 Evacuation Pause) 3720M->36M(6152M) 2.118ms
[776.064s][info][gc] GC(3903) Pause Young (Normal) (G1 Evacuation Pause) 3720M->36M(6152M) 1.908ms
[776.173s][info][gc] GC(3904) Pause Young (Normal) (G1 Evacuation Pause) 3720M->36M(6152M) 2.128ms
[776.282s][info][gc] GC(3905) Pause Young (Normal) (G1 Evacuation Pause) 3720M->36M(6152M) 1.891ms
[776.392s][info][gc] GC(3906) Pause Young (Normal) (G1 Evacuation Pause) 3720M->36M(6152M) 1.984ms
[776.502s][info][gc] GC(3907) Pause Young (Normal) (G1 Evacuation Pause) 3720M->36M(6152M) 2.081ms
[776.611s][info][gc] GC(3908) Pause Young (Normal) (G1 Evacuation Pause) 3720M->36M(6152M) 2.119ms
[776.720s][info][gc] GC(3909) Pause Young (Normal) (G1 Evacuation Pause) 3720M->36M(6152M) 2.039ms
[776.830s][info][gc] GC(3910) Pause Young (Normal) (G1 Evacuation Pause) 3720M->36M(6152M) 2.105ms
[776.940s][info][gc] GC(3911) Pause Young (Normal) (G1 Evacuation Pause) 3720M->36M(6152M) 1.907ms
[777.049s][info][gc] GC(3912) Pause Young (Normal) (G1 Evacuation Pause) 3720M->36M(6152M) 1.894ms
[777.159s][info][gc] GC(3913) Pause Young (Normal) (G1 Evacuation Pause) 3720M->36M(6152M) 1.866ms
[777.268s][info][gc] GC(3914) Pause Young (Normal) (G1 Evacuation Pause) 3720M->36M(6152M) 2.010ms
[777.378s][info][gc] GC(3915) Pause Young (Normal) (G1 Evacuation Pause) 3720M->36M(6152M) 2.079ms
[777.488s][info][gc] GC(3916) Pause Young (Normal) (G1 Evacuation Pause) 3720M->36M(6152M) 2.029ms
[777.598s][info][gc] GC(3917) Pause Young (Normal) (G1 Evacuation Pause) 3720M->36M(6152M) 2.031ms
[777.706s][info][gc] GC(3918) Pause Young (Normal) (G1 Evacuation Pause) 3720M->36M(6152M) 1.959ms
[777.815s][info][gc] GC(3919) Pause Young (Normal) (G1 Evacuation Pause) 3720M->37M(6152M) 2.288ms
[777.925s][info][gc] GC(3920) Pause Young (Normal) (G1 Evacuation Pause) 3717M->36M(6152M) 2.001ms
[778.034s][info][gc] GC(3921) Pause Young (Normal) (G1 Evacuation Pause) 3720M->36M(6152M) 1.961ms
[778.143s][info][gc] GC(3922) Pause Young (Normal) (G1 Evacuation Pause) 3720M->36M(6152M) 1.914ms
[778.253s][info][gc] GC(3923) Pause Young (Normal) (G1 Evacuation Pause) 3720M->36M(6152M) 2.085ms
[778.363s][info][gc] GC(3924) Pause Young (Normal) (G1 Evacuation Pause) 3720M->36M(6152M) 2.274ms
[778.472s][info][gc] GC(3925) Pause Young (Normal) (G1 Evacuation Pause) 3720M->36M(6152M) 1.895ms
[778.581s][info][gc] GC(3926) Pause Young (Normal) (G1 Evacuation Pause) 3720M->37M(6152M) 2.271ms
[778.691s][info][gc] GC(3927) Pause Young (Normal) (G1 Evacuation Pause) 3717M->36M(6152M) 1.822ms
[778.801s][info][gc] GC(3928) Pause Young (Normal) (G1 Evacuation Pause) 3720M->36M(6152M) 2.059ms
[778.911s][info][gc] GC(3929) Pause Young (Normal) (G1 Evacuation Pause) 3720M->36M(6152M) 1.867ms
[779.020s][info][gc] GC(3930) Pause Young (Normal) (G1 Evacuation Pause) 3720M->37M(6152M) 2.035ms
[779.129s][info][gc] GC(3931) Pause Young (Normal) (G1 Evacuation Pause) 3721M->36M(6152M) 2.144ms
[779.239s][info][gc] GC(3932) Pause Young (Normal) (G1 Evacuation Pause) 3720M->36M(6152M) 2.219ms
benchmarkAvgTime : 5000
nbThread : 48
[780.350s][info][gc] GC(3933) Pause Young (Normal) (G1 Evacuation Pause) 3720M->42M(6152M) 2.495ms
[780.446s][info][gc] GC(3934) Pause Young (Normal) (G1 Evacuation Pause) 3718M->43M(6152M) 2.469ms
[780.541s][info][gc] GC(3935) Pause Young (Normal) (G1 Evacuation Pause) 3719M->42M(6152M) 2.659ms
[780.637s][info][gc] GC(3936) Pause Young (Normal) (G1 Evacuation Pause) 3718M->42M(6152M) 2.312ms
[780.733s][info][gc] GC(3937) Pause Young (Normal) (G1 Evacuation Pause) 3718M->42M(6152M) 2.377ms
[780.829s][info][gc] GC(3938) Pause Young (Normal) (G1 Evacuation Pause) 3718M->42M(6152M) 2.484ms
[780.926s][info][gc] GC(3939) Pause Young (Normal) (G1 Evacuation Pause) 3718M->42M(6152M) 2.410ms
[781.022s][info][gc] GC(3940) Pause Young (Normal) (G1 Evacuation Pause) 3718M->43M(6152M) 2.316ms
[781.119s][info][gc] GC(3941) Pause Young (Normal) (G1 Evacuation Pause) 3719M->42M(6152M) 2.491ms
[781.214s][info][gc] GC(3942) Pause Young (Normal) (G1 Evacuation Pause) 3718M->42M(6152M) 2.233ms
[781.310s][info][gc] GC(3943) Pause Young (Normal) (G1 Evacuation Pause) 3718M->42M(6152M) 2.762ms
[781.409s][info][gc] GC(3944) Pause Young (Normal) (G1 Evacuation Pause) 3718M->43M(6152M) 2.581ms
[781.505s][info][gc] GC(3945) Pause Young (Normal) (G1 Evacuation Pause) 3719M->42M(6152M) 2.215ms
[781.600s][info][gc] GC(3946) Pause Young (Normal) (G1 Evacuation Pause) 3718M->42M(6152M) 2.342ms
[781.696s][info][gc] GC(3947) Pause Young (Normal) (G1 Evacuation Pause) 3718M->42M(6152M) 2.443ms
[781.794s][info][gc] GC(3948) Pause Young (Normal) (G1 Evacuation Pause) 3718M->43M(6152M) 4.993ms
[781.937s][info][gc] GC(3949) Pause Young (Normal) (G1 Evacuation Pause) 3723M->42M(6152M) 2.837ms
[782.081s][info][gc] GC(3950) Pause Young (Normal) (G1 Evacuation Pause) 3722M->42M(6152M) 3.271ms
[782.227s][info][gc] GC(3951) Pause Young (Normal) (G1 Evacuation Pause) 3722M->42M(6152M) 3.009ms
[782.371s][info][gc] GC(3952) Pause Young (Normal) (G1 Evacuation Pause) 3722M->42M(6152M) 2.466ms
[782.516s][info][gc] GC(3953) Pause Young (Normal) (G1 Evacuation Pause) 3722M->42M(6152M) 2.937ms
[782.661s][info][gc] GC(3954) Pause Young (Normal) (G1 Evacuation Pause) 3722M->42M(6152M) 2.404ms
[782.806s][info][gc] GC(3955) Pause Young (Normal) (G1 Evacuation Pause) 3722M->42M(6152M) 2.658ms
[782.952s][info][gc] GC(3956) Pause Young (Normal) (G1 Evacuation Pause) 3722M->42M(6152M) 2.995ms
[783.098s][info][gc] GC(3957) Pause Young (Normal) (G1 Evacuation Pause) 3722M->42M(6152M) 2.466ms
[783.243s][info][gc] GC(3958) Pause Young (Normal) (G1 Evacuation Pause) 3722M->43M(6152M) 2.697ms
[783.387s][info][gc] GC(3959) Pause Young (Normal) (G1 Evacuation Pause) 3723M->42M(6152M) 2.821ms
[783.532s][info][gc] GC(3960) Pause Young (Normal) (G1 Evacuation Pause) 3722M->42M(6152M) 2.379ms
[783.677s][info][gc] GC(3961) Pause Young (Normal) (G1 Evacuation Pause) 3722M->43M(6152M) 2.797ms
[783.822s][info][gc] GC(3962) Pause Young (Normal) (G1 Evacuation Pause) 3723M->42M(6152M) 2.381ms
[783.966s][info][gc] GC(3963) Pause Young (Normal) (G1 Evacuation Pause) 3722M->42M(6152M) 2.482ms
[784.110s][info][gc] GC(3964) Pause Young (Normal) (G1 Evacuation Pause) 3722M->42M(6152M) 2.059ms
[784.254s][info][gc] GC(3965) Pause Young (Normal) (G1 Evacuation Pause) 3722M->42M(6152M) 2.254ms
[784.397s][info][gc] GC(3966) Pause Young (Normal) (G1 Evacuation Pause) 3722M->42M(6152M) 2.335ms
[784.541s][info][gc] GC(3967) Pause Young (Normal) (G1 Evacuation Pause) 3722M->42M(6152M) 2.348ms
[784.686s][info][gc] GC(3968) Pause Young (Normal) (G1 Evacuation Pause) 3722M->42M(6152M) 2.554ms
[784.830s][info][gc] GC(3969) Pause Young (Normal) (G1 Evacuation Pause) 3722M->42M(6152M) 2.236ms
[784.975s][info][gc] GC(3970) Pause Young (Normal) (G1 Evacuation Pause) 3722M->42M(6152M) 2.362ms
[785.119s][info][gc] GC(3971) Pause Young (Normal) (G1 Evacuation Pause) 3722M->42M(6152M) 2.461ms
[785.264s][info][gc] GC(3972) Pause Young (Normal) (G1 Evacuation Pause) 3722M->42M(6152M) 2.193ms
[785.408s][info][gc] GC(3973) Pause Young (Normal) (G1 Evacuation Pause) 3722M->42M(6152M) 2.269ms
[785.553s][info][gc] GC(3974) Pause Young (Normal) (G1 Evacuation Pause) 3722M->42M(6152M) 2.206ms
[785.697s][info][gc] GC(3975) Pause Young (Normal) (G1 Evacuation Pause) 3722M->42M(6152M) 2.147ms
[785.842s][info][gc] GC(3976) Pause Young (Normal) (G1 Evacuation Pause) 3722M->42M(6152M) 2.272ms
[785.985s][info][gc] GC(3977) Pause Young (Normal) (G1 Evacuation Pause) 3722M->42M(6152M) 2.398ms
[786.129s][info][gc] GC(3978) Pause Young (Normal) (G1 Evacuation Pause) 3722M->42M(6152M) 2.298ms
[786.274s][info][gc] GC(3979) Pause Young (Normal) (G1 Evacuation Pause) 3722M->41M(6152M) 2.156ms
[786.418s][info][gc] GC(3980) Pause Young (Normal) (G1 Evacuation Pause) 3721M->41M(6152M) 2.361ms
[786.561s][info][gc] GC(3981) Pause Young (Normal) (G1 Evacuation Pause) 3721M->42M(6152M) 2.259ms
[786.706s][info][gc] GC(3982) Pause Young (Normal) (G1 Evacuation Pause) 3722M->42M(6152M) 2.468ms
[786.852s][info][gc] GC(3983) Pause Young (Normal) (G1 Evacuation Pause) 3722M->42M(6152M) 2.224ms
[786.996s][info][gc] GC(3984) Pause Young (Normal) (G1 Evacuation Pause) 3722M->42M(6152M) 2.262ms
[787.141s][info][gc] GC(3985) Pause Young (Normal) (G1 Evacuation Pause) 3722M->42M(6152M) 2.198ms
[787.286s][info][gc] GC(3986) Pause Young (Normal) (G1 Evacuation Pause) 3722M->42M(6152M) 2.241ms
[787.431s][info][gc] GC(3987) Pause Young (Normal) (G1 Evacuation Pause) 3722M->42M(6152M) 2.278ms
[787.576s][info][gc] GC(3988) Pause Young (Normal) (G1 Evacuation Pause) 3722M->42M(6152M) 2.315ms
[787.720s][info][gc] GC(3989) Pause Young (Normal) (G1 Evacuation Pause) 3722M->42M(6152M) 2.446ms
[787.865s][info][gc] GC(3990) Pause Young (Normal) (G1 Evacuation Pause) 3722M->42M(6152M) 2.411ms
[788.010s][info][gc] GC(3991) Pause Young (Normal) (G1 Evacuation Pause) 3722M->42M(6152M) 2.226ms
[788.154s][info][gc] GC(3992) Pause Young (Normal) (G1 Evacuation Pause) 3722M->42M(6152M) 2.022ms
[788.299s][info][gc] GC(3993) Pause Young (Normal) (G1 Evacuation Pause) 3722M->42M(6152M) 2.205ms
[788.443s][info][gc] GC(3994) Pause Young (Normal) (G1 Evacuation Pause) 3722M->42M(6152M) 2.525ms
[788.588s][info][gc] GC(3995) Pause Young (Normal) (G1 Evacuation Pause) 3722M->42M(6152M) 2.197ms
[788.733s][info][gc] GC(3996) Pause Young (Normal) (G1 Evacuation Pause) 3722M->41M(6152M) 2.465ms
[788.877s][info][gc] GC(3997) Pause Young (Normal) (G1 Evacuation Pause) 3721M->42M(6152M) 2.271ms
[789.022s][info][gc] GC(3998) Pause Young (Normal) (G1 Evacuation Pause) 3722M->42M(6152M) 2.551ms
[789.167s][info][gc] GC(3999) Pause Young (Normal) (G1 Evacuation Pause) 3722M->42M(6152M) 2.296ms
[789.312s][info][gc] GC(4000) Pause Young (Normal) (G1 Evacuation Pause) 3722M->41M(6152M) 2.420ms
[789.455s][info][gc] GC(4001) Pause Young (Normal) (G1 Evacuation Pause) 3721M->41M(6152M) 2.114ms
[789.600s][info][gc] GC(4002) Pause Young (Normal) (G1 Evacuation Pause) 3721M->42M(6152M) 2.313ms
[789.745s][info][gc] GC(4003) Pause Young (Normal) (G1 Evacuation Pause) 3722M->42M(6152M) 2.748ms
[789.889s][info][gc] GC(4004) Pause Young (Normal) (G1 Evacuation Pause) 3722M->42M(6152M) 2.288ms
[790.033s][info][gc] GC(4005) Pause Young (Normal) (G1 Evacuation Pause) 3722M->42M(6152M) 2.166ms
[790.178s][info][gc] GC(4006) Pause Young (Normal) (G1 Evacuation Pause) 3722M->42M(6152M) 2.356ms
[790.323s][info][gc] GC(4007) Pause Young (Normal) (G1 Evacuation Pause) 3722M->43M(6152M) 2.141ms
[790.468s][info][gc] GC(4008) Pause Young (Normal) (G1 Evacuation Pause) 3723M->42M(6152M) 1.937ms
[790.612s][info][gc] GC(4009) Pause Young (Normal) (G1 Evacuation Pause) 3722M->42M(6152M) 2.312ms
[790.757s][info][gc] GC(4010) Pause Young (Normal) (G1 Evacuation Pause) 3722M->42M(6152M) 2.613ms
[790.902s][info][gc] GC(4011) Pause Young (Normal) (G1 Evacuation Pause) 3722M->42M(6152M) 2.285ms
[791.047s][info][gc] GC(4012) Pause Young (Normal) (G1 Evacuation Pause) 3722M->42M(6152M) 2.167ms
[791.193s][info][gc] GC(4013) Pause Young (Normal) (G1 Evacuation Pause) 3722M->42M(6152M) 2.519ms
[791.337s][info][gc] GC(4014) Pause Young (Normal) (G1 Evacuation Pause) 3722M->42M(6152M) 2.305ms
[791.481s][info][gc] GC(4015) Pause Young (Normal) (G1 Evacuation Pause) 3722M->42M(6152M) 2.145ms
[791.625s][info][gc] GC(4016) Pause Young (Normal) (G1 Evacuation Pause) 3722M->41M(6152M) 2.131ms
[791.769s][info][gc] GC(4017) Pause Young (Normal) (G1 Evacuation Pause) 3721M->42M(6152M) 2.261ms
[791.913s][info][gc] GC(4018) Pause Young (Normal) (G1 Evacuation Pause) 3722M->41M(6152M) 2.177ms
[792.057s][info][gc] GC(4019) Pause Young (Normal) (G1 Evacuation Pause) 3721M->42M(6152M) 2.139ms
[792.202s][info][gc] GC(4020) Pause Young (Normal) (G1 Evacuation Pause) 3722M->42M(6152M) 2.555ms
[792.346s][info][gc] GC(4021) Pause Young (Normal) (G1 Evacuation Pause) 3722M->42M(6152M) 2.180ms
[792.490s][info][gc] GC(4022) Pause Young (Normal) (G1 Evacuation Pause) 3722M->42M(6152M) 2.186ms
[792.634s][info][gc] GC(4023) Pause Young (Normal) (G1 Evacuation Pause) 3722M->42M(6152M) 2.181ms
[792.778s][info][gc] GC(4024) Pause Young (Normal) (G1 Evacuation Pause) 3722M->42M(6152M) 2.414ms
[792.922s][info][gc] GC(4025) Pause Young (Normal) (G1 Evacuation Pause) 3722M->42M(6152M) 2.181ms
[793.066s][info][gc] GC(4026) Pause Young (Normal) (G1 Evacuation Pause) 3722M->42M(6152M) 2.083ms
[793.210s][info][gc] GC(4027) Pause Young (Normal) (G1 Evacuation Pause) 3722M->42M(6152M) 2.405ms
[793.354s][info][gc] GC(4028) Pause Young (Normal) (G1 Evacuation Pause) 3722M->42M(6152M) 2.306ms
[793.498s][info][gc] GC(4029) Pause Young (Normal) (G1 Evacuation Pause) 3722M->42M(6152M) 2.186ms
[793.641s][info][gc] GC(4030) Pause Young (Normal) (G1 Evacuation Pause) 3722M->42M(6152M) 2.368ms
[793.785s][info][gc] GC(4031) Pause Young (Normal) (G1 Evacuation Pause) 3722M->42M(6152M) 2.173ms
[793.928s][info][gc] GC(4032) Pause Young (Normal) (G1 Evacuation Pause) 3722M->42M(6152M) 2.205ms
[794.072s][info][gc] GC(4033) Pause Young (Normal) (G1 Evacuation Pause) 3722M->42M(6152M) 2.012ms
[794.216s][info][gc] GC(4034) Pause Young (Normal) (G1 Evacuation Pause) 3722M->43M(6152M) 2.331ms
[794.360s][info][gc] GC(4035) Pause Young (Normal) (G1 Evacuation Pause) 3723M->42M(6152M) 1.883ms
[794.503s][info][gc] GC(4036) Pause Young (Normal) (G1 Evacuation Pause) 3722M->41M(6152M) 2.319ms
[794.647s][info][gc] GC(4037) Pause Young (Normal) (G1 Evacuation Pause) 3721M->42M(6152M) 2.208ms
[794.791s][info][gc] GC(4038) Pause Young (Normal) (G1 Evacuation Pause) 3722M->41M(6152M) 2.569ms
[794.935s][info][gc] GC(4039) Pause Young (Normal) (G1 Evacuation Pause) 3721M->42M(6152M) 2.067ms
[795.079s][info][gc] GC(4040) Pause Young (Normal) (G1 Evacuation Pause) 3722M->42M(6152M) 2.200ms
[795.223s][info][gc] GC(4041) Pause Young (Normal) (G1 Evacuation Pause) 3722M->42M(6152M) 2.354ms
[795.367s][info][gc] GC(4042) Pause Young (Normal) (G1 Evacuation Pause) 3722M->42M(6152M) 2.327ms
[795.511s][info][gc] GC(4043) Pause Young (Normal) (G1 Evacuation Pause) 3722M->42M(6152M) 2.237ms
[795.655s][info][gc] GC(4044) Pause Young (Normal) (G1 Evacuation Pause) 3722M->42M(6152M) 2.581ms
[795.799s][info][gc] GC(4045) Pause Young (Normal) (G1 Evacuation Pause) 3722M->42M(6152M) 2.163ms
[795.943s][info][gc] GC(4046) Pause Young (Normal) (G1 Evacuation Pause) 3722M->42M(6152M) 2.211ms
[796.087s][info][gc] GC(4047) Pause Young (Normal) (G1 Evacuation Pause) 3722M->42M(6152M) 1.981ms
[796.232s][info][gc] GC(4048) Pause Young (Normal) (G1 Evacuation Pause) 3722M->42M(6152M) 2.037ms
[796.376s][info][gc] GC(4049) Pause Young (Normal) (G1 Evacuation Pause) 3722M->42M(6152M) 2.390ms
[796.520s][info][gc] GC(4050) Pause Young (Normal) (G1 Evacuation Pause) 3722M->42M(6152M) 2.074ms
[796.664s][info][gc] GC(4051) Pause Young (Normal) (G1 Evacuation Pause) 3722M->42M(6152M) 2.296ms
[796.808s][info][gc] GC(4052) Pause Young (Normal) (G1 Evacuation Pause) 3722M->42M(6152M) 2.315ms
[796.951s][info][gc] GC(4053) Pause Young (Normal) (G1 Evacuation Pause) 3722M->42M(6152M) 2.309ms
[797.095s][info][gc] GC(4054) Pause Young (Normal) (G1 Evacuation Pause) 3722M->42M(6152M) 2.254ms
[797.239s][info][gc] GC(4055) Pause Young (Normal) (G1 Evacuation Pause) 3722M->42M(6152M) 2.202ms
[797.383s][info][gc] GC(4056) Pause Young (Normal) (G1 Evacuation Pause) 3722M->42M(6152M) 2.078ms
[797.527s][info][gc] GC(4057) Pause Young (Normal) (G1 Evacuation Pause) 3722M->42M(6152M) 2.216ms
[797.671s][info][gc] GC(4058) Pause Young (Normal) (G1 Evacuation Pause) 3722M->43M(6152M) 2.327ms
[797.814s][info][gc] GC(4059) Pause Young (Normal) (G1 Evacuation Pause) 3723M->42M(6152M) 2.130ms
[797.958s][info][gc] GC(4060) Pause Young (Normal) (G1 Evacuation Pause) 3722M->42M(6152M) 2.269ms
[798.102s][info][gc] GC(4061) Pause Young (Normal) (G1 Evacuation Pause) 3722M->42M(6152M) 2.144ms
[798.247s][info][gc] GC(4062) Pause Young (Normal) (G1 Evacuation Pause) 3722M->42M(6152M) 2.504ms
[798.391s][info][gc] GC(4063) Pause Young (Normal) (G1 Evacuation Pause) 3722M->42M(6152M) 2.043ms
[798.535s][info][gc] GC(4064) Pause Young (Normal) (G1 Evacuation Pause) 3722M->42M(6152M) 2.123ms
[798.679s][info][gc] GC(4065) Pause Young (Normal) (G1 Evacuation Pause) 3722M->42M(6152M) 2.182ms
[798.822s][info][gc] GC(4066) Pause Young (Normal) (G1 Evacuation Pause) 3722M->42M(6152M) 2.323ms
[798.966s][info][gc] GC(4067) Pause Young (Normal) (G1 Evacuation Pause) 3722M->42M(6152M) 2.291ms
[799.110s][info][gc] GC(4068) Pause Young (Normal) (G1 Evacuation Pause) 3722M->42M(6152M) 2.257ms
[799.254s][info][gc] GC(4069) Pause Young (Normal) (G1 Evacuation Pause) 3722M->42M(6152M) 2.099ms
[799.398s][info][gc] GC(4070) Pause Young (Normal) (G1 Evacuation Pause) 3722M->42M(6152M) 2.285ms
[799.543s][info][gc] GC(4071) Pause Young (Normal) (G1 Evacuation Pause) 3722M->42M(6152M) 2.137ms
[799.687s][info][gc] GC(4072) Pause Young (Normal) (G1 Evacuation Pause) 3722M->43M(6152M) 2.303ms
[799.831s][info][gc] GC(4073) Pause Young (Normal) (G1 Evacuation Pause) 3723M->42M(6152M) 2.185ms
[799.975s][info][gc] GC(4074) Pause Young (Normal) (G1 Evacuation Pause) 3722M->42M(6152M) 2.215ms
[800.119s][info][gc] GC(4075) Pause Young (Normal) (G1 Evacuation Pause) 3722M->42M(6152M) 2.215ms
[800.263s][info][gc] GC(4076) Pause Young (Normal) (G1 Evacuation Pause) 3722M->42M(6152M) 2.358ms
[800.407s][info][gc] GC(4077) Pause Young (Normal) (G1 Evacuation Pause) 3722M->42M(6152M) 2.334ms
[800.550s][info][gc] GC(4078) Pause Young (Normal) (G1 Evacuation Pause) 3722M->42M(6152M) 2.131ms
[800.695s][info][gc] GC(4079) Pause Young (Normal) (G1 Evacuation Pause) 3722M->43M(6152M) 2.547ms
[800.839s][info][gc] GC(4080) Pause Young (Normal) (G1 Evacuation Pause) 3723M->42M(6152M) 2.383ms
[800.982s][info][gc] GC(4081) Pause Young (Normal) (G1 Evacuation Pause) 3722M->42M(6152M) 2.128ms
[801.126s][info][gc] GC(4082) Pause Young (Normal) (G1 Evacuation Pause) 3722M->42M(6152M) 2.179ms
[801.271s][info][gc] GC(4083) Pause Young (Normal) (G1 Evacuation Pause) 3722M->42M(6152M) 2.607ms
[801.414s][info][gc] GC(4084) Pause Young (Normal) (G1 Evacuation Pause) 3722M->42M(6152M) 2.032ms
[801.557s][info][gc] GC(4085) Pause Young (Normal) (G1 Evacuation Pause) 3722M->42M(6152M) 1.949ms
[801.700s][info][gc] GC(4086) Pause Young (Normal) (G1 Evacuation Pause) 3722M->42M(6152M) 2.162ms
[801.844s][info][gc] GC(4087) Pause Young (Normal) (G1 Evacuation Pause) 3722M->42M(6152M) 2.184ms
[801.988s][info][gc] GC(4088) Pause Young (Normal) (G1 Evacuation Pause) 3722M->42M(6152M) 2.176ms
[802.133s][info][gc] GC(4089) Pause Young (Normal) (G1 Evacuation Pause) 3722M->42M(6152M) 2.280ms
[802.278s][info][gc] GC(4090) Pause Young (Normal) (G1 Evacuation Pause) 3722M->42M(6152M) 2.529ms
[802.422s][info][gc] GC(4091) Pause Young (Normal) (G1 Evacuation Pause) 3722M->42M(6152M) 2.300ms
[802.567s][info][gc] GC(4092) Pause Young (Normal) (G1 Evacuation Pause) 3722M->42M(6152M) 2.419ms
[802.711s][info][gc] GC(4093) Pause Young (Normal) (G1 Evacuation Pause) 3722M->43M(6152M) 2.075ms
[802.855s][info][gc] GC(4094) Pause Young (Normal) (G1 Evacuation Pause) 3723M->42M(6152M) 2.172ms
[802.999s][info][gc] GC(4095) Pause Young (Normal) (G1 Evacuation Pause) 3722M->43M(6152M) 2.331ms
[803.142s][info][gc] GC(4096) Pause Young (Normal) (G1 Evacuation Pause) 3723M->42M(6152M) 2.257ms
[803.285s][info][gc] GC(4097) Pause Young (Normal) (G1 Evacuation Pause) 3722M->42M(6152M) 2.102ms
[803.429s][info][gc] GC(4098) Pause Young (Normal) (G1 Evacuation Pause) 3722M->42M(6152M) 1.985ms
[803.574s][info][gc] GC(4099) Pause Young (Normal) (G1 Evacuation Pause) 3722M->42M(6152M) 2.698ms
[803.718s][info][gc] GC(4100) Pause Young (Normal) (G1 Evacuation Pause) 3722M->42M(6152M) 2.359ms
[803.863s][info][gc] GC(4101) Pause Young (Normal) (G1 Evacuation Pause) 3722M->42M(6152M) 2.296ms
[804.007s][info][gc] GC(4102) Pause Young (Normal) (G1 Evacuation Pause) 3722M->42M(6152M) 2.281ms
[804.152s][info][gc] GC(4103) Pause Young (Normal) (G1 Evacuation Pause) 3722M->42M(6152M) 2.345ms
[804.297s][info][gc] GC(4104) Pause Young (Normal) (G1 Evacuation Pause) 3722M->43M(6152M) 2.237ms
[804.442s][info][gc] GC(4105) Pause Young (Normal) (G1 Evacuation Pause) 3723M->42M(6152M) 2.260ms
[804.586s][info][gc] GC(4106) Pause Young (Normal) (G1 Evacuation Pause) 3722M->42M(6152M) 2.175ms
[804.730s][info][gc] GC(4107) Pause Young (Normal) (G1 Evacuation Pause) 3722M->42M(6152M) 2.037ms
[804.874s][info][gc] GC(4108) Pause Young (Normal) (G1 Evacuation Pause) 3722M->42M(6152M) 2.353ms
[805.018s][info][gc] GC(4109) Pause Young (Normal) (G1 Evacuation Pause) 3722M->42M(6152M) 2.002ms
[805.162s][info][gc] GC(4110) Pause Young (Normal) (G1 Evacuation Pause) 3722M->42M(6152M) 2.268ms
[805.306s][info][gc] GC(4111) Pause Young (Normal) (G1 Evacuation Pause) 3722M->42M(6152M) 2.134ms
[806.413s][info][gc] GC(4112) Pause Young (Normal) (G1 Evacuation Pause) 3722M->47M(6152M) 2.583ms
[806.509s][info][gc] GC(4113) Pause Young (Normal) (G1 Evacuation Pause) 3723M->47M(6152M) 2.831ms
[806.605s][info][gc] GC(4114) Pause Young (Normal) (G1 Evacuation Pause) 3723M->48M(6152M) 2.500ms
[806.701s][info][gc] GC(4115) Pause Young (Normal) (G1 Evacuation Pause) 3724M->47M(6152M) 3.854ms
[806.798s][info][gc] GC(4116) Pause Young (Normal) (G1 Evacuation Pause) 3723M->47M(6152M) 3.117ms
[806.894s][info][gc] GC(4117) Pause Young (Normal) (G1 Evacuation Pause) 3723M->48M(6152M) 2.723ms
[806.990s][info][gc] GC(4118) Pause Young (Normal) (G1 Evacuation Pause) 3724M->48M(6152M) 2.662ms
[807.088s][info][gc] GC(4119) Pause Young (Normal) (G1 Evacuation Pause) 3724M->48M(6152M) 4.085ms
[807.185s][info][gc] GC(4120) Pause Young (Normal) (G1 Evacuation Pause) 3724M->47M(6152M) 2.934ms
[807.282s][info][gc] GC(4121) Pause Young (Normal) (G1 Evacuation Pause) 3723M->48M(6152M) 3.528ms
[807.379s][info][gc] GC(4122) Pause Young (Normal) (G1 Evacuation Pause) 3724M->47M(6152M) 3.228ms
[807.476s][info][gc] GC(4123) Pause Young (Normal) (G1 Evacuation Pause) 3723M->48M(6152M) 2.951ms
[807.572s][info][gc] GC(4124) Pause Young (Normal) (G1 Evacuation Pause) 3724M->48M(6152M) 2.607ms
[807.669s][info][gc] GC(4125) Pause Young (Normal) (G1 Evacuation Pause) 3724M->47M(6152M) 3.331ms
[807.766s][info][gc] GC(4126) Pause Young (Normal) (G1 Evacuation Pause) 3723M->47M(6152M) 2.919ms
[807.867s][info][gc] GC(4127) Pause Young (Normal) (G1 Evacuation Pause) 3723M->47M(6152M) 7.053ms
[808.001s][info][gc] GC(4128) Pause Young (Normal) (G1 Evacuation Pause) 3727M->47M(6152M) 3.490ms
[808.136s][info][gc] GC(4129) Pause Young (Normal) (G1 Evacuation Pause) 3727M->47M(7136M) 4.961ms
[808.327s][info][gc] GC(4130) Pause Young (Normal) (G1 Evacuation Pause) 4319M->47M(7136M) 2.914ms
[808.479s][info][gc] GC(4131) Pause Young (Normal) (G1 Evacuation Pause) 4319M->47M(7136M) 3.060ms
[808.635s][info][gc] GC(4132) Pause Young (Normal) (G1 Evacuation Pause) 4319M->47M(7136M) 2.901ms
[808.789s][info][gc] GC(4133) Pause Young (Normal) (G1 Evacuation Pause) 4319M->47M(7136M) 2.946ms
[808.944s][info][gc] GC(4134) Pause Young (Normal) (G1 Evacuation Pause) 4319M->47M(7136M) 2.621ms
[809.099s][info][gc] GC(4135) Pause Young (Normal) (G1 Evacuation Pause) 4319M->47M(7136M) 3.005ms
[809.254s][info][gc] GC(4136) Pause Young (Normal) (G1 Evacuation Pause) 4319M->47M(7136M) 3.258ms
[809.409s][info][gc] GC(4137) Pause Young (Normal) (G1 Evacuation Pause) 4319M->47M(7136M) 2.558ms
[809.564s][info][gc] GC(4138) Pause Young (Normal) (G1 Evacuation Pause) 4319M->47M(7136M) 2.774ms
[809.718s][info][gc] GC(4139) Pause Young (Normal) (G1 Evacuation Pause) 4319M->47M(7136M) 2.505ms
[809.872s][info][gc] GC(4140) Pause Young (Normal) (G1 Evacuation Pause) 4319M->48M(7136M) 2.667ms
[810.027s][info][gc] GC(4141) Pause Young (Normal) (G1 Evacuation Pause) 4320M->47M(7136M) 2.741ms
[810.181s][info][gc] GC(4142) Pause Young (Normal) (G1 Evacuation Pause) 4319M->47M(7136M) 2.382ms
[810.335s][info][gc] GC(4143) Pause Young (Normal) (G1 Evacuation Pause) 4319M->47M(7136M) 2.773ms
[810.488s][info][gc] GC(4144) Pause Young (Normal) (G1 Evacuation Pause) 4319M->47M(7136M) 2.559ms
[810.644s][info][gc] GC(4145) Pause Young (Normal) (G1 Evacuation Pause) 4319M->47M(7136M) 2.949ms
[810.799s][info][gc] GC(4146) Pause Young (Normal) (G1 Evacuation Pause) 4319M->47M(7136M) 2.888ms
[810.953s][info][gc] GC(4147) Pause Young (Normal) (G1 Evacuation Pause) 4319M->47M(7136M) 2.673ms
[811.107s][info][gc] GC(4148) Pause Young (Normal) (G1 Evacuation Pause) 4319M->46M(7136M) 2.307ms
[811.261s][info][gc] GC(4149) Pause Young (Normal) (G1 Evacuation Pause) 4318M->47M(7136M) 2.520ms
[811.416s][info][gc] GC(4150) Pause Young (Normal) (G1 Evacuation Pause) 4319M->47M(7136M) 2.712ms
[811.570s][info][gc] GC(4151) Pause Young (Normal) (G1 Evacuation Pause) 4319M->47M(7136M) 2.597ms
[811.723s][info][gc] GC(4152) Pause Young (Normal) (G1 Evacuation Pause) 4319M->47M(7136M) 2.434ms
[811.875s][info][gc] GC(4153) Pause Young (Normal) (G1 Evacuation Pause) 4319M->46M(7136M) 2.422ms
[812.029s][info][gc] GC(4154) Pause Young (Normal) (G1 Evacuation Pause) 4318M->47M(7136M) 2.459ms
[812.183s][info][gc] GC(4155) Pause Young (Normal) (G1 Evacuation Pause) 4319M->47M(7136M) 2.573ms
[812.337s][info][gc] GC(4156) Pause Young (Normal) (G1 Evacuation Pause) 4319M->47M(7136M) 2.713ms
[812.492s][info][gc] GC(4157) Pause Young (Normal) (G1 Evacuation Pause) 4319M->47M(7136M) 2.305ms
[812.646s][info][gc] GC(4158) Pause Young (Normal) (G1 Evacuation Pause) 4319M->46M(7136M) 2.228ms
[812.801s][info][gc] GC(4159) Pause Young (Normal) (G1 Evacuation Pause) 4318M->47M(7136M) 2.603ms
[812.956s][info][gc] GC(4160) Pause Young (Normal) (G1 Evacuation Pause) 4319M->46M(7136M) 2.194ms
[813.111s][info][gc] GC(4161) Pause Young (Normal) (G1 Evacuation Pause) 4318M->47M(7136M) 2.461ms
[813.265s][info][gc] GC(4162) Pause Young (Normal) (G1 Evacuation Pause) 4319M->47M(7136M) 2.327ms
[813.419s][info][gc] GC(4163) Pause Young (Normal) (G1 Evacuation Pause) 4319M->47M(7136M) 2.494ms
[813.575s][info][gc] GC(4164) Pause Young (Normal) (G1 Evacuation Pause) 4319M->47M(7136M) 2.455ms
[813.729s][info][gc] GC(4165) Pause Young (Normal) (G1 Evacuation Pause) 4319M->47M(7136M) 2.404ms
[813.884s][info][gc] GC(4166) Pause Young (Normal) (G1 Evacuation Pause) 4319M->47M(7136M) 2.715ms
[814.017s][info][gc] GC(4167) Pause Young (Normal) (G1 Evacuation Pause) 4319M->47M(7136M) 2.250ms
[814.171s][info][gc] GC(4168) Pause Young (Normal) (G1 Evacuation Pause) 4319M->47M(7136M) 2.373ms
[814.325s][info][gc] GC(4169) Pause Young (Normal) (G1 Evacuation Pause) 4319M->47M(7136M) 2.541ms
[814.479s][info][gc] GC(4170) Pause Young (Normal) (G1 Evacuation Pause) 4319M->47M(7136M) 2.434ms
[814.633s][info][gc] GC(4171) Pause Young (Normal) (G1 Evacuation Pause) 4319M->47M(7136M) 2.806ms
[814.788s][info][gc] GC(4172) Pause Young (Normal) (G1 Evacuation Pause) 4319M->47M(7136M) 2.533ms
[814.940s][info][gc] GC(4173) Pause Young (Normal) (G1 Evacuation Pause) 4319M->47M(7136M) 2.355ms
[815.095s][info][gc] GC(4174) Pause Young (Normal) (G1 Evacuation Pause) 4319M->47M(7136M) 3.001ms
[815.249s][info][gc] GC(4175) Pause Young (Normal) (G1 Evacuation Pause) 4319M->47M(7136M) 2.226ms
[815.403s][info][gc] GC(4176) Pause Young (Normal) (G1 Evacuation Pause) 4319M->47M(7136M) 2.390ms
[815.557s][info][gc] GC(4177) Pause Young (Normal) (G1 Evacuation Pause) 4319M->47M(7136M) 2.478ms
[815.711s][info][gc] GC(4178) Pause Young (Normal) (G1 Evacuation Pause) 4319M->47M(7136M) 2.286ms
[815.864s][info][gc] GC(4179) Pause Young (Normal) (G1 Evacuation Pause) 4319M->47M(7136M) 2.463ms
[816.018s][info][gc] GC(4180) Pause Young (Normal) (G1 Evacuation Pause) 4319M->47M(7136M) 2.552ms
[816.173s][info][gc] GC(4181) Pause Young (Normal) (G1 Evacuation Pause) 4319M->47M(7136M) 2.394ms
[816.328s][info][gc] GC(4182) Pause Young (Normal) (G1 Evacuation Pause) 4319M->47M(7136M) 2.749ms
[816.481s][info][gc] GC(4183) Pause Young (Normal) (G1 Evacuation Pause) 4319M->47M(7136M) 2.462ms
[816.636s][info][gc] GC(4184) Pause Young (Normal) (G1 Evacuation Pause) 4319M->47M(7136M) 2.343ms
[816.789s][info][gc] GC(4185) Pause Young (Normal) (G1 Evacuation Pause) 4319M->47M(7136M) 2.438ms
[816.943s][info][gc] GC(4186) Pause Young (Normal) (G1 Evacuation Pause) 4319M->47M(7136M) 2.239ms
[817.097s][info][gc] GC(4187) Pause Young (Normal) (G1 Evacuation Pause) 4319M->47M(7136M) 2.552ms
[817.250s][info][gc] GC(4188) Pause Young (Normal) (G1 Evacuation Pause) 4319M->47M(7136M) 2.498ms
[817.402s][info][gc] GC(4189) Pause Young (Normal) (G1 Evacuation Pause) 4319M->47M(7136M) 2.526ms
[817.557s][info][gc] GC(4190) Pause Young (Normal) (G1 Evacuation Pause) 4319M->47M(7136M) 2.262ms
[817.710s][info][gc] GC(4191) Pause Young (Normal) (G1 Evacuation Pause) 4319M->47M(7136M) 2.565ms
[817.863s][info][gc] GC(4192) Pause Young (Normal) (G1 Evacuation Pause) 4319M->47M(7136M) 2.544ms
[818.016s][info][gc] GC(4193) Pause Young (Normal) (G1 Evacuation Pause) 4319M->47M(7136M) 2.174ms
[818.169s][info][gc] GC(4194) Pause Young (Normal) (G1 Evacuation Pause) 4319M->47M(7136M) 2.305ms
[818.322s][info][gc] GC(4195) Pause Young (Normal) (G1 Evacuation Pause) 4319M->47M(7136M) 2.447ms
[818.476s][info][gc] GC(4196) Pause Young (Normal) (G1 Evacuation Pause) 4319M->47M(7136M) 2.641ms
[818.628s][info][gc] GC(4197) Pause Young (Normal) (G1 Evacuation Pause) 4319M->47M(7136M) 2.224ms
[818.781s][info][gc] GC(4198) Pause Young (Normal) (G1 Evacuation Pause) 4319M->47M(7136M) 2.470ms
[818.935s][info][gc] GC(4199) Pause Young (Normal) (G1 Evacuation Pause) 4319M->47M(7136M) 2.662ms
[819.088s][info][gc] GC(4200) Pause Young (Normal) (G1 Evacuation Pause) 4319M->47M(7136M) 2.405ms
[819.240s][info][gc] GC(4201) Pause Young (Normal) (G1 Evacuation Pause) 4319M->47M(7136M) 2.335ms
[819.393s][info][gc] GC(4202) Pause Young (Normal) (G1 Evacuation Pause) 4319M->47M(7136M) 2.392ms
[819.546s][info][gc] GC(4203) Pause Young (Normal) (G1 Evacuation Pause) 4319M->47M(7136M) 2.575ms
[819.698s][info][gc] GC(4204) Pause Young (Normal) (G1 Evacuation Pause) 4319M->47M(7136M) 2.580ms
[819.851s][info][gc] GC(4205) Pause Young (Normal) (G1 Evacuation Pause) 4319M->47M(7136M) 2.389ms
[820.005s][info][gc] GC(4206) Pause Young (Normal) (G1 Evacuation Pause) 4319M->47M(7136M) 2.479ms
[820.159s][info][gc] GC(4207) Pause Young (Normal) (G1 Evacuation Pause) 4319M->47M(7136M) 2.322ms
[820.311s][info][gc] GC(4208) Pause Young (Normal) (G1 Evacuation Pause) 4319M->47M(7136M) 2.368ms
[820.465s][info][gc] GC(4209) Pause Young (Normal) (G1 Evacuation Pause) 4319M->47M(7136M) 2.292ms
[820.617s][info][gc] GC(4210) Pause Young (Normal) (G1 Evacuation Pause) 4319M->47M(7136M) 2.191ms
[820.770s][info][gc] GC(4211) Pause Young (Normal) (G1 Evacuation Pause) 4319M->47M(7136M) 2.300ms
[820.924s][info][gc] GC(4212) Pause Young (Normal) (G1 Evacuation Pause) 4319M->47M(7136M) 2.358ms
[821.077s][info][gc] GC(4213) Pause Young (Normal) (G1 Evacuation Pause) 4319M->47M(7136M) 2.343ms
[821.231s][info][gc] GC(4214) Pause Young (Normal) (G1 Evacuation Pause) 4319M->47M(7136M) 2.294ms
[821.386s][info][gc] GC(4215) Pause Young (Normal) (G1 Evacuation Pause) 4319M->47M(7136M) 2.528ms
[821.540s][info][gc] GC(4216) Pause Young (Normal) (G1 Evacuation Pause) 4319M->48M(7136M) 2.319ms
[821.694s][info][gc] GC(4217) Pause Young (Normal) (G1 Evacuation Pause) 4320M->48M(7136M) 2.271ms
[821.846s][info][gc] GC(4218) Pause Young (Normal) (G1 Evacuation Pause) 4320M->47M(7136M) 2.411ms
[822.000s][info][gc] GC(4219) Pause Young (Normal) (G1 Evacuation Pause) 4319M->47M(7136M) 2.654ms
[822.153s][info][gc] GC(4220) Pause Young (Normal) (G1 Evacuation Pause) 4319M->47M(7136M) 2.517ms
[822.306s][info][gc] GC(4221) Pause Young (Normal) (G1 Evacuation Pause) 4319M->47M(7136M) 2.280ms
[822.458s][info][gc] GC(4222) Pause Young (Normal) (G1 Evacuation Pause) 4319M->47M(7136M) 2.405ms
[822.611s][info][gc] GC(4223) Pause Young (Normal) (G1 Evacuation Pause) 4319M->47M(7136M) 2.332ms
[822.764s][info][gc] GC(4224) Pause Young (Normal) (G1 Evacuation Pause) 4319M->47M(7136M) 2.270ms
[822.916s][info][gc] GC(4225) Pause Young (Normal) (G1 Evacuation Pause) 4319M->47M(7136M) 2.672ms
[823.069s][info][gc] GC(4226) Pause Young (Normal) (G1 Evacuation Pause) 4319M->47M(7136M) 2.547ms
[823.223s][info][gc] GC(4227) Pause Young (Normal) (G1 Evacuation Pause) 4319M->47M(7136M) 2.528ms
[823.376s][info][gc] GC(4228) Pause Young (Normal) (G1 Evacuation Pause) 4319M->47M(7136M) 2.412ms
[823.528s][info][gc] GC(4229) Pause Young (Normal) (G1 Evacuation Pause) 4319M->47M(7136M) 2.221ms
[823.681s][info][gc] GC(4230) Pause Young (Normal) (G1 Evacuation Pause) 4319M->47M(7136M) 2.340ms
[823.832s][info][gc] GC(4231) Pause Young (Normal) (G1 Evacuation Pause) 4319M->47M(7136M) 2.450ms
[823.986s][info][gc] GC(4232) Pause Young (Normal) (G1 Evacuation Pause) 4319M->47M(7136M) 2.398ms
[824.140s][info][gc] GC(4233) Pause Young (Normal) (G1 Evacuation Pause) 4319M->47M(7136M) 2.451ms
[824.293s][info][gc] GC(4234) Pause Young (Normal) (G1 Evacuation Pause) 4319M->47M(7136M) 2.191ms
[824.448s][info][gc] GC(4235) Pause Young (Normal) (G1 Evacuation Pause) 4319M->47M(7136M) 2.345ms
[824.601s][info][gc] GC(4236) Pause Young (Normal) (G1 Evacuation Pause) 4319M->47M(7136M) 2.298ms
[824.754s][info][gc] GC(4237) Pause Young (Normal) (G1 Evacuation Pause) 4319M->47M(7136M) 2.427ms
[824.905s][info][gc] GC(4238) Pause Young (Normal) (G1 Evacuation Pause) 4319M->47M(7136M) 2.567ms
[825.057s][info][gc] GC(4239) Pause Young (Normal) (G1 Evacuation Pause) 4319M->47M(7136M) 2.530ms
[825.211s][info][gc] GC(4240) Pause Young (Normal) (G1 Evacuation Pause) 4319M->47M(7136M) 2.343ms
[825.365s][info][gc] GC(4241) Pause Young (Normal) (G1 Evacuation Pause) 4319M->47M(7136M) 2.193ms
[825.518s][info][gc] GC(4242) Pause Young (Normal) (G1 Evacuation Pause) 4319M->47M(7136M) 2.378ms
[825.671s][info][gc] GC(4243) Pause Young (Normal) (G1 Evacuation Pause) 4319M->47M(7136M) 2.276ms
[825.825s][info][gc] GC(4244) Pause Young (Normal) (G1 Evacuation Pause) 4319M->47M(7136M) 2.262ms
[825.979s][info][gc] GC(4245) Pause Young (Normal) (G1 Evacuation Pause) 4319M->47M(7136M) 2.575ms
[826.131s][info][gc] GC(4246) Pause Young (Normal) (G1 Evacuation Pause) 4319M->46M(7136M) 2.120ms
[826.284s][info][gc] GC(4247) Pause Young (Normal) (G1 Evacuation Pause) 4318M->47M(7136M) 2.379ms
[826.436s][info][gc] GC(4248) Pause Young (Normal) (G1 Evacuation Pause) 4319M->47M(7136M) 2.494ms
[826.590s][info][gc] GC(4249) Pause Young (Normal) (G1 Evacuation Pause) 4319M->47M(7136M) 2.640ms
[826.742s][info][gc] GC(4250) Pause Young (Normal) (G1 Evacuation Pause) 4319M->47M(7136M) 2.273ms
[826.895s][info][gc] GC(4251) Pause Young (Normal) (G1 Evacuation Pause) 4319M->47M(7136M) 2.606ms
[827.050s][info][gc] GC(4252) Pause Young (Normal) (G1 Evacuation Pause) 4319M->47M(7136M) 2.406ms
[827.202s][info][gc] GC(4253) Pause Young (Normal) (G1 Evacuation Pause) 4319M->48M(7136M) 2.482ms
[827.356s][info][gc] GC(4254) Pause Young (Normal) (G1 Evacuation Pause) 4320M->47M(7136M) 2.310ms
[827.509s][info][gc] GC(4255) Pause Young (Normal) (G1 Evacuation Pause) 4319M->47M(7136M) 2.227ms
[827.663s][info][gc] GC(4256) Pause Young (Normal) (G1 Evacuation Pause) 4319M->47M(7136M) 2.375ms
[827.816s][info][gc] GC(4257) Pause Young (Normal) (G1 Evacuation Pause) 4319M->47M(7136M) 2.556ms
[827.971s][info][gc] GC(4258) Pause Young (Normal) (G1 Evacuation Pause) 4319M->47M(7136M) 2.627ms
[828.124s][info][gc] GC(4259) Pause Young (Normal) (G1 Evacuation Pause) 4319M->47M(7136M) 2.433ms
[828.278s][info][gc] GC(4260) Pause Young (Normal) (G1 Evacuation Pause) 4319M->47M(7136M) 2.464ms
[828.433s][info][gc] GC(4261) Pause Young (Normal) (G1 Evacuation Pause) 4319M->47M(7136M) 2.341ms
[828.586s][info][gc] GC(4262) Pause Young (Normal) (G1 Evacuation Pause) 4319M->47M(7136M) 2.281ms
[828.740s][info][gc] GC(4263) Pause Young (Normal) (G1 Evacuation Pause) 4319M->47M(7136M) 2.418ms
[828.895s][info][gc] GC(4264) Pause Young (Normal) (G1 Evacuation Pause) 4319M->48M(7136M) 2.636ms
[829.048s][info][gc] GC(4265) Pause Young (Normal) (G1 Evacuation Pause) 4320M->47M(7136M) 2.195ms
[829.204s][info][gc] GC(4266) Pause Young (Normal) (G1 Evacuation Pause) 4319M->46M(7136M) 3.793ms
[829.358s][info][gc] GC(4267) Pause Young (Normal) (G1 Evacuation Pause) 4318M->47M(7136M) 2.350ms
[829.511s][info][gc] GC(4268) Pause Young (Normal) (G1 Evacuation Pause) 4319M->47M(7136M) 2.518ms
[829.664s][info][gc] GC(4269) Pause Young (Normal) (G1 Evacuation Pause) 4319M->47M(7136M) 2.554ms
[829.817s][info][gc] GC(4270) Pause Young (Normal) (G1 Evacuation Pause) 4319M->47M(7136M) 2.240ms
[829.972s][info][gc] GC(4271) Pause Young (Normal) (G1 Evacuation Pause) 4319M->48M(7136M) 2.815ms
[830.126s][info][gc] GC(4272) Pause Young (Normal) (G1 Evacuation Pause) 4320M->47M(7136M) 2.601ms
[830.280s][info][gc] GC(4273) Pause Young (Normal) (G1 Evacuation Pause) 4319M->47M(7136M) 2.494ms
[830.434s][info][gc] GC(4274) Pause Young (Normal) (G1 Evacuation Pause) 4319M->47M(7136M) 2.571ms
[830.588s][info][gc] GC(4275) Pause Young (Normal) (G1 Evacuation Pause) 4319M->47M(7136M) 2.283ms
[830.742s][info][gc] GC(4276) Pause Young (Normal) (G1 Evacuation Pause) 4319M->47M(7136M) 2.421ms
[830.896s][info][gc] GC(4277) Pause Young (Normal) (G1 Evacuation Pause) 4319M->47M(7136M) 2.592ms
[831.051s][info][gc] GC(4278) Pause Young (Normal) (G1 Evacuation Pause) 4319M->47M(7136M) 2.241ms
[831.205s][info][gc] GC(4279) Pause Young (Normal) (G1 Evacuation Pause) 4319M->47M(7136M) 2.545ms
[832.357s][info][gc] GC(4280) Pause Young (Normal) (G1 Evacuation Pause) 4319M->52M(7136M) 2.689ms
[832.468s][info][gc] GC(4281) Pause Young (Normal) (G1 Evacuation Pause) 4320M->53M(7136M) 2.549ms
[832.578s][info][gc] GC(4282) Pause Young (Normal) (G1 Evacuation Pause) 4321M->53M(7136M) 2.924ms
[832.689s][info][gc] GC(4283) Pause Young (Normal) (G1 Evacuation Pause) 4321M->52M(7136M) 2.508ms
[832.799s][info][gc] GC(4284) Pause Young (Normal) (G1 Evacuation Pause) 4320M->53M(7136M) 2.688ms
[832.910s][info][gc] GC(4285) Pause Young (Normal) (G1 Evacuation Pause) 4321M->52M(7136M) 3.218ms
[833.022s][info][gc] GC(4286) Pause Young (Normal) (G1 Evacuation Pause) 4320M->52M(7136M) 2.720ms
[833.134s][info][gc] GC(4287) Pause Young (Normal) (G1 Evacuation Pause) 4320M->52M(7136M) 3.202ms
[833.244s][info][gc] GC(4288) Pause Young (Normal) (G1 Evacuation Pause) 4320M->53M(7136M) 3.138ms
[833.354s][info][gc] GC(4289) Pause Young (Normal) (G1 Evacuation Pause) 4321M->52M(7136M) 2.970ms
[833.466s][info][gc] GC(4290) Pause Young (Normal) (G1 Evacuation Pause) 4320M->53M(7136M) 2.725ms
[833.577s][info][gc] GC(4291) Pause Young (Normal) (G1 Evacuation Pause) 4321M->53M(7136M) 2.766ms
[833.687s][info][gc] GC(4292) Pause Young (Normal) (G1 Evacuation Pause) 4321M->52M(7136M) 2.781ms
[833.799s][info][gc] GC(4293) Pause Young (Normal) (G1 Evacuation Pause) 4320M->53M(7136M) 2.693ms
[833.913s][info][gc] GC(4294) Pause Young (Normal) (G1 Evacuation Pause) 4321M->53M(7136M) 2.772ms
[834.033s][info][gc] GC(4295) Pause Young (Normal) (G1 Evacuation Pause) 4321M->53M(7136M) 7.819ms
[834.151s][info][gc] GC(4296) Pause Young (Normal) (G1 Evacuation Pause) 4325M->52M(7136M) 3.854ms
[834.268s][info][gc] GC(4297) Pause Young (Normal) (G1 Evacuation Pause) 4324M->52M(7136M) 3.603ms
[834.386s][info][gc] GC(4298) Pause Young (Normal) (G1 Evacuation Pause) 4324M->52M(7136M) 3.391ms
[834.504s][info][gc] GC(4299) Pause Young (Normal) (G1 Evacuation Pause) 4324M->53M(7136M) 3.044ms
[834.623s][info][gc] GC(4300) Pause Young (Normal) (G1 Evacuation Pause) 4325M->52M(7136M) 3.063ms
[834.740s][info][gc] GC(4301) Pause Young (Normal) (G1 Evacuation Pause) 4324M->52M(7136M) 2.769ms
[834.858s][info][gc] GC(4302) Pause Young (Normal) (G1 Evacuation Pause) 4324M->52M(7136M) 3.089ms
[834.976s][info][gc] GC(4303) Pause Young (Normal) (G1 Evacuation Pause) 4324M->52M(7136M) 2.696ms
[835.093s][info][gc] GC(4304) Pause Young (Normal) (G1 Evacuation Pause) 4324M->52M(7136M) 2.879ms
[835.211s][info][gc] GC(4305) Pause Young (Normal) (G1 Evacuation Pause) 4324M->52M(7136M) 2.871ms
[835.328s][info][gc] GC(4306) Pause Young (Normal) (G1 Evacuation Pause) 4324M->53M(7136M) 2.873ms
[835.446s][info][gc] GC(4307) Pause Young (Normal) (G1 Evacuation Pause) 4325M->52M(7136M) 2.811ms
[835.563s][info][gc] GC(4308) Pause Young (Normal) (G1 Evacuation Pause) 4324M->52M(7136M) 2.885ms
[835.680s][info][gc] GC(4309) Pause Young (Normal) (G1 Evacuation Pause) 4324M->52M(7136M) 2.520ms
[835.797s][info][gc] GC(4310) Pause Young (Normal) (G1 Evacuation Pause) 4324M->52M(7136M) 2.755ms
[835.914s][info][gc] GC(4311) Pause Young (Normal) (G1 Evacuation Pause) 4324M->52M(7136M) 2.573ms
[836.031s][info][gc] GC(4312) Pause Young (Normal) (G1 Evacuation Pause) 4324M->52M(7136M) 2.516ms
[836.149s][info][gc] GC(4313) Pause Young (Normal) (G1 Evacuation Pause) 4324M->52M(7136M) 3.121ms
[836.267s][info][gc] GC(4314) Pause Young (Normal) (G1 Evacuation Pause) 4324M->52M(7136M) 2.823ms
[836.384s][info][gc] GC(4315) Pause Young (Normal) (G1 Evacuation Pause) 4324M->52M(7136M) 2.786ms
[836.501s][info][gc] GC(4316) Pause Young (Normal) (G1 Evacuation Pause) 4324M->52M(7136M) 2.578ms
[836.619s][info][gc] GC(4317) Pause Young (Normal) (G1 Evacuation Pause) 4324M->52M(7136M) 3.064ms
[836.735s][info][gc] GC(4318) Pause Young (Normal) (G1 Evacuation Pause) 4324M->51M(7136M) 2.617ms
[836.851s][info][gc] GC(4319) Pause Young (Normal) (G1 Evacuation Pause) 4323M->52M(7136M) 2.434ms
[836.969s][info][gc] GC(4320) Pause Young (Normal) (G1 Evacuation Pause) 4324M->52M(7136M) 3.317ms
[837.086s][info][gc] GC(4321) Pause Young (Normal) (G1 Evacuation Pause) 4324M->52M(7136M) 2.664ms
[837.203s][info][gc] GC(4322) Pause Young (Normal) (G1 Evacuation Pause) 4324M->52M(7136M) 2.694ms
[837.320s][info][gc] GC(4323) Pause Young (Normal) (G1 Evacuation Pause) 4324M->52M(7136M) 2.496ms
[837.438s][info][gc] GC(4324) Pause Young (Normal) (G1 Evacuation Pause) 4324M->52M(7136M) 2.737ms
[837.555s][info][gc] GC(4325) Pause Young (Normal) (G1 Evacuation Pause) 4324M->52M(7136M) 2.597ms
[837.672s][info][gc] GC(4326) Pause Young (Normal) (G1 Evacuation Pause) 4324M->52M(7136M) 2.528ms
[837.790s][info][gc] GC(4327) Pause Young (Normal) (G1 Evacuation Pause) 4324M->52M(7136M) 2.537ms
[837.908s][info][gc] GC(4328) Pause Young (Normal) (G1 Evacuation Pause) 4324M->52M(7136M) 2.856ms
[838.026s][info][gc] GC(4329) Pause Young (Normal) (G1 Evacuation Pause) 4324M->52M(7136M) 2.777ms
[838.144s][info][gc] GC(4330) Pause Young (Normal) (G1 Evacuation Pause) 4324M->52M(7136M) 2.611ms
[838.262s][info][gc] GC(4331) Pause Young (Normal) (G1 Evacuation Pause) 4324M->52M(7136M) 2.722ms
[838.379s][info][gc] GC(4332) Pause Young (Normal) (G1 Evacuation Pause) 4324M->52M(7136M) 2.476ms
[838.496s][info][gc] GC(4333) Pause Young (Normal) (G1 Evacuation Pause) 4324M->52M(7136M) 2.404ms
[838.613s][info][gc] GC(4334) Pause Young (Normal) (G1 Evacuation Pause) 4324M->52M(7136M) 2.472ms
[838.731s][info][gc] GC(4335) Pause Young (Normal) (G1 Evacuation Pause) 4324M->52M(7136M) 2.755ms
[838.848s][info][gc] GC(4336) Pause Young (Normal) (G1 Evacuation Pause) 4324M->52M(7136M) 2.614ms
[838.966s][info][gc] GC(4337) Pause Young (Normal) (G1 Evacuation Pause) 4324M->52M(7136M) 2.496ms
[839.083s][info][gc] GC(4338) Pause Young (Normal) (G1 Evacuation Pause) 4324M->52M(7136M) 2.550ms
[839.199s][info][gc] GC(4339) Pause Young (Normal) (G1 Evacuation Pause) 4324M->52M(7136M) 2.408ms
[839.317s][info][gc] GC(4340) Pause Young (Normal) (G1 Evacuation Pause) 4324M->51M(7136M) 2.720ms
[839.434s][info][gc] GC(4341) Pause Young (Normal) (G1 Evacuation Pause) 4323M->52M(7136M) 2.588ms
[839.552s][info][gc] GC(4342) Pause Young (Normal) (G1 Evacuation Pause) 4324M->52M(7136M) 2.862ms
[839.669s][info][gc] GC(4343) Pause Young (Normal) (G1 Evacuation Pause) 4324M->52M(7136M) 2.586ms
[839.787s][info][gc] GC(4344) Pause Young (Normal) (G1 Evacuation Pause) 4324M->52M(7136M) 2.702ms
[839.904s][info][gc] GC(4345) Pause Young (Normal) (G1 Evacuation Pause) 4324M->52M(7136M) 2.418ms
[840.022s][info][gc] GC(4346) Pause Young (Normal) (G1 Evacuation Pause) 4324M->52M(7136M) 2.881ms
[840.139s][info][gc] GC(4347) Pause Young (Normal) (G1 Evacuation Pause) 4324M->51M(7136M) 2.539ms
[840.257s][info][gc] GC(4348) Pause Young (Normal) (G1 Evacuation Pause) 4323M->52M(7136M) 2.579ms
[840.375s][info][gc] GC(4349) Pause Young (Normal) (G1 Evacuation Pause) 4324M->52M(7136M) 2.692ms
[840.493s][info][gc] GC(4350) Pause Young (Normal) (G1 Evacuation Pause) 4324M->52M(7136M) 2.750ms
[840.610s][info][gc] GC(4351) Pause Young (Normal) (G1 Evacuation Pause) 4324M->53M(7136M) 2.531ms
[840.727s][info][gc] GC(4352) Pause Young (Normal) (G1 Evacuation Pause) 4325M->52M(7136M) 2.399ms
[840.844s][info][gc] GC(4353) Pause Young (Normal) (G1 Evacuation Pause) 4324M->52M(7136M) 2.534ms
[840.962s][info][gc] GC(4354) Pause Young (Normal) (G1 Evacuation Pause) 4324M->52M(7136M) 2.539ms
[841.080s][info][gc] GC(4355) Pause Young (Normal) (G1 Evacuation Pause) 4324M->52M(7136M) 2.678ms
[841.197s][info][gc] GC(4356) Pause Young (Normal) (G1 Evacuation Pause) 4324M->52M(7136M) 2.654ms
[841.315s][info][gc] GC(4357) Pause Young (Normal) (G1 Evacuation Pause) 4324M->52M(7136M) 2.538ms
[841.432s][info][gc] GC(4358) Pause Young (Normal) (G1 Evacuation Pause) 4324M->52M(7136M) 2.501ms
[841.549s][info][gc] GC(4359) Pause Young (Normal) (G1 Evacuation Pause) 4324M->52M(7136M) 2.405ms
[841.666s][info][gc] GC(4360) Pause Young (Normal) (G1 Evacuation Pause) 4324M->52M(7136M) 2.479ms
[841.784s][info][gc] GC(4361) Pause Young (Normal) (G1 Evacuation Pause) 4324M->52M(7136M) 2.407ms
[841.900s][info][gc] GC(4362) Pause Young (Normal) (G1 Evacuation Pause) 4324M->52M(7136M) 2.695ms
[842.018s][info][gc] GC(4363) Pause Young (Normal) (G1 Evacuation Pause) 4324M->53M(7136M) 2.735ms
[842.135s][info][gc] GC(4364) Pause Young (Normal) (G1 Evacuation Pause) 4325M->52M(7136M) 2.681ms
[842.252s][info][gc] GC(4365) Pause Young (Normal) (G1 Evacuation Pause) 4324M->52M(7136M) 2.427ms
[842.369s][info][gc] GC(4366) Pause Young (Normal) (G1 Evacuation Pause) 4324M->52M(7136M) 2.697ms
[842.486s][info][gc] GC(4367) Pause Young (Normal) (G1 Evacuation Pause) 4324M->52M(7136M) 2.607ms
[842.603s][info][gc] GC(4368) Pause Young (Normal) (G1 Evacuation Pause) 4324M->52M(7136M) 2.300ms
[842.720s][info][gc] GC(4369) Pause Young (Normal) (G1 Evacuation Pause) 4324M->52M(7136M) 2.427ms
[842.837s][info][gc] GC(4370) Pause Young (Normal) (G1 Evacuation Pause) 4324M->52M(7136M) 2.492ms
[842.954s][info][gc] GC(4371) Pause Young (Normal) (G1 Evacuation Pause) 4324M->52M(7136M) 2.802ms
[843.071s][info][gc] GC(4372) Pause Young (Normal) (G1 Evacuation Pause) 4324M->52M(7136M) 2.371ms
[843.188s][info][gc] GC(4373) Pause Young (Normal) (G1 Evacuation Pause) 4324M->52M(7136M) 2.435ms
[843.305s][info][gc] GC(4374) Pause Young (Normal) (G1 Evacuation Pause) 4324M->52M(7136M) 2.460ms
[843.422s][info][gc] GC(4375) Pause Young (Normal) (G1 Evacuation Pause) 4324M->52M(7136M) 2.538ms
[843.540s][info][gc] GC(4376) Pause Young (Normal) (G1 Evacuation Pause) 4324M->52M(7136M) 2.966ms
[843.660s][info][gc] GC(4377) Pause Young (Normal) (G1 Evacuation Pause) 4324M->52M(7136M) 2.367ms
[843.777s][info][gc] GC(4378) Pause Young (Normal) (G1 Evacuation Pause) 4324M->52M(7136M) 2.585ms
[843.894s][info][gc] GC(4379) Pause Young (Normal) (G1 Evacuation Pause) 4324M->52M(7136M) 2.467ms
[844.012s][info][gc] GC(4380) Pause Young (Normal) (G1 Evacuation Pause) 4324M->52M(7136M) 2.639ms
[844.129s][info][gc] GC(4381) Pause Young (Normal) (G1 Evacuation Pause) 4324M->52M(7136M) 2.720ms
[844.247s][info][gc] GC(4382) Pause Young (Normal) (G1 Evacuation Pause) 4324M->53M(7136M) 2.675ms
[844.363s][info][gc] GC(4383) Pause Young (Normal) (G1 Evacuation Pause) 4325M->52M(7136M) 2.380ms
[844.480s][info][gc] GC(4384) Pause Young (Normal) (G1 Evacuation Pause) 4324M->52M(7136M) 2.493ms
[844.597s][info][gc] GC(4385) Pause Young (Normal) (G1 Evacuation Pause) 4324M->52M(7136M) 2.451ms
[844.714s][info][gc] GC(4386) Pause Young (Normal) (G1 Evacuation Pause) 4324M->52M(7136M) 2.552ms
[844.832s][info][gc] GC(4387) Pause Young (Normal) (G1 Evacuation Pause) 4324M->52M(7136M) 2.632ms
[844.949s][info][gc] GC(4388) Pause Young (Normal) (G1 Evacuation Pause) 4324M->52M(7136M) 2.767ms
[845.066s][info][gc] GC(4389) Pause Young (Normal) (G1 Evacuation Pause) 4324M->52M(7136M) 2.638ms
[845.184s][info][gc] GC(4390) Pause Young (Normal) (G1 Evacuation Pause) 4324M->52M(7136M) 2.721ms
[845.301s][info][gc] GC(4391) Pause Young (Normal) (G1 Evacuation Pause) 4324M->52M(7136M) 2.446ms
[845.418s][info][gc] GC(4392) Pause Young (Normal) (G1 Evacuation Pause) 4324M->52M(7136M) 2.530ms
[845.535s][info][gc] GC(4393) Pause Young (Normal) (G1 Evacuation Pause) 4324M->52M(7136M) 2.597ms
[845.652s][info][gc] GC(4394) Pause Young (Normal) (G1 Evacuation Pause) 4324M->52M(7136M) 2.834ms
[845.769s][info][gc] GC(4395) Pause Young (Normal) (G1 Evacuation Pause) 4324M->52M(7136M) 2.593ms
[845.886s][info][gc] GC(4396) Pause Young (Normal) (G1 Evacuation Pause) 4324M->52M(7136M) 2.293ms
[846.003s][info][gc] GC(4397) Pause Young (Normal) (G1 Evacuation Pause) 4324M->52M(7136M) 2.478ms
[846.121s][info][gc] GC(4398) Pause Young (Normal) (G1 Evacuation Pause) 4324M->52M(7136M) 2.577ms
[846.238s][info][gc] GC(4399) Pause Young (Normal) (G1 Evacuation Pause) 4324M->52M(7136M) 2.545ms
[846.355s][info][gc] GC(4400) Pause Young (Normal) (G1 Evacuation Pause) 4324M->52M(7136M) 2.549ms
[846.473s][info][gc] GC(4401) Pause Young (Normal) (G1 Evacuation Pause) 4324M->52M(7136M) 2.880ms
[846.590s][info][gc] GC(4402) Pause Young (Normal) (G1 Evacuation Pause) 4324M->52M(7136M) 2.580ms
[846.707s][info][gc] GC(4403) Pause Young (Normal) (G1 Evacuation Pause) 4324M->52M(7136M) 2.491ms
[846.824s][info][gc] GC(4404) Pause Young (Normal) (G1 Evacuation Pause) 4324M->53M(7136M) 2.784ms
[846.941s][info][gc] GC(4405) Pause Young (Normal) (G1 Evacuation Pause) 4325M->52M(7136M) 2.452ms
[847.059s][info][gc] GC(4406) Pause Young (Normal) (G1 Evacuation Pause) 4324M->52M(7136M) 2.614ms
[847.176s][info][gc] GC(4407) Pause Young (Normal) (G1 Evacuation Pause) 4324M->52M(7136M) 2.328ms
[847.293s][info][gc] GC(4408) Pause Young (Normal) (G1 Evacuation Pause) 4324M->52M(7136M) 2.505ms
[847.410s][info][gc] GC(4409) Pause Young (Normal) (G1 Evacuation Pause) 4324M->52M(7136M) 2.747ms
[847.527s][info][gc] GC(4410) Pause Young (Normal) (G1 Evacuation Pause) 4324M->52M(7136M) 2.346ms
[847.644s][info][gc] GC(4411) Pause Young (Normal) (G1 Evacuation Pause) 4324M->52M(7136M) 2.470ms
[847.761s][info][gc] GC(4412) Pause Young (Normal) (G1 Evacuation Pause) 4324M->53M(7136M) 2.456ms
[847.878s][info][gc] GC(4413) Pause Young (Normal) (G1 Evacuation Pause) 4325M->52M(7136M) 2.657ms
[847.995s][info][gc] GC(4414) Pause Young (Normal) (G1 Evacuation Pause) 4324M->52M(7136M) 2.625ms
[848.112s][info][gc] GC(4415) Pause Young (Normal) (G1 Evacuation Pause) 4324M->52M(7136M) 2.471ms
[848.230s][info][gc] GC(4416) Pause Young (Normal) (G1 Evacuation Pause) 4324M->52M(7136M) 2.599ms
[848.348s][info][gc] GC(4417) Pause Young (Normal) (G1 Evacuation Pause) 4324M->52M(7136M) 2.506ms
[848.465s][info][gc] GC(4418) Pause Young (Normal) (G1 Evacuation Pause) 4324M->52M(7136M) 2.440ms
[848.582s][info][gc] GC(4419) Pause Young (Normal) (G1 Evacuation Pause) 4324M->52M(7136M) 2.545ms
[848.699s][info][gc] GC(4420) Pause Young (Normal) (G1 Evacuation Pause) 4324M->52M(7136M) 2.432ms
[848.816s][info][gc] GC(4421) Pause Young (Normal) (G1 Evacuation Pause) 4324M->52M(7136M) 2.560ms
[848.933s][info][gc] GC(4422) Pause Young (Normal) (G1 Evacuation Pause) 4324M->52M(7136M) 2.540ms
[849.051s][info][gc] GC(4423) Pause Young (Normal) (G1 Evacuation Pause) 4324M->52M(7136M) 2.490ms
[849.169s][info][gc] GC(4424) Pause Young (Normal) (G1 Evacuation Pause) 4324M->52M(7136M) 2.579ms
[849.286s][info][gc] GC(4425) Pause Young (Normal) (G1 Evacuation Pause) 4324M->52M(7136M) 2.637ms
[849.403s][info][gc] GC(4426) Pause Young (Normal) (G1 Evacuation Pause) 4324M->52M(7136M) 2.360ms
[849.521s][info][gc] GC(4427) Pause Young (Normal) (G1 Evacuation Pause) 4324M->52M(7136M) 2.771ms
[849.639s][info][gc] GC(4428) Pause Young (Normal) (G1 Evacuation Pause) 4324M->53M(7136M) 2.659ms
[849.756s][info][gc] GC(4429) Pause Young (Normal) (G1 Evacuation Pause) 4325M->52M(7136M) 2.675ms
[849.873s][info][gc] GC(4430) Pause Young (Normal) (G1 Evacuation Pause) 4324M->52M(7136M) 2.549ms
[849.990s][info][gc] GC(4431) Pause Young (Normal) (G1 Evacuation Pause) 4324M->52M(7136M) 2.401ms
[850.108s][info][gc] GC(4432) Pause Young (Normal) (G1 Evacuation Pause) 4324M->52M(7136M) 2.608ms
[850.225s][info][gc] GC(4433) Pause Young (Normal) (G1 Evacuation Pause) 4324M->52M(7136M) 2.463ms
[850.342s][info][gc] GC(4434) Pause Young (Normal) (G1 Evacuation Pause) 4324M->52M(7136M) 2.576ms
[850.459s][info][gc] GC(4435) Pause Young (Normal) (G1 Evacuation Pause) 4324M->52M(7136M) 2.640ms
[850.576s][info][gc] GC(4436) Pause Young (Normal) (G1 Evacuation Pause) 4324M->52M(7136M) 2.378ms
[850.694s][info][gc] GC(4437) Pause Young (Normal) (G1 Evacuation Pause) 4324M->52M(7136M) 2.449ms
[850.811s][info][gc] GC(4438) Pause Young (Normal) (G1 Evacuation Pause) 4324M->52M(7136M) 2.351ms
[850.928s][info][gc] GC(4439) Pause Young (Normal) (G1 Evacuation Pause) 4324M->52M(7136M) 2.559ms
[851.046s][info][gc] GC(4440) Pause Young (Normal) (G1 Evacuation Pause) 4324M->52M(7136M) 2.733ms
[851.163s][info][gc] GC(4441) Pause Young (Normal) (G1 Evacuation Pause) 4324M->52M(7136M) 2.394ms
[851.280s][info][gc] GC(4442) Pause Young (Normal) (G1 Evacuation Pause) 4324M->52M(7136M) 2.420ms
[851.398s][info][gc] GC(4443) Pause Young (Normal) (G1 Evacuation Pause) 4324M->52M(7136M) 2.509ms
[851.514s][info][gc] GC(4444) Pause Young (Normal) (G1 Evacuation Pause) 4324M->52M(7136M) 2.345ms
[851.631s][info][gc] GC(4445) Pause Young (Normal) (G1 Evacuation Pause) 4324M->52M(7136M) 2.637ms
[851.748s][info][gc] GC(4446) Pause Young (Normal) (G1 Evacuation Pause) 4324M->52M(7136M) 2.677ms
[851.865s][info][gc] GC(4447) Pause Young (Normal) (G1 Evacuation Pause) 4324M->52M(7136M) 2.566ms
[851.981s][info][gc] GC(4448) Pause Young (Normal) (G1 Evacuation Pause) 4324M->52M(7136M) 2.592ms
[852.098s][info][gc] GC(4449) Pause Young (Normal) (G1 Evacuation Pause) 4324M->52M(7136M) 2.501ms
[852.215s][info][gc] GC(4450) Pause Young (Normal) (G1 Evacuation Pause) 4324M->52M(7136M) 2.481ms
[852.332s][info][gc] GC(4451) Pause Young (Normal) (G1 Evacuation Pause) 4324M->52M(7136M) 2.627ms
[852.450s][info][gc] GC(4452) Pause Young (Normal) (G1 Evacuation Pause) 4324M->52M(7136M) 2.797ms
[852.567s][info][gc] GC(4453) Pause Young (Normal) (G1 Evacuation Pause) 4324M->52M(7136M) 2.655ms
[852.684s][info][gc] GC(4454) Pause Young (Normal) (G1 Evacuation Pause) 4324M->52M(7136M) 2.395ms
[852.802s][info][gc] GC(4455) Pause Young (Normal) (G1 Evacuation Pause) 4324M->52M(7136M) 2.773ms
[852.919s][info][gc] GC(4456) Pause Young (Normal) (G1 Evacuation Pause) 4324M->52M(7136M) 2.497ms
[853.036s][info][gc] GC(4457) Pause Young (Normal) (G1 Evacuation Pause) 4324M->53M(7136M) 2.734ms
[853.152s][info][gc] GC(4458) Pause Young (Normal) (G1 Evacuation Pause) 4325M->52M(7136M) 2.411ms
[853.269s][info][gc] GC(4459) Pause Young (Normal) (G1 Evacuation Pause) 4324M->52M(7136M) 2.552ms
[853.388s][info][gc] GC(4460) Pause Young (Normal) (G1 Evacuation Pause) 4324M->52M(7136M) 2.410ms
[853.504s][info][gc] GC(4461) Pause Young (Normal) (G1 Evacuation Pause) 4324M->52M(7136M) 2.487ms
[853.621s][info][gc] GC(4462) Pause Young (Normal) (G1 Evacuation Pause) 4324M->52M(7136M) 2.691ms
[853.738s][info][gc] GC(4463) Pause Young (Normal) (G1 Evacuation Pause) 4324M->52M(7136M) 2.398ms
[853.855s][info][gc] GC(4464) Pause Young (Normal) (G1 Evacuation Pause) 4324M->52M(7136M) 2.884ms
[853.972s][info][gc] GC(4465) Pause Young (Normal) (G1 Evacuation Pause) 4324M->52M(7136M) 2.502ms
[854.089s][info][gc] GC(4466) Pause Young (Normal) (G1 Evacuation Pause) 4324M->52M(7136M) 2.472ms
[854.206s][info][gc] GC(4467) Pause Young (Normal) (G1 Evacuation Pause) 4324M->52M(7136M) 2.455ms
[854.323s][info][gc] GC(4468) Pause Young (Normal) (G1 Evacuation Pause) 4324M->52M(7136M) 2.573ms
[854.441s][info][gc] GC(4469) Pause Young (Normal) (G1 Evacuation Pause) 4324M->52M(7136M) 2.938ms
[854.558s][info][gc] GC(4470) Pause Young (Normal) (G1 Evacuation Pause) 4324M->52M(7136M) 2.405ms
[854.676s][info][gc] GC(4471) Pause Young (Normal) (G1 Evacuation Pause) 4324M->52M(7136M) 2.684ms
[854.794s][info][gc] GC(4472) Pause Young (Normal) (G1 Evacuation Pause) 4324M->52M(7136M) 2.633ms
[854.911s][info][gc] GC(4473) Pause Young (Normal) (G1 Evacuation Pause) 4324M->52M(7136M) 2.743ms
[855.029s][info][gc] GC(4474) Pause Young (Normal) (G1 Evacuation Pause) 4324M->52M(7136M) 2.446ms
[855.147s][info][gc] GC(4475) Pause Young (Normal) (G1 Evacuation Pause) 4324M->52M(7136M) 2.542ms
[855.264s][info][gc] GC(4476) Pause Young (Normal) (G1 Evacuation Pause) 4324M->52M(7136M) 2.571ms
[855.381s][info][gc] GC(4477) Pause Young (Normal) (G1 Evacuation Pause) 4324M->52M(7136M) 2.819ms
[855.498s][info][gc] GC(4478) Pause Young (Normal) (G1 Evacuation Pause) 4324M->52M(7136M) 2.399ms
[855.615s][info][gc] GC(4479) Pause Young (Normal) (G1 Evacuation Pause) 4324M->52M(7136M) 2.404ms
[855.733s][info][gc] GC(4480) Pause Young (Normal) (G1 Evacuation Pause) 4324M->53M(7136M) 2.704ms
[855.850s][info][gc] GC(4481) Pause Young (Normal) (G1 Evacuation Pause) 4325M->52M(7136M) 2.532ms
[855.967s][info][gc] GC(4482) Pause Young (Normal) (G1 Evacuation Pause) 4324M->52M(7136M) 2.450ms
[856.084s][info][gc] GC(4483) Pause Young (Normal) (G1 Evacuation Pause) 4324M->52M(7136M) 2.392ms
[856.201s][info][gc] GC(4484) Pause Young (Normal) (G1 Evacuation Pause) 4324M->52M(7136M) 2.675ms
[856.319s][info][gc] GC(4485) Pause Young (Normal) (G1 Evacuation Pause) 4324M->52M(7136M) 2.714ms
[856.436s][info][gc] GC(4486) Pause Young (Normal) (G1 Evacuation Pause) 4324M->52M(7136M) 2.456ms
[856.553s][info][gc] GC(4487) Pause Young (Normal) (G1 Evacuation Pause) 4324M->52M(7136M) 2.565ms
[856.669s][info][gc] GC(4488) Pause Young (Normal) (G1 Evacuation Pause) 4324M->52M(7136M) 2.471ms
[856.787s][info][gc] GC(4489) Pause Young (Normal) (G1 Evacuation Pause) 4324M->52M(7136M) 2.556ms
[856.904s][info][gc] GC(4490) Pause Young (Normal) (G1 Evacuation Pause) 4324M->52M(7136M) 2.509ms
[857.021s][info][gc] GC(4491) Pause Young (Normal) (G1 Evacuation Pause) 4324M->52M(7136M) 2.502ms
[857.138s][info][gc] GC(4492) Pause Young (Normal) (G1 Evacuation Pause) 4324M->52M(7136M) 2.595ms
[857.256s][info][gc] GC(4493) Pause Young (Normal) (G1 Evacuation Pause) 4324M->52M(7136M) 2.896ms
[858.378s][info][gc] GC(4494) Pause Young (Normal) (G1 Evacuation Pause) 4324M->56M(7136M) 2.676ms
[858.490s][info][gc] GC(4495) Pause Young (Normal) (G1 Evacuation Pause) 4324M->56M(7136M) 2.699ms
[858.601s][info][gc] GC(4496) Pause Young (Normal) (G1 Evacuation Pause) 4324M->56M(7136M) 2.749ms
[858.712s][info][gc] GC(4497) Pause Young (Normal) (G1 Evacuation Pause) 4324M->56M(7136M) 2.827ms
[858.823s][info][gc] GC(4498) Pause Young (Normal) (G1 Evacuation Pause) 4324M->56M(7136M) 2.624ms
[858.936s][info][gc] GC(4499) Pause Young (Normal) (G1 Evacuation Pause) 4324M->57M(7136M) 2.847ms
[859.050s][info][gc] GC(4500) Pause Young (Normal) (G1 Evacuation Pause) 4325M->57M(7136M) 3.573ms
[859.163s][info][gc] GC(4501) Pause Young (Normal) (G1 Evacuation Pause) 4325M->56M(7136M) 3.722ms
[859.275s][info][gc] GC(4502) Pause Young (Normal) (G1 Evacuation Pause) 4324M->56M(7136M) 3.019ms
[859.387s][info][gc] GC(4503) Pause Young (Normal) (G1 Evacuation Pause) 4324M->57M(7136M) 2.895ms
[859.499s][info][gc] GC(4504) Pause Young (Normal) (G1 Evacuation Pause) 4325M->57M(7136M) 3.001ms
[859.610s][info][gc] GC(4505) Pause Young (Normal) (G1 Evacuation Pause) 4325M->57M(7136M) 3.010ms
[859.723s][info][gc] GC(4506) Pause Young (Normal) (G1 Evacuation Pause) 4325M->57M(7136M) 2.655ms
[859.837s][info][gc] GC(4507) Pause Young (Normal) (G1 Evacuation Pause) 4325M->57M(7136M) 3.499ms
[859.953s][info][gc] GC(4508) Pause Young (Normal) (G1 Evacuation Pause) 4325M->56M(7136M) 2.956ms
[860.072s][info][gc] GC(4509) Pause Young (Normal) (G1 Evacuation Pause) 4324M->57M(7136M) 6.206ms
[860.228s][info][gc] GC(4510) Pause Young (Normal) (G1 Evacuation Pause) 4329M->57M(7136M) 3.199ms
[860.381s][info][gc] GC(4511) Pause Young (Normal) (G1 Evacuation Pause) 4329M->56M(7136M) 2.696ms
[860.538s][info][gc] GC(4512) Pause Young (Normal) (G1 Evacuation Pause) 4328M->57M(7136M) 3.083ms
[860.695s][info][gc] GC(4513) Pause Young (Normal) (G1 Evacuation Pause) 4329M->57M(7136M) 2.735ms
[860.851s][info][gc] GC(4514) Pause Young (Normal) (G1 Evacuation Pause) 4329M->57M(7136M) 3.141ms
[861.007s][info][gc] GC(4515) Pause Young (Normal) (G1 Evacuation Pause) 4329M->56M(7136M) 2.624ms
[861.163s][info][gc] GC(4516) Pause Young (Normal) (G1 Evacuation Pause) 4328M->57M(7136M) 2.704ms
[861.320s][info][gc] GC(4517) Pause Young (Normal) (G1 Evacuation Pause) 4329M->56M(7136M) 2.821ms
[861.476s][info][gc] GC(4518) Pause Young (Normal) (G1 Evacuation Pause) 4328M->57M(7136M) 2.734ms
[861.632s][info][gc] GC(4519) Pause Young (Normal) (G1 Evacuation Pause) 4329M->56M(7136M) 2.871ms
[861.789s][info][gc] GC(4520) Pause Young (Normal) (G1 Evacuation Pause) 4328M->56M(7136M) 2.726ms
[861.946s][info][gc] GC(4521) Pause Young (Normal) (G1 Evacuation Pause) 4328M->56M(7136M) 2.577ms
[862.101s][info][gc] GC(4522) Pause Young (Normal) (G1 Evacuation Pause) 4328M->56M(7136M) 2.425ms
[862.256s][info][gc] GC(4523) Pause Young (Normal) (G1 Evacuation Pause) 4328M->56M(7136M) 2.407ms
[862.411s][info][gc] GC(4524) Pause Young (Normal) (G1 Evacuation Pause) 4328M->56M(7136M) 2.339ms
[862.567s][info][gc] GC(4525) Pause Young (Normal) (G1 Evacuation Pause) 4328M->56M(7136M) 2.416ms
[862.723s][info][gc] GC(4526) Pause Young (Normal) (G1 Evacuation Pause) 4328M->57M(7136M) 2.776ms
[862.879s][info][gc] GC(4527) Pause Young (Normal) (G1 Evacuation Pause) 4329M->57M(7136M) 2.547ms
[863.035s][info][gc] GC(4528) Pause Young (Normal) (G1 Evacuation Pause) 4329M->56M(7136M) 2.696ms
[863.190s][info][gc] GC(4529) Pause Young (Normal) (G1 Evacuation Pause) 4328M->56M(7136M) 2.553ms
[863.347s][info][gc] GC(4530) Pause Young (Normal) (G1 Evacuation Pause) 4328M->57M(7136M) 2.653ms
[863.502s][info][gc] GC(4531) Pause Young (Normal) (G1 Evacuation Pause) 4329M->56M(7136M) 2.447ms
[863.656s][info][gc] GC(4532) Pause Young (Normal) (G1 Evacuation Pause) 4328M->56M(7136M) 2.475ms
[863.812s][info][gc] GC(4533) Pause Young (Normal) (G1 Evacuation Pause) 4328M->56M(7136M) 2.255ms
[863.968s][info][gc] GC(4534) Pause Young (Normal) (G1 Evacuation Pause) 4328M->56M(7136M) 2.504ms
[864.123s][info][gc] GC(4535) Pause Young (Normal) (G1 Evacuation Pause) 4328M->56M(7136M) 2.546ms
[864.279s][info][gc] GC(4536) Pause Young (Normal) (G1 Evacuation Pause) 4328M->56M(7136M) 2.672ms
[864.435s][info][gc] GC(4537) Pause Young (Normal) (G1 Evacuation Pause) 4328M->56M(7136M) 2.270ms
[864.593s][info][gc] GC(4538) Pause Young (Normal) (G1 Evacuation Pause) 4328M->57M(7136M) 3.141ms
[864.749s][info][gc] GC(4539) Pause Young (Normal) (G1 Evacuation Pause) 4329M->56M(7136M) 2.606ms
[864.906s][info][gc] GC(4540) Pause Young (Normal) (G1 Evacuation Pause) 4328M->56M(7136M) 2.498ms
[865.062s][info][gc] GC(4541) Pause Young (Normal) (G1 Evacuation Pause) 4328M->56M(7136M) 2.428ms
[865.218s][info][gc] GC(4542) Pause Young (Normal) (G1 Evacuation Pause) 4328M->57M(7136M) 2.488ms
[865.374s][info][gc] GC(4543) Pause Young (Normal) (G1 Evacuation Pause) 4329M->57M(7136M) 2.812ms
[865.531s][info][gc] GC(4544) Pause Young (Normal) (G1 Evacuation Pause) 4329M->56M(7136M) 2.647ms
[865.688s][info][gc] GC(4545) Pause Young (Normal) (G1 Evacuation Pause) 4328M->56M(7136M) 2.748ms
[865.843s][info][gc] GC(4546) Pause Young (Normal) (G1 Evacuation Pause) 4328M->57M(7136M) 2.463ms
[865.999s][info][gc] GC(4547) Pause Young (Normal) (G1 Evacuation Pause) 4329M->57M(7136M) 2.412ms
[866.157s][info][gc] GC(4548) Pause Young (Normal) (G1 Evacuation Pause) 4329M->56M(7136M) 2.653ms
[866.312s][info][gc] GC(4549) Pause Young (Normal) (G1 Evacuation Pause) 4328M->56M(7136M) 2.367ms
[866.469s][info][gc] GC(4550) Pause Young (Normal) (G1 Evacuation Pause) 4328M->56M(7136M) 2.383ms
[866.625s][info][gc] GC(4551) Pause Young (Normal) (G1 Evacuation Pause) 4328M->56M(7136M) 2.422ms
[866.781s][info][gc] GC(4552) Pause Young (Normal) (G1 Evacuation Pause) 4328M->57M(7136M) 2.354ms
[866.936s][info][gc] GC(4553) Pause Young (Normal) (G1 Evacuation Pause) 4329M->57M(7136M) 2.518ms
[867.093s][info][gc] GC(4554) Pause Young (Normal) (G1 Evacuation Pause) 4329M->56M(7136M) 2.497ms
[867.248s][info][gc] GC(4555) Pause Young (Normal) (G1 Evacuation Pause) 4328M->57M(7136M) 2.345ms
[867.404s][info][gc] GC(4556) Pause Young (Normal) (G1 Evacuation Pause) 4329M->56M(7136M) 2.357ms
[867.560s][info][gc] GC(4557) Pause Young (Normal) (G1 Evacuation Pause) 4328M->56M(7136M) 2.489ms
[867.717s][info][gc] GC(4558) Pause Young (Normal) (G1 Evacuation Pause) 4328M->56M(7136M) 2.475ms
[867.874s][info][gc] GC(4559) Pause Young (Normal) (G1 Evacuation Pause) 4328M->57M(7136M) 2.346ms
[868.030s][info][gc] GC(4560) Pause Young (Normal) (G1 Evacuation Pause) 4329M->57M(7136M) 2.698ms
[868.185s][info][gc] GC(4561) Pause Young (Normal) (G1 Evacuation Pause) 4329M->57M(7136M) 2.519ms
[868.342s][info][gc] GC(4562) Pause Young (Normal) (G1 Evacuation Pause) 4329M->57M(7136M) 2.315ms
[868.499s][info][gc] GC(4563) Pause Young (Normal) (G1 Evacuation Pause) 4329M->56M(7136M) 2.603ms
[868.654s][info][gc] GC(4564) Pause Young (Normal) (G1 Evacuation Pause) 4328M->56M(7136M) 2.365ms
[868.810s][info][gc] GC(4565) Pause Young (Normal) (G1 Evacuation Pause) 4328M->57M(7136M) 2.325ms
[868.967s][info][gc] GC(4566) Pause Young (Normal) (G1 Evacuation Pause) 4329M->57M(7136M) 2.720ms
[869.122s][info][gc] GC(4567) Pause Young (Normal) (G1 Evacuation Pause) 4329M->56M(7136M) 2.650ms
[869.279s][info][gc] GC(4568) Pause Young (Normal) (G1 Evacuation Pause) 4328M->56M(7136M) 2.391ms
[869.433s][info][gc] GC(4569) Pause Young (Normal) (G1 Evacuation Pause) 4328M->57M(7136M) 2.382ms
[869.590s][info][gc] GC(4570) Pause Young (Normal) (G1 Evacuation Pause) 4329M->56M(7136M) 2.559ms
[869.746s][info][gc] GC(4571) Pause Young (Normal) (G1 Evacuation Pause) 4328M->56M(7136M) 2.345ms
[869.901s][info][gc] GC(4572) Pause Young (Normal) (G1 Evacuation Pause) 4328M->56M(7136M) 2.826ms
[870.055s][info][gc] GC(4573) Pause Young (Normal) (G1 Evacuation Pause) 4328M->56M(7136M) 2.238ms
[870.211s][info][gc] GC(4574) Pause Young (Normal) (G1 Evacuation Pause) 4328M->56M(7136M) 2.406ms
[870.366s][info][gc] GC(4575) Pause Young (Normal) (G1 Evacuation Pause) 4328M->56M(7136M) 2.474ms
[870.521s][info][gc] GC(4576) Pause Young (Normal) (G1 Evacuation Pause) 4328M->56M(7136M) 2.650ms
[870.677s][info][gc] GC(4577) Pause Young (Normal) (G1 Evacuation Pause) 4328M->56M(7136M) 2.525ms
[870.832s][info][gc] GC(4578) Pause Young (Normal) (G1 Evacuation Pause) 4328M->56M(7136M) 2.475ms
[870.986s][info][gc] GC(4579) Pause Young (Normal) (G1 Evacuation Pause) 4328M->56M(7136M) 2.654ms
[871.140s][info][gc] GC(4580) Pause Young (Normal) (G1 Evacuation Pause) 4328M->56M(7136M) 2.405ms
[871.295s][info][gc] GC(4581) Pause Young (Normal) (G1 Evacuation Pause) 4328M->57M(7136M) 2.421ms
[871.450s][info][gc] GC(4582) Pause Young (Normal) (G1 Evacuation Pause) 4329M->56M(7136M) 2.560ms
[871.604s][info][gc] GC(4583) Pause Young (Normal) (G1 Evacuation Pause) 4328M->56M(7136M) 2.248ms
[871.759s][info][gc] GC(4584) Pause Young (Normal) (G1 Evacuation Pause) 4328M->56M(7136M) 2.258ms
[871.913s][info][gc] GC(4585) Pause Young (Normal) (G1 Evacuation Pause) 4328M->56M(7136M) 2.517ms
[872.068s][info][gc] GC(4586) Pause Young (Normal) (G1 Evacuation Pause) 4328M->56M(7136M) 2.491ms
[872.222s][info][gc] GC(4587) Pause Young (Normal) (G1 Evacuation Pause) 4328M->57M(7136M) 2.430ms
[872.377s][info][gc] GC(4588) Pause Young (Normal) (G1 Evacuation Pause) 4329M->56M(7136M) 2.710ms
[872.532s][info][gc] GC(4589) Pause Young (Normal) (G1 Evacuation Pause) 4328M->57M(7136M) 2.337ms
[872.688s][info][gc] GC(4590) Pause Young (Normal) (G1 Evacuation Pause) 4329M->56M(7136M) 2.426ms
[872.843s][info][gc] GC(4591) Pause Young (Normal) (G1 Evacuation Pause) 4328M->57M(7136M) 2.513ms
[872.999s][info][gc] GC(4592) Pause Young (Normal) (G1 Evacuation Pause) 4329M->56M(7136M) 2.373ms
[873.155s][info][gc] GC(4593) Pause Young (Normal) (G1 Evacuation Pause) 4328M->56M(7136M) 2.372ms
[873.312s][info][gc] GC(4594) Pause Young (Normal) (G1 Evacuation Pause) 4328M->57M(7136M) 2.718ms
[873.467s][info][gc] GC(4595) Pause Young (Normal) (G1 Evacuation Pause) 4329M->57M(7136M) 2.475ms
[873.623s][info][gc] GC(4596) Pause Young (Normal) (G1 Evacuation Pause) 4329M->57M(7136M) 2.594ms
[873.776s][info][gc] GC(4597) Pause Young (Normal) (G1 Evacuation Pause) 4329M->56M(7136M) 2.265ms
[873.931s][info][gc] GC(4598) Pause Young (Normal) (G1 Evacuation Pause) 4328M->56M(7136M) 2.422ms
[874.085s][info][gc] GC(4599) Pause Young (Normal) (G1 Evacuation Pause) 4328M->56M(7136M) 2.481ms
[874.240s][info][gc] GC(4600) Pause Young (Normal) (G1 Evacuation Pause) 4328M->56M(7136M) 2.541ms
[874.394s][info][gc] GC(4601) Pause Young (Normal) (G1 Evacuation Pause) 4328M->57M(7136M) 2.317ms
[874.549s][info][gc] GC(4602) Pause Young (Normal) (G1 Evacuation Pause) 4329M->56M(7136M) 2.463ms
[874.704s][info][gc] GC(4603) Pause Young (Normal) (G1 Evacuation Pause) 4328M->56M(7136M) 2.453ms
[874.859s][info][gc] GC(4604) Pause Young (Normal) (G1 Evacuation Pause) 4328M->57M(7136M) 2.374ms
[875.014s][info][gc] GC(4605) Pause Young (Normal) (G1 Evacuation Pause) 4329M->56M(7136M) 2.269ms
[875.169s][info][gc] GC(4606) Pause Young (Normal) (G1 Evacuation Pause) 4328M->57M(7136M) 2.553ms
[875.323s][info][gc] GC(4607) Pause Young (Normal) (G1 Evacuation Pause) 4329M->56M(7136M) 2.634ms
[875.478s][info][gc] GC(4608) Pause Young (Normal) (G1 Evacuation Pause) 4328M->56M(7136M) 2.267ms
[875.632s][info][gc] GC(4609) Pause Young (Normal) (G1 Evacuation Pause) 4328M->56M(7136M) 2.238ms
[875.788s][info][gc] GC(4610) Pause Young (Normal) (G1 Evacuation Pause) 4328M->56M(7136M) 2.470ms
[875.942s][info][gc] GC(4611) Pause Young (Normal) (G1 Evacuation Pause) 4328M->56M(7136M) 2.427ms
[876.099s][info][gc] GC(4612) Pause Young (Normal) (G1 Evacuation Pause) 4328M->57M(7136M) 2.465ms
[876.255s][info][gc] GC(4613) Pause Young (Normal) (G1 Evacuation Pause) 4329M->57M(7136M) 2.616ms
[876.409s][info][gc] GC(4614) Pause Young (Normal) (G1 Evacuation Pause) 4329M->57M(7136M) 2.442ms
[876.562s][info][gc] GC(4615) Pause Young (Normal) (G1 Evacuation Pause) 4329M->56M(7136M) 2.355ms
[876.716s][info][gc] GC(4616) Pause Young (Normal) (G1 Evacuation Pause) 4328M->56M(7136M) 2.412ms
[876.871s][info][gc] GC(4617) Pause Young (Normal) (G1 Evacuation Pause) 4328M->56M(7136M) 2.334ms
[877.026s][info][gc] GC(4618) Pause Young (Normal) (G1 Evacuation Pause) 4328M->56M(7136M) 2.532ms
[877.182s][info][gc] GC(4619) Pause Young (Normal) (G1 Evacuation Pause) 4328M->56M(7136M) 2.498ms
[877.336s][info][gc] GC(4620) Pause Young (Normal) (G1 Evacuation Pause) 4328M->56M(7136M) 2.384ms
[877.493s][info][gc] GC(4621) Pause Young (Normal) (G1 Evacuation Pause) 4328M->57M(7136M) 2.745ms
[877.648s][info][gc] GC(4622) Pause Young (Normal) (G1 Evacuation Pause) 4329M->56M(7136M) 2.508ms
[877.802s][info][gc] GC(4623) Pause Young (Normal) (G1 Evacuation Pause) 4328M->57M(7136M) 2.614ms
[877.959s][info][gc] GC(4624) Pause Young (Normal) (G1 Evacuation Pause) 4329M->56M(7136M) 2.387ms
[878.113s][info][gc] GC(4625) Pause Young (Normal) (G1 Evacuation Pause) 4328M->56M(7136M) 2.449ms
[878.268s][info][gc] GC(4626) Pause Young (Normal) (G1 Evacuation Pause) 4328M->56M(7136M) 2.358ms
[878.422s][info][gc] GC(4627) Pause Young (Normal) (G1 Evacuation Pause) 4328M->56M(7136M) 2.411ms
[878.577s][info][gc] GC(4628) Pause Young (Normal) (G1 Evacuation Pause) 4328M->56M(7136M) 2.404ms
[878.731s][info][gc] GC(4629) Pause Young (Normal) (G1 Evacuation Pause) 4328M->56M(7136M) 2.439ms
[878.886s][info][gc] GC(4630) Pause Young (Normal) (G1 Evacuation Pause) 4328M->56M(7136M) 2.255ms
[879.042s][info][gc] GC(4631) Pause Young (Normal) (G1 Evacuation Pause) 4328M->57M(7136M) 2.726ms
[879.197s][info][gc] GC(4632) Pause Young (Normal) (G1 Evacuation Pause) 4329M->57M(7136M) 2.318ms
[879.352s][info][gc] GC(4633) Pause Young (Normal) (G1 Evacuation Pause) 4329M->56M(7136M) 2.195ms
[879.508s][info][gc] GC(4634) Pause Young (Normal) (G1 Evacuation Pause) 4328M->57M(7136M) 2.372ms
[879.663s][info][gc] GC(4635) Pause Young (Normal) (G1 Evacuation Pause) 4329M->56M(7136M) 2.367ms
[879.820s][info][gc] GC(4636) Pause Young (Normal) (G1 Evacuation Pause) 4328M->56M(7136M) 2.499ms
[879.975s][info][gc] GC(4637) Pause Young (Normal) (G1 Evacuation Pause) 4328M->56M(7136M) 2.334ms
[880.131s][info][gc] GC(4638) Pause Young (Normal) (G1 Evacuation Pause) 4328M->57M(7136M) 2.431ms
[880.284s][info][gc] GC(4639) Pause Young (Normal) (G1 Evacuation Pause) 4329M->56M(7136M) 2.509ms
[880.441s][info][gc] GC(4640) Pause Young (Normal) (G1 Evacuation Pause) 4328M->57M(7136M) 2.775ms
[880.596s][info][gc] GC(4641) Pause Young (Normal) (G1 Evacuation Pause) 4329M->56M(7136M) 2.206ms
[880.752s][info][gc] GC(4642) Pause Young (Normal) (G1 Evacuation Pause) 4328M->56M(7136M) 2.620ms
[880.908s][info][gc] GC(4643) Pause Young (Normal) (G1 Evacuation Pause) 4328M->57M(7136M) 2.331ms
[881.062s][info][gc] GC(4644) Pause Young (Normal) (G1 Evacuation Pause) 4329M->56M(7136M) 2.646ms
[881.217s][info][gc] GC(4645) Pause Young (Normal) (G1 Evacuation Pause) 4328M->56M(7136M) 2.555ms
[881.371s][info][gc] GC(4646) Pause Young (Normal) (G1 Evacuation Pause) 4328M->56M(7136M) 2.317ms
[881.526s][info][gc] GC(4647) Pause Young (Normal) (G1 Evacuation Pause) 4328M->56M(7136M) 2.447ms
[881.682s][info][gc] GC(4648) Pause Young (Normal) (G1 Evacuation Pause) 4328M->56M(7136M) 2.284ms
[881.837s][info][gc] GC(4649) Pause Young (Normal) (G1 Evacuation Pause) 4328M->56M(7136M) 2.418ms
[881.992s][info][gc] GC(4650) Pause Young (Normal) (G1 Evacuation Pause) 4328M->56M(7136M) 2.451ms
[882.148s][info][gc] GC(4651) Pause Young (Normal) (G1 Evacuation Pause) 4328M->56M(7136M) 2.389ms
[882.303s][info][gc] GC(4652) Pause Young (Normal) (G1 Evacuation Pause) 4328M->56M(7136M) 2.602ms
[882.457s][info][gc] GC(4653) Pause Young (Normal) (G1 Evacuation Pause) 4328M->56M(7136M) 2.158ms
[882.613s][info][gc] GC(4654) Pause Young (Normal) (G1 Evacuation Pause) 4328M->57M(7136M) 2.604ms
[882.769s][info][gc] GC(4655) Pause Young (Normal) (G1 Evacuation Pause) 4329M->56M(7136M) 2.260ms
[882.924s][info][gc] GC(4656) Pause Young (Normal) (G1 Evacuation Pause) 4328M->57M(7136M) 2.576ms
[883.080s][info][gc] GC(4657) Pause Young (Normal) (G1 Evacuation Pause) 4329M->57M(7136M) 2.423ms
[883.235s][info][gc] GC(4658) Pause Young (Normal) (G1 Evacuation Pause) 4329M->56M(7136M) 2.228ms
[884.381s][info][gc] GC(4659) Pause Young (Normal) (G1 Evacuation Pause) 4328M->61M(7136M) 2.848ms
[884.492s][info][gc] GC(4660) Pause Young (Normal) (G1 Evacuation Pause) 4329M->61M(7136M) 2.542ms
[884.603s][info][gc] GC(4661) Pause Young (Normal) (G1 Evacuation Pause) 4329M->61M(7136M) 2.494ms
[884.715s][info][gc] GC(4662) Pause Young (Normal) (G1 Evacuation Pause) 4329M->62M(7136M) 2.612ms
[884.827s][info][gc] GC(4663) Pause Young (Normal) (G1 Evacuation Pause) 4330M->62M(7136M) 2.538ms
[884.938s][info][gc] GC(4664) Pause Young (Normal) (G1 Evacuation Pause) 4330M->62M(7136M) 3.083ms
[885.051s][info][gc] GC(4665) Pause Young (Normal) (G1 Evacuation Pause) 4330M->62M(7136M) 2.756ms
[885.163s][info][gc] GC(4666) Pause Young (Normal) (G1 Evacuation Pause) 4330M->62M(7136M) 3.153ms
[885.275s][info][gc] GC(4667) Pause Young (Normal) (G1 Evacuation Pause) 4330M->62M(7136M) 2.649ms
[885.386s][info][gc] GC(4668) Pause Young (Normal) (G1 Evacuation Pause) 4330M->61M(7136M) 2.648ms
[885.498s][info][gc] GC(4669) Pause Young (Normal) (G1 Evacuation Pause) 4329M->62M(7136M) 2.621ms
[885.610s][info][gc] GC(4670) Pause Young (Normal) (G1 Evacuation Pause) 4330M->62M(7136M) 2.936ms
[885.721s][info][gc] GC(4671) Pause Young (Normal) (G1 Evacuation Pause) 4330M->61M(7136M) 2.722ms
[885.831s][info][gc] GC(4672) Pause Young (Normal) (G1 Evacuation Pause) 4329M->62M(7136M) 2.833ms
[885.947s][info][gc] GC(4673) Pause Young (Normal) (G1 Evacuation Pause) 4330M->62M(7136M) 2.768ms
[886.067s][info][gc] GC(4674) Pause Young (Normal) (G1 Evacuation Pause) 4330M->62M(7136M) 6.480ms
[886.185s][info][gc] GC(4675) Pause Young (Normal) (G1 Evacuation Pause) 4334M->62M(7136M) 3.317ms
[886.304s][info][gc] GC(4676) Pause Young (Normal) (G1 Evacuation Pause) 4334M->62M(7136M) 3.746ms
[886.424s][info][gc] GC(4677) Pause Young (Normal) (G1 Evacuation Pause) 4334M->62M(7136M) 3.287ms
[886.543s][info][gc] GC(4678) Pause Young (Normal) (G1 Evacuation Pause) 4334M->61M(7136M) 3.083ms
[886.662s][info][gc] GC(4679) Pause Young (Normal) (G1 Evacuation Pause) 4333M->62M(7136M) 2.934ms
[886.781s][info][gc] GC(4680) Pause Young (Normal) (G1 Evacuation Pause) 4334M->61M(7136M) 2.900ms
[886.900s][info][gc] GC(4681) Pause Young (Normal) (G1 Evacuation Pause) 4333M->61M(7136M) 3.467ms
[887.019s][info][gc] GC(4682) Pause Young (Normal) (G1 Evacuation Pause) 4333M->61M(7136M) 2.821ms
[887.138s][info][gc] GC(4683) Pause Young (Normal) (G1 Evacuation Pause) 4333M->61M(7136M) 2.876ms
[887.257s][info][gc] GC(4684) Pause Young (Normal) (G1 Evacuation Pause) 4333M->61M(7136M) 2.840ms
[887.375s][info][gc] GC(4685) Pause Young (Normal) (G1 Evacuation Pause) 4333M->62M(7136M) 2.815ms
[887.493s][info][gc] GC(4686) Pause Young (Normal) (G1 Evacuation Pause) 4334M->61M(7136M) 2.354ms
[887.611s][info][gc] GC(4687) Pause Young (Normal) (G1 Evacuation Pause) 4333M->61M(7136M) 2.661ms
[887.729s][info][gc] GC(4688) Pause Young (Normal) (G1 Evacuation Pause) 4333M->61M(7136M) 2.651ms
[887.847s][info][gc] GC(4689) Pause Young (Normal) (G1 Evacuation Pause) 4333M->61M(7136M) 2.842ms
[887.966s][info][gc] GC(4690) Pause Young (Normal) (G1 Evacuation Pause) 4333M->62M(7136M) 2.822ms
[888.085s][info][gc] GC(4691) Pause Young (Normal) (G1 Evacuation Pause) 4334M->62M(7136M) 2.656ms
[888.204s][info][gc] GC(4692) Pause Young (Normal) (G1 Evacuation Pause) 4334M->61M(7136M) 2.623ms
[888.323s][info][gc] GC(4693) Pause Young (Normal) (G1 Evacuation Pause) 4333M->61M(7136M) 2.584ms
[888.441s][info][gc] GC(4694) Pause Young (Normal) (G1 Evacuation Pause) 4333M->61M(7136M) 2.697ms
[888.560s][info][gc] GC(4695) Pause Young (Normal) (G1 Evacuation Pause) 4333M->61M(7136M) 2.576ms
[888.678s][info][gc] GC(4696) Pause Young (Normal) (G1 Evacuation Pause) 4333M->61M(7136M) 2.702ms
[888.796s][info][gc] GC(4697) Pause Young (Normal) (G1 Evacuation Pause) 4333M->62M(7136M) 2.989ms
[888.914s][info][gc] GC(4698) Pause Young (Normal) (G1 Evacuation Pause) 4334M->61M(7136M) 2.626ms
[889.032s][info][gc] GC(4699) Pause Young (Normal) (G1 Evacuation Pause) 4333M->61M(7136M) 3.010ms
[889.150s][info][gc] GC(4700) Pause Young (Normal) (G1 Evacuation Pause) 4333M->61M(7136M) 2.479ms
[889.269s][info][gc] GC(4701) Pause Young (Normal) (G1 Evacuation Pause) 4333M->61M(7136M) 2.543ms
[889.388s][info][gc] GC(4702) Pause Young (Normal) (G1 Evacuation Pause) 4333M->61M(7136M) 2.644ms
[889.506s][info][gc] GC(4703) Pause Young (Normal) (G1 Evacuation Pause) 4333M->61M(7136M) 2.231ms
[889.624s][info][gc] GC(4704) Pause Young (Normal) (G1 Evacuation Pause) 4333M->61M(7136M) 2.511ms
[889.743s][info][gc] GC(4705) Pause Young (Normal) (G1 Evacuation Pause) 4333M->61M(7136M) 2.433ms
[889.861s][info][gc] GC(4706) Pause Young (Normal) (G1 Evacuation Pause) 4333M->62M(7136M) 2.618ms
[889.980s][info][gc] GC(4707) Pause Young (Normal) (G1 Evacuation Pause) 4334M->62M(7136M) 2.655ms
[890.099s][info][gc] GC(4708) Pause Young (Normal) (G1 Evacuation Pause) 4334M->61M(7136M) 2.759ms
[890.218s][info][gc] GC(4709) Pause Young (Normal) (G1 Evacuation Pause) 4333M->61M(7136M) 2.517ms
[890.336s][info][gc] GC(4710) Pause Young (Normal) (G1 Evacuation Pause) 4333M->61M(7136M) 2.609ms
[890.454s][info][gc] GC(4711) Pause Young (Normal) (G1 Evacuation Pause) 4333M->61M(7136M) 2.623ms
[890.576s][info][gc] GC(4712) Pause Young (Normal) (G1 Evacuation Pause) 4333M->62M(7136M) 2.301ms
[890.694s][info][gc] GC(4713) Pause Young (Normal) (G1 Evacuation Pause) 4334M->61M(7136M) 2.740ms
[890.812s][info][gc] GC(4714) Pause Young (Normal) (G1 Evacuation Pause) 4333M->62M(7136M) 2.824ms
[890.931s][info][gc] GC(4715) Pause Young (Normal) (G1 Evacuation Pause) 4334M->62M(7136M) 2.636ms
[891.050s][info][gc] GC(4716) Pause Young (Normal) (G1 Evacuation Pause) 4334M->61M(7136M) 2.628ms
[891.168s][info][gc] GC(4717) Pause Young (Normal) (G1 Evacuation Pause) 4333M->61M(7136M) 2.506ms
[891.286s][info][gc] GC(4718) Pause Young (Normal) (G1 Evacuation Pause) 4333M->61M(7136M) 2.543ms
[891.404s][info][gc] GC(4719) Pause Young (Normal) (G1 Evacuation Pause) 4333M->61M(7136M) 2.466ms
[891.524s][info][gc] GC(4720) Pause Young (Normal) (G1 Evacuation Pause) 4333M->61M(7136M) 2.451ms
[891.644s][info][gc] GC(4721) Pause Young (Normal) (G1 Evacuation Pause) 4333M->61M(7136M) 2.287ms
[891.762s][info][gc] GC(4722) Pause Young (Normal) (G1 Evacuation Pause) 4333M->62M(7136M) 2.790ms
[891.880s][info][gc] GC(4723) Pause Young (Normal) (G1 Evacuation Pause) 4334M->61M(7136M) 2.284ms
[891.999s][info][gc] GC(4724) Pause Young (Normal) (G1 Evacuation Pause) 4333M->61M(7136M) 2.547ms
[892.118s][info][gc] GC(4725) Pause Young (Normal) (G1 Evacuation Pause) 4333M->62M(7136M) 2.494ms
[892.237s][info][gc] GC(4726) Pause Young (Normal) (G1 Evacuation Pause) 4334M->61M(7136M) 2.577ms
[892.356s][info][gc] GC(4727) Pause Young (Normal) (G1 Evacuation Pause) 4333M->61M(7136M) 2.485ms
[892.474s][info][gc] GC(4728) Pause Young (Normal) (G1 Evacuation Pause) 4333M->61M(7136M) 2.458ms
[892.592s][info][gc] GC(4729) Pause Young (Normal) (G1 Evacuation Pause) 4333M->61M(7136M) 2.498ms
[892.710s][info][gc] GC(4730) Pause Young (Normal) (G1 Evacuation Pause) 4333M->61M(7136M) 2.553ms
[892.829s][info][gc] GC(4731) Pause Young (Normal) (G1 Evacuation Pause) 4333M->61M(7136M) 2.345ms
[892.947s][info][gc] GC(4732) Pause Young (Normal) (G1 Evacuation Pause) 4333M->61M(7136M) 2.581ms
[893.066s][info][gc] GC(4733) Pause Young (Normal) (G1 Evacuation Pause) 4333M->61M(7136M) 2.433ms
[893.184s][info][gc] GC(4734) Pause Young (Normal) (G1 Evacuation Pause) 4333M->61M(7136M) 2.571ms
[893.303s][info][gc] GC(4735) Pause Young (Normal) (G1 Evacuation Pause) 4333M->61M(7136M) 2.560ms
[893.421s][info][gc] GC(4736) Pause Young (Normal) (G1 Evacuation Pause) 4333M->62M(7136M) 2.552ms
[893.539s][info][gc] GC(4737) Pause Young (Normal) (G1 Evacuation Pause) 4334M->61M(7136M) 2.679ms
[893.658s][info][gc] GC(4738) Pause Young (Normal) (G1 Evacuation Pause) 4333M->61M(7136M) 2.768ms
[893.776s][info][gc] GC(4739) Pause Young (Normal) (G1 Evacuation Pause) 4333M->61M(7136M) 2.548ms
[893.894s][info][gc] GC(4740) Pause Young (Normal) (G1 Evacuation Pause) 4333M->61M(7136M) 2.468ms
[894.012s][info][gc] GC(4741) Pause Young (Normal) (G1 Evacuation Pause) 4333M->61M(7136M) 2.567ms
[894.131s][info][gc] GC(4742) Pause Young (Normal) (G1 Evacuation Pause) 4333M->62M(7136M) 3.329ms
[894.249s][info][gc] GC(4743) Pause Young (Normal) (G1 Evacuation Pause) 4334M->61M(7136M) 3.128ms
[894.369s][info][gc] GC(4744) Pause Young (Normal) (G1 Evacuation Pause) 4333M->62M(7136M) 3.312ms
[894.487s][info][gc] GC(4745) Pause Young (Normal) (G1 Evacuation Pause) 4334M->61M(7136M) 2.597ms
[894.605s][info][gc] GC(4746) Pause Young (Normal) (G1 Evacuation Pause) 4333M->61M(7136M) 2.636ms
[894.724s][info][gc] GC(4747) Pause Young (Normal) (G1 Evacuation Pause) 4333M->62M(7136M) 2.681ms
[894.842s][info][gc] GC(4748) Pause Young (Normal) (G1 Evacuation Pause) 4334M->61M(7136M) 2.435ms
[894.960s][info][gc] GC(4749) Pause Young (Normal) (G1 Evacuation Pause) 4333M->61M(7136M) 2.604ms
[895.079s][info][gc] GC(4750) Pause Young (Normal) (G1 Evacuation Pause) 4333M->62M(7136M) 2.907ms
[895.197s][info][gc] GC(4751) Pause Young (Normal) (G1 Evacuation Pause) 4334M->61M(7136M) 2.744ms
[895.315s][info][gc] GC(4752) Pause Young (Normal) (G1 Evacuation Pause) 4333M->61M(7136M) 2.775ms
[895.433s][info][gc] GC(4753) Pause Young (Normal) (G1 Evacuation Pause) 4333M->61M(7136M) 2.548ms
[895.552s][info][gc] GC(4754) Pause Young (Normal) (G1 Evacuation Pause) 4333M->61M(7136M) 2.822ms
[895.670s][info][gc] GC(4755) Pause Young (Normal) (G1 Evacuation Pause) 4333M->61M(7136M) 2.709ms
[895.789s][info][gc] GC(4756) Pause Young (Normal) (G1 Evacuation Pause) 4333M->62M(7136M) 2.614ms
[895.908s][info][gc] GC(4757) Pause Young (Normal) (G1 Evacuation Pause) 4334M->61M(7136M) 2.742ms
[896.026s][info][gc] GC(4758) Pause Young (Normal) (G1 Evacuation Pause) 4333M->61M(7136M) 2.642ms
[896.145s][info][gc] GC(4759) Pause Young (Normal) (G1 Evacuation Pause) 4333M->61M(7136M) 2.561ms
[896.263s][info][gc] GC(4760) Pause Young (Normal) (G1 Evacuation Pause) 4333M->61M(7136M) 2.778ms
[896.384s][info][gc] GC(4761) Pause Young (Normal) (G1 Evacuation Pause) 4333M->61M(7136M) 2.378ms
[896.501s][info][gc] GC(4762) Pause Young (Normal) (G1 Evacuation Pause) 4333M->61M(7136M) 2.555ms
[896.620s][info][gc] GC(4763) Pause Young (Normal) (G1 Evacuation Pause) 4333M->61M(7136M) 2.714ms
[896.738s][info][gc] GC(4764) Pause Young (Normal) (G1 Evacuation Pause) 4333M->61M(7136M) 2.745ms
[896.856s][info][gc] GC(4765) Pause Young (Normal) (G1 Evacuation Pause) 4333M->61M(7136M) 2.519ms
[896.974s][info][gc] GC(4766) Pause Young (Normal) (G1 Evacuation Pause) 4333M->61M(7136M) 2.688ms
[897.092s][info][gc] GC(4767) Pause Young (Normal) (G1 Evacuation Pause) 4333M->61M(7136M) 2.500ms
[897.211s][info][gc] GC(4768) Pause Young (Normal) (G1 Evacuation Pause) 4333M->61M(7136M) 2.729ms
[897.329s][info][gc] GC(4769) Pause Young (Normal) (G1 Evacuation Pause) 4333M->61M(7136M) 2.530ms
[897.447s][info][gc] GC(4770) Pause Young (Normal) (G1 Evacuation Pause) 4333M->61M(7136M) 2.686ms
[897.565s][info][gc] GC(4771) Pause Young (Normal) (G1 Evacuation Pause) 4333M->61M(7136M) 2.627ms
[897.683s][info][gc] GC(4772) Pause Young (Normal) (G1 Evacuation Pause) 4333M->61M(7136M) 2.354ms
[897.802s][info][gc] GC(4773) Pause Young (Normal) (G1 Evacuation Pause) 4333M->62M(7136M) 2.926ms
[897.920s][info][gc] GC(4774) Pause Young (Normal) (G1 Evacuation Pause) 4334M->61M(7136M) 2.436ms
[898.038s][info][gc] GC(4775) Pause Young (Normal) (G1 Evacuation Pause) 4333M->62M(7136M) 2.811ms
[898.157s][info][gc] GC(4776) Pause Young (Normal) (G1 Evacuation Pause) 4334M->62M(7136M) 2.467ms
[898.275s][info][gc] GC(4777) Pause Young (Normal) (G1 Evacuation Pause) 4334M->61M(7136M) 2.305ms
[898.394s][info][gc] GC(4778) Pause Young (Normal) (G1 Evacuation Pause) 4333M->61M(7136M) 2.459ms
[898.512s][info][gc] GC(4779) Pause Young (Normal) (G1 Evacuation Pause) 4333M->61M(7136M) 2.473ms
[898.630s][info][gc] GC(4780) Pause Young (Normal) (G1 Evacuation Pause) 4333M->61M(7136M) 2.546ms
[898.748s][info][gc] GC(4781) Pause Young (Normal) (G1 Evacuation Pause) 4333M->62M(7136M) 2.544ms
[898.866s][info][gc] GC(4782) Pause Young (Normal) (G1 Evacuation Pause) 4334M->61M(7136M) 2.485ms
[898.985s][info][gc] GC(4783) Pause Young (Normal) (G1 Evacuation Pause) 4333M->61M(7136M) 2.465ms
[899.103s][info][gc] GC(4784) Pause Young (Normal) (G1 Evacuation Pause) 4333M->61M(7136M) 2.626ms
[899.221s][info][gc] GC(4785) Pause Young (Normal) (G1 Evacuation Pause) 4333M->61M(7136M) 2.488ms
[899.339s][info][gc] GC(4786) Pause Young (Normal) (G1 Evacuation Pause) 4333M->61M(7136M) 2.509ms
[899.457s][info][gc] GC(4787) Pause Young (Normal) (G1 Evacuation Pause) 4333M->61M(7136M) 2.599ms
[899.576s][info][gc] GC(4788) Pause Young (Normal) (G1 Evacuation Pause) 4333M->61M(7136M) 2.710ms
[899.694s][info][gc] GC(4789) Pause Young (Normal) (G1 Evacuation Pause) 4333M->61M(7136M) 2.578ms
[899.811s][info][gc] GC(4790) Pause Young (Normal) (G1 Evacuation Pause) 4333M->61M(7136M) 2.438ms
[899.930s][info][gc] GC(4791) Pause Young (Normal) (G1 Evacuation Pause) 4333M->61M(7136M) 2.565ms
[900.048s][info][gc] GC(4792) Pause Young (Normal) (G1 Evacuation Pause) 4333M->61M(7136M) 2.622ms
[900.167s][info][gc] GC(4793) Pause Young (Normal) (G1 Evacuation Pause) 4333M->61M(7136M) 2.611ms
[900.286s][info][gc] GC(4794) Pause Young (Normal) (G1 Evacuation Pause) 4333M->62M(7136M) 2.455ms
[900.404s][info][gc] GC(4795) Pause Young (Normal) (G1 Evacuation Pause) 4334M->61M(7136M) 2.690ms
[900.523s][info][gc] GC(4796) Pause Young (Normal) (G1 Evacuation Pause) 4333M->61M(7136M) 2.454ms
[900.641s][info][gc] GC(4797) Pause Young (Normal) (G1 Evacuation Pause) 4333M->61M(7136M) 2.809ms
[900.759s][info][gc] GC(4798) Pause Young (Normal) (G1 Evacuation Pause) 4333M->61M(7136M) 2.556ms
[900.878s][info][gc] GC(4799) Pause Young (Normal) (G1 Evacuation Pause) 4333M->61M(7136M) 2.573ms
[900.996s][info][gc] GC(4800) Pause Young (Normal) (G1 Evacuation Pause) 4333M->62M(7136M) 2.343ms
[901.115s][info][gc] GC(4801) Pause Young (Normal) (G1 Evacuation Pause) 4334M->62M(7136M) 2.718ms
[901.234s][info][gc] GC(4802) Pause Young (Normal) (G1 Evacuation Pause) 4334M->61M(7136M) 2.501ms
[901.352s][info][gc] GC(4803) Pause Young (Normal) (G1 Evacuation Pause) 4333M->62M(7136M) 2.401ms
[901.472s][info][gc] GC(4804) Pause Young (Normal) (G1 Evacuation Pause) 4334M->61M(7136M) 2.516ms
[901.591s][info][gc] GC(4805) Pause Young (Normal) (G1 Evacuation Pause) 4333M->62M(7136M) 2.801ms
[901.712s][info][gc] GC(4806) Pause Young (Normal) (G1 Evacuation Pause) 4334M->61M(7136M) 2.712ms
[901.831s][info][gc] GC(4807) Pause Young (Normal) (G1 Evacuation Pause) 4333M->61M(7136M) 2.502ms
[901.949s][info][gc] GC(4808) Pause Young (Normal) (G1 Evacuation Pause) 4333M->61M(7136M) 2.711ms
[902.068s][info][gc] GC(4809) Pause Young (Normal) (G1 Evacuation Pause) 4333M->61M(7136M) 2.639ms
[902.186s][info][gc] GC(4810) Pause Young (Normal) (G1 Evacuation Pause) 4333M->62M(7136M) 2.718ms
[902.306s][info][gc] GC(4811) Pause Young (Normal) (G1 Evacuation Pause) 4334M->61M(7136M) 2.289ms
[902.424s][info][gc] GC(4812) Pause Young (Normal) (G1 Evacuation Pause) 4333M->62M(7136M) 2.543ms
[902.543s][info][gc] GC(4813) Pause Young (Normal) (G1 Evacuation Pause) 4334M->62M(7136M) 2.646ms
[902.662s][info][gc] GC(4814) Pause Young (Normal) (G1 Evacuation Pause) 4334M->61M(7136M) 2.595ms
[902.780s][info][gc] GC(4815) Pause Young (Normal) (G1 Evacuation Pause) 4333M->61M(7136M) 2.624ms
[902.898s][info][gc] GC(4816) Pause Young (Normal) (G1 Evacuation Pause) 4333M->61M(7136M) 2.406ms
[903.016s][info][gc] GC(4817) Pause Young (Normal) (G1 Evacuation Pause) 4333M->61M(7136M) 2.481ms
[903.135s][info][gc] GC(4818) Pause Young (Normal) (G1 Evacuation Pause) 4333M->61M(7136M) 2.750ms
[903.253s][info][gc] GC(4819) Pause Young (Normal) (G1 Evacuation Pause) 4333M->62M(7136M) 2.414ms
[903.371s][info][gc] GC(4820) Pause Young (Normal) (G1 Evacuation Pause) 4334M->61M(7136M) 2.507ms
[903.490s][info][gc] GC(4821) Pause Young (Normal) (G1 Evacuation Pause) 4333M->61M(7136M) 2.502ms
[903.608s][info][gc] GC(4822) Pause Young (Normal) (G1 Evacuation Pause) 4333M->61M(7136M) 2.356ms
[903.725s][info][gc] GC(4823) Pause Young (Normal) (G1 Evacuation Pause) 4333M->61M(7136M) 2.391ms
[903.843s][info][gc] GC(4824) Pause Young (Normal) (G1 Evacuation Pause) 4333M->61M(7136M) 2.554ms
[903.961s][info][gc] GC(4825) Pause Young (Normal) (G1 Evacuation Pause) 4333M->61M(7136M) 2.547ms
[904.078s][info][gc] GC(4826) Pause Young (Normal) (G1 Evacuation Pause) 4333M->61M(7136M) 2.538ms
[904.196s][info][gc] GC(4827) Pause Young (Normal) (G1 Evacuation Pause) 4333M->61M(7136M) 2.484ms
[904.315s][info][gc] GC(4828) Pause Young (Normal) (G1 Evacuation Pause) 4333M->61M(7136M) 2.497ms
[904.433s][info][gc] GC(4829) Pause Young (Normal) (G1 Evacuation Pause) 4333M->61M(7136M) 2.462ms
[904.551s][info][gc] GC(4830) Pause Young (Normal) (G1 Evacuation Pause) 4333M->61M(7136M) 2.416ms
[904.669s][info][gc] GC(4831) Pause Young (Normal) (G1 Evacuation Pause) 4333M->61M(7136M) 2.625ms
[904.787s][info][gc] GC(4832) Pause Young (Normal) (G1 Evacuation Pause) 4333M->61M(7136M) 2.492ms
[904.905s][info][gc] GC(4833) Pause Young (Normal) (G1 Evacuation Pause) 4333M->61M(7136M) 2.395ms
[905.023s][info][gc] GC(4834) Pause Young (Normal) (G1 Evacuation Pause) 4333M->61M(7136M) 2.811ms
[905.141s][info][gc] GC(4835) Pause Young (Normal) (G1 Evacuation Pause) 4333M->61M(7136M) 2.290ms
[905.258s][info][gc] GC(4836) Pause Young (Normal) (G1 Evacuation Pause) 4333M->61M(7136M) 2.580ms
[905.376s][info][gc] GC(4837) Pause Young (Normal) (G1 Evacuation Pause) 4333M->61M(7136M) 2.635ms
[905.494s][info][gc] GC(4838) Pause Young (Normal) (G1 Evacuation Pause) 4333M->61M(7136M) 2.590ms
[905.612s][info][gc] GC(4839) Pause Young (Normal) (G1 Evacuation Pause) 4333M->61M(7136M) 2.436ms
[905.731s][info][gc] GC(4840) Pause Young (Normal) (G1 Evacuation Pause) 4333M->62M(7136M) 2.351ms
[905.849s][info][gc] GC(4841) Pause Young (Normal) (G1 Evacuation Pause) 4334M->61M(7136M) 2.619ms
[905.967s][info][gc] GC(4842) Pause Young (Normal) (G1 Evacuation Pause) 4333M->61M(7136M) 2.484ms
[906.085s][info][gc] GC(4843) Pause Young (Normal) (G1 Evacuation Pause) 4333M->61M(7136M) 2.481ms
[906.203s][info][gc] GC(4844) Pause Young (Normal) (G1 Evacuation Pause) 4333M->61M(7136M) 2.467ms
[906.321s][info][gc] GC(4845) Pause Young (Normal) (G1 Evacuation Pause) 4333M->61M(7136M) 2.396ms
[906.440s][info][gc] GC(4846) Pause Young (Normal) (G1 Evacuation Pause) 4333M->61M(7136M) 2.318ms
[906.559s][info][gc] GC(4847) Pause Young (Normal) (G1 Evacuation Pause) 4333M->61M(7136M) 2.521ms
[906.677s][info][gc] GC(4848) Pause Young (Normal) (G1 Evacuation Pause) 4333M->61M(7136M) 2.555ms
[906.796s][info][gc] GC(4849) Pause Young (Normal) (G1 Evacuation Pause) 4333M->61M(7136M) 2.434ms
[906.914s][info][gc] GC(4850) Pause Young (Normal) (G1 Evacuation Pause) 4333M->61M(7136M) 2.710ms
[907.033s][info][gc] GC(4851) Pause Young (Normal) (G1 Evacuation Pause) 4333M->61M(7136M) 2.672ms
[907.151s][info][gc] GC(4852) Pause Young (Normal) (G1 Evacuation Pause) 4333M->62M(7136M) 2.479ms
[907.270s][info][gc] GC(4853) Pause Young (Normal) (G1 Evacuation Pause) 4334M->61M(7136M) 2.450ms
[907.388s][info][gc] GC(4854) Pause Young (Normal) (G1 Evacuation Pause) 4333M->61M(7136M) 2.695ms
[907.506s][info][gc] GC(4855) Pause Young (Normal) (G1 Evacuation Pause) 4333M->61M(7136M) 2.436ms
[907.624s][info][gc] GC(4856) Pause Young (Normal) (G1 Evacuation Pause) 4333M->61M(7136M) 2.335ms
[907.742s][info][gc] GC(4857) Pause Young (Normal) (G1 Evacuation Pause) 4333M->61M(7136M) 2.670ms
[907.861s][info][gc] GC(4858) Pause Young (Normal) (G1 Evacuation Pause) 4333M->62M(7136M) 2.972ms
[907.979s][info][gc] GC(4859) Pause Young (Normal) (G1 Evacuation Pause) 4334M->61M(7136M) 2.745ms
[908.097s][info][gc] GC(4860) Pause Young (Normal) (G1 Evacuation Pause) 4333M->61M(7136M) 2.474ms
[908.216s][info][gc] GC(4861) Pause Young (Normal) (G1 Evacuation Pause) 4333M->61M(7136M) 2.404ms
[908.334s][info][gc] GC(4862) Pause Young (Normal) (G1 Evacuation Pause) 4333M->61M(7136M) 2.560ms
[908.451s][info][gc] GC(4863) Pause Young (Normal) (G1 Evacuation Pause) 4333M->61M(7136M) 2.168ms
[908.569s][info][gc] GC(4864) Pause Young (Normal) (G1 Evacuation Pause) 4333M->61M(7136M) 2.311ms
[908.687s][info][gc] GC(4865) Pause Young (Normal) (G1 Evacuation Pause) 4333M->61M(7136M) 2.597ms
[908.805s][info][gc] GC(4866) Pause Young (Normal) (G1 Evacuation Pause) 4333M->61M(7136M) 2.595ms
[908.923s][info][gc] GC(4867) Pause Young (Normal) (G1 Evacuation Pause) 4333M->61M(7136M) 2.598ms
[909.042s][info][gc] GC(4868) Pause Young (Normal) (G1 Evacuation Pause) 4333M->61M(7136M) 2.595ms
[909.160s][info][gc] GC(4869) Pause Young (Normal) (G1 Evacuation Pause) 4333M->61M(7136M) 2.375ms
[909.278s][info][gc] GC(4870) Pause Young (Normal) (G1 Evacuation Pause) 4333M->61M(7136M) 2.635ms
benchmarkAvgTime : 5000
