nbThread : 1
[2.657s][info][gc] GC(0) Pause Young (Normal) (G1 Evacuation Pause) 296M->158M(5128M) 458.940ms
[4.021s][info][gc] GC(1) Pause Young (Normal) (G1 Evacuation Pause) 382M->180M(5128M) 245.063ms
[5.480s][info][gc] GC(2) Pause Young (Normal) (G1 Evacuation Pause) 412M->184M(5128M) 81.592ms
[7.177s][info][gc] GC(3) Pause Young (Normal) (G1 Evacuation Pause) 436M->183M(5128M) 12.999ms
[8.854s][info][gc] GC(4) Pause Young (Normal) (G1 Evacuation Pause) 435M->184M(5128M) 12.454ms
[10.393s][info][gc] GC(5) Pause Young (Normal) (G1 Evacuation Pause) 436M->258M(5128M) 211.049ms
[12.808s][info][gc] GC(6) Pause Young (Normal) (G1 Evacuation Pause) 530M->460M(8796M) 662.387ms
[17.698s][info][gc] GC(7) Pause Young (Normal) (G1 Evacuation Pause) 912M->760M(8796M) 1016.303ms
[21.109s][info][gc] GC(8) Pause Young (Normal) (G1 Evacuation Pause) 1140M->862M(8796M) 741.417ms
[25.013s][info][gc] GC(9) Pause Young (Normal) (G1 Evacuation Pause) 1242M->958M(8796M) 760.849ms
[29.538s][info][gc] GC(10) Pause Young (Normal) (G1 Evacuation Pause) 1338M->1052M(13472M) 858.169ms
[37.827s][info][gc] GC(11) Pause Young (Normal) (G1 Evacuation Pause) 1668M->1202M(13472M) 1230.877ms
[46.013s][info][gc] GC(12) Pause Young (Normal) (G1 Evacuation Pause) 1790M->1342M(13472M) 1389.067ms
[54.757s][info][gc] GC(13) Pause Young (Normal) (G1 Evacuation Pause) 1930M->1482M(13472M) 1438.703ms
[63.947s][info][gc] GC(14) Pause Young (Normal) (G1 Evacuation Pause) 2070M->1620M(16148M) 1502.479ms
[76.108s][info][gc] GC(15) Pause Young (Normal) (G1 Evacuation Pause) 2340M->1790M(16148M) 1788.358ms
Start benchmark
[81.693s][info][gc] GC(16) Pause Young (Normal) (G1 Evacuation Pause) 2490M->1956M(16148M) 1911.932ms
[85.240s][info][gc] GC(17) Pause Young (Normal) (G1 Evacuation Pause) 2656M->2076M(16148M) 1098.566ms
[88.799s][info][gc] GC(18) Pause Young (Normal) (G1 Evacuation Pause) 2776M->2196M(17320M) 1067.919ms
[92.889s][info][gc] GC(19) Pause Young (Normal) (G1 Evacuation Pause) 2956M->2324M(17320M) 1160.432ms
[96.704s][info][gc] GC(20) Pause Young (Normal) (G1 Evacuation Pause) 3080M->2452M(17320M) 1153.355ms
[100.469s][info][gc] GC(21) Pause Young (Normal) (G1 Evacuation Pause) 3208M->2590M(17320M) 1143.018ms
[104.241s][info][gc] GC(22) Pause Young (Normal) (G1 Evacuation Pause) 3346M->2736M(17952M) 1174.683ms
[108.326s][info][gc] GC(23) Pause Young (Normal) (G1 Evacuation Pause) 3524M->2878M(17952M) 1162.858ms
End benchmark
benchmarkAvgTime : 99160
nbThread : 2
[1.789s][info][gc] GC(0) Pause Young (Normal) (G1 Evacuation Pause) 288M->149M(5128M) 309.261ms
[2.825s][info][gc] GC(1) Pause Young (Normal) (G1 Evacuation Pause) 373M->176M(5128M) 203.248ms
[3.878s][info][gc] GC(2) Pause Young (Normal) (G1 Evacuation Pause) 404M->178M(5128M) 60.608ms
[5.140s][info][gc] GC(3) Pause Young (Normal) (G1 Evacuation Pause) 430M->178M(5128M) 13.362ms
[6.385s][info][gc] GC(4) Pause Young (Normal) (G1 Evacuation Pause) 430M->178M(5128M) 12.477ms
[7.617s][info][gc] GC(5) Pause Young (Normal) (G1 Evacuation Pause) 430M->178M(5128M) 12.543ms
[8.812s][info][gc] GC(6) Pause Young (Normal) (G1 Evacuation Pause) 442M->307M(5128M) 244.111ms
[10.077s][info][gc] GC(7) Pause Young (Normal) (G1 Evacuation Pause) 539M->474M(9380M) 453.867ms
[13.098s][info][gc] GC(8) Pause Young (Normal) (G1 Evacuation Pause) 926M->714M(9380M) 730.338ms
[15.527s][info][gc] GC(9) Pause Young (Normal) (G1 Evacuation Pause) 1122M->818M(9380M) 529.831ms
[18.192s][info][gc] GC(10) Pause Young (Normal) (G1 Evacuation Pause) 1226M->920M(9380M) 576.546ms
[21.281s][info][gc] GC(11) Pause Young (Normal) (G1 Evacuation Pause) 1328M->1020M(13820M) 673.598ms
[26.508s][info][gc] GC(12) Pause Young (Normal) (G1 Evacuation Pause) 1648M->1172M(13820M) 934.935ms
[31.709s][info][gc] GC(13) Pause Young (Normal) (G1 Evacuation Pause) 1772M->1316M(13820M) 1037.796ms
[37.209s][info][gc] GC(14) Pause Young (Normal) (G1 Evacuation Pause) 1916M->1460M(13820M) 1109.358ms
[43.056s][info][gc] GC(15) Pause Young (Normal) (G1 Evacuation Pause) 2060M->1602M(16484M) 1173.096ms
Start benchmark
[50.768s][info][gc] GC(16) Pause Young (Normal) (G1 Evacuation Pause) 2398M->1864M(16484M) 1498.212ms
[54.592s][info][gc] GC(17) Pause Young (Normal) (G1 Evacuation Pause) 2584M->1928M(16484M) 923.627ms
[57.550s][info][gc] GC(18) Pause Young (Normal) (G1 Evacuation Pause) 2676M->1966M(16484M) 426.548ms
[60.296s][info][gc] GC(19) Pause Young (Normal) (G1 Evacuation Pause) 2718M->2020M(17572M) 457.875ms
[63.624s][info][gc] GC(20) Pause Young (Normal) (G1 Evacuation Pause) 2816M->2076M(17572M) 535.949ms
[66.612s][info][gc] GC(21) Pause Young (Normal) (G1 Evacuation Pause) 2864M->2142M(17572M) 582.262ms
[69.689s][info][gc] GC(22) Pause Young (Normal) (G1 Evacuation Pause) 2922M->2212M(17572M) 579.244ms
[72.609s][info][gc] GC(23) Pause Young (Normal) (G1 Evacuation Pause) 2984M->2282M(17904M) 596.784ms
[75.725s][info][gc] GC(24) Pause Young (Normal) (G1 Evacuation Pause) 3070M->2348M(17904M) 598.375ms
End benchmark
[79.101s][info][gc] GC(25) Pause Young (Normal) (G1 Evacuation Pause) 3136M->2428M(17904M) 632.274ms
benchmarkAvgTime : 71363
nbThread : 2
[1.787s][info][gc] GC(0) Pause Young (Normal) (G1 Evacuation Pause) 288M->149M(5128M) 309.517ms
[2.724s][info][gc] GC(1) Pause Young (Normal) (G1 Evacuation Pause) 373M->174M(5128M) 202.498ms
[3.783s][info][gc] GC(2) Pause Young (Normal) (G1 Evacuation Pause) 406M->178M(5128M) 60.559ms
[5.045s][info][gc] GC(3) Pause Young (Normal) (G1 Evacuation Pause) 430M->178M(5128M) 11.880ms
[6.253s][info][gc] GC(4) Pause Young (Normal) (G1 Evacuation Pause) 430M->178M(5128M) 11.922ms
[7.475s][info][gc] GC(5) Pause Young (Normal) (G1 Evacuation Pause) 430M->178M(5128M) 12.351ms
[8.512s][info][gc] GC(6) Pause Young (Normal) (G1 Evacuation Pause) 442M->324M(5128M) 277.302ms
[9.781s][info][gc] GC(7) Pause Young (Normal) (G1 Evacuation Pause) 556M->490M(9620M) 464.239ms
[12.757s][info][gc] GC(8) Pause Young (Normal) (G1 Evacuation Pause) 954M->722M(9620M) 725.414ms
[15.287s][info][gc] GC(9) Pause Young (Normal) (G1 Evacuation Pause) 1142M->830M(9620M) 550.744ms
[18.052s][info][gc] GC(10) Pause Young (Normal) (G1 Evacuation Pause) 1250M->934M(9620M) 604.501ms
[21.249s][info][gc] GC(11) Pause Young (Normal) (G1 Evacuation Pause) 1354M->1038M(13964M) 696.569ms
[26.652s][info][gc] GC(12) Pause Young (Normal) (G1 Evacuation Pause) 1674M->1192M(13964M) 965.981ms
[31.923s][info][gc] GC(13) Pause Young (Normal) (G1 Evacuation Pause) 1800M->1338M(13964M) 1066.701ms
[37.595s][info][gc] GC(14) Pause Young (Normal) (G1 Evacuation Pause) 1946M->1482M(13964M) 1139.954ms
[43.511s][info][gc] GC(15) Pause Young (Normal) (G1 Evacuation Pause) 2090M->1626M(16572M) 1199.030ms
Start benchmark
[50.715s][info][gc] GC(16) Pause Young (Normal) (G1 Evacuation Pause) 2426M->1874M(16572M) 1447.942ms
[54.420s][info][gc] GC(17) Pause Young (Normal) (G1 Evacuation Pause) 2598M->1938M(16572M) 920.658ms
[57.391s][info][gc] GC(18) Pause Young (Normal) (G1 Evacuation Pause) 2690M->1982M(16572M) 453.716ms
[60.339s][info][gc] GC(19) Pause Young (Normal) (G1 Evacuation Pause) 2734M->2032M(17628M) 485.050ms
[63.514s][info][gc] GC(20) Pause Young (Normal) (G1 Evacuation Pause) 2832M->2096M(17628M) 554.058ms
[66.478s][info][gc] GC(21) Pause Young (Normal) (G1 Evacuation Pause) 2884M->2156M(17628M) 563.301ms
[69.568s][info][gc] GC(22) Pause Young (Normal) (G1 Evacuation Pause) 2944M->2230M(17628M) 589.697ms
[72.827s][info][gc] GC(23) Pause Young (Normal) (G1 Evacuation Pause) 3006M->2300M(17972M) 626.195ms
[76.073s][info][gc] GC(24) Pause Young (Normal) (G1 Evacuation Pause) 3092M->2388M(17972M) 668.136ms
End benchmark
benchmarkAvgTime : 70478
nbThread : 2
[1.792s][info][gc] GC(0) Pause Young (Normal) (G1 Evacuation Pause) 288M->149M(5128M) 309.097ms
[2.824s][info][gc] GC(1) Pause Young (Normal) (G1 Evacuation Pause) 373M->174M(5128M) 202.424ms
[3.894s][info][gc] GC(2) Pause Young (Normal) (G1 Evacuation Pause) 406M->178M(5128M) 60.116ms
[5.159s][info][gc] GC(3) Pause Young (Normal) (G1 Evacuation Pause) 430M->178M(5128M) 12.202ms
[6.403s][info][gc] GC(4) Pause Young (Normal) (G1 Evacuation Pause) 430M->178M(5128M) 12.631ms
[7.639s][info][gc] GC(5) Pause Young (Normal) (G1 Evacuation Pause) 430M->178M(5128M) 12.774ms
[8.743s][info][gc] GC(6) Pause Young (Normal) (G1 Evacuation Pause) 442M->312M(5128M) 253.802ms
[10.015s][info][gc] GC(7) Pause Young (Normal) (G1 Evacuation Pause) 544M->478M(9416M) 458.539ms
[12.887s][info][gc] GC(8) Pause Young (Normal) (G1 Evacuation Pause) 930M->718M(9416M) 729.029ms
[15.397s][info][gc] GC(9) Pause Young (Normal) (G1 Evacuation Pause) 1126M->822M(9416M) 531.487ms
[18.052s][info][gc] GC(10) Pause Young (Normal) (G1 Evacuation Pause) 1230M->924M(9416M) 580.698ms
[21.122s][info][gc] GC(11) Pause Young (Normal) (G1 Evacuation Pause) 1332M->1026M(13844M) 678.181ms
[26.457s][info][gc] GC(12) Pause Young (Normal) (G1 Evacuation Pause) 1658M->1178M(13844M) 938.124ms
[31.687s][info][gc] GC(13) Pause Young (Normal) (G1 Evacuation Pause) 1782M->1322M(13844M) 1056.289ms
[37.278s][info][gc] GC(14) Pause Young (Normal) (G1 Evacuation Pause) 1926M->1466M(13844M) 1123.632ms
[43.111s][info][gc] GC(15) Pause Young (Normal) (G1 Evacuation Pause) 2070M->1608M(16500M) 1184.805ms
Start benchmark
[50.785s][info][gc] GC(16) Pause Young (Normal) (G1 Evacuation Pause) 2404M->1866M(16500M) 1507.184ms
[54.668s][info][gc] GC(17) Pause Young (Normal) (G1 Evacuation Pause) 2586M->1926M(16500M) 914.224ms
[57.534s][info][gc] GC(18) Pause Young (Normal) (G1 Evacuation Pause) 2682M->1960M(16500M) 420.567ms
[60.534s][info][gc] GC(19) Pause Young (Normal) (G1 Evacuation Pause) 2724M->2030M(17584M) 500.806ms
[63.812s][info][gc] GC(20) Pause Young (Normal) (G1 Evacuation Pause) 2822M->2090M(17584M) 560.202ms
[67.008s][info][gc] GC(21) Pause Young (Normal) (G1 Evacuation Pause) 2874M->2146M(17584M) 578.647ms
[70.182s][info][gc] GC(22) Pause Young (Normal) (G1 Evacuation Pause) 2934M->2226M(17584M) 606.088ms
[73.403s][info][gc] GC(23) Pause Young (Normal) (G1 Evacuation Pause) 2998M->2304M(17944M) 640.426ms
[76.681s][info][gc] GC(24) Pause Young (Normal) (G1 Evacuation Pause) 3088M->2384M(17944M) 653.374ms
End benchmark
benchmarkAvgTime : 70444
nbThread : 2
[1.798s][info][gc] GC(0) Pause Young (Normal) (G1 Evacuation Pause) 288M->149M(5128M) 310.999ms
[2.779s][info][gc] GC(1) Pause Young (Normal) (G1 Evacuation Pause) 373M->174M(5128M) 203.501ms
[3.854s][info][gc] GC(2) Pause Young (Normal) (G1 Evacuation Pause) 406M->178M(5128M) 60.430ms
[5.121s][info][gc] GC(3) Pause Young (Normal) (G1 Evacuation Pause) 430M->178M(5128M) 12.006ms
[6.364s][info][gc] GC(4) Pause Young (Normal) (G1 Evacuation Pause) 430M->178M(5128M) 13.693ms
[7.600s][info][gc] GC(5) Pause Young (Normal) (G1 Evacuation Pause) 430M->178M(5128M) 12.093ms
[8.785s][info][gc] GC(6) Pause Young (Normal) (G1 Evacuation Pause) 430M->252M(5128M) 146.750ms
[9.869s][info][gc] GC(7) Pause Young (Normal) (G1 Evacuation Pause) 496M->428M(8960M) 430.210ms
[12.877s][info][gc] GC(8) Pause Young (Normal) (G1 Evacuation Pause) 860M->694M(8960M) 754.927ms
[15.153s][info][gc] GC(9) Pause Young (Normal) (G1 Evacuation Pause) 1086M->798M(8960M) 493.367ms
[17.663s][info][gc] GC(10) Pause Young (Normal) (G1 Evacuation Pause) 1190M->894M(8960M) 542.784ms
[20.488s][info][gc] GC(11) Pause Young (Normal) (G1 Evacuation Pause) 1286M->990M(13568M) 631.878ms
[25.547s][info][gc] GC(12) Pause Young (Normal) (G1 Evacuation Pause) 1610M->1140M(13568M) 884.547ms
[30.533s][info][gc] GC(13) Pause Young (Normal) (G1 Evacuation Pause) 1728M->1280M(13568M) 1030.269ms
[35.884s][info][gc] GC(14) Pause Young (Normal) (G1 Evacuation Pause) 1868M->1420M(13568M) 1091.118ms
[41.480s][info][gc] GC(15) Pause Young (Normal) (G1 Evacuation Pause) 2008M->1560M(16336M) 1154.935ms
[48.991s][info][gc] GC(16) Pause Young (Normal) (G1 Evacuation Pause) 2288M->1732M(16336M) 1363.023ms
Start benchmark
[53.897s][info][gc] GC(17) Pause Young (Normal) (G1 Evacuation Pause) 2504M->1912M(16336M) 1178.191ms
[56.886s][info][gc] GC(18) Pause Young (Normal) (G1 Evacuation Pause) 2624M->1958M(16336M) 576.608ms
[59.711s][info][gc] GC(19) Pause Young (Normal) (G1 Evacuation Pause) 2702M->2008M(17584M) 465.524ms
[63.148s][info][gc] GC(20) Pause Young (Normal) (G1 Evacuation Pause) 2808M->2072M(17584M) 566.743ms
[66.093s][info][gc] GC(21) Pause Young (Normal) (G1 Evacuation Pause) 2856M->2132M(17584M) 571.822ms
[69.299s][info][gc] GC(22) Pause Young (Normal) (G1 Evacuation Pause) 2916M->2200M(17584M) 582.359ms
[72.276s][info][gc] GC(23) Pause Young (Normal) (G1 Evacuation Pause) 2980M->2282M(17924M) 624.369ms
[75.399s][info][gc] GC(24) Pause Young (Normal) (G1 Evacuation Pause) 3070M->2356M(17924M) 628.179ms
[78.489s][info][gc] GC(25) Pause Young (Normal) (G1 Evacuation Pause) 3144M->2438M(17924M) 645.700ms
End benchmark
benchmarkAvgTime : 71665
nbThread : 2
[1.779s][info][gc] GC(0) Pause Young (Normal) (G1 Evacuation Pause) 288M->149M(5128M) 311.821ms
[2.729s][info][gc] GC(1) Pause Young (Normal) (G1 Evacuation Pause) 373M->176M(5128M) 202.502ms
[3.816s][info][gc] GC(2) Pause Young (Normal) (G1 Evacuation Pause) 408M->180M(5128M) 60.315ms
[5.061s][info][gc] GC(3) Pause Young (Normal) (G1 Evacuation Pause) 432M->180M(5128M) 13.465ms
[6.288s][info][gc] GC(4) Pause Young (Normal) (G1 Evacuation Pause) 432M->180M(5128M) 13.602ms
[7.549s][info][gc] GC(5) Pause Young (Normal) (G1 Evacuation Pause) 432M->217M(5128M) 90.199ms
[8.625s][info][gc] GC(6) Pause Young (Normal) (G1 Evacuation Pause) 461M->388M(8752M) 391.208ms
[11.182s][info][gc] GC(7) Pause Young (Normal) (G1 Evacuation Pause) 808M->674M(8752M) 763.405ms
[13.387s][info][gc] GC(8) Pause Young (Normal) (G1 Evacuation Pause) 1054M->774M(8752M) 459.206ms
[15.990s][info][gc] GC(9) Pause Young (Normal) (G1 Evacuation Pause) 1154M->868M(8752M) 521.665ms
[18.690s][info][gc] GC(10) Pause Young (Normal) (G1 Evacuation Pause) 1248M->962M(13444M) 601.990ms
[23.588s][info][gc] GC(11) Pause Young (Normal) (G1 Evacuation Pause) 1578M->1112M(13444M) 870.945ms
[28.481s][info][gc] GC(12) Pause Young (Normal) (G1 Evacuation Pause) 1700M->1254M(13444M) 1008.152ms
[33.721s][info][gc] GC(13) Pause Young (Normal) (G1 Evacuation Pause) 1842M->1396M(13444M) 1057.076ms
[39.316s][info][gc] GC(14) Pause Young (Normal) (G1 Evacuation Pause) 1984M->1536M(16260M) 1127.540ms
[46.824s][info][gc] GC(15) Pause Young (Normal) (G1 Evacuation Pause) 2264M->1708M(16260M) 1348.523ms
Start benchmark
[52.202s][info][gc] GC(16) Pause Young (Normal) (G1 Evacuation Pause) 2476M->1908M(16260M) 1285.787ms
[55.097s][info][gc] GC(17) Pause Young (Normal) (G1 Evacuation Pause) 2616M->1962M(16260M) 636.761ms
[57.917s][info][gc] GC(18) Pause Young (Normal) (G1 Evacuation Pause) 2698M->1992M(17592M) 435.401ms
[61.445s][info][gc] GC(19) Pause Young (Normal) (G1 Evacuation Pause) 2804M->2070M(17592M) 579.923ms
[64.434s][info][gc] GC(20) Pause Young (Normal) (G1 Evacuation Pause) 2850M->2126M(17592M) 565.094ms
[67.557s][info][gc] GC(21) Pause Young (Normal) (G1 Evacuation Pause) 2914M->2198M(17592M) 586.581ms
[70.518s][info][gc] GC(22) Pause Young (Normal) (G1 Evacuation Pause) 2974M->2264M(17920M) 584.432ms
[73.933s][info][gc] GC(23) Pause Young (Normal) (G1 Evacuation Pause) 3064M->2346M(17920M) 632.762ms
[77.089s][info][gc] GC(24) Pause Young (Normal) (G1 Evacuation Pause) 3134M->2432M(17920M) 678.793ms
End benchmark
benchmarkAvgTime : 71560
nbThread : 2
[1.789s][info][gc] GC(0) Pause Young (Normal) (G1 Evacuation Pause) 288M->149M(5128M) 310.919ms
[2.795s][info][gc] GC(1) Pause Young (Normal) (G1 Evacuation Pause) 373M->174M(5128M) 205.606ms
[3.865s][info][gc] GC(2) Pause Young (Normal) (G1 Evacuation Pause) 406M->178M(5128M) 60.349ms
[5.126s][info][gc] GC(3) Pause Young (Normal) (G1 Evacuation Pause) 430M->178M(5128M) 13.302ms
[6.373s][info][gc] GC(4) Pause Young (Normal) (G1 Evacuation Pause) 430M->178M(5128M) 13.636ms
[7.615s][info][gc] GC(5) Pause Young (Normal) (G1 Evacuation Pause) 430M->178M(5128M) 11.935ms
[8.972s][info][gc] GC(6) Pause Young (Normal) (G1 Evacuation Pause) 442M->280M(5128M) 189.161ms
[10.083s][info][gc] GC(7) Pause Young (Normal) (G1 Evacuation Pause) 512M->446M(9144M) 429.116ms
[12.984s][info][gc] GC(8) Pause Young (Normal) (G1 Evacuation Pause) 886M->700M(9144M) 736.621ms
[15.717s][info][gc] GC(9) Pause Young (Normal) (G1 Evacuation Pause) 1096M->800M(9144M) 493.021ms
[18.216s][info][gc] GC(10) Pause Young (Normal) (G1 Evacuation Pause) 1196M->900M(9144M) 552.493ms
[21.118s][info][gc] GC(11) Pause Young (Normal) (G1 Evacuation Pause) 1296M->998M(13680M) 646.093ms
[26.261s][info][gc] GC(12) Pause Young (Normal) (G1 Evacuation Pause) 1622M->1150M(13680M) 908.017ms
[31.367s][info][gc] GC(13) Pause Young (Normal) (G1 Evacuation Pause) 1746M->1294M(13680M) 1035.493ms
[36.810s][info][gc] GC(14) Pause Young (Normal) (G1 Evacuation Pause) 1890M->1436M(13680M) 1107.269ms
[42.595s][info][gc] GC(15) Pause Young (Normal) (G1 Evacuation Pause) 2032M->1578M(16400M) 1171.129ms
Start benchmark
[50.702s][info][gc] GC(16) Pause Young (Normal) (G1 Evacuation Pause) 2370M->1844M(16400M) 1528.775ms
[54.830s][info][gc] GC(17) Pause Young (Normal) (G1 Evacuation Pause) 2560M->1918M(16400M) 1013.973ms
[57.548s][info][gc] GC(18) Pause Young (Normal) (G1 Evacuation Pause) 2662M->1968M(16400M) 459.486ms
[60.408s][info][gc] GC(19) Pause Young (Normal) (G1 Evacuation Pause) 2716M->2018M(17564M) 464.968ms
[63.602s][info][gc] GC(20) Pause Young (Normal) (G1 Evacuation Pause) 2814M->2062M(17564M) 503.474ms
[66.816s][info][gc] GC(21) Pause Young (Normal) (G1 Evacuation Pause) 2858M->2130M(17564M) 580.921ms
[70.006s][info][gc] GC(22) Pause Young (Normal) (G1 Evacuation Pause) 2914M->2208M(17564M) 613.346ms
[73.071s][info][gc] GC(23) Pause Young (Normal) (G1 Evacuation Pause) 2980M->2274M(17896M) 604.429ms
[76.289s][info][gc] GC(24) Pause Young (Normal) (G1 Evacuation Pause) 3070M->2364M(17896M) 648.970ms
End benchmark
[81.349s][info][gc] GC(25) Pause Young (Normal) (G1 Evacuation Pause) 3144M->2436M(17896M) 647.676ms
benchmarkAvgTime : 71153
nbThread : 2
[1.801s][info][gc] GC(0) Pause Young (Normal) (G1 Evacuation Pause) 288M->149M(5128M) 312.422ms
[2.770s][info][gc] GC(1) Pause Young (Normal) (G1 Evacuation Pause) 373M->176M(5128M) 203.136ms
[3.814s][info][gc] GC(2) Pause Young (Normal) (G1 Evacuation Pause) 404M->178M(5128M) 60.694ms
[5.078s][info][gc] GC(3) Pause Young (Normal) (G1 Evacuation Pause) 430M->178M(5128M) 12.507ms
[6.320s][info][gc] GC(4) Pause Young (Normal) (G1 Evacuation Pause) 430M->178M(5128M) 13.671ms
[7.529s][info][gc] GC(5) Pause Young (Normal) (G1 Evacuation Pause) 430M->178M(5128M) 12.501ms
[8.725s][info][gc] GC(6) Pause Young (Normal) (G1 Evacuation Pause) 442M->322M(5128M) 278.438ms
[10.029s][info][gc] GC(7) Pause Young (Normal) (G1 Evacuation Pause) 554M->490M(9584M) 468.677ms
[12.971s][info][gc] GC(8) Pause Young (Normal) (G1 Evacuation Pause) 950M->722M(9584M) 725.307ms
[15.502s][info][gc] GC(9) Pause Young (Normal) (G1 Evacuation Pause) 1138M->828M(9584M) 544.916ms
[18.433s][info][gc] GC(10) Pause Young (Normal) (G1 Evacuation Pause) 1244M->930M(9584M) 593.359ms
[21.520s][info][gc] GC(11) Pause Young (Normal) (G1 Evacuation Pause) 1346M->1032M(13944M) 689.216ms
[26.872s][info][gc] GC(12) Pause Young (Normal) (G1 Evacuation Pause) 1668M->1186M(13944M) 952.839ms
[32.092s][info][gc] GC(13) Pause Young (Normal) (G1 Evacuation Pause) 1794M->1332M(13944M) 1047.174ms
[37.677s][info][gc] GC(14) Pause Young (Normal) (G1 Evacuation Pause) 1940M->1478M(13944M) 1128.103ms
[43.598s][info][gc] GC(15) Pause Young (Normal) (G1 Evacuation Pause) 2086M->1622M(16560M) 1193.545ms
Start benchmark
[50.886s][info][gc] GC(16) Pause Young (Normal) (G1 Evacuation Pause) 2422M->1872M(16560M) 1463.652ms
[54.581s][info][gc] GC(17) Pause Young (Normal) (G1 Evacuation Pause) 2596M->1934M(16560M) 914.032ms
[57.315s][info][gc] GC(18) Pause Young (Normal) (G1 Evacuation Pause) 2690M->1980M(16560M) 438.938ms
[60.181s][info][gc] GC(19) Pause Young (Normal) (G1 Evacuation Pause) 2732M->2018M(17616M) 449.580ms
[63.551s][info][gc] GC(20) Pause Young (Normal) (G1 Evacuation Pause) 2826M->2094M(17616M) 575.120ms
[66.645s][info][gc] GC(21) Pause Young (Normal) (G1 Evacuation Pause) 2878M->2152M(17616M) 580.123ms
[70.033s][info][gc] GC(22) Pause Young (Normal) (G1 Evacuation Pause) 2940M->2232M(17616M) 633.902ms
[73.249s][info][gc] GC(23) Pause Young (Normal) (G1 Evacuation Pause) 3004M->2312M(17984M) 668.635ms
[76.680s][info][gc] GC(24) Pause Young (Normal) (G1 Evacuation Pause) 3096M->2392M(17984M) 687.923ms
End benchmark
benchmarkAvgTime : 70673
nbThread : 2
[1.802s][info][gc] GC(0) Pause Young (Normal) (G1 Evacuation Pause) 288M->149M(5128M) 312.268ms
[2.767s][info][gc] GC(1) Pause Young (Normal) (G1 Evacuation Pause) 373M->174M(5128M) 206.216ms
[3.819s][info][gc] GC(2) Pause Young (Normal) (G1 Evacuation Pause) 406M->178M(5128M) 60.852ms
[5.069s][info][gc] GC(3) Pause Young (Normal) (G1 Evacuation Pause) 430M->178M(5128M) 11.937ms
[6.307s][info][gc] GC(4) Pause Young (Normal) (G1 Evacuation Pause) 430M->178M(5128M) 12.393ms
[7.522s][info][gc] GC(5) Pause Young (Normal) (G1 Evacuation Pause) 430M->178M(5128M) 12.622ms
[8.654s][info][gc] GC(6) Pause Young (Normal) (G1 Evacuation Pause) 442M->330M(5128M) 290.406ms
[9.959s][info][gc] GC(7) Pause Young (Normal) (G1 Evacuation Pause) 562M->498M(9660M) 471.792ms
[12.885s][info][gc] GC(8) Pause Young (Normal) (G1 Evacuation Pause) 962M->728M(9660M) 724.405ms
[15.392s][info][gc] GC(9) Pause Young (Normal) (G1 Evacuation Pause) 1148M->836M(9660M) 555.213ms
[18.184s][info][gc] GC(10) Pause Young (Normal) (G1 Evacuation Pause) 1256M->940M(9660M) 611.305ms
[21.397s][info][gc] GC(11) Pause Young (Normal) (G1 Evacuation Pause) 1360M->1042M(13988M) 705.351ms
[26.803s][info][gc] GC(12) Pause Young (Normal) (G1 Evacuation Pause) 1678M->1196M(13988M) 970.152ms
[32.089s][info][gc] GC(13) Pause Young (Normal) (G1 Evacuation Pause) 1804M->1340M(13988M) 1069.571ms
[37.736s][info][gc] GC(14) Pause Young (Normal) (G1 Evacuation Pause) 1948M->1484M(13988M) 1138.506ms
[43.666s][info][gc] GC(15) Pause Young (Normal) (G1 Evacuation Pause) 2092M->1628M(16588M) 1195.739ms
Start benchmark
[50.820s][info][gc] GC(16) Pause Young (Normal) (G1 Evacuation Pause) 2428M->1876M(16588M) 1453.989ms
[54.542s][info][gc] GC(17) Pause Young (Normal) (G1 Evacuation Pause) 2600M->1922M(16588M) 879.525ms
[57.634s][info][gc] GC(18) Pause Young (Normal) (G1 Evacuation Pause) 2690M->1978M(16588M) 479.359ms
[60.383s][info][gc] GC(19) Pause Young (Normal) (G1 Evacuation Pause) 2730M->2034M(17636M) 494.283ms
[63.653s][info][gc] GC(20) Pause Young (Normal) (G1 Evacuation Pause) 2830M->2088M(17636M) 548.010ms
[66.726s][info][gc] GC(21) Pause Young (Normal) (G1 Evacuation Pause) 2880M->2154M(17636M) 592.701ms
[69.834s][info][gc] GC(22) Pause Young (Normal) (G1 Evacuation Pause) 2938M->2226M(17636M) 604.265ms
[72.745s][info][gc] GC(23) Pause Young (Normal) (G1 Evacuation Pause) 3002M->2296M(17996M) 611.445ms
[75.854s][info][gc] GC(24) Pause Young (Normal) (G1 Evacuation Pause) 3088M->2368M(17996M) 614.721ms
End benchmark
benchmarkAvgTime : 70550
nbThread : 2
[1.776s][info][gc] GC(0) Pause Young (Normal) (G1 Evacuation Pause) 288M->149M(5128M) 308.838ms
[2.766s][info][gc] GC(1) Pause Young (Normal) (G1 Evacuation Pause) 373M->178M(5128M) 202.930ms
[3.810s][info][gc] GC(2) Pause Young (Normal) (G1 Evacuation Pause) 406M->180M(5128M) 61.082ms
[5.054s][info][gc] GC(3) Pause Young (Normal) (G1 Evacuation Pause) 432M->180M(5128M) 12.017ms
[6.303s][info][gc] GC(4) Pause Young (Normal) (G1 Evacuation Pause) 432M->180M(5128M) 11.717ms
[7.516s][info][gc] GC(5) Pause Young (Normal) (G1 Evacuation Pause) 432M->217M(5128M) 77.068ms
[8.465s][info][gc] GC(6) Pause Young (Normal) (G1 Evacuation Pause) 457M->384M(8668M) 372.886ms
[11.248s][info][gc] GC(7) Pause Young (Normal) (G1 Evacuation Pause) 804M->674M(8668M) 752.321ms
[13.458s][info][gc] GC(8) Pause Young (Normal) (G1 Evacuation Pause) 1050M->772M(8668M) 452.853ms
[15.752s][info][gc] GC(9) Pause Young (Normal) (G1 Evacuation Pause) 1148M->866M(8668M) 516.585ms
[18.357s][info][gc] GC(10) Pause Young (Normal) (G1 Evacuation Pause) 1242M->960M(13396M) 595.590ms
[23.233s][info][gc] GC(11) Pause Young (Normal) (G1 Evacuation Pause) 1572M->1110M(13396M) 868.273ms
[28.046s][info][gc] GC(12) Pause Young (Normal) (G1 Evacuation Pause) 1694M->1252M(13396M) 1002.986ms
[33.286s][info][gc] GC(13) Pause Young (Normal) (G1 Evacuation Pause) 1836M->1392M(13396M) 1060.589ms
[38.867s][info][gc] GC(14) Pause Young (Normal) (G1 Evacuation Pause) 1976M->1530M(16232M) 1127.295ms
[46.359s][info][gc] GC(15) Pause Young (Normal) (G1 Evacuation Pause) 2254M->1702M(16232M) 1349.279ms
Start benchmark
[51.859s][info][gc] GC(16) Pause Young (Normal) (G1 Evacuation Pause) 2466M->1908M(16232M) 1317.169ms
[54.817s][info][gc] GC(17) Pause Young (Normal) (G1 Evacuation Pause) 2612M->1946M(16232M) 610.138ms
[57.689s][info][gc] GC(18) Pause Young (Normal) (G1 Evacuation Pause) 2694M->2004M(17592M) 442.594ms
[61.046s][info][gc] GC(19) Pause Young (Normal) (G1 Evacuation Pause) 2804M->2058M(17592M) 515.314ms
[64.147s][info][gc] GC(20) Pause Young (Normal) (G1 Evacuation Pause) 2850M->2120M(17592M) 556.226ms
[67.275s][info][gc] GC(21) Pause Young (Normal) (G1 Evacuation Pause) 2908M->2192M(17592M) 575.006ms
[70.261s][info][gc] GC(22) Pause Young (Normal) (G1 Evacuation Pause) 2968M->2260M(17892M) 589.175ms
[73.501s][info][gc] GC(23) Pause Young (Normal) (G1 Evacuation Pause) 3052M->2332M(17892M) 609.482ms
[76.787s][info][gc] GC(24) Pause Young (Normal) (G1 Evacuation Pause) 3116M->2410M(17892M) 646.230ms
End benchmark
benchmarkAvgTime : 71488
nbThread : 2
[1.788s][info][gc] GC(0) Pause Young (Normal) (G1 Evacuation Pause) 288M->149M(5128M) 310.765ms
[2.776s][info][gc] GC(1) Pause Young (Normal) (G1 Evacuation Pause) 373M->178M(5128M) 204.436ms
[3.818s][info][gc] GC(2) Pause Young (Normal) (G1 Evacuation Pause) 406M->182M(5128M) 60.339ms
[5.043s][info][gc] GC(3) Pause Young (Normal) (G1 Evacuation Pause) 430M->180M(5128M) 13.295ms
[6.268s][info][gc] GC(4) Pause Young (Normal) (G1 Evacuation Pause) 432M->180M(5128M) 11.990ms
[7.465s][info][gc] GC(5) Pause Young (Normal) (G1 Evacuation Pause) 432M->180M(5128M) 12.286ms
[8.751s][info][gc] GC(6) Pause Young (Normal) (G1 Evacuation Pause) 432M->257M(5128M) 205.356ms
[10.187s][info][gc] GC(7) Pause Young (Normal) (G1 Evacuation Pause) 501M->434M(9248M) 449.739ms
[13.167s][info][gc] GC(8) Pause Young (Normal) (G1 Evacuation Pause) 878M->700M(9248M) 750.488ms
[15.291s][info][gc] GC(9) Pause Young (Normal) (G1 Evacuation Pause) 1100M->794M(9248M) 469.761ms
[17.602s][info][gc] GC(10) Pause Young (Normal) (G1 Evacuation Pause) 1194M->886M(9248M) 526.563ms
[20.260s][info][gc] GC(11) Pause Young (Normal) (G1 Evacuation Pause) 1286M->978M(13744M) 614.824ms
[24.946s][info][gc] GC(12) Pause Young (Normal) (G1 Evacuation Pause) 1602M->1116M(13744M) 844.181ms
[29.550s][info][gc] GC(13) Pause Young (Normal) (G1 Evacuation Pause) 1712M->1246M(13744M) 956.964ms
[34.510s][info][gc] GC(14) Pause Young (Normal) (G1 Evacuation Pause) 1842M->1376M(13744M) 1028.285ms
[39.715s][info][gc] GC(15) Pause Young (Normal) (G1 Evacuation Pause) 1972M->1504M(16440M) 1084.083ms
[46.679s][info][gc] GC(16) Pause Young (Normal) (G1 Evacuation Pause) 2236M->1660M(16440M) 1283.893ms
Start benchmark
[52.999s][info][gc] GC(17) Pause Young (Normal) (G1 Evacuation Pause) 2436M->1892M(16440M) 1456.791ms
[56.365s][info][gc] GC(18) Pause Young (Normal) (G1 Evacuation Pause) 2608M->1948M(16440M) 852.756ms
[59.258s][info][gc] GC(19) Pause Young (Normal) (G1 Evacuation Pause) 2700M->1994M(17832M) 436.911ms
[62.860s][info][gc] GC(20) Pause Young (Normal) (G1 Evacuation Pause) 2810M->2048M(17832M) 526.017ms
[65.852s][info][gc] GC(21) Pause Young (Normal) (G1 Evacuation Pause) 2852M->2116M(17832M) 582.691ms
[68.860s][info][gc] GC(22) Pause Young (Normal) (G1 Evacuation Pause) 2908M->2180M(17832M) 564.368ms
[71.720s][info][gc] GC(23) Pause Young (Normal) (G1 Evacuation Pause) 2968M->2250M(18116M) 587.770ms
[74.702s][info][gc] GC(24) Pause Young (Normal) (G1 Evacuation Pause) 3050M->2322M(18116M) 598.248ms
[77.618s][info][gc] GC(25) Pause Young (Normal) (G1 Evacuation Pause) 3118M->2398M(18116M) 616.676ms
End benchmark
[82.249s][info][gc] GC(26) Pause Young (Normal) (G1 Evacuation Pause) 3190M->2474M(18116M) 698.438ms
benchmarkAvgTime : 72411
nbThread : 4
[1.232s][info][gc] GC(0) Pause Young (Normal) (G1 Evacuation Pause) 280M->145M(5128M) 173.638ms
[1.994s][info][gc] GC(1) Pause Young (Normal) (G1 Evacuation Pause) 369M->180M(5128M) 121.416ms
[2.684s][info][gc] GC(2) Pause Young (Normal) (G1 Evacuation Pause) 404M->185M(5128M) 36.207ms
[3.430s][info][gc] GC(3) Pause Young (Normal) (G1 Evacuation Pause) 433M->184M(5128M) 7.229ms
[4.162s][info][gc] GC(4) Pause Young (Normal) (G1 Evacuation Pause) 436M->184M(5128M) 7.231ms
[4.925s][info][gc] GC(5) Pause Young (Normal) (G1 Evacuation Pause) 436M->237M(5128M) 55.355ms
[5.418s][info][gc] GC(6) Pause Young (Normal) (G1 Evacuation Pause) 473M->404M(8200M) 208.494ms
[6.798s][info][gc] GC(7) Pause Young (Normal) (G1 Evacuation Pause) 796M->676M(8200M) 378.190ms
[7.886s][info][gc] GC(8) Pause Young (Normal) (G1 Evacuation Pause) 1032M->768M(8200M) 222.569ms
[8.965s][info][gc] GC(9) Pause Young (Normal) (G1 Evacuation Pause) 1124M->860M(8200M) 247.456ms
[10.232s][info][gc] GC(10) Pause Young (Normal) (G1 Evacuation Pause) 1216M->950M(13112M) 297.236ms
[12.632s][info][gc] GC(11) Pause Young (Normal) (G1 Evacuation Pause) 1550M->1096M(13112M) 428.676ms
[14.941s][info][gc] GC(12) Pause Young (Normal) (G1 Evacuation Pause) 1664M->1234M(13112M) 492.757ms
[17.438s][info][gc] GC(13) Pause Young (Normal) (G1 Evacuation Pause) 1802M->1372M(13112M) 533.711ms
[20.176s][info][gc] GC(14) Pause Young (Normal) (G1 Evacuation Pause) 1940M->1510M(16060M) 565.134ms
[23.808s][info][gc] GC(15) Pause Young (Normal) (G1 Evacuation Pause) 2226M->1682M(16060M) 674.031ms
Start benchmark
[27.310s][info][gc] GC(16) Pause Young (Normal) (G1 Evacuation Pause) 2442M->1904M(16060M) 740.572ms
[29.352s][info][gc] GC(17) Pause Young (Normal) (G1 Evacuation Pause) 2604M->1972M(16060M) 431.545ms
[31.616s][info][gc] GC(18) Pause Young (Normal) (G1 Evacuation Pause) 2692M->2054M(17620M) 358.424ms
[34.288s][info][gc] GC(19) Pause Young (Normal) (G1 Evacuation Pause) 2834M->2154M(17620M) 448.763ms
[36.681s][info][gc] GC(20) Pause Young (Normal) (G1 Evacuation Pause) 2922M->2252M(17620M) 459.884ms
[38.796s][info][gc] GC(21) Pause Young (Normal) (G1 Evacuation Pause) 3020M->2352M(17620M) 428.172ms
[40.938s][info][gc] GC(22) Pause Young (Normal) (G1 Evacuation Pause) 3120M->2458M(18192M) 438.746ms
[43.572s][info][gc] GC(23) Pause Young (Normal) (G1 Evacuation Pause) 3254M->2582M(18192M) 479.166ms
[45.890s][info][gc] GC(24) Pause Young (Normal) (G1 Evacuation Pause) 3374M->2718M(18192M) 495.952ms
[48.321s][info][gc] GC(25) Pause Young (Normal) (G1 Evacuation Pause) 3510M->2856M(18192M) 496.597ms
[50.720s][info][gc] GC(26) Pause Young (Normal) (G1 Evacuation Pause) 3648M->2988M(18652M) 491.098ms
[53.059s][info][gc] GC(27) Pause Young (Normal) (G1 Evacuation Pause) 3804M->3130M(18652M) 500.367ms
[55.690s][info][gc] GC(28) Pause Young (Normal) (G1 Evacuation Pause) 4002M->3324M(18652M) 535.897ms
End benchmark
benchmarkAvgTime : 51538
nbThread : 4
[1.284s][info][gc] GC(0) Pause Young (Normal) (G1 Evacuation Pause) 280M->145M(5128M) 174.789ms
[1.909s][info][gc] GC(1) Pause Young (Normal) (G1 Evacuation Pause) 369M->180M(5128M) 119.964ms
[2.557s][info][gc] GC(2) Pause Young (Normal) (G1 Evacuation Pause) 404M->184M(5128M) 37.492ms
[3.255s][info][gc] GC(3) Pause Young (Normal) (G1 Evacuation Pause) 432M->182M(5128M) 7.350ms
[3.961s][info][gc] GC(4) Pause Young (Normal) (G1 Evacuation Pause) 434M->182M(5128M) 7.442ms
[4.668s][info][gc] GC(5) Pause Young (Normal) (G1 Evacuation Pause) 434M->181M(5128M) 7.434ms
[5.281s][info][gc] GC(6) Pause Young (Normal) (G1 Evacuation Pause) 445M->356M(5128M) 172.380ms
[5.964s][info][gc] GC(7) Pause Young (Normal) (G1 Evacuation Pause) 584M->522M(9056M) 249.998ms
[7.555s][info][gc] GC(8) Pause Young (Normal) (G1 Evacuation Pause) 954M->728M(9056M) 360.287ms
[8.706s][info][gc] GC(9) Pause Young (Normal) (G1 Evacuation Pause) 1120M->830M(9056M) 263.994ms
[9.993s][info][gc] GC(10) Pause Young (Normal) (G1 Evacuation Pause) 1222M->928M(9056M) 286.755ms
[11.454s][info][gc] GC(11) Pause Young (Normal) (G1 Evacuation Pause) 1320M->1026M(13628M) 337.959ms
[14.045s][info][gc] GC(12) Pause Young (Normal) (G1 Evacuation Pause) 1646M->1178M(13628M) 474.671ms
[16.582s][info][gc] GC(13) Pause Young (Normal) (G1 Evacuation Pause) 1770M->1320M(13628M) 529.964ms
[19.270s][info][gc] GC(14) Pause Young (Normal) (G1 Evacuation Pause) 1912M->1464M(13628M) 555.391ms
[22.139s][info][gc] GC(15) Pause Young (Normal) (G1 Evacuation Pause) 2056M->1606M(16372M) 592.441ms
Start benchmark
[26.371s][info][gc] GC(16) Pause Young (Normal) (G1 Evacuation Pause) 2394M->1868M(16372M) 784.844ms
[29.243s][info][gc] GC(17) Pause Young (Normal) (G1 Evacuation Pause) 2580M->1972M(16372M) 616.612ms
[31.323s][info][gc] GC(18) Pause Young (Normal) (G1 Evacuation Pause) 2688M->2048M(16372M) 367.505ms
[33.623s][info][gc] GC(19) Pause Young (Normal) (G1 Evacuation Pause) 2776M->2136M(17680M) 400.569ms
[36.118s][info][gc] GC(20) Pause Young (Normal) (G1 Evacuation Pause) 2916M->2238M(17680M) 454.023ms
[38.342s][info][gc] GC(21) Pause Young (Normal) (G1 Evacuation Pause) 3010M->2340M(17680M) 457.438ms
[40.539s][info][gc] GC(22) Pause Young (Normal) (G1 Evacuation Pause) 3112M->2452M(17680M) 453.261ms
[43.090s][info][gc] GC(23) Pause Young (Normal) (G1 Evacuation Pause) 3224M->2576M(18240M) 485.498ms
[45.663s][info][gc] GC(24) Pause Young (Normal) (G1 Evacuation Pause) 3376M->2724M(18240M) 515.805ms
[48.022s][info][gc] GC(25) Pause Young (Normal) (G1 Evacuation Pause) 3520M->2866M(18240M) 510.142ms
[50.330s][info][gc] GC(26) Pause Young (Normal) (G1 Evacuation Pause) 3662M->3004M(18240M) 496.038ms
[52.641s][info][gc] GC(27) Pause Young (Normal) (G1 Evacuation Pause) 3800M->3138M(18700M) 490.388ms
[55.435s][info][gc] GC(28) Pause Young (Normal) (G1 Evacuation Pause) 4014M->3326M(18700M) 533.275ms
End benchmark
benchmarkAvgTime : 51242
nbThread : 4
[1.363s][info][gc] GC(0) Pause Young (Normal) (G1 Evacuation Pause) 280M->145M(5128M) 214.366ms
[2.089s][info][gc] GC(1) Pause Young (Normal) (G1 Evacuation Pause) 369M->184M(5128M) 147.599ms
[2.797s][info][gc] GC(2) Pause Young (Normal) (G1 Evacuation Pause) 408M->187M(5128M) 35.476ms
[3.533s][info][gc] GC(3) Pause Young (Normal) (G1 Evacuation Pause) 435M->187M(5128M) 7.954ms
[4.262s][info][gc] GC(4) Pause Young (Normal) (G1 Evacuation Pause) 435M->186M(5128M) 7.261ms
[5.005s][info][gc] GC(5) Pause Young (Normal) (G1 Evacuation Pause) 438M->186M(5128M) 7.224ms
[5.850s][info][gc] GC(6) Pause Young (Normal) (G1 Evacuation Pause) 438M->211M(5128M) 37.497ms
[6.268s][info][gc] GC(7) Pause Young (Normal) (G1 Evacuation Pause) 447M->373M(8300M) 195.573ms
[7.452s][info][gc] GC(8) Pause Young (Normal) (G1 Evacuation Pause) 769M->658M(8300M) 376.055ms
[8.703s][info][gc] GC(9) Pause Young (Normal) (G1 Evacuation Pause) 1018M->754M(8300M) 224.274ms
[9.751s][info][gc] GC(10) Pause Young (Normal) (G1 Evacuation Pause) 1114M->844M(8300M) 238.143ms
[10.981s][info][gc] GC(11) Pause Young (Normal) (G1 Evacuation Pause) 1204M->936M(13172M) 285.949ms
[13.337s][info][gc] GC(12) Pause Young (Normal) (G1 Evacuation Pause) 1540M->1082M(13172M) 415.935ms
[15.658s][info][gc] GC(13) Pause Young (Normal) (G1 Evacuation Pause) 1654M->1222M(13172M) 489.144ms
[18.100s][info][gc] GC(14) Pause Young (Normal) (G1 Evacuation Pause) 1794M->1360M(13172M) 517.344ms
[20.703s][info][gc] GC(15) Pause Young (Normal) (G1 Evacuation Pause) 1932M->1498M(16096M) 554.925ms
[24.354s][info][gc] GC(16) Pause Young (Normal) (G1 Evacuation Pause) 2218M->1670M(16096M) 664.312ms
Start benchmark
[27.959s][info][gc] GC(17) Pause Young (Normal) (G1 Evacuation Pause) 2430M->1898M(16096M) 751.941ms
[30.410s][info][gc] GC(18) Pause Young (Normal) (G1 Evacuation Pause) 2598M->1982M(16096M) 483.799ms
[32.480s][info][gc] GC(19) Pause Young (Normal) (G1 Evacuation Pause) 2690M->2060M(17688M) 363.107ms
[34.916s][info][gc] GC(20) Pause Young (Normal) (G1 Evacuation Pause) 2852M->2152M(17688M) 415.623ms
[37.402s][info][gc] GC(21) Pause Young (Normal) (G1 Evacuation Pause) 2928M->2254M(17688M) 458.237ms
[39.792s][info][gc] GC(22) Pause Young (Normal) (G1 Evacuation Pause) 3026M->2368M(17688M) 464.050ms
[42.270s][info][gc] GC(23) Pause Young (Normal) (G1 Evacuation Pause) 3140M->2494M(18248M) 481.031ms
[44.924s][info][gc] GC(24) Pause Young (Normal) (G1 Evacuation Pause) 3294M->2636M(18248M) 506.838ms
[47.224s][info][gc] GC(25) Pause Young (Normal) (G1 Evacuation Pause) 3432M->2786M(18248M) 512.954ms
[49.660s][info][gc] GC(26) Pause Young (Normal) (G1 Evacuation Pause) 3582M->2914M(18248M) 479.218ms
[52.121s][info][gc] GC(27) Pause Young (Normal) (G1 Evacuation Pause) 3710M->3046M(18696M) 519.493ms
[54.578s][info][gc] GC(28) Pause Young (Normal) (G1 Evacuation Pause) 3862M->3186M(18696M) 499.428ms
End benchmark
benchmarkAvgTime : 50687
nbThread : 4
[1.266s][info][gc] GC(0) Pause Young (Normal) (G1 Evacuation Pause) 280M->146M(5128M) 175.344ms
[1.993s][info][gc] GC(1) Pause Young (Normal) (G1 Evacuation Pause) 370M->180M(5128M) 117.711ms
[2.683s][info][gc] GC(2) Pause Young (Normal) (G1 Evacuation Pause) 404M->185M(5128M) 37.954ms
[3.425s][info][gc] GC(3) Pause Young (Normal) (G1 Evacuation Pause) 433M->183M(5128M) 7.204ms
[4.174s][info][gc] GC(4) Pause Young (Normal) (G1 Evacuation Pause) 435M->183M(5128M) 6.966ms
[4.929s][info][gc] GC(5) Pause Young (Normal) (G1 Evacuation Pause) 435M->183M(5128M) 7.109ms
[5.659s][info][gc] GC(6) Pause Young (Normal) (G1 Evacuation Pause) 435M->183M(5128M) 7.276ms
[6.408s][info][gc] GC(7) Pause Young (Normal) (G1 Evacuation Pause) 447M->331M(5128M) 147.171ms
[6.992s][info][gc] GC(8) Pause Young (Normal) (G1 Evacuation Pause) 555M->492M(8740M) 237.323ms
[8.492s][info][gc] GC(9) Pause Young (Normal) (G1 Evacuation Pause) 912M->712M(8740M) 361.881ms
[9.483s][info][gc] GC(10) Pause Young (Normal) (G1 Evacuation Pause) 1092M->800M(8740M) 232.894ms
[10.574s][info][gc] GC(11) Pause Young (Normal) (G1 Evacuation Pause) 1180M->884M(8740M) 252.448ms
[11.828s][info][gc] GC(12) Pause Young (Normal) (G1 Evacuation Pause) 1264M->970M(13436M) 292.989ms
[14.104s][info][gc] GC(13) Pause Young (Normal) (G1 Evacuation Pause) 1582M->1104M(13436M) 418.838ms
[16.293s][info][gc] GC(14) Pause Young (Normal) (G1 Evacuation Pause) 1688M->1232M(13436M) 469.525ms
[18.618s][info][gc] GC(15) Pause Young (Normal) (G1 Evacuation Pause) 1816M->1362M(13436M) 487.580ms
[21.084s][info][gc] GC(16) Pause Young (Normal) (G1 Evacuation Pause) 1946M->1490M(16256M) 532.425ms
[24.385s][info][gc] GC(17) Pause Young (Normal) (G1 Evacuation Pause) 2218M->1650M(16256M) 634.442ms
Start benchmark
[28.215s][info][gc] GC(18) Pause Young (Normal) (G1 Evacuation Pause) 2418M->1886M(16256M) 746.253ms
[30.611s][info][gc] GC(19) Pause Young (Normal) (G1 Evacuation Pause) 2594M->1966M(16256M) 517.673ms
[32.761s][info][gc] GC(20) Pause Young (Normal) (G1 Evacuation Pause) 2690M->2046M(17808M) 361.270ms
[35.298s][info][gc] GC(21) Pause Young (Normal) (G1 Evacuation Pause) 2838M->2142M(17808M) 430.817ms
[37.599s][info][gc] GC(22) Pause Young (Normal) (G1 Evacuation Pause) 2918M->2236M(17808M) 449.437ms
[39.946s][info][gc] GC(23) Pause Young (Normal) (G1 Evacuation Pause) 3012M->2346M(17808M) 455.423ms
[42.203s][info][gc] GC(24) Pause Young (Normal) (G1 Evacuation Pause) 3122M->2464M(18344M) 468.009ms
[44.545s][info][gc] GC(25) Pause Young (Normal) (G1 Evacuation Pause) 3268M->2596M(18344M) 481.733ms
[46.793s][info][gc] GC(26) Pause Young (Normal) (G1 Evacuation Pause) 3396M->2726M(18344M) 477.464ms
[48.985s][info][gc] GC(27) Pause Young (Normal) (G1 Evacuation Pause) 3526M->2858M(18344M) 476.528ms
[51.137s][info][gc] GC(28) Pause Young (Normal) (G1 Evacuation Pause) 3658M->2988M(18772M) 470.994ms
[53.404s][info][gc] GC(29) Pause Young (Normal) (G1 Evacuation Pause) 3808M->3120M(18772M) 469.856ms
[55.559s][info][gc] GC(30) Pause Young (Normal) (G1 Evacuation Pause) 3936M->3246M(18772M) 462.453ms
End benchmark
benchmarkAvgTime : 51099
nbThread : 4
[1.302s][info][gc] GC(0) Pause Young (Normal) (G1 Evacuation Pause) 280M->145M(5128M) 174.396ms
[2.005s][info][gc] GC(1) Pause Young (Normal) (G1 Evacuation Pause) 369M->182M(5128M) 123.434ms
[2.659s][info][gc] GC(2) Pause Young (Normal) (G1 Evacuation Pause) 406M->185M(5128M) 38.343ms
[3.395s][info][gc] GC(3) Pause Young (Normal) (G1 Evacuation Pause) 433M->184M(5128M) 7.213ms
[4.153s][info][gc] GC(4) Pause Young (Normal) (G1 Evacuation Pause) 436M->183M(5128M) 7.090ms
[4.895s][info][gc] GC(5) Pause Young (Normal) (G1 Evacuation Pause) 435M->183M(5128M) 7.414ms
[5.806s][info][gc] GC(6) Pause Young (Normal) (G1 Evacuation Pause) 435M->226M(5128M) 46.719ms
[6.293s][info][gc] GC(7) Pause Young (Normal) (G1 Evacuation Pause) 462M->390M(8200M) 200.555ms
[7.532s][info][gc] GC(8) Pause Young (Normal) (G1 Evacuation Pause) 782M->670M(8200M) 382.334ms
[8.665s][info][gc] GC(9) Pause Young (Normal) (G1 Evacuation Pause) 1026M->760M(8200M) 206.264ms
[9.698s][info][gc] GC(10) Pause Young (Normal) (G1 Evacuation Pause) 1116M->850M(8200M) 237.750ms
[10.933s][info][gc] GC(11) Pause Young (Normal) (G1 Evacuation Pause) 1206M->940M(13092M) 283.628ms
[13.249s][info][gc] GC(12) Pause Young (Normal) (G1 Evacuation Pause) 1540M->1088M(13092M) 407.271ms
[15.518s][info][gc] GC(13) Pause Young (Normal) (G1 Evacuation Pause) 1656M->1226M(13092M) 485.497ms
[18.096s][info][gc] GC(14) Pause Young (Normal) (G1 Evacuation Pause) 1794M->1364M(13092M) 509.266ms
[20.647s][info][gc] GC(15) Pause Young (Normal) (G1 Evacuation Pause) 1932M->1500M(16048M) 542.448ms
[24.152s][info][gc] GC(16) Pause Young (Normal) (G1 Evacuation Pause) 2216M->1670M(16048M) 663.950ms
Start benchmark
[28.191s][info][gc] GC(17) Pause Young (Normal) (G1 Evacuation Pause) 2430M->1902M(16048M) 745.733ms
[30.539s][info][gc] GC(18) Pause Young (Normal) (G1 Evacuation Pause) 2602M->1984M(16048M) 476.747ms
[32.767s][info][gc] GC(19) Pause Young (Normal) (G1 Evacuation Pause) 2692M->2072M(17636M) 395.349ms
[35.002s][info][gc] GC(20) Pause Young (Normal) (G1 Evacuation Pause) 2852M->2162M(17636M) 412.779ms
[37.110s][info][gc] GC(21) Pause Young (Normal) (G1 Evacuation Pause) 2938M->2252M(17636M) 419.147ms
[39.527s][info][gc] GC(22) Pause Young (Normal) (G1 Evacuation Pause) 3020M->2352M(17636M) 445.060ms
[42.054s][info][gc] GC(23) Pause Young (Normal) (G1 Evacuation Pause) 3120M->2480M(18208M) 493.934ms
[44.542s][info][gc] GC(24) Pause Young (Normal) (G1 Evacuation Pause) 3276M->2620M(18208M) 506.513ms
[47.066s][info][gc] GC(25) Pause Young (Normal) (G1 Evacuation Pause) 3412M->2752M(18208M) 497.801ms
[49.409s][info][gc] GC(26) Pause Young (Normal) (G1 Evacuation Pause) 3544M->2898M(18208M) 512.841ms
[51.595s][info][gc] GC(27) Pause Young (Normal) (G1 Evacuation Pause) 3690M->3040M(18664M) 503.333ms
[54.092s][info][gc] GC(28) Pause Young (Normal) (G1 Evacuation Pause) 3856M->3170M(18664M) 483.192ms
End benchmark
[58.638s][info][gc] GC(29) Pause Young (Normal) (G1 Evacuation Pause) 4042M->3346M(18664M) 545.379ms
benchmarkAvgTime : 51184
nbThread : 4
[1.417s][info][gc] GC(0) Pause Young (Normal) (G1 Evacuation Pause) 280M->145M(5128M) 187.537ms
[2.073s][info][gc] GC(1) Pause Young (Normal) (G1 Evacuation Pause) 369M->182M(5128M) 121.040ms
[2.680s][info][gc] GC(2) Pause Young (Normal) (G1 Evacuation Pause) 406M->184M(5128M) 35.001ms
[3.375s][info][gc] GC(3) Pause Young (Normal) (G1 Evacuation Pause) 432M->183M(5128M) 7.130ms
[4.078s][info][gc] GC(4) Pause Young (Normal) (G1 Evacuation Pause) 435M->183M(5128M) 7.176ms
[4.784s][info][gc] GC(5) Pause Young (Normal) (G1 Evacuation Pause) 435M->183M(5128M) 7.188ms
[5.607s][info][gc] GC(6) Pause Young (Normal) (G1 Evacuation Pause) 435M->245M(5128M) 71.293ms
[6.079s][info][gc] GC(7) Pause Young (Normal) (G1 Evacuation Pause) 481M->415M(8200M) 214.955ms
[7.410s][info][gc] GC(8) Pause Young (Normal) (G1 Evacuation Pause) 807M->676M(8200M) 374.744ms
[8.375s][info][gc] GC(9) Pause Young (Normal) (G1 Evacuation Pause) 1032M->762M(8200M) 203.442ms
[9.350s][info][gc] GC(10) Pause Young (Normal) (G1 Evacuation Pause) 1118M->844M(8200M) 224.937ms
[10.477s][info][gc] GC(11) Pause Young (Normal) (G1 Evacuation Pause) 1200M->926M(13112M) 274.017ms
[12.612s][info][gc] GC(12) Pause Young (Normal) (G1 Evacuation Pause) 1526M->1058M(13112M) 389.514ms
[14.699s][info][gc] GC(13) Pause Young (Normal) (G1 Evacuation Pause) 1626M->1182M(13112M) 451.260ms
[16.914s][info][gc] GC(14) Pause Young (Normal) (G1 Evacuation Pause) 1750M->1306M(13112M) 484.568ms
[19.312s][info][gc] GC(15) Pause Young (Normal) (G1 Evacuation Pause) 1874M->1428M(16060M) 524.827ms
[22.610s][info][gc] GC(16) Pause Young (Normal) (G1 Evacuation Pause) 2144M->1584M(16060M) 624.907ms
[25.939s][info][gc] GC(17) Pause Young (Normal) (G1 Evacuation Pause) 2284M->1736M(16060M) 662.986ms
Start benchmark
[29.121s][info][gc] GC(18) Pause Young (Normal) (G1 Evacuation Pause) 2496M->1930M(16060M) 646.910ms
[31.211s][info][gc] GC(19) Pause Young (Normal) (G1 Evacuation Pause) 2630M->2014M(17796M) 400.798ms
[33.784s][info][gc] GC(20) Pause Young (Normal) (G1 Evacuation Pause) 2806M->2104M(17796M) 422.160ms
[36.070s][info][gc] GC(21) Pause Young (Normal) (G1 Evacuation Pause) 2880M->2196M(17796M) 441.850ms
[38.415s][info][gc] GC(22) Pause Young (Normal) (G1 Evacuation Pause) 2972M->2296M(17796M) 442.830ms
[40.652s][info][gc] GC(23) Pause Young (Normal) (G1 Evacuation Pause) 3072M->2408M(18336M) 458.053ms
[42.943s][info][gc] GC(24) Pause Young (Normal) (G1 Evacuation Pause) 3212M->2532M(18336M) 471.903ms
[45.262s][info][gc] GC(25) Pause Young (Normal) (G1 Evacuation Pause) 3332M->2656M(18336M) 473.149ms
[47.459s][info][gc] GC(26) Pause Young (Normal) (G1 Evacuation Pause) 3456M->2796M(18336M) 490.730ms
[49.625s][info][gc] GC(27) Pause Young (Normal) (G1 Evacuation Pause) 3596M->2932M(18768M) 474.927ms
[51.995s][info][gc] GC(28) Pause Young (Normal) (G1 Evacuation Pause) 3752M->3054M(18768M) 462.450ms
[54.032s][info][gc] GC(29) Pause Young (Normal) (G1 Evacuation Pause) 3870M->3194M(18768M) 481.474ms
[56.563s][info][gc] GC(30) Pause Young (Normal) (G1 Evacuation Pause) 4070M->3368M(18768M) 492.631ms
End benchmark
benchmarkAvgTime : 51855
nbThread : 4
[1.337s][info][gc] GC(0) Pause Young (Normal) (G1 Evacuation Pause) 280M->145M(5128M) 174.179ms
[1.963s][info][gc] GC(1) Pause Young (Normal) (G1 Evacuation Pause) 369M->182M(5128M) 121.737ms
[2.578s][info][gc] GC(2) Pause Young (Normal) (G1 Evacuation Pause) 406M->185M(5128M) 36.506ms
[3.278s][info][gc] GC(3) Pause Young (Normal) (G1 Evacuation Pause) 433M->184M(5128M) 8.551ms
[3.988s][info][gc] GC(4) Pause Young (Normal) (G1 Evacuation Pause) 436M->184M(5128M) 7.232ms
[4.695s][info][gc] GC(5) Pause Young (Normal) (G1 Evacuation Pause) 436M->184M(5128M) 7.439ms
[5.417s][info][gc] GC(6) Pause Young (Normal) (G1 Evacuation Pause) 448M->355M(5128M) 181.662ms
[6.052s][info][gc] GC(7) Pause Young (Normal) (G1 Evacuation Pause) 579M->516M(9016M) 249.709ms
[7.612s][info][gc] GC(8) Pause Young (Normal) (G1 Evacuation Pause) 948M->728M(9016M) 355.480ms
[8.720s][info][gc] GC(9) Pause Young (Normal) (G1 Evacuation Pause) 1120M->828M(9016M) 256.548ms
[9.987s][info][gc] GC(10) Pause Young (Normal) (G1 Evacuation Pause) 1220M->928M(9016M) 284.897ms
[11.424s][info][gc] GC(11) Pause Young (Normal) (G1 Evacuation Pause) 1320M->1026M(13604M) 326.091ms
[14.016s][info][gc] GC(12) Pause Young (Normal) (G1 Evacuation Pause) 1650M->1180M(13604M) 467.223ms
[16.544s][info][gc] GC(13) Pause Young (Normal) (G1 Evacuation Pause) 1772M->1322M(13604M) 516.676ms
[19.251s][info][gc] GC(14) Pause Young (Normal) (G1 Evacuation Pause) 1914M->1464M(13604M) 550.681ms
[22.129s][info][gc] GC(15) Pause Young (Normal) (G1 Evacuation Pause) 2056M->1606M(16356M) 598.321ms
Start benchmark
[26.677s][info][gc] GC(16) Pause Young (Normal) (G1 Evacuation Pause) 2394M->1870M(16356M) 780.897ms
[29.369s][info][gc] GC(17) Pause Young (Normal) (G1 Evacuation Pause) 2582M->1954M(16356M) 557.983ms
[31.723s][info][gc] GC(18) Pause Young (Normal) (G1 Evacuation Pause) 2686M->2040M(16356M) 369.607ms
[34.033s][info][gc] GC(19) Pause Young (Normal) (G1 Evacuation Pause) 2756M->2130M(17632M) 417.619ms
[36.947s][info][gc] GC(20) Pause Young (Normal) (G1 Evacuation Pause) 2906M->2240M(17632M) 492.011ms
[39.499s][info][gc] GC(21) Pause Young (Normal) (G1 Evacuation Pause) 3008M->2358M(17632M) 501.508ms
[42.015s][info][gc] GC(22) Pause Young (Normal) (G1 Evacuation Pause) 3126M->2482M(17632M) 487.839ms
[44.423s][info][gc] GC(23) Pause Young (Normal) (G1 Evacuation Pause) 3250M->2624M(18204M) 513.571ms
[47.034s][info][gc] GC(24) Pause Young (Normal) (G1 Evacuation Pause) 3420M->2764M(18204M) 503.752ms
[49.361s][info][gc] GC(25) Pause Young (Normal) (G1 Evacuation Pause) 3556M->2908M(18204M) 505.936ms
[51.783s][info][gc] GC(26) Pause Young (Normal) (G1 Evacuation Pause) 3700M->3036M(18204M) 481.640ms
[54.006s][info][gc] GC(27) Pause Young (Normal) (G1 Evacuation Pause) 3828M->3178M(18660M) 499.141ms
End benchmark
benchmarkAvgTime : 51209
nbThread : 4
[1.388s][info][gc] GC(0) Pause Young (Normal) (G1 Evacuation Pause) 280M->145M(5128M) 197.109ms
[2.116s][info][gc] GC(1) Pause Young (Normal) (G1 Evacuation Pause) 369M->180M(5128M) 120.573ms
[2.756s][info][gc] GC(2) Pause Young (Normal) (G1 Evacuation Pause) 404M->183M(5128M) 36.016ms
[3.482s][info][gc] GC(3) Pause Young (Normal) (G1 Evacuation Pause) 431M->182M(5128M) 7.373ms
[4.214s][info][gc] GC(4) Pause Young (Normal) (G1 Evacuation Pause) 434M->182M(5128M) 7.096ms
[4.962s][info][gc] GC(5) Pause Young (Normal) (G1 Evacuation Pause) 434M->182M(5128M) 7.508ms
[5.750s][info][gc] GC(6) Pause Young (Normal) (G1 Evacuation Pause) 434M->189M(5128M) 15.426ms
[6.269s][info][gc] GC(7) Pause Young (Normal) (G1 Evacuation Pause) 445M->364M(5128M) 183.691ms
[6.932s][info][gc] GC(8) Pause Young (Normal) (G1 Evacuation Pause) 592M->528M(9004M) 255.278ms
[8.457s][info][gc] GC(9) Pause Young (Normal) (G1 Evacuation Pause) 956M->722M(9004M) 353.086ms
[9.518s][info][gc] GC(10) Pause Young (Normal) (G1 Evacuation Pause) 1114M->814M(9004M) 247.140ms
[10.772s][info][gc] GC(11) Pause Young (Normal) (G1 Evacuation Pause) 1206M->904M(9004M) 267.266ms
[12.122s][info][gc] GC(12) Pause Young (Normal) (G1 Evacuation Pause) 1296M->994M(13596M) 308.449ms
[14.543s][info][gc] GC(13) Pause Young (Normal) (G1 Evacuation Pause) 1614M->1130M(13596M) 435.079ms
[16.876s][info][gc] GC(14) Pause Young (Normal) (G1 Evacuation Pause) 1718M->1260M(13596M) 498.752ms
[19.324s][info][gc] GC(15) Pause Young (Normal) (G1 Evacuation Pause) 1848M->1390M(13596M) 515.874ms
[21.970s][info][gc] GC(16) Pause Young (Normal) (G1 Evacuation Pause) 1978M->1518M(16352M) 562.994ms
[25.448s][info][gc] GC(17) Pause Young (Normal) (G1 Evacuation Pause) 2246M->1676M(16352M) 672.614ms
Start benchmark
[29.150s][info][gc] GC(18) Pause Young (Normal) (G1 Evacuation Pause) 2448M->1898M(16352M) 744.682ms
[31.624s][info][gc] GC(19) Pause Young (Normal) (G1 Evacuation Pause) 2610M->1982M(16352M) 480.147ms
[33.674s][info][gc] GC(20) Pause Young (Normal) (G1 Evacuation Pause) 2706M->2064M(17812M) 366.704ms
[36.110s][info][gc] GC(21) Pause Young (Normal) (G1 Evacuation Pause) 2856M->2146M(17812M) 409.399ms
[38.620s][info][gc] GC(22) Pause Young (Normal) (G1 Evacuation Pause) 2930M->2248M(17812M) 465.641ms
[40.851s][info][gc] GC(23) Pause Young (Normal) (G1 Evacuation Pause) 3024M->2354M(17812M) 449.925ms
[43.060s][info][gc] GC(24) Pause Young (Normal) (G1 Evacuation Pause) 3130M->2464M(18348M) 453.308ms
[45.508s][info][gc] GC(25) Pause Young (Normal) (G1 Evacuation Pause) 3268M->2588M(18348M) 469.635ms
[47.713s][info][gc] GC(26) Pause Young (Normal) (G1 Evacuation Pause) 3388M->2726M(18348M) 497.664ms
[50.028s][info][gc] GC(27) Pause Young (Normal) (G1 Evacuation Pause) 3526M->2852M(18348M) 467.477ms
[52.165s][info][gc] GC(28) Pause Young (Normal) (G1 Evacuation Pause) 3652M->2990M(18776M) 481.963ms
[54.457s][info][gc] GC(29) Pause Young (Normal) (G1 Evacuation Pause) 3810M->3118M(18776M) 466.746ms
[56.557s][info][gc] GC(30) Pause Young (Normal) (G1 Evacuation Pause) 3934M->3248M(18776M) 466.893ms
End benchmark
benchmarkAvgTime : 51893
nbThread : 4
[1.332s][info][gc] GC(0) Pause Young (Normal) (G1 Evacuation Pause) 280M->145M(5128M) 173.369ms
[2.028s][info][gc] GC(1) Pause Young (Normal) (G1 Evacuation Pause) 369M->181M(5128M) 119.453ms
[2.676s][info][gc] GC(2) Pause Young (Normal) (G1 Evacuation Pause) 405M->191M(5128M) 36.227ms
[3.384s][info][gc] GC(3) Pause Young (Normal) (G1 Evacuation Pause) 439M->189M(5128M) 7.513ms
[4.087s][info][gc] GC(4) Pause Young (Normal) (G1 Evacuation Pause) 437M->188M(5128M) 7.198ms
[4.800s][info][gc] GC(5) Pause Young (Normal) (G1 Evacuation Pause) 440M->188M(5128M) 7.199ms
[5.782s][info][gc] GC(6) Pause Young (Normal) (G1 Evacuation Pause) 452M->353M(5128M) 162.195ms
[6.503s][info][gc] GC(7) Pause Young (Normal) (G1 Evacuation Pause) 577M->514M(8728M) 273.656ms
[7.993s][info][gc] GC(8) Pause Young (Normal) (G1 Evacuation Pause) 934M->724M(8728M) 355.927ms
[9.087s][info][gc] GC(9) Pause Young (Normal) (G1 Evacuation Pause) 1104M->822M(8728M) 254.042ms
[10.317s][info][gc] GC(10) Pause Young (Normal) (G1 Evacuation Pause) 1202M->916M(8728M) 276.330ms
[11.677s][info][gc] GC(11) Pause Young (Normal) (G1 Evacuation Pause) 1296M->1008M(13432M) 318.916ms
[14.213s][info][gc] GC(12) Pause Young (Normal) (G1 Evacuation Pause) 1620M->1156M(13432M) 454.813ms
[16.675s][info][gc] GC(13) Pause Young (Normal) (G1 Evacuation Pause) 1740M->1300M(13432M) 508.650ms
[19.307s][info][gc] GC(14) Pause Young (Normal) (G1 Evacuation Pause) 1884M->1440M(13432M) 535.940ms
[22.060s][info][gc] GC(15) Pause Young (Normal) (G1 Evacuation Pause) 2024M->1578M(16252M) 584.602ms
Start benchmark
[26.497s][info][gc] GC(16) Pause Young (Normal) (G1 Evacuation Pause) 2330M->1786M(16252M) 700.194ms
[29.289s][info][gc] GC(17) Pause Young (Normal) (G1 Evacuation Pause) 2530M->1930M(16252M) 595.749ms
[31.564s][info][gc] GC(18) Pause Young (Normal) (G1 Evacuation Pause) 2638M->2012M(16252M) 394.236ms
[33.576s][info][gc] GC(19) Pause Young (Normal) (G1 Evacuation Pause) 2728M->2092M(17560M) 372.233ms
[36.217s][info][gc] GC(20) Pause Young (Normal) (G1 Evacuation Pause) 2872M->2184M(17560M) 435.861ms
[38.551s][info][gc] GC(21) Pause Young (Normal) (G1 Evacuation Pause) 2948M->2286M(17560M) 459.513ms
[41.091s][info][gc] GC(22) Pause Young (Normal) (G1 Evacuation Pause) 3050M->2398M(17560M) 471.383ms
[43.580s][info][gc] GC(23) Pause Young (Normal) (G1 Evacuation Pause) 3162M->2526M(18144M) 490.591ms
[46.119s][info][gc] GC(24) Pause Young (Normal) (G1 Evacuation Pause) 3318M->2672M(18144M) 510.358ms
[48.540s][info][gc] GC(25) Pause Young (Normal) (G1 Evacuation Pause) 3460M->2806M(18144M) 493.905ms
[50.929s][info][gc] GC(26) Pause Young (Normal) (G1 Evacuation Pause) 3594M->2946M(18144M) 495.096ms
[53.131s][info][gc] GC(27) Pause Young (Normal) (G1 Evacuation Pause) 3734M->3088M(18612M) 494.764ms
[55.807s][info][gc] GC(28) Pause Young (Normal) (G1 Evacuation Pause) 3960M->3286M(18612M) 555.415ms
End benchmark
benchmarkAvgTime : 51466
nbThread : 4
[1.281s][info][gc] GC(0) Pause Young (Normal) (G1 Evacuation Pause) 280M->145M(5128M) 172.970ms
[1.985s][info][gc] GC(1) Pause Young (Normal) (G1 Evacuation Pause) 369M->182M(5128M) 121.568ms
[2.683s][info][gc] GC(2) Pause Young (Normal) (G1 Evacuation Pause) 406M->187M(5128M) 38.198ms
[3.420s][info][gc] GC(3) Pause Young (Normal) (G1 Evacuation Pause) 435M->184M(5128M) 8.448ms
[4.167s][info][gc] GC(4) Pause Young (Normal) (G1 Evacuation Pause) 436M->184M(5128M) 7.296ms
[4.914s][info][gc] GC(5) Pause Young (Normal) (G1 Evacuation Pause) 436M->184M(5128M) 7.248ms
[5.692s][info][gc] GC(6) Pause Young (Normal) (G1 Evacuation Pause) 436M->222M(5128M) 54.371ms
[6.123s][info][gc] GC(7) Pause Young (Normal) (G1 Evacuation Pause) 458M->387M(8200M) 199.559ms
[7.393s][info][gc] GC(8) Pause Young (Normal) (G1 Evacuation Pause) 779M->668M(8200M) 387.479ms
[8.466s][info][gc] GC(9) Pause Young (Normal) (G1 Evacuation Pause) 1024M->754M(8200M) 200.746ms
[9.406s][info][gc] GC(10) Pause Young (Normal) (G1 Evacuation Pause) 1110M->836M(8200M) 230.926ms
[10.546s][info][gc] GC(11) Pause Young (Normal) (G1 Evacuation Pause) 1192M->916M(13112M) 269.701ms
[12.711s][info][gc] GC(12) Pause Young (Normal) (G1 Evacuation Pause) 1516M->1048M(13112M) 389.471ms
[14.893s][info][gc] GC(13) Pause Young (Normal) (G1 Evacuation Pause) 1616M->1172M(13112M) 449.083ms
[17.143s][info][gc] GC(14) Pause Young (Normal) (G1 Evacuation Pause) 1740M->1296M(13112M) 483.341ms
[19.536s][info][gc] GC(15) Pause Young (Normal) (G1 Evacuation Pause) 1864M->1422M(16060M) 517.515ms
[22.791s][info][gc] GC(16) Pause Young (Normal) (G1 Evacuation Pause) 2138M->1576M(16060M) 612.783ms
[25.871s][info][gc] GC(17) Pause Young (Normal) (G1 Evacuation Pause) 2276M->1728M(16060M) 667.430ms
Start benchmark
[29.262s][info][gc] GC(18) Pause Young (Normal) (G1 Evacuation Pause) 2488M->1936M(16060M) 677.064ms
[31.475s][info][gc] GC(19) Pause Young (Normal) (G1 Evacuation Pause) 2636M->2020M(17796M) 415.619ms
[33.907s][info][gc] GC(20) Pause Young (Normal) (G1 Evacuation Pause) 2816M->2114M(17796M) 411.823ms
[36.383s][info][gc] GC(21) Pause Young (Normal) (G1 Evacuation Pause) 2894M->2212M(17796M) 449.778ms
[38.834s][info][gc] GC(22) Pause Young (Normal) (G1 Evacuation Pause) 2988M->2320M(17796M) 457.195ms
[41.272s][info][gc] GC(23) Pause Young (Normal) (G1 Evacuation Pause) 3096M->2438M(18336M) 473.484ms
[43.789s][info][gc] GC(24) Pause Young (Normal) (G1 Evacuation Pause) 3242M->2566M(18336M) 488.296ms
[46.088s][info][gc] GC(25) Pause Young (Normal) (G1 Evacuation Pause) 3366M->2702M(18336M) 490.385ms
[48.292s][info][gc] GC(26) Pause Young (Normal) (G1 Evacuation Pause) 3502M->2838M(18336M) 478.988ms
[50.581s][info][gc] GC(27) Pause Young (Normal) (G1 Evacuation Pause) 3638M->2962M(18768M) 464.664ms
[52.921s][info][gc] GC(28) Pause Young (Normal) (G1 Evacuation Pause) 3782M->3094M(18768M) 476.147ms
[55.438s][info][gc] GC(29) Pause Young (Normal) (G1 Evacuation Pause) 3970M->3278M(18768M) 510.863ms
End benchmark
benchmarkAvgTime : 51624
nbThread : 8
[1.150s][info][gc] GC(0) Pause Young (Normal) (G1 Evacuation Pause) 280M->145M(5128M) 104.611ms
[1.714s][info][gc] GC(1) Pause Young (Normal) (G1 Evacuation Pause) 369M->185M(5128M) 73.781ms
[2.350s][info][gc] GC(2) Pause Young (Normal) (G1 Evacuation Pause) 409M->192M(5128M) 20.717ms
[3.036s][info][gc] GC(3) Pause Young (Normal) (G1 Evacuation Pause) 440M->190M(5128M) 8.821ms
[3.705s][info][gc] GC(4) Pause Young (Normal) (G1 Evacuation Pause) 442M->190M(5128M) 5.499ms
[4.345s][info][gc] GC(5) Pause Young (Normal) (G1 Evacuation Pause) 442M->190M(5128M) 5.118ms
[4.807s][info][gc] GC(6) Pause Young (Normal) (G1 Evacuation Pause) 454M->368M(5128M) 94.656ms
[5.129s][info][gc] GC(7) Pause Young (Normal) (G1 Evacuation Pause) 591M->532M(5128M) 127.447ms
[5.615s][info][gc] GC(8) Pause Young (Normal) (G1 Evacuation Pause) 756M->684M(8608M) 148.547ms
[6.257s][info][gc] GC(9) Pause Young (Normal) (G1 Evacuation Pause) 1080M->782M(8608M) 115.325ms
[6.824s][info][gc] GC(10) Pause Young (Normal) (G1 Evacuation Pause) 1154M->880M(8608M) 134.698ms
[7.468s][info][gc] GC(11) Pause Young (Normal) (G1 Evacuation Pause) 1252M->974M(8608M) 146.254ms
[8.177s][info][gc] GC(12) Pause Young (Normal) (G1 Evacuation Pause) 1346M->1068M(11840M) 167.416ms
[9.301s][info][gc] GC(13) Pause Young (Normal) (G1 Evacuation Pause) 1604M->1200M(11840M) 226.291ms
[10.398s][info][gc] GC(14) Pause Young (Normal) (G1 Evacuation Pause) 1716M->1328M(11840M) 237.639ms
[11.563s][info][gc] GC(15) Pause Young (Normal) (G1 Evacuation Pause) 1844M->1456M(11840M) 247.850ms
[12.807s][info][gc] GC(16) Pause Young (Normal) (G1 Evacuation Pause) 1972M->1584M(15192M) 275.454ms
[14.554s][info][gc] GC(17) Pause Young (Normal) (G1 Evacuation Pause) 2264M->1752M(15192M) 323.621ms
Start benchmark
[16.575s][info][gc] GC(18) Pause Young (Normal) (G1 Evacuation Pause) 2472M->1966M(15192M) 357.320ms
[17.938s][info][gc] GC(19) Pause Young (Normal) (G1 Evacuation Pause) 2626M->2078M(15192M) 262.299ms
[19.267s][info][gc] GC(20) Pause Young (Normal) (G1 Evacuation Pause) 2738M->2194M(17056M) 231.834ms
[20.794s][info][gc] GC(21) Pause Young (Normal) (G1 Evacuation Pause) 2950M->2318M(17056M) 269.310ms
[22.290s][info][gc] GC(22) Pause Young (Normal) (G1 Evacuation Pause) 3062M->2452M(17056M) 288.632ms
[23.617s][info][gc] GC(23) Pause Young (Normal) (G1 Evacuation Pause) 3196M->2592M(17056M) 268.850ms
[24.932s][info][gc] GC(24) Pause Young (Normal) (G1 Evacuation Pause) 3336M->2718M(17756M) 256.106ms
[26.478s][info][gc] GC(25) Pause Young (Normal) (G1 Evacuation Pause) 3554M->2910M(17756M) 285.025ms
[27.806s][info][gc] GC(26) Pause Young (Normal) (G1 Evacuation Pause) 3682M->3040M(17756M) 285.822ms
[29.072s][info][gc] GC(27) Pause Young (Normal) (G1 Evacuation Pause) 3812M->3172M(17756M) 256.198ms
[30.386s][info][gc] GC(28) Pause Young (Normal) (G1 Evacuation Pause) 3944M->3288M(18304M) 242.567ms
[31.807s][info][gc] GC(29) Pause Young (Normal) (G1 Evacuation Pause) 4088M->3410M(18304M) 250.993ms
[33.067s][info][gc] GC(30) Pause Young (Normal) (G1 Evacuation Pause) 4206M->3540M(18304M) 256.732ms
[34.359s][info][gc] GC(31) Pause Young (Normal) (G1 Evacuation Pause) 4336M->3660M(18304M) 246.628ms
[35.601s][info][gc] GC(32) Pause Young (Normal) (G1 Evacuation Pause) 4456M->3784M(18740M) 251.051ms
[36.905s][info][gc] GC(33) Pause Young (Normal) (G1 Evacuation Pause) 4604M->3908M(18740M) 252.670ms
[38.174s][info][gc] GC(34) Pause Young (Normal) (G1 Evacuation Pause) 4724M->4026M(18740M) 246.019ms
[39.396s][info][gc] GC(35) Pause Young (Normal) (G1 Evacuation Pause) 4842M->4148M(18740M) 246.410ms
[40.601s][info][gc] GC(36) Pause Young (Normal) (G1 Evacuation Pause) 4964M->4268M(19088M) 243.130ms
[41.897s][info][gc] GC(37) Pause Young (Normal) (G1 Evacuation Pause) 5100M->4380M(19088M) 232.159ms
[43.127s][info][gc] GC(38) Pause Young (Normal) (G1 Evacuation Pause) 5216M->4486M(19088M) 230.024ms
[44.332s][info][gc] GC(39) Pause Young (Normal) (G1 Evacuation Pause) 5322M->4606M(19088M) 240.297ms
End benchmark
benchmarkAvgTime : 41013
nbThread : 8
[1.135s][info][gc] GC(0) Pause Young (Normal) (G1 Evacuation Pause) 280M->145M(5128M) 109.881ms
[1.691s][info][gc] GC(1) Pause Young (Normal) (G1 Evacuation Pause) 369M->184M(5128M) 73.316ms
[2.241s][info][gc] GC(2) Pause Young (Normal) (G1 Evacuation Pause) 408M->192M(5128M) 20.522ms
[2.874s][info][gc] GC(3) Pause Young (Normal) (G1 Evacuation Pause) 440M->190M(5128M) 4.958ms
[3.522s][info][gc] GC(4) Pause Young (Normal) (G1 Evacuation Pause) 442M->190M(5128M) 4.740ms
[4.209s][info][gc] GC(5) Pause Young (Normal) (G1 Evacuation Pause) 442M->211M(5128M) 22.517ms
[4.656s][info][gc] GC(6) Pause Young (Normal) (G1 Evacuation Pause) 451M->375M(5128M) 112.189ms
[5.006s][info][gc] GC(7) Pause Young (Normal) (G1 Evacuation Pause) 599M->538M(5128M) 130.481ms
[5.475s][info][gc] GC(8) Pause Young (Normal) (G1 Evacuation Pause) 762M->686M(8908M) 152.962ms
[6.209s][info][gc] GC(9) Pause Young (Normal) (G1 Evacuation Pause) 1098M->784M(8908M) 112.818ms
[6.767s][info][gc] GC(10) Pause Young (Normal) (G1 Evacuation Pause) 1172M->874M(8908M) 130.237ms
[7.404s][info][gc] GC(11) Pause Young (Normal) (G1 Evacuation Pause) 1262M->968M(8908M) 145.947ms
[8.107s][info][gc] GC(12) Pause Young (Normal) (G1 Evacuation Pause) 1356M->1058M(12052M) 166.666ms
[9.207s][info][gc] GC(13) Pause Young (Normal) (G1 Evacuation Pause) 1602M->1180M(12052M) 211.242ms
[10.256s][info][gc] GC(14) Pause Young (Normal) (G1 Evacuation Pause) 1704M->1300M(12052M) 232.601ms
[11.354s][info][gc] GC(15) Pause Young (Normal) (G1 Evacuation Pause) 1824M->1420M(12052M) 239.732ms
[12.513s][info][gc] GC(16) Pause Young (Normal) (G1 Evacuation Pause) 1944M->1540M(15188M) 265.134ms
[14.163s][info][gc] GC(17) Pause Young (Normal) (G1 Evacuation Pause) 2220M->1692M(15188M) 314.058ms
Start benchmark
[16.449s][info][gc] GC(18) Pause Young (Normal) (G1 Evacuation Pause) 2412M->1924M(15188M) 399.825ms
[17.794s][info][gc] GC(19) Pause Young (Normal) (G1 Evacuation Pause) 2584M->2020M(15188M) 271.092ms
[19.032s][info][gc] GC(20) Pause Young (Normal) (G1 Evacuation Pause) 2680M->2110M(17124M) 224.133ms
[20.602s][info][gc] GC(21) Pause Young (Normal) (G1 Evacuation Pause) 2870M->2240M(17124M) 265.403ms
[21.994s][info][gc] GC(22) Pause Young (Normal) (G1 Evacuation Pause) 2988M->2368M(17124M) 279.103ms
[23.285s][info][gc] GC(23) Pause Young (Normal) (G1 Evacuation Pause) 3116M->2490M(17124M) 255.836ms
[24.592s][info][gc] GC(24) Pause Young (Normal) (G1 Evacuation Pause) 3238M->2618M(17796M) 255.446ms
[25.899s][info][gc] GC(25) Pause Young (Normal) (G1 Evacuation Pause) 3398M->2748M(17796M) 252.959ms
[27.262s][info][gc] GC(26) Pause Young (Normal) (G1 Evacuation Pause) 3584M->2924M(17796M) 265.571ms
[28.494s][info][gc] GC(27) Pause Young (Normal) (G1 Evacuation Pause) 3700M->3050M(17796M) 280.368ms
[29.628s][info][gc] GC(28) Pause Young (Normal) (G1 Evacuation Pause) 3826M->3170M(18336M) 239.462ms
[30.897s][info][gc] GC(29) Pause Young (Normal) (G1 Evacuation Pause) 3974M->3282M(18336M) 227.337ms
[32.100s][info][gc] GC(30) Pause Young (Normal) (G1 Evacuation Pause) 4082M->3392M(18336M) 232.893ms
[33.250s][info][gc] GC(31) Pause Young (Normal) (G1 Evacuation Pause) 4192M->3504M(18336M) 234.044ms
[34.379s][info][gc] GC(32) Pause Young (Normal) (G1 Evacuation Pause) 4304M->3624M(18768M) 239.549ms
[35.605s][info][gc] GC(33) Pause Young (Normal) (G1 Evacuation Pause) 4444M->3742M(18768M) 228.857ms
[36.745s][info][gc] GC(34) Pause Young (Normal) (G1 Evacuation Pause) 4562M->3852M(18768M) 234.799ms
[37.875s][info][gc] GC(35) Pause Young (Normal) (G1 Evacuation Pause) 4668M->3966M(18768M) 230.290ms
[39.040s][info][gc] GC(36) Pause Young (Normal) (G1 Evacuation Pause) 4782M->4064M(19112M) 219.011ms
[40.249s][info][gc] GC(37) Pause Young (Normal) (G1 Evacuation Pause) 4912M->4174M(19112M) 223.829ms
[41.352s][info][gc] GC(38) Pause Young (Normal) (G1 Evacuation Pause) 5010M->4278M(19112M) 226.121ms
[42.453s][info][gc] GC(39) Pause Young (Normal) (G1 Evacuation Pause) 5114M->4384M(19112M) 221.587ms
[43.565s][info][gc] GC(40) Pause Young (Normal) (G1 Evacuation Pause) 5220M->4470M(19388M) 212.611ms
[44.704s][info][gc] GC(41) Pause Young (Normal) (G1 Evacuation Pause) 5338M->4588M(19388M) 236.748ms
End benchmark
[47.250s][info][gc] GC(42) Pause Young (Normal) (G1 Evacuation Pause) 5436M->4682M(19388M) 247.683ms
benchmarkAvgTime : 41814
nbThread : 8
[1.099s][info][gc] GC(0) Pause Young (Normal) (G1 Evacuation Pause) 280M->145M(5128M) 107.571ms
[1.702s][info][gc] GC(1) Pause Young (Normal) (G1 Evacuation Pause) 369M->183M(5128M) 72.334ms
[2.310s][info][gc] GC(2) Pause Young (Normal) (G1 Evacuation Pause) 407M->189M(5128M) 20.243ms
[3.017s][info][gc] GC(3) Pause Young (Normal) (G1 Evacuation Pause) 437M->187M(5128M) 4.864ms
[3.702s][info][gc] GC(4) Pause Young (Normal) (G1 Evacuation Pause) 439M->187M(5128M) 20.564ms
[4.372s][info][gc] GC(5) Pause Young (Normal) (G1 Evacuation Pause) 439M->187M(5128M) 4.682ms
[4.978s][info][gc] GC(6) Pause Young (Normal) (G1 Evacuation Pause) 439M->277M(5128M) 60.147ms
[5.258s][info][gc] GC(7) Pause Young (Normal) (G1 Evacuation Pause) 513M->448M(5128M) 117.906ms
[5.641s][info][gc] GC(8) Pause Young (Normal) (G1 Evacuation Pause) 672M->612M(8256M) 146.080ms
[6.407s][info][gc] GC(9) Pause Young (Normal) (G1 Evacuation Pause) 992M->752M(8256M) 149.041ms
[6.945s][info][gc] GC(10) Pause Young (Normal) (G1 Evacuation Pause) 1112M->844M(8256M) 122.643ms
[7.524s][info][gc] GC(11) Pause Young (Normal) (G1 Evacuation Pause) 1204M->936M(8256M) 134.281ms
[8.184s][info][gc] GC(12) Pause Young (Normal) (G1 Evacuation Pause) 1296M->1028M(11592M) 159.232ms
[9.260s][info][gc] GC(13) Pause Young (Normal) (G1 Evacuation Pause) 1552M->1160M(11592M) 204.558ms
[10.315s][info][gc] GC(14) Pause Young (Normal) (G1 Evacuation Pause) 1664M->1288M(11592M) 236.373ms
[11.406s][info][gc] GC(15) Pause Young (Normal) (G1 Evacuation Pause) 1792M->1412M(11592M) 246.661ms
[12.612s][info][gc] GC(16) Pause Young (Normal) (G1 Evacuation Pause) 1916M->1536M(14924M) 270.472ms
[14.311s][info][gc] GC(17) Pause Young (Normal) (G1 Evacuation Pause) 2208M->1700M(14924M) 322.512ms
Start benchmark
[16.332s][info][gc] GC(18) Pause Young (Normal) (G1 Evacuation Pause) 2408M->1930M(14924M) 399.590ms
[17.702s][info][gc] GC(19) Pause Young (Normal) (G1 Evacuation Pause) 2578M->2038M(14924M) 288.616ms
[18.955s][info][gc] GC(20) Pause Young (Normal) (G1 Evacuation Pause) 2686M->2150M(17068M) 223.188ms
[20.509s][info][gc] GC(21) Pause Young (Normal) (G1 Evacuation Pause) 2906M->2274M(17068M) 275.485ms
[21.835s][info][gc] GC(22) Pause Young (Normal) (G1 Evacuation Pause) 3018M->2400M(17068M) 273.358ms
[23.213s][info][gc] GC(23) Pause Young (Normal) (G1 Evacuation Pause) 3144M->2534M(17068M) 267.466ms
[24.536s][info][gc] GC(24) Pause Young (Normal) (G1 Evacuation Pause) 3278M->2668M(17776M) 264.825ms
[25.940s][info][gc] GC(25) Pause Young (Normal) (G1 Evacuation Pause) 3448M->2804M(17776M) 265.582ms
[27.311s][info][gc] GC(26) Pause Young (Normal) (G1 Evacuation Pause) 3640M->3002M(17776M) 291.993ms
[28.569s][info][gc] GC(27) Pause Young (Normal) (G1 Evacuation Pause) 3778M->3140M(17776M) 287.002ms
[29.825s][info][gc] GC(28) Pause Young (Normal) (G1 Evacuation Pause) 3916M->3264M(18320M) 254.292ms
[31.168s][info][gc] GC(29) Pause Young (Normal) (G1 Evacuation Pause) 4068M->3392M(18320M) 255.852ms
[32.451s][info][gc] GC(30) Pause Young (Normal) (G1 Evacuation Pause) 4192M->3510M(18320M) 247.968ms
[33.734s][info][gc] GC(31) Pause Young (Normal) (G1 Evacuation Pause) 4310M->3632M(18320M) 252.299ms
[35.052s][info][gc] GC(32) Pause Young (Normal) (G1 Evacuation Pause) 4432M->3748M(18752M) 246.191ms
[36.350s][info][gc] GC(33) Pause Young (Normal) (G1 Evacuation Pause) 4568M->3876M(18752M) 261.514ms
[37.570s][info][gc] GC(34) Pause Young (Normal) (G1 Evacuation Pause) 4692M->4002M(18752M) 252.951ms
[38.800s][info][gc] GC(35) Pause Young (Normal) (G1 Evacuation Pause) 4818M->4124M(18752M) 250.799ms
[40.070s][info][gc] GC(36) Pause Young (Normal) (G1 Evacuation Pause) 4940M->4242M(19104M) 243.541ms
[41.365s][info][gc] GC(37) Pause Young (Normal) (G1 Evacuation Pause) 5074M->4358M(19104M) 241.936ms
[42.559s][info][gc] GC(38) Pause Young (Normal) (G1 Evacuation Pause) 5190M->4478M(19104M) 248.970ms
[43.788s][info][gc] GC(39) Pause Young (Normal) (G1 Evacuation Pause) 5310M->4596M(19104M) 237.263ms
[44.993s][info][gc] GC(40) Pause Young (Normal) (G1 Evacuation Pause) 5428M->4700M(19380M) 236.428ms
End benchmark
benchmarkAvgTime : 40861
nbThread : 8
[1.152s][info][gc] GC(0) Pause Young (Normal) (G1 Evacuation Pause) 280M->145M(5128M) 104.766ms
[1.812s][info][gc] GC(1) Pause Young (Normal) (G1 Evacuation Pause) 369M->186M(5128M) 75.137ms
[2.421s][info][gc] GC(2) Pause Young (Normal) (G1 Evacuation Pause) 410M->191M(5128M) 25.259ms
[3.124s][info][gc] GC(3) Pause Young (Normal) (G1 Evacuation Pause) 439M->190M(5128M) 4.802ms
[3.790s][info][gc] GC(4) Pause Young (Normal) (G1 Evacuation Pause) 442M->189M(5128M) 4.936ms
[4.456s][info][gc] GC(5) Pause Young (Normal) (G1 Evacuation Pause) 441M->190M(5128M) 4.658ms
[4.966s][info][gc] GC(6) Pause Young (Normal) (G1 Evacuation Pause) 454M->340M(5128M) 89.332ms
[5.282s][info][gc] GC(7) Pause Young (Normal) (G1 Evacuation Pause) 564M->504M(8200M) 136.981ms
[6.032s][info][gc] GC(8) Pause Young (Normal) (G1 Evacuation Pause) 880M->708M(8200M) 182.509ms
[6.611s][info][gc] GC(9) Pause Young (Normal) (G1 Evacuation Pause) 1064M->800M(8200M) 119.216ms
[7.181s][info][gc] GC(10) Pause Young (Normal) (G1 Evacuation Pause) 1156M->888M(8200M) 127.774ms
[7.839s][info][gc] GC(11) Pause Young (Normal) (G1 Evacuation Pause) 1244M->978M(11544M) 151.330ms
[8.893s][info][gc] GC(12) Pause Young (Normal) (G1 Evacuation Pause) 1502M->1110M(11544M) 204.485ms
[9.923s][info][gc] GC(13) Pause Young (Normal) (G1 Evacuation Pause) 1614M->1238M(11544M) 228.150ms
[11.031s][info][gc] GC(14) Pause Young (Normal) (G1 Evacuation Pause) 1742M->1364M(11544M) 238.326ms
[12.224s][info][gc] GC(15) Pause Young (Normal) (G1 Evacuation Pause) 1868M->1492M(14676M) 267.826ms
[13.800s][info][gc] GC(16) Pause Young (Normal) (G1 Evacuation Pause) 2152M->1654M(14676M) 340.007ms
Start benchmark
[15.842s][info][gc] GC(17) Pause Young (Normal) (G1 Evacuation Pause) 2354M->1896M(14676M) 395.896ms
[17.455s][info][gc] GC(18) Pause Young (Normal) (G1 Evacuation Pause) 2536M->1998M(14676M) 305.722ms
[18.721s][info][gc] GC(19) Pause Young (Normal) (G1 Evacuation Pause) 2638M->2106M(16976M) 225.091ms
[20.223s][info][gc] GC(20) Pause Young (Normal) (G1 Evacuation Pause) 2862M->2222M(16976M) 257.962ms
[21.647s][info][gc] GC(21) Pause Young (Normal) (G1 Evacuation Pause) 2962M->2352M(16976M) 276.763ms
[23.082s][info][gc] GC(22) Pause Young (Normal) (G1 Evacuation Pause) 3092M->2486M(16976M) 277.675ms
[24.500s][info][gc] GC(23) Pause Young (Normal) (G1 Evacuation Pause) 3226M->2620M(17692M) 269.144ms
[25.917s][info][gc] GC(24) Pause Young (Normal) (G1 Evacuation Pause) 3396M->2758M(17692M) 266.907ms
[27.372s][info][gc] GC(25) Pause Young (Normal) (G1 Evacuation Pause) 3590M->2944M(17692M) 290.004ms
[28.758s][info][gc] GC(26) Pause Young (Normal) (G1 Evacuation Pause) 3716M->3064M(17692M) 282.346ms
[30.001s][info][gc] GC(27) Pause Young (Normal) (G1 Evacuation Pause) 3836M->3198M(18252M) 258.586ms
[31.350s][info][gc] GC(28) Pause Young (Normal) (G1 Evacuation Pause) 3998M->3328M(18252M) 252.999ms
[32.686s][info][gc] GC(29) Pause Young (Normal) (G1 Evacuation Pause) 4124M->3450M(18252M) 247.558ms
[33.973s][info][gc] GC(30) Pause Young (Normal) (G1 Evacuation Pause) 4246M->3572M(18252M) 249.015ms
[35.249s][info][gc] GC(31) Pause Young (Normal) (G1 Evacuation Pause) 4368M->3696M(18700M) 250.244ms
[36.591s][info][gc] GC(32) Pause Young (Normal) (G1 Evacuation Pause) 4512M->3824M(18700M) 249.413ms
[37.847s][info][gc] GC(33) Pause Young (Normal) (G1 Evacuation Pause) 4636M->3946M(18700M) 247.807ms
[39.107s][info][gc] GC(34) Pause Young (Normal) (G1 Evacuation Pause) 4758M->4066M(18700M) 245.979ms
[40.321s][info][gc] GC(35) Pause Young (Normal) (G1 Evacuation Pause) 4878M->4182M(19056M) 244.492ms
[41.643s][info][gc] GC(36) Pause Young (Normal) (G1 Evacuation Pause) 5014M->4298M(19056M) 247.509ms
[42.870s][info][gc] GC(37) Pause Young (Normal) (G1 Evacuation Pause) 5130M->4416M(19056M) 241.351ms
[44.074s][info][gc] GC(38) Pause Young (Normal) (G1 Evacuation Pause) 5248M->4532M(19056M) 237.231ms
[45.279s][info][gc] GC(39) Pause Young (Normal) (G1 Evacuation Pause) 5364M->4648M(19344M) 231.304ms
End benchmark
benchmarkAvgTime : 41091
nbThread : 8
[1.126s][info][gc] GC(0) Pause Young (Normal) (G1 Evacuation Pause) 280M->145M(5128M) 102.491ms
[1.677s][info][gc] GC(1) Pause Young (Normal) (G1 Evacuation Pause) 369M->186M(5128M) 67.651ms
[2.233s][info][gc] GC(2) Pause Young (Normal) (G1 Evacuation Pause) 410M->194M(5128M) 18.829ms
[2.869s][info][gc] GC(3) Pause Young (Normal) (G1 Evacuation Pause) 442M->192M(5128M) 4.175ms
[3.497s][info][gc] GC(4) Pause Young (Normal) (G1 Evacuation Pause) 444M->192M(5128M) 4.138ms
[4.135s][info][gc] GC(5) Pause Young (Normal) (G1 Evacuation Pause) 444M->261M(5128M) 42.701ms
[4.393s][info][gc] GC(6) Pause Young (Normal) (G1 Evacuation Pause) 497M->428M(5128M) 108.978ms
[4.729s][info][gc] GC(7) Pause Young (Normal) (G1 Evacuation Pause) 652M->594M(8200M) 142.944ms
[5.453s][info][gc] GC(8) Pause Young (Normal) (G1 Evacuation Pause) 970M->742M(8200M) 158.990ms
[5.979s][info][gc] GC(9) Pause Young (Normal) (G1 Evacuation Pause) 1098M->832M(8200M) 120.861ms
[6.592s][info][gc] GC(10) Pause Young (Normal) (G1 Evacuation Pause) 1188M->926M(8200M) 134.000ms
[7.270s][info][gc] GC(11) Pause Young (Normal) (G1 Evacuation Pause) 1282M->1018M(11876M) 160.101ms
[8.385s][info][gc] GC(12) Pause Young (Normal) (G1 Evacuation Pause) 1558M->1152M(11876M) 209.193ms
[9.487s][info][gc] GC(13) Pause Young (Normal) (G1 Evacuation Pause) 1668M->1280M(11876M) 248.428ms
[10.645s][info][gc] GC(14) Pause Young (Normal) (G1 Evacuation Pause) 1796M->1410M(11876M) 256.627ms
[11.896s][info][gc] GC(15) Pause Young (Normal) (G1 Evacuation Pause) 1926M->1538M(15252M) 280.771ms
[13.652s][info][gc] GC(16) Pause Young (Normal) (G1 Evacuation Pause) 2222M->1704M(15252M) 330.475ms
Start benchmark
[15.684s][info][gc] GC(17) Pause Young (Normal) (G1 Evacuation Pause) 2428M->1938M(15252M) 385.755ms
[16.987s][info][gc] GC(18) Pause Young (Normal) (G1 Evacuation Pause) 2602M->2038M(15252M) 272.448ms
[18.212s][info][gc] GC(19) Pause Young (Normal) (G1 Evacuation Pause) 2702M->2134M(17212M) 219.533ms
[19.766s][info][gc] GC(20) Pause Young (Normal) (G1 Evacuation Pause) 2898M->2260M(17212M) 263.232ms
[21.269s][info][gc] GC(21) Pause Young (Normal) (G1 Evacuation Pause) 3012M->2394M(17212M) 292.149ms
[22.723s][info][gc] GC(22) Pause Young (Normal) (G1 Evacuation Pause) 3146M->2532M(17212M) 274.885ms
[24.075s][info][gc] GC(23) Pause Young (Normal) (G1 Evacuation Pause) 3284M->2666M(17880M) 269.570ms
[25.530s][info][gc] GC(24) Pause Young (Normal) (G1 Evacuation Pause) 3450M->2796M(17880M) 260.107ms
[27.010s][info][gc] GC(25) Pause Young (Normal) (G1 Evacuation Pause) 3636M->2986M(17880M) 299.716ms
[28.333s][info][gc] GC(26) Pause Young (Normal) (G1 Evacuation Pause) 3766M->3116M(17880M) 283.683ms
[29.625s][info][gc] GC(27) Pause Young (Normal) (G1 Evacuation Pause) 3896M->3240M(18400M) 256.246ms
[31.016s][info][gc] GC(28) Pause Young (Normal) (G1 Evacuation Pause) 4048M->3364M(18400M) 249.542ms
[32.319s][info][gc] GC(29) Pause Young (Normal) (G1 Evacuation Pause) 4168M->3486M(18400M) 249.989ms
[33.605s][info][gc] GC(30) Pause Young (Normal) (G1 Evacuation Pause) 4290M->3608M(18400M) 250.732ms
[34.908s][info][gc] GC(31) Pause Young (Normal) (G1 Evacuation Pause) 4412M->3726M(18816M) 248.813ms
[36.291s][info][gc] GC(32) Pause Young (Normal) (G1 Evacuation Pause) 4550M->3846M(18816M) 263.539ms
[37.539s][info][gc] GC(33) Pause Young (Normal) (G1 Evacuation Pause) 4666M->3966M(18816M) 251.935ms
[38.761s][info][gc] GC(34) Pause Young (Normal) (G1 Evacuation Pause) 4786M->4092M(18816M) 250.478ms
[39.978s][info][gc] GC(35) Pause Young (Normal) (G1 Evacuation Pause) 4912M->4210M(19152M) 245.531ms
[41.208s][info][gc] GC(36) Pause Young (Normal) (G1 Evacuation Pause) 5046M->4330M(19152M) 245.923ms
[42.386s][info][gc] GC(37) Pause Young (Normal) (G1 Evacuation Pause) 5166M->4450M(19152M) 243.038ms
[43.542s][info][gc] GC(38) Pause Young (Normal) (G1 Evacuation Pause) 5286M->4568M(19152M) 236.087ms
[44.702s][info][gc] GC(39) Pause Young (Normal) (G1 Evacuation Pause) 5404M->4684M(19420M) 243.638ms
End benchmark
benchmarkAvgTime : 41155
nbThread : 8
[1.094s][info][gc] GC(0) Pause Young (Normal) (G1 Evacuation Pause) 280M->145M(5128M) 103.023ms
[1.710s][info][gc] GC(1) Pause Young (Normal) (G1 Evacuation Pause) 369M->183M(5128M) 73.973ms
[2.315s][info][gc] GC(2) Pause Young (Normal) (G1 Evacuation Pause) 407M->187M(5128M) 27.304ms
[2.998s][info][gc] GC(3) Pause Young (Normal) (G1 Evacuation Pause) 435M->186M(5128M) 4.770ms
[3.673s][info][gc] GC(4) Pause Young (Normal) (G1 Evacuation Pause) 438M->186M(5128M) 4.280ms
[4.353s][info][gc] GC(5) Pause Young (Normal) (G1 Evacuation Pause) 438M->186M(5128M) 8.645ms
[5.080s][info][gc] GC(6) Pause Young (Normal) (G1 Evacuation Pause) 438M->237M(5128M) 32.430ms
[5.361s][info][gc] GC(7) Pause Young (Normal) (G1 Evacuation Pause) 473M->402M(7784M) 127.836ms
[5.876s][info][gc] GC(8) Pause Young (Normal) (G1 Evacuation Pause) 758M->660M(7784M) 187.136ms
[6.572s][info][gc] GC(9) Pause Young (Normal) (G1 Evacuation Pause) 996M->748M(7784M) 124.423ms
[7.082s][info][gc] GC(10) Pause Young (Normal) (G1 Evacuation Pause) 1084M->836M(7784M) 115.520ms
[7.669s][info][gc] GC(11) Pause Young (Normal) (G1 Evacuation Pause) 1172M->924M(11240M) 140.460ms
[8.684s][info][gc] GC(12) Pause Young (Normal) (G1 Evacuation Pause) 1432M->1050M(11240M) 192.300ms
[9.643s][info][gc] GC(13) Pause Young (Normal) (G1 Evacuation Pause) 1538M->1172M(11240M) 217.729ms
[10.712s][info][gc] GC(14) Pause Young (Normal) (G1 Evacuation Pause) 1660M->1294M(11240M) 232.859ms
[11.835s][info][gc] GC(15) Pause Young (Normal) (G1 Evacuation Pause) 1782M->1414M(14372M) 257.956ms
[13.432s][info][gc] GC(16) Pause Young (Normal) (G1 Evacuation Pause) 2058M->1570M(14372M) 304.521ms
[14.962s][info][gc] GC(17) Pause Young (Normal) (G1 Evacuation Pause) 2194M->1722M(14372M) 331.418ms
Start benchmark
[17.157s][info][gc] GC(18) Pause Young (Normal) (G1 Evacuation Pause) 2406M->1934M(14372M) 356.158ms
[18.610s][info][gc] GC(19) Pause Young (Normal) (G1 Evacuation Pause) 2558M->2034M(16788M) 273.922ms
[20.114s][info][gc] GC(20) Pause Young (Normal) (G1 Evacuation Pause) 2778M->2162M(16788M) 250.925ms
[21.376s][info][gc] GC(21) Pause Young (Normal) (G1 Evacuation Pause) 2890M->2274M(16788M) 255.233ms
[22.785s][info][gc] GC(22) Pause Young (Normal) (G1 Evacuation Pause) 3002M->2408M(16788M) 262.842ms
[24.111s][info][gc] GC(23) Pause Young (Normal) (G1 Evacuation Pause) 3136M->2540M(17556M) 270.352ms
[25.565s][info][gc] GC(24) Pause Young (Normal) (G1 Evacuation Pause) 3308M->2668M(17556M) 259.805ms
[26.798s][info][gc] GC(25) Pause Young (Normal) (G1 Evacuation Pause) 3432M->2810M(17556M) 267.796ms
[28.197s][info][gc] GC(26) Pause Young (Normal) (G1 Evacuation Pause) 3634M->2996M(17556M) 291.053ms
[29.442s][info][gc] GC(27) Pause Young (Normal) (G1 Evacuation Pause) 3760M->3126M(18144M) 283.468ms
[30.741s][info][gc] GC(28) Pause Young (Normal) (G1 Evacuation Pause) 3918M->3258M(18144M) 257.720ms
[32.053s][info][gc] GC(29) Pause Young (Normal) (G1 Evacuation Pause) 4046M->3374M(18144M) 246.204ms
[33.291s][info][gc] GC(30) Pause Young (Normal) (G1 Evacuation Pause) 4162M->3504M(18144M) 260.912ms
[34.497s][info][gc] GC(31) Pause Young (Normal) (G1 Evacuation Pause) 4292M->3632M(18612M) 252.899ms
[35.839s][info][gc] GC(32) Pause Young (Normal) (G1 Evacuation Pause) 4444M->3752M(18612M) 252.357ms
[37.048s][info][gc] GC(33) Pause Young (Normal) (G1 Evacuation Pause) 4564M->3878M(18612M) 256.839ms
[38.277s][info][gc] GC(34) Pause Young (Normal) (G1 Evacuation Pause) 4690M->3998M(18612M) 248.133ms
[39.542s][info][gc] GC(35) Pause Young (Normal) (G1 Evacuation Pause) 4810M->4116M(18992M) 246.677ms
[40.881s][info][gc] GC(36) Pause Young (Normal) (G1 Evacuation Pause) 4948M->4236M(18992M) 244.415ms
[42.137s][info][gc] GC(37) Pause Young (Normal) (G1 Evacuation Pause) 5064M->4352M(18992M) 247.402ms
[43.351s][info][gc] GC(38) Pause Young (Normal) (G1 Evacuation Pause) 5180M->4470M(18992M) 248.233ms
[44.533s][info][gc] GC(39) Pause Young (Normal) (G1 Evacuation Pause) 5298M->4586M(19296M) 242.636ms
[45.751s][info][gc] GC(40) Pause Young (Normal) (G1 Evacuation Pause) 5430M->4706M(19296M) 243.312ms
End benchmark
benchmarkAvgTime : 41370
nbThread : 8
[1.149s][info][gc] GC(0) Pause Young (Normal) (G1 Evacuation Pause) 280M->145M(5128M) 104.688ms
[1.718s][info][gc] GC(1) Pause Young (Normal) (G1 Evacuation Pause) 369M->181M(5128M) 73.233ms
[2.304s][info][gc] GC(2) Pause Young (Normal) (G1 Evacuation Pause) 405M->187M(5128M) 21.494ms
[2.937s][info][gc] GC(3) Pause Young (Normal) (G1 Evacuation Pause) 435M->186M(5128M) 4.827ms
[3.577s][info][gc] GC(4) Pause Young (Normal) (G1 Evacuation Pause) 438M->186M(5128M) 5.138ms
[4.218s][info][gc] GC(5) Pause Young (Normal) (G1 Evacuation Pause) 438M->186M(5128M) 4.875ms
[4.892s][info][gc] GC(6) Pause Young (Normal) (G1 Evacuation Pause) 438M->202M(5128M) 16.342ms
[5.189s][info][gc] GC(7) Pause Young (Normal) (G1 Evacuation Pause) 450M->370M(5128M) 112.733ms
[5.527s][info][gc] GC(8) Pause Young (Normal) (G1 Evacuation Pause) 594M->538M(5128M) 130.398ms
[6.025s][info][gc] GC(9) Pause Young (Normal) (G1 Evacuation Pause) 762M->684M(8860M) 149.279ms
[6.669s][info][gc] GC(10) Pause Young (Normal) (G1 Evacuation Pause) 1092M->787M(8860M) 120.767ms
[7.252s][info][gc] GC(11) Pause Young (Normal) (G1 Evacuation Pause) 1171M->888M(8860M) 135.801ms
[7.911s][info][gc] GC(12) Pause Young (Normal) (G1 Evacuation Pause) 1272M->986M(8860M) 148.628ms
[8.648s][info][gc] GC(13) Pause Young (Normal) (G1 Evacuation Pause) 1370M->1086M(12128M) 174.109ms
[9.817s][info][gc] GC(14) Pause Young (Normal) (G1 Evacuation Pause) 1634M->1224M(12128M) 228.856ms
[10.933s][info][gc] GC(15) Pause Young (Normal) (G1 Evacuation Pause) 1752M->1356M(12128M) 249.002ms
[12.142s][info][gc] GC(16) Pause Young (Normal) (G1 Evacuation Pause) 1884M->1486M(12128M) 258.866ms
[13.410s][info][gc] GC(17) Pause Young (Normal) (G1 Evacuation Pause) 2014M->1618M(15472M) 285.118ms
Start benchmark
[15.546s][info][gc] GC(18) Pause Young (Normal) (G1 Evacuation Pause) 2350M->1854M(15472M) 356.431ms
[17.323s][info][gc] GC(19) Pause Young (Normal) (G1 Evacuation Pause) 2550M->1994M(15472M) 309.947ms
[18.707s][info][gc] GC(20) Pause Young (Normal) (G1 Evacuation Pause) 2666M->2108M(15472M) 242.061ms
[19.908s][info][gc] GC(21) Pause Young (Normal) (G1 Evacuation Pause) 2780M->2218M(17140M) 227.753ms
[21.450s][info][gc] GC(22) Pause Young (Normal) (G1 Evacuation Pause) 2974M->2356M(17140M) 278.200ms
[22.768s][info][gc] GC(23) Pause Young (Normal) (G1 Evacuation Pause) 3104M->2492M(17140M) 280.381ms
[24.054s][info][gc] GC(24) Pause Young (Normal) (G1 Evacuation Pause) 3240M->2628M(17140M) 261.576ms
[25.258s][info][gc] GC(25) Pause Young (Normal) (G1 Evacuation Pause) 3376M->2764M(17808M) 260.592ms
[26.567s][info][gc] GC(26) Pause Young (Normal) (G1 Evacuation Pause) 3544M->2902M(17808M) 255.649ms
[27.988s][info][gc] GC(27) Pause Young (Normal) (G1 Evacuation Pause) 3738M->3090M(17808M) 294.745ms
[29.267s][info][gc] GC(28) Pause Young (Normal) (G1 Evacuation Pause) 3866M->3224M(17808M) 283.177ms
[30.469s][info][gc] GC(29) Pause Young (Normal) (G1 Evacuation Pause) 4000M->3350M(18344M) 256.271ms
[31.743s][info][gc] GC(30) Pause Young (Normal) (G1 Evacuation Pause) 4154M->3484M(18344M) 256.784ms
[33.030s][info][gc] GC(31) Pause Young (Normal) (G1 Evacuation Pause) 4284M->3602M(18344M) 258.016ms
[34.274s][info][gc] GC(32) Pause Young (Normal) (G1 Evacuation Pause) 4402M->3724M(18344M) 246.373ms
[35.565s][info][gc] GC(33) Pause Young (Normal) (G1 Evacuation Pause) 4524M->3840M(18780M) 242.109ms
[36.913s][info][gc] GC(34) Pause Young (Normal) (G1 Evacuation Pause) 4660M->3958M(18780M) 248.886ms
[38.184s][info][gc] GC(35) Pause Young (Normal) (G1 Evacuation Pause) 4774M->4074M(18780M) 253.050ms
[39.437s][info][gc] GC(36) Pause Young (Normal) (G1 Evacuation Pause) 4890M->4194M(18780M) 259.851ms
[40.696s][info][gc] GC(37) Pause Young (Normal) (G1 Evacuation Pause) 5010M->4310M(19128M) 241.920ms
[41.962s][info][gc] GC(38) Pause Young (Normal) (G1 Evacuation Pause) 5146M->4426M(19128M) 246.628ms
[43.204s][info][gc] GC(39) Pause Young (Normal) (G1 Evacuation Pause) 5262M->4542M(19128M) 239.242ms
[44.433s][info][gc] GC(40) Pause Young (Normal) (G1 Evacuation Pause) 5378M->4650M(19128M) 233.068ms
End benchmark
benchmarkAvgTime : 40712
nbThread : 8
[1.154s][info][gc] GC(0) Pause Young (Normal) (G1 Evacuation Pause) 280M->145M(5128M) 112.802ms
[1.757s][info][gc] GC(1) Pause Young (Normal) (G1 Evacuation Pause) 369M->185M(5128M) 74.018ms
[2.356s][info][gc] GC(2) Pause Young (Normal) (G1 Evacuation Pause) 409M->192M(5128M) 19.995ms
[3.024s][info][gc] GC(3) Pause Young (Normal) (G1 Evacuation Pause) 440M->190M(5128M) 4.859ms
[3.699s][info][gc] GC(4) Pause Young (Normal) (G1 Evacuation Pause) 442M->190M(5128M) 4.712ms
[4.339s][info][gc] GC(5) Pause Young (Normal) (G1 Evacuation Pause) 442M->277M(5128M) 60.922ms
[4.621s][info][gc] GC(6) Pause Young (Normal) (G1 Evacuation Pause) 513M->448M(5128M) 112.083ms
[4.961s][info][gc] GC(7) Pause Young (Normal) (G1 Evacuation Pause) 672M->616M(8212M) 142.220ms
[5.704s][info][gc] GC(8) Pause Young (Normal) (G1 Evacuation Pause) 992M->750M(8212M) 142.333ms
[6.219s][info][gc] GC(9) Pause Young (Normal) (G1 Evacuation Pause) 1106M->836M(8212M) 120.847ms
[6.744s][info][gc] GC(10) Pause Young (Normal) (G1 Evacuation Pause) 1192M->924M(8212M) 122.271ms
[7.327s][info][gc] GC(11) Pause Young (Normal) (G1 Evacuation Pause) 1280M->1012M(11524M) 147.207ms
[8.317s][info][gc] GC(12) Pause Young (Normal) (G1 Evacuation Pause) 1536M->1128M(11524M) 189.846ms
[9.266s][info][gc] GC(13) Pause Young (Normal) (G1 Evacuation Pause) 1632M->1242M(11524M) 219.588ms
[10.273s][info][gc] GC(14) Pause Young (Normal) (G1 Evacuation Pause) 1746M->1358M(11524M) 228.009ms
[11.350s][info][gc] GC(15) Pause Young (Normal) (G1 Evacuation Pause) 1862M->1472M(14808M) 250.600ms
[12.904s][info][gc] GC(16) Pause Young (Normal) (G1 Evacuation Pause) 2140M->1624M(14808M) 297.104ms
[14.306s][info][gc] GC(17) Pause Young (Normal) (G1 Evacuation Pause) 2268M->1766M(14808M) 323.508ms
Start benchmark
[16.289s][info][gc] GC(18) Pause Young (Normal) (G1 Evacuation Pause) 2470M->1986M(14808M) 369.753ms
[17.568s][info][gc] GC(19) Pause Young (Normal) (G1 Evacuation Pause) 2630M->2082M(17080M) 247.072ms
[18.967s][info][gc] GC(20) Pause Young (Normal) (G1 Evacuation Pause) 2838M->2192M(17080M) 241.977ms
[20.385s][info][gc] GC(21) Pause Young (Normal) (G1 Evacuation Pause) 2936M->2312M(17080M) 271.487ms
[21.739s][info][gc] GC(22) Pause Young (Normal) (G1 Evacuation Pause) 3056M->2440M(17080M) 272.217ms
[23.044s][info][gc] GC(23) Pause Young (Normal) (G1 Evacuation Pause) 3184M->2566M(17824M) 256.742ms
[24.411s][info][gc] GC(24) Pause Young (Normal) (G1 Evacuation Pause) 3346M->2690M(17824M) 250.877ms
[25.559s][info][gc] GC(25) Pause Young (Normal) (G1 Evacuation Pause) 3466M->2820M(17824M) 251.766ms
[26.820s][info][gc] GC(26) Pause Young (Normal) (G1 Evacuation Pause) 3656M->3010M(17824M) 270.922ms
[28.012s][info][gc] GC(27) Pause Young (Normal) (G1 Evacuation Pause) 3786M->3124M(18356M) 264.990ms
[29.229s][info][gc] GC(28) Pause Young (Normal) (G1 Evacuation Pause) 3928M->3252M(18356M) 243.728ms
[30.371s][info][gc] GC(29) Pause Young (Normal) (G1 Evacuation Pause) 4052M->3370M(18356M) 237.248ms
[31.523s][info][gc] GC(30) Pause Young (Normal) (G1 Evacuation Pause) 4170M->3482M(18356M) 233.822ms
[32.664s][info][gc] GC(31) Pause Young (Normal) (G1 Evacuation Pause) 4282M->3592M(18784M) 230.570ms
[33.884s][info][gc] GC(32) Pause Young (Normal) (G1 Evacuation Pause) 4412M->3694M(18784M) 224.971ms
[34.992s][info][gc] GC(33) Pause Young (Normal) (G1 Evacuation Pause) 4514M->3800M(18784M) 229.232ms
[36.113s][info][gc] GC(34) Pause Young (Normal) (G1 Evacuation Pause) 4616M->3912M(18784M) 229.814ms
[37.235s][info][gc] GC(35) Pause Young (Normal) (G1 Evacuation Pause) 4728M->4018M(19124M) 225.724ms
[38.413s][info][gc] GC(36) Pause Young (Normal) (G1 Evacuation Pause) 4858M->4118M(19124M) 224.876ms
[39.526s][info][gc] GC(37) Pause Young (Normal) (G1 Evacuation Pause) 4962M->4220M(19124M) 222.364ms
[40.604s][info][gc] GC(38) Pause Young (Normal) (G1 Evacuation Pause) 5064M->4324M(19124M) 223.496ms
[41.667s][info][gc] GC(39) Pause Young (Normal) (G1 Evacuation Pause) 5164M->4426M(19400M) 220.652ms
[42.748s][info][gc] GC(40) Pause Young (Normal) (G1 Evacuation Pause) 5278M->4530M(19400M) 219.794ms
[43.815s][info][gc] GC(41) Pause Young (Normal) (G1 Evacuation Pause) 5382M->4624M(19400M) 210.997ms
[44.890s][info][gc] GC(42) Pause Young (Normal) (G1 Evacuation Pause) 5484M->4728M(19400M) 214.620ms
End benchmark
benchmarkAvgTime : 41219
nbThread : 8
[1.091s][info][gc] GC(0) Pause Young (Normal) (G1 Evacuation Pause) 280M->145M(5128M) 97.672ms
[1.715s][info][gc] GC(1) Pause Young (Normal) (G1 Evacuation Pause) 369M->184M(5128M) 68.588ms
[2.326s][info][gc] GC(2) Pause Young (Normal) (G1 Evacuation Pause) 408M->191M(5128M) 18.359ms
[3.011s][info][gc] GC(3) Pause Young (Normal) (G1 Evacuation Pause) 439M->189M(5128M) 4.670ms
[3.704s][info][gc] GC(4) Pause Young (Normal) (G1 Evacuation Pause) 441M->189M(5128M) 4.191ms
[4.392s][info][gc] GC(5) Pause Young (Normal) (G1 Evacuation Pause) 441M->189M(5128M) 5.183ms
[5.075s][info][gc] GC(6) Pause Young (Normal) (G1 Evacuation Pause) 441M->211M(5128M) 16.865ms
[5.327s][info][gc] GC(7) Pause Young (Normal) (G1 Evacuation Pause) 451M->377M(5128M) 103.646ms
[5.658s][info][gc] GC(8) Pause Young (Normal) (G1 Evacuation Pause) 601M->540M(5128M) 129.671ms
[6.157s][info][gc] GC(9) Pause Young (Normal) (G1 Evacuation Pause) 764M->684M(8660M) 162.366ms
[6.853s][info][gc] GC(10) Pause Young (Normal) (G1 Evacuation Pause) 1084M->780M(8660M) 124.619ms
[7.489s][info][gc] GC(11) Pause Young (Normal) (G1 Evacuation Pause) 1156M->882M(8660M) 134.188ms
[8.154s][info][gc] GC(12) Pause Young (Normal) (G1 Evacuation Pause) 1258M->976M(8660M) 148.169ms
[8.890s][info][gc] GC(13) Pause Young (Normal) (G1 Evacuation Pause) 1352M->1072M(11968M) 175.057ms
[10.062s][info][gc] GC(14) Pause Young (Normal) (G1 Evacuation Pause) 1612M->1204M(11968M) 227.056ms
[11.205s][info][gc] GC(15) Pause Young (Normal) (G1 Evacuation Pause) 1724M->1334M(11968M) 247.566ms
[12.408s][info][gc] GC(16) Pause Young (Normal) (G1 Evacuation Pause) 1854M->1462M(11968M) 258.045ms
[13.655s][info][gc] GC(17) Pause Young (Normal) (G1 Evacuation Pause) 1982M->1592M(15332M) 280.773ms
[15.663s][info][gc] GC(18) Pause Young (Normal) (G1 Evacuation Pause) 2280M->1762M(15332M) 334.978ms
Start benchmark
[17.708s][info][gc] GC(19) Pause Young (Normal) (G1 Evacuation Pause) 2490M->1978M(15332M) 342.029ms
[19.094s][info][gc] GC(20) Pause Young (Normal) (G1 Evacuation Pause) 2646M->2104M(15332M) 262.177ms
[20.405s][info][gc] GC(21) Pause Young (Normal) (G1 Evacuation Pause) 2772M->2220M(17056M) 242.100ms
[21.963s][info][gc] GC(22) Pause Young (Normal) (G1 Evacuation Pause) 2976M->2352M(17056M) 276.137ms
[23.454s][info][gc] GC(23) Pause Young (Normal) (G1 Evacuation Pause) 3096M->2490M(17056M) 286.121ms
[24.829s][info][gc] GC(24) Pause Young (Normal) (G1 Evacuation Pause) 3234M->2624M(17056M) 267.733ms
[26.128s][info][gc] GC(25) Pause Young (Normal) (G1 Evacuation Pause) 3368M->2750M(17744M) 257.725ms
[27.717s][info][gc] GC(26) Pause Young (Normal) (G1 Evacuation Pause) 3586M->2934M(17744M) 296.773ms
[29.075s][info][gc] GC(27) Pause Young (Normal) (G1 Evacuation Pause) 3706M->3060M(17744M) 285.426ms
[30.334s][info][gc] GC(28) Pause Young (Normal) (G1 Evacuation Pause) 3832M->3186M(17744M) 250.105ms
[31.616s][info][gc] GC(29) Pause Young (Normal) (G1 Evacuation Pause) 3958M->3308M(18292M) 252.286ms
[33.030s][info][gc] GC(30) Pause Young (Normal) (G1 Evacuation Pause) 4108M->3424M(18292M) 256.681ms
[34.297s][info][gc] GC(31) Pause Young (Normal) (G1 Evacuation Pause) 4220M->3544M(18292M) 253.427ms
[35.596s][info][gc] GC(32) Pause Young (Normal) (G1 Evacuation Pause) 4340M->3664M(18292M) 243.586ms
[36.888s][info][gc] GC(33) Pause Young (Normal) (G1 Evacuation Pause) 4460M->3782M(18732M) 245.111ms
[38.248s][info][gc] GC(34) Pause Young (Normal) (G1 Evacuation Pause) 4602M->3900M(18732M) 245.479ms
[39.534s][info][gc] GC(35) Pause Young (Normal) (G1 Evacuation Pause) 4716M->4016M(18732M) 253.436ms
[40.760s][info][gc] GC(36) Pause Young (Normal) (G1 Evacuation Pause) 4832M->4130M(18732M) 246.092ms
[41.982s][info][gc] GC(37) Pause Young (Normal) (G1 Evacuation Pause) 4946M->4246M(19084M) 242.915ms
[43.247s][info][gc] GC(38) Pause Young (Normal) (G1 Evacuation Pause) 5078M->4364M(19084M) 242.508ms
[44.492s][info][gc] GC(39) Pause Young (Normal) (G1 Evacuation Pause) 5196M->4474M(19084M) 233.136ms
[45.677s][info][gc] GC(40) Pause Young (Normal) (G1 Evacuation Pause) 5310M->4578M(19084M) 231.104ms
End benchmark
benchmarkAvgTime : 41435
nbThread : 8
[1.124s][info][gc] GC(0) Pause Young (Normal) (G1 Evacuation Pause) 280M->145M(5128M) 93.546ms
[1.740s][info][gc] GC(1) Pause Young (Normal) (G1 Evacuation Pause) 369M->185M(5128M) 68.197ms
[2.348s][info][gc] GC(2) Pause Young (Normal) (G1 Evacuation Pause) 409M->192M(5128M) 19.993ms
[3.021s][info][gc] GC(3) Pause Young (Normal) (G1 Evacuation Pause) 440M->191M(5128M) 4.185ms
[3.699s][info][gc] GC(4) Pause Young (Normal) (G1 Evacuation Pause) 443M->190M(5128M) 3.998ms
[4.440s][info][gc] GC(5) Pause Young (Normal) (G1 Evacuation Pause) 442M->223M(5128M) 19.766ms
[4.657s][info][gc] GC(6) Pause Young (Normal) (G1 Evacuation Pause) 459M->385M(5128M) 97.523ms
[4.963s][info][gc] GC(7) Pause Young (Normal) (G1 Evacuation Pause) 609M->550M(5128M) 128.347ms
[5.467s][info][gc] GC(8) Pause Young (Normal) (G1 Evacuation Pause) 774M->688M(8564M) 155.726ms
[6.030s][info][gc] GC(9) Pause Young (Normal) (G1 Evacuation Pause) 1084M->784M(8564M) 106.057ms
[6.543s][info][gc] GC(10) Pause Young (Normal) (G1 Evacuation Pause) 1156M->874M(8564M) 121.537ms
[7.129s][info][gc] GC(11) Pause Young (Normal) (G1 Evacuation Pause) 1246M->964M(8564M) 136.938ms
[7.798s][info][gc] GC(12) Pause Young (Normal) (G1 Evacuation Pause) 1336M->1052M(11808M) 158.877ms
[8.854s][info][gc] GC(13) Pause Young (Normal) (G1 Evacuation Pause) 1584M->1174M(11808M) 206.300ms
[9.862s][info][gc] GC(14) Pause Young (Normal) (G1 Evacuation Pause) 1686M->1290M(11808M) 228.249ms
[10.931s][info][gc] GC(15) Pause Young (Normal) (G1 Evacuation Pause) 1802M->1408M(11808M) 238.333ms
[11.998s][info][gc] GC(16) Pause Young (Normal) (G1 Evacuation Pause) 1920M->1524M(15272M) 264.903ms
[13.621s][info][gc] GC(17) Pause Young (Normal) (G1 Evacuation Pause) 2208M->1674M(15272M) 312.688ms
Start benchmark
[15.917s][info][gc] GC(18) Pause Young (Normal) (G1 Evacuation Pause) 2398M->1912M(15272M) 379.911ms
[17.453s][info][gc] GC(19) Pause Young (Normal) (G1 Evacuation Pause) 2576M->2018M(15272M) 302.109ms
[18.703s][info][gc] GC(20) Pause Young (Normal) (G1 Evacuation Pause) 2682M->2122M(17300M) 233.215ms
[20.184s][info][gc] GC(21) Pause Young (Normal) (G1 Evacuation Pause) 2890M->2240M(17300M) 260.403ms
[21.569s][info][gc] GC(22) Pause Young (Normal) (G1 Evacuation Pause) 2996M->2366M(17300M) 278.644ms
[22.927s][info][gc] GC(23) Pause Young (Normal) (G1 Evacuation Pause) 3122M->2492M(17300M) 264.598ms
[24.094s][info][gc] GC(24) Pause Young (Normal) (G1 Evacuation Pause) 3248M->2624M(17952M) 258.758ms
[25.444s][info][gc] GC(25) Pause Young (Normal) (G1 Evacuation Pause) 3412M->2738M(17952M) 238.289ms
[26.790s][info][gc] GC(26) Pause Young (Normal) (G1 Evacuation Pause) 3582M->2924M(17952M) 273.626ms
[28.005s][info][gc] GC(27) Pause Young (Normal) (G1 Evacuation Pause) 3708M->3052M(17952M) 279.575ms
[29.215s][info][gc] GC(28) Pause Young (Normal) (G1 Evacuation Pause) 3836M->3166M(18460M) 237.663ms
[30.493s][info][gc] GC(29) Pause Young (Normal) (G1 Evacuation Pause) 3974M->3280M(18460M) 238.197ms
[31.727s][info][gc] GC(30) Pause Young (Normal) (G1 Evacuation Pause) 4084M->3392M(18460M) 232.576ms
[32.910s][info][gc] GC(31) Pause Young (Normal) (G1 Evacuation Pause) 4196M->3498M(18460M) 233.538ms
[34.051s][info][gc] GC(32) Pause Young (Normal) (G1 Evacuation Pause) 4302M->3612M(18864M) 239.204ms
[35.233s][info][gc] GC(33) Pause Young (Normal) (G1 Evacuation Pause) 4436M->3732M(18864M) 240.031ms
[36.399s][info][gc] GC(34) Pause Young (Normal) (G1 Evacuation Pause) 4552M->3840M(18864M) 227.029ms
[37.563s][info][gc] GC(35) Pause Young (Normal) (G1 Evacuation Pause) 4668M->3950M(18864M) 230.312ms
[38.707s][info][gc] GC(36) Pause Young (Normal) (G1 Evacuation Pause) 4770M->4050M(19188M) 225.818ms
[39.873s][info][gc] GC(37) Pause Young (Normal) (G1 Evacuation Pause) 4894M->4152M(19188M) 224.199ms
[41.037s][info][gc] GC(38) Pause Young (Normal) (G1 Evacuation Pause) 4996M->4254M(19188M) 232.695ms
[42.171s][info][gc] GC(39) Pause Young (Normal) (G1 Evacuation Pause) 5102M->4344M(19188M) 212.743ms
[43.278s][info][gc] GC(40) Pause Young (Normal) (G1 Evacuation Pause) 5200M->4460M(19448M) 226.224ms
[44.408s][info][gc] GC(41) Pause Young (Normal) (G1 Evacuation Pause) 5312M->4560M(19448M) 227.450ms
End benchmark
[47.286s][info][gc] GC(42) Pause Young (Normal) (G1 Evacuation Pause) 5420M->4646M(19448M) 226.137ms
benchmarkAvgTime : 41234
nbThread : 16
[1.010s][info][gc] GC(0) Pause Young (Normal) (G1 Evacuation Pause) 280M->145M(5128M) 62.368ms
[1.583s][info][gc] GC(1) Pause Young (Normal) (G1 Evacuation Pause) 369M->182M(5128M) 42.278ms
[2.186s][info][gc] GC(2) Pause Young (Normal) (G1 Evacuation Pause) 410M->189M(5128M) 12.606ms
[2.854s][info][gc] GC(3) Pause Young (Normal) (G1 Evacuation Pause) 437M->188M(5128M) 3.357ms
[3.526s][info][gc] GC(4) Pause Young (Normal) (G1 Evacuation Pause) 440M->187M(5128M) 3.780ms
[4.242s][info][gc] GC(5) Pause Young (Normal) (G1 Evacuation Pause) 439M->205M(5128M) 9.942ms
[4.444s][info][gc] GC(6) Pause Young (Normal) (G1 Evacuation Pause) 449M->372M(5128M) 55.451ms
[4.624s][info][gc] GC(7) Pause Young (Normal) (G1 Evacuation Pause) 596M->540M(5128M) 80.568ms
[4.916s][info][gc] GC(8) Pause Young (Normal) (G1 Evacuation Pause) 764M->690M(8200M) 92.488ms
[5.283s][info][gc] GC(9) Pause Young (Normal) (G1 Evacuation Pause) 1066M->792M(8200M) 64.771ms
[5.555s][info][gc] GC(10) Pause Young (Normal) (G1 Evacuation Pause) 1148M->885M(8200M) 73.060ms
[5.860s][info][gc] GC(11) Pause Young (Normal) (G1 Evacuation Pause) 1241M->978M(8200M) 78.931ms
[6.213s][info][gc] GC(12) Pause Young (Normal) (G1 Evacuation Pause) 1334M->1068M(10656M) 102.408ms
[6.738s][info][gc] GC(13) Pause Young (Normal) (G1 Evacuation Pause) 1548M->1188M(10656M) 124.026ms
[7.244s][info][gc] GC(14) Pause Young (Normal) (G1 Evacuation Pause) 1652M->1303M(10656M) 130.870ms
[7.773s][info][gc] GC(15) Pause Young (Normal) (G1 Evacuation Pause) 1767M->1422M(10656M) 134.869ms
[8.294s][info][gc] GC(16) Pause Young (Normal) (G1 Evacuation Pause) 1886M->1540M(14340M) 164.915ms
[9.124s][info][gc] GC(17) Pause Young (Normal) (G1 Evacuation Pause) 2188M->1700M(14340M) 182.051ms
Start benchmark
[10.231s][info][gc] GC(18) Pause Young (Normal) (G1 Evacuation Pause) 2384M->1944M(14340M) 217.091ms
[10.972s][info][gc] GC(19) Pause Young (Normal) (G1 Evacuation Pause) 2568M->2064M(14340M) 190.289ms
[11.528s][info][gc] GC(20) Pause Young (Normal) (G1 Evacuation Pause) 2688M->2170M(16796M) 149.494ms
[12.246s][info][gc] GC(21) Pause Young (Normal) (G1 Evacuation Pause) 2914M->2300M(16796M) 162.975ms
[12.927s][info][gc] GC(22) Pause Young (Normal) (G1 Evacuation Pause) 3028M->2432M(16796M) 179.404ms
[13.616s][info][gc] GC(23) Pause Young (Normal) (G1 Evacuation Pause) 3160M->2566M(16796M) 167.226ms
[14.217s][info][gc] GC(24) Pause Young (Normal) (G1 Evacuation Pause) 3294M->2688M(17828M) 155.238ms
[14.981s][info][gc] GC(25) Pause Young (Normal) (G1 Evacuation Pause) 3528M->2864M(17828M) 179.466ms
[15.597s][info][gc] GC(26) Pause Young (Normal) (G1 Evacuation Pause) 3640M->2982M(17828M) 166.482ms
[16.202s][info][gc] GC(27) Pause Young (Normal) (G1 Evacuation Pause) 3758M->3091M(17828M) 136.015ms
[16.791s][info][gc] GC(28) Pause Young (Normal) (G1 Evacuation Pause) 3871M->3188M(18464M) 135.639ms
[17.441s][info][gc] GC(29) Pause Young (Normal) (G1 Evacuation Pause) 4008M->3291M(18464M) 141.115ms
[18.055s][info][gc] GC(30) Pause Young (Normal) (G1 Evacuation Pause) 4151M->3406M(18464M) 143.253ms
[18.715s][info][gc] GC(31) Pause Young (Normal) (G1 Evacuation Pause) 4346M->3510M(18464M) 141.522ms
[19.482s][info][gc] GC(32) Pause Young (Normal) (G1 Evacuation Pause) 4602M->3640M(18932M) 156.238ms
[20.330s][info][gc] GC(33) Pause Young (Normal) (G1 Evacuation Pause) 4864M->3770M(18932M) 169.424ms
[21.097s][info][gc] GC(34) Pause Young (Normal) (G1 Evacuation Pause) 4902M->3898M(18932M) 167.106ms
[21.856s][info][gc] GC(35) Pause Young (Normal) (G1 Evacuation Pause) 5042M->4008M(18932M) 160.799ms
[22.740s][info][gc] GC(36) Pause Young (Normal) (G1 Evacuation Pause) 5408M->4152M(19344M) 172.911ms
[23.569s][info][gc] GC(37) Pause Young (Normal) (G1 Evacuation Pause) 5448M->4284M(19344M) 172.799ms
[24.420s][info][gc] GC(38) Pause Young (Normal) (G1 Evacuation Pause) 5676M->4416M(19344M) 174.294ms
[25.255s][info][gc] GC(39) Pause Young (Normal) (G1 Evacuation Pause) 5832M->4518M(19344M) 158.536ms
[25.807s][info][gc] GC(40) Pause Young (Normal) (G1 Evacuation Pause) 5366M->4593M(19624M) 148.624ms
[27.337s][info][gc] GC(41) Pause Young (Normal) (G1 Evacuation Pause) 7389M->4810M(19624M) 200.749ms
[27.994s][info][gc] GC(42) Pause Young (Normal) (G1 Evacuation Pause) 5654M->4883M(19624M) 252.142ms
[28.513s][info][gc] GC(43) Pause Young (Normal) (G1 Evacuation Pause) 5783M->4962M(19624M) 114.828ms
[29.055s][info][gc] GC(44) Pause Young (Normal) (G1 Evacuation Pause) 5862M->5034M(19824M) 138.978ms
[29.621s][info][gc] GC(45) Pause Young (Normal) (G1 Evacuation Pause) 5950M->5108M(19824M) 155.683ms
[30.157s][info][gc] GC(46) Pause Young (Normal) (G1 Evacuation Pause) 6020M->5181M(19824M) 148.761ms
[30.692s][info][gc] GC(47) Pause Young (Normal) (G1 Evacuation Pause) 6093M->5249M(19824M) 155.544ms
[31.225s][info][gc] GC(48) Pause Young (Normal) (G1 Evacuation Pause) 6165M->5319M(19964M) 157.406ms
[31.782s][info][gc] GC(49) Pause Young (Normal) (G1 Evacuation Pause) 6243M->5395M(19964M) 160.621ms
[32.344s][info][gc] GC(50) Pause Young (Normal) (G1 Evacuation Pause) 6315M->5469M(19964M) 178.071ms
[32.902s][info][gc] GC(51) Pause Young (Normal) (G1 Evacuation Pause) 6385M->5525M(19964M) 169.543ms
[33.488s][info][gc] GC(52) Pause Young (Normal) (G1 Evacuation Pause) 6461M->5588M(20116M) 188.357ms
[34.078s][info][gc] GC(53) Pause Young (Normal) (G1 Evacuation Pause) 6468M->5652M(20116M) 200.561ms
[34.644s][info][gc] GC(54) Pause Young (Normal) (G1 Evacuation Pause) 6584M->5709M(20116M) 175.419ms
[35.707s][info][gc] GC(55) Pause Young (Normal) (G1 Evacuation Pause) 6693M->5878M(20116M) 201.886ms
[36.512s][info][gc] GC(56) Pause Young (Normal) (G1 Evacuation Pause) 6754M->5960M(20260M) 176.860ms
[37.277s][info][gc] GC(57) Pause Young (Normal) (G1 Evacuation Pause) 6888M->6028M(20260M) 126.665ms
[38.059s][info][gc] GC(58) Pause Young (Normal) (G1 Evacuation Pause) 6968M->6091M(20260M) 156.965ms
[38.797s][info][gc] GC(59) Pause Young (Normal) (G1 Evacuation Pause) 6975M->6161M(20260M) 163.927ms
[39.487s][info][gc] GC(60) Pause Young (Normal) (G1 Evacuation Pause) 7097M->6236M(20316M) 139.492ms
End benchmark
benchmarkAvgTime : 35872
nbThread : 16
[1.034s][info][gc] GC(0) Pause Young (Normal) (G1 Evacuation Pause) 280M->145M(5128M) 60.618ms
[1.605s][info][gc] GC(1) Pause Young (Normal) (G1 Evacuation Pause) 369M->179M(5128M) 42.195ms
[2.215s][info][gc] GC(2) Pause Young (Normal) (G1 Evacuation Pause) 407M->186M(5128M) 12.699ms
[2.894s][info][gc] GC(3) Pause Young (Normal) (G1 Evacuation Pause) 434M->184M(5128M) 3.420ms
[3.579s][info][gc] GC(4) Pause Young (Normal) (G1 Evacuation Pause) 436M->184M(5128M) 3.706ms
[4.262s][info][gc] GC(5) Pause Young (Normal) (G1 Evacuation Pause) 436M->184M(5128M) 3.592ms
[4.861s][info][gc] GC(6) Pause Young (Normal) (G1 Evacuation Pause) 436M->184M(5128M) 3.254ms
[5.269s][info][gc] GC(7) Pause Young (Normal) (G1 Evacuation Pause) 448M->362M(5128M) 64.628ms
[5.444s][info][gc] GC(8) Pause Young (Normal) (G1 Evacuation Pause) 586M->526M(5128M) 80.961ms
[5.753s][info][gc] GC(9) Pause Young (Normal) (G1 Evacuation Pause) 750M->684M(8172M) 104.626ms
[6.181s][info][gc] GC(10) Pause Young (Normal) (G1 Evacuation Pause) 1060M->778M(8172M) 62.952ms
[6.450s][info][gc] GC(11) Pause Young (Normal) (G1 Evacuation Pause) 1134M->872M(8172M) 74.304ms
[6.778s][info][gc] GC(12) Pause Young (Normal) (G1 Evacuation Pause) 1228M->957M(8172M) 77.935ms
[7.108s][info][gc] GC(13) Pause Young (Normal) (G1 Evacuation Pause) 1313M->1041M(10636M) 92.277ms
[7.596s][info][gc] GC(14) Pause Young (Normal) (G1 Evacuation Pause) 1517M->1152M(10636M) 111.618ms
[8.061s][info][gc] GC(15) Pause Young (Normal) (G1 Evacuation Pause) 1612M->1262M(10636M) 124.857ms
[8.539s][info][gc] GC(16) Pause Young (Normal) (G1 Evacuation Pause) 1722M->1368M(10636M) 139.333ms
[9.045s][info][gc] GC(17) Pause Young (Normal) (G1 Evacuation Pause) 1828M->1474M(13996M) 151.474ms
[9.799s][info][gc] GC(18) Pause Young (Normal) (G1 Evacuation Pause) 2102M->1618M(13996M) 168.084ms
[10.513s][info][gc] GC(19) Pause Young (Normal) (G1 Evacuation Pause) 2226M->1760M(13996M) 181.375ms
Start benchmark
[11.755s][info][gc] GC(20) Pause Young (Normal) (G1 Evacuation Pause) 2428M->1982M(13996M) 216.626ms
[12.438s][info][gc] GC(21) Pause Young (Normal) (G1 Evacuation Pause) 2590M->2098M(16592M) 156.599ms
[13.167s][info][gc] GC(22) Pause Young (Normal) (G1 Evacuation Pause) 2838M->2228M(16592M) 147.832ms
[13.822s][info][gc] GC(23) Pause Young (Normal) (G1 Evacuation Pause) 2952M->2356M(16592M) 164.952ms
[14.501s][info][gc] GC(24) Pause Young (Normal) (G1 Evacuation Pause) 3080M->2492M(16592M) 173.780ms
[15.163s][info][gc] GC(25) Pause Young (Normal) (G1 Evacuation Pause) 3216M->2622M(17652M) 170.034ms
[15.844s][info][gc] GC(26) Pause Young (Normal) (G1 Evacuation Pause) 3398M->2742M(17652M) 151.782ms
[16.542s][info][gc] GC(27) Pause Young (Normal) (G1 Evacuation Pause) 3570M->2919M(17652M) 168.522ms
[17.166s][info][gc] GC(28) Pause Young (Normal) (G1 Evacuation Pause) 3687M->3030M(17652M) 167.851ms
[17.753s][info][gc] GC(29) Pause Young (Normal) (G1 Evacuation Pause) 3798M->3140M(18340M) 140.144ms
[18.409s][info][gc] GC(30) Pause Young (Normal) (G1 Evacuation Pause) 3944M->3242M(18340M) 138.558ms
[19.006s][info][gc] GC(31) Pause Young (Normal) (G1 Evacuation Pause) 4050M->3344M(18340M) 137.479ms
[19.653s][info][gc] GC(32) Pause Young (Normal) (G1 Evacuation Pause) 4260M->3462M(18340M) 142.538ms
[20.448s][info][gc] GC(33) Pause Young (Normal) (G1 Evacuation Pause) 4602M->3602M(18812M) 172.355ms
[21.178s][info][gc] GC(34) Pause Young (Normal) (G1 Evacuation Pause) 4582M->3715M(18812M) 159.694ms
[21.881s][info][gc] GC(35) Pause Young (Normal) (G1 Evacuation Pause) 4763M->3844M(18812M) 153.815ms
[22.592s][info][gc] GC(36) Pause Young (Normal) (G1 Evacuation Pause) 4892M->3955M(18812M) 155.207ms
[23.553s][info][gc] GC(37) Pause Young (Normal) (G1 Evacuation Pause) 5423M->4114M(19248M) 179.002ms
[24.392s][info][gc] GC(38) Pause Young (Normal) (G1 Evacuation Pause) 5318M->4238M(19248M) 174.674ms
[25.221s][info][gc] GC(39) Pause Young (Normal) (G1 Evacuation Pause) 5522M->4364M(19248M) 173.315ms
[25.996s][info][gc] GC(40) Pause Young (Normal) (G1 Evacuation Pause) 5564M->4480M(19248M) 170.012ms
[26.863s][info][gc] GC(41) Pause Young (Normal) (G1 Evacuation Pause) 5940M->4605M(19568M) 154.462ms
[27.472s][info][gc] GC(42) Pause Young (Normal) (G1 Evacuation Pause) 5449M->4684M(19568M) 182.452ms
[28.267s][info][gc] GC(43) Pause Young (Normal) (G1 Evacuation Pause) 6096M->4800M(19568M) 143.439ms
[28.871s][info][gc] GC(44) Pause Young (Normal) (G1 Evacuation Pause) 5668M->4882M(19568M) 191.022ms
[29.474s][info][gc] GC(45) Pause Young (Normal) (G1 Evacuation Pause) 5898M->4964M(19780M) 138.158ms
[30.196s][info][gc] GC(46) Pause Young (Normal) (G1 Evacuation Pause) 5812M->5052M(19780M) 173.135ms
[30.749s][info][gc] GC(47) Pause Young (Normal) (G1 Evacuation Pause) 6000M->5134M(19780M) 124.226ms
[31.304s][info][gc] GC(48) Pause Young (Normal) (G1 Evacuation Pause) 6034M->5216M(19780M) 151.058ms
[31.858s][info][gc] GC(49) Pause Young (Normal) (G1 Evacuation Pause) 6120M->5291M(19928M) 153.013ms
[32.473s][info][gc] GC(50) Pause Young (Normal) (G1 Evacuation Pause) 6291M->5372M(19928M) 171.829ms
[33.065s][info][gc] GC(51) Pause Young (Normal) (G1 Evacuation Pause) 6280M->5444M(19928M) 194.690ms
[33.634s][info][gc] GC(52) Pause Young (Normal) (G1 Evacuation Pause) 6360M->5516M(19928M) 163.934ms
[34.210s][info][gc] GC(53) Pause Young (Normal) (G1 Evacuation Pause) 6436M->5593M(20096M) 175.655ms
[34.799s][info][gc] GC(54) Pause Young (Normal) (G1 Evacuation Pause) 6517M->5665M(20096M) 170.471ms
[35.380s][info][gc] GC(55) Pause Young (Normal) (G1 Evacuation Pause) 6589M->5732M(20096M) 179.099ms
[35.965s][info][gc] GC(56) Pause Young (Normal) (G1 Evacuation Pause) 6664M->5806M(20096M) 176.130ms
[36.552s][info][gc] GC(57) Pause Young (Normal) (G1 Evacuation Pause) 6734M->5877M(20228M) 185.976ms
[37.148s][info][gc] GC(58) Pause Young (Normal) (G1 Evacuation Pause) 6809M->5949M(20228M) 178.426ms
[37.950s][info][gc] GC(59) Pause Young (Normal) (G1 Evacuation Pause) 6989M->6131M(20228M) 202.813ms
[38.944s][info][gc] GC(60) Pause Young (Normal) (G1 Evacuation Pause) 7063M->6224M(20228M) 212.593ms
[39.813s][info][gc] GC(61) Pause Young (Normal) (G1 Evacuation Pause) 7132M->6307M(20324M) 192.382ms
[40.550s][info][gc] GC(62) Pause Young (Normal) (G1 Evacuation Pause) 7235M->6392M(20324M) 104.562ms
End benchmark
benchmarkAvgTime : 36431
nbThread : 16
[1.032s][info][gc] GC(0) Pause Young (Normal) (G1 Evacuation Pause) 280M->145M(5128M) 59.951ms
[1.602s][info][gc] GC(1) Pause Young (Normal) (G1 Evacuation Pause) 369M->180M(5128M) 42.154ms
[2.199s][info][gc] GC(2) Pause Young (Normal) (G1 Evacuation Pause) 408M->186M(5128M) 12.820ms
[2.868s][info][gc] GC(3) Pause Young (Normal) (G1 Evacuation Pause) 434M->185M(5128M) 3.751ms
[3.532s][info][gc] GC(4) Pause Young (Normal) (G1 Evacuation Pause) 433M->185M(5128M) 3.750ms
[4.200s][info][gc] GC(5) Pause Young (Normal) (G1 Evacuation Pause) 437M->232M(5128M) 18.148ms
[4.478s][info][gc] GC(6) Pause Young (Normal) (G1 Evacuation Pause) 468M->395M(5128M) 64.257ms
[4.681s][info][gc] GC(7) Pause Young (Normal) (G1 Evacuation Pause) 627M->572M(5128M) 82.143ms
[4.991s][info][gc] GC(8) Pause Young (Normal) (G1 Evacuation Pause) 796M->714M(8200M) 84.808ms
[5.353s][info][gc] GC(9) Pause Young (Normal) (G1 Evacuation Pause) 1090M->818M(8200M) 63.384ms
[5.628s][info][gc] GC(10) Pause Young (Normal) (G1 Evacuation Pause) 1174M->911M(8200M) 75.575ms
[5.938s][info][gc] GC(11) Pause Young (Normal) (G1 Evacuation Pause) 1267M->1000M(8200M) 80.436ms
[6.282s][info][gc] GC(12) Pause Young (Normal) (G1 Evacuation Pause) 1356M->1091M(10656M) 93.975ms
[6.800s][info][gc] GC(13) Pause Young (Normal) (G1 Evacuation Pause) 1571M->1212M(10656M) 118.709ms
[7.282s][info][gc] GC(14) Pause Young (Normal) (G1 Evacuation Pause) 1676M->1330M(10656M) 130.547ms
[7.812s][info][gc] GC(15) Pause Young (Normal) (G1 Evacuation Pause) 1794M->1448M(10656M) 135.141ms
[8.355s][info][gc] GC(16) Pause Young (Normal) (G1 Evacuation Pause) 1912M->1566M(14168M) 168.077ms
[9.147s][info][gc] GC(17) Pause Young (Normal) (G1 Evacuation Pause) 2206M->1724M(14168M) 197.427ms
Start benchmark
[10.273s][info][gc] GC(18) Pause Young (Normal) (G1 Evacuation Pause) 2392M->1940M(14168M) 216.262ms
[11.000s][info][gc] GC(19) Pause Young (Normal) (G1 Evacuation Pause) 2556M->2048M(14168M) 164.614ms
[11.531s][info][gc] GC(20) Pause Young (Normal) (G1 Evacuation Pause) 2664M->2154M(16696M) 137.739ms
[12.233s][info][gc] GC(21) Pause Young (Normal) (G1 Evacuation Pause) 2894M->2282M(16696M) 156.257ms
[12.902s][info][gc] GC(22) Pause Young (Normal) (G1 Evacuation Pause) 3010M->2412M(16696M) 164.993ms
[13.529s][info][gc] GC(23) Pause Young (Normal) (G1 Evacuation Pause) 3140M->2538M(16696M) 153.444ms
[14.135s][info][gc] GC(24) Pause Young (Normal) (G1 Evacuation Pause) 3266M->2652M(17688M) 144.847ms
[14.889s][info][gc] GC(25) Pause Young (Normal) (G1 Evacuation Pause) 3492M->2834M(17688M) 171.543ms
[15.504s][info][gc] GC(26) Pause Young (Normal) (G1 Evacuation Pause) 3606M->2940M(17688M) 167.495ms
[16.084s][info][gc] GC(27) Pause Young (Normal) (G1 Evacuation Pause) 3716M->3046M(17688M) 143.576ms
[16.669s][info][gc] GC(28) Pause Young (Normal) (G1 Evacuation Pause) 3818M->3139M(18364M) 131.210ms
[17.299s][info][gc] GC(29) Pause Young (Normal) (G1 Evacuation Pause) 3959M->3251M(18364M) 133.731ms
[17.975s][info][gc] GC(30) Pause Young (Normal) (G1 Evacuation Pause) 4195M->3363M(18364M) 144.716ms
[18.713s][info][gc] GC(31) Pause Young (Normal) (G1 Evacuation Pause) 4399M->3490M(18364M) 161.116ms
[19.419s][info][gc] GC(32) Pause Young (Normal) (G1 Evacuation Pause) 4502M->3611M(18872M) 157.239ms
[20.165s][info][gc] GC(33) Pause Young (Normal) (G1 Evacuation Pause) 4647M->3737M(18872M) 159.222ms
[20.902s][info][gc] GC(34) Pause Young (Normal) (G1 Evacuation Pause) 4825M->3846M(18872M) 156.171ms
[22.008s][info][gc] GC(35) Pause Young (Normal) (G1 Evacuation Pause) 5622M->4024M(18872M) 194.927ms
[22.804s][info][gc] GC(36) Pause Young (Normal) (G1 Evacuation Pause) 5136M->4137M(19308M) 212.019ms
[23.522s][info][gc] GC(37) Pause Young (Normal) (G1 Evacuation Pause) 5225M->4254M(19308M) 145.775ms
[24.288s][info][gc] GC(38) Pause Young (Normal) (G1 Evacuation Pause) 5514M->4374M(19308M) 149.040ms
[25.066s][info][gc] GC(39) Pause Young (Normal) (G1 Evacuation Pause) 5642M->4491M(19308M) 168.318ms
[25.929s][info][gc] GC(40) Pause Young (Normal) (G1 Evacuation Pause) 5939M->4623M(19592M) 187.543ms
[26.539s][info][gc] GC(41) Pause Young (Normal) (G1 Evacuation Pause) 5467M->4704M(19592M) 193.157ms
[27.106s][info][gc] GC(42) Pause Young (Normal) (G1 Evacuation Pause) 5620M->4782M(19592M) 127.043ms
[27.839s][info][gc] GC(43) Pause Young (Normal) (G1 Evacuation Pause) 6062M->4875M(19592M) 150.875ms
[28.498s][info][gc] GC(44) Pause Young (Normal) (G1 Evacuation Pause) 5943M->4964M(19792M) 171.409ms
[29.218s][info][gc] GC(45) Pause Young (Normal) (G1 Evacuation Pause) 5852M->5042M(19792M) 146.013ms
[29.934s][info][gc] GC(46) Pause Young (Normal) (G1 Evacuation Pause) 6318M->5139M(19792M) 144.493ms
[30.640s][info][gc] GC(47) Pause Young (Normal) (G1 Evacuation Pause) 6287M->5228M(19792M) 196.772ms
[31.201s][info][gc] GC(48) Pause Young (Normal) (G1 Evacuation Pause) 6120M->5306M(19964M) 165.959ms
[31.752s][info][gc] GC(49) Pause Young (Normal) (G1 Evacuation Pause) 6218M->5376M(19964M) 150.968ms
[32.320s][info][gc] GC(50) Pause Young (Normal) (G1 Evacuation Pause) 6312M->5443M(19964M) 174.028ms
[32.900s][info][gc] GC(51) Pause Young (Normal) (G1 Evacuation Pause) 6311M->5516M(19964M) 206.608ms
[33.434s][info][gc] GC(52) Pause Young (Normal) (G1 Evacuation Pause) 6436M->5583M(20120M) 144.773ms
[34.004s][info][gc] GC(53) Pause Young (Normal) (G1 Evacuation Pause) 6515M->5657M(20120M) 174.784ms
[34.582s][info][gc] GC(54) Pause Young (Normal) (G1 Evacuation Pause) 6585M->5727M(20120M) 189.144ms
[35.148s][info][gc] GC(55) Pause Young (Normal) (G1 Evacuation Pause) 6655M->5796M(20120M) 171.766ms
[35.713s][info][gc] GC(56) Pause Young (Normal) (G1 Evacuation Pause) 6728M->5864M(20236M) 179.630ms
[36.752s][info][gc] GC(57) Pause Young (Normal) (G1 Evacuation Pause) 6908M->6044M(20236M) 192.710ms
[37.663s][info][gc] GC(58) Pause Young (Normal) (G1 Evacuation Pause) 6924M->6134M(20236M) 218.155ms
[38.542s][info][gc] GC(59) Pause Young (Normal) (G1 Evacuation Pause) 7050M->6205M(20236M) 145.877ms
[39.420s][info][gc] GC(60) Pause Young (Normal) (G1 Evacuation Pause) 7133M->6292M(20320M) 162.816ms
End benchmark
benchmarkAvgTime : 36059
nbThread : 16
[1.037s][info][gc] GC(0) Pause Young (Normal) (G1 Evacuation Pause) 280M->145M(5128M) 59.539ms
[1.621s][info][gc] GC(1) Pause Young (Normal) (G1 Evacuation Pause) 369M->178M(5128M) 41.197ms
[2.233s][info][gc] GC(2) Pause Young (Normal) (G1 Evacuation Pause) 406M->186M(5128M) 13.946ms
[2.912s][info][gc] GC(3) Pause Young (Normal) (G1 Evacuation Pause) 434M->184M(5128M) 3.949ms
[3.585s][info][gc] GC(4) Pause Young (Normal) (G1 Evacuation Pause) 432M->184M(5128M) 3.890ms
[4.259s][info][gc] GC(5) Pause Young (Normal) (G1 Evacuation Pause) 432M->183M(5128M) 3.819ms
[4.941s][info][gc] GC(6) Pause Young (Normal) (G1 Evacuation Pause) 435M->183M(5128M) 3.793ms
[5.503s][info][gc] GC(7) Pause Young (Normal) (G1 Evacuation Pause) 435M->265M(5128M) 32.853ms
[5.673s][info][gc] GC(8) Pause Young (Normal) (G1 Evacuation Pause) 501M->432M(5128M) 67.088ms
[5.875s][info][gc] GC(9) Pause Young (Normal) (G1 Evacuation Pause) 656M->600M(7228M) 91.796ms
[6.338s][info][gc] GC(10) Pause Young (Normal) (G1 Evacuation Pause) 928M->732M(7228M) 86.510ms
[6.569s][info][gc] GC(11) Pause Young (Normal) (G1 Evacuation Pause) 1044M->820M(7228M) 64.114ms
[6.820s][info][gc] GC(12) Pause Young (Normal) (G1 Evacuation Pause) 1132M->900M(7228M) 68.764ms
[7.104s][info][gc] GC(13) Pause Young (Normal) (G1 Evacuation Pause) 1212M->980M(9880M) 83.054ms
[7.565s][info][gc] GC(14) Pause Young (Normal) (G1 Evacuation Pause) 1424M->1092M(9880M) 104.296ms
[8.009s][info][gc] GC(15) Pause Young (Normal) (G1 Evacuation Pause) 1520M->1200M(9880M) 118.994ms
[8.443s][info][gc] GC(16) Pause Young (Normal) (G1 Evacuation Pause) 1628M->1308M(9880M) 133.168ms
[8.928s][info][gc] GC(17) Pause Young (Normal) (G1 Evacuation Pause) 1736M->1416M(13376M) 150.556ms
[9.700s][info][gc] GC(18) Pause Young (Normal) (G1 Evacuation Pause) 2020M->1563M(13376M) 175.670ms
[10.349s][info][gc] GC(19) Pause Young (Normal) (G1 Evacuation Pause) 2147M->1708M(13376M) 197.116ms
Start benchmark
[11.439s][info][gc] GC(20) Pause Young (Normal) (G1 Evacuation Pause) 2352M->1938M(13376M) 213.315ms
[12.087s][info][gc] GC(21) Pause Young (Normal) (G1 Evacuation Pause) 2522M->2040M(16220M) 166.054ms
[12.834s][info][gc] GC(22) Pause Young (Normal) (G1 Evacuation Pause) 2764M->2172M(16220M) 152.073ms
[13.488s][info][gc] GC(23) Pause Young (Normal) (G1 Evacuation Pause) 2876M->2300M(16220M) 166.686ms
[14.096s][info][gc] GC(24) Pause Young (Normal) (G1 Evacuation Pause) 3004M->2430M(16220M) 154.869ms
[14.738s][info][gc] GC(25) Pause Young (Normal) (G1 Evacuation Pause) 3134M->2548M(17464M) 150.978ms
[15.435s][info][gc] GC(26) Pause Young (Normal) (G1 Evacuation Pause) 3316M->2668M(17464M) 152.620ms
[16.134s][info][gc] GC(27) Pause Young (Normal) (G1 Evacuation Pause) 3488M->2846M(17464M) 166.641ms
[16.745s][info][gc] GC(28) Pause Young (Normal) (G1 Evacuation Pause) 3606M->2956M(17464M) 158.226ms
[17.328s][info][gc] GC(29) Pause Young (Normal) (G1 Evacuation Pause) 3716M->3063M(18196M) 138.991ms
[17.980s][info][gc] GC(30) Pause Young (Normal) (G1 Evacuation Pause) 3863M->3166M(18196M) 135.172ms
[18.617s][info][gc] GC(31) Pause Young (Normal) (G1 Evacuation Pause) 4030M->3266M(18196M) 132.633ms
[19.399s][info][gc] GC(32) Pause Young (Normal) (G1 Evacuation Pause) 4378M->3398M(18196M) 156.703ms
[20.163s][info][gc] GC(33) Pause Young (Normal) (G1 Evacuation Pause) 4486M->3523M(18712M) 167.659ms
[20.941s][info][gc] GC(34) Pause Young (Normal) (G1 Evacuation Pause) 4575M->3647M(18712M) 164.585ms
[21.759s][info][gc] GC(35) Pause Young (Normal) (G1 Evacuation Pause) 4843M->3780M(18712M) 164.381ms
[22.575s][info][gc] GC(36) Pause Young (Normal) (G1 Evacuation Pause) 5000M->3911M(18712M) 172.844ms
[23.708s][info][gc] GC(37) Pause Young (Normal) (G1 Evacuation Pause) 5747M->4100M(19180M) 215.381ms
[24.521s][info][gc] GC(38) Pause Young (Normal) (G1 Evacuation Pause) 5264M->4228M(19180M) 191.878ms
[25.277s][info][gc] GC(39) Pause Young (Normal) (G1 Evacuation Pause) 5392M->4334M(19180M) 152.240ms
[26.150s][info][gc] GC(40) Pause Young (Normal) (G1 Evacuation Pause) 5794M->4460M(19180M) 151.028ms
[26.720s][info][gc] GC(41) Pause Young (Normal) (G1 Evacuation Pause) 5292M->4540M(19500M) 167.243ms
[27.992s][info][gc] GC(42) Pause Young (Normal) (G1 Evacuation Pause) 6528M->4705M(19500M) 176.776ms
[28.789s][info][gc] GC(43) Pause Young (Normal) (G1 Evacuation Pause) 5921M->4807M(19500M) 218.968ms
[29.559s][info][gc] GC(44) Pause Young (Normal) (G1 Evacuation Pause) 6107M->4924M(19500M) 167.301ms
[30.127s][info][gc] GC(45) Pause Young (Normal) (G1 Evacuation Pause) 5780M->5000M(19728M) 170.139ms
[30.686s][info][gc] GC(46) Pause Young (Normal) (G1 Evacuation Pause) 5904M->5067M(19728M) 136.506ms
[31.231s][info][gc] GC(47) Pause Young (Normal) (G1 Evacuation Pause) 5979M->5133M(19728M) 145.624ms
[31.791s][info][gc] GC(48) Pause Young (Normal) (G1 Evacuation Pause) 5993M->5206M(19728M) 175.505ms
[32.324s][info][gc] GC(49) Pause Young (Normal) (G1 Evacuation Pause) 6114M->5273M(19888M) 136.181ms
[32.912s][info][gc] GC(50) Pause Young (Normal) (G1 Evacuation Pause) 6189M->5341M(19888M) 176.301ms
[33.493s][info][gc] GC(51) Pause Young (Normal) (G1 Evacuation Pause) 6257M->5409M(19888M) 182.158ms
[34.049s][info][gc] GC(52) Pause Young (Normal) (G1 Evacuation Pause) 6329M->5481M(19888M) 159.930ms
[34.612s][info][gc] GC(53) Pause Young (Normal) (G1 Evacuation Pause) 6397M->5551M(20052M) 172.136ms
[35.195s][info][gc] GC(54) Pause Young (Normal) (G1 Evacuation Pause) 6479M->5623M(20052M) 176.660ms
[35.755s][info][gc] GC(55) Pause Young (Normal) (G1 Evacuation Pause) 6547M->5691M(20052M) 168.112ms
[36.312s][info][gc] GC(56) Pause Young (Normal) (G1 Evacuation Pause) 6619M->5757M(20052M) 162.390ms
[36.857s][info][gc] GC(57) Pause Young (Normal) (G1 Evacuation Pause) 6689M->5819M(20200M) 157.046ms
[37.899s][info][gc] GC(58) Pause Young (Normal) (G1 Evacuation Pause) 6807M->5991M(20200M) 205.075ms
[38.725s][info][gc] GC(59) Pause Young (Normal) (G1 Evacuation Pause) 6927M->6066M(20200M) 206.421ms
[39.515s][info][gc] GC(60) Pause Young (Normal) (G1 Evacuation Pause) 6946M->6148M(20200M) 225.419ms
[40.265s][info][gc] GC(61) Pause Young (Normal) (G1 Evacuation Pause) 7072M->6230M(20304M) 139.012ms
[41.015s][info][gc] GC(62) Pause Young (Normal) (G1 Evacuation Pause) 7154M->6309M(20304M) 157.338ms
End benchmark
benchmarkAvgTime : 36077
nbThread : 16
[1.032s][info][gc] GC(0) Pause Young (Normal) (G1 Evacuation Pause) 280M->145M(5128M) 63.236ms
[1.601s][info][gc] GC(1) Pause Young (Normal) (G1 Evacuation Pause) 369M->179M(5128M) 42.492ms
[2.186s][info][gc] GC(2) Pause Young (Normal) (G1 Evacuation Pause) 403M->186M(5128M) 13.097ms
[2.848s][info][gc] GC(3) Pause Young (Normal) (G1 Evacuation Pause) 434M->183M(5128M) 3.380ms
[3.515s][info][gc] GC(4) Pause Young (Normal) (G1 Evacuation Pause) 435M->183M(5128M) 3.659ms
[4.182s][info][gc] GC(5) Pause Young (Normal) (G1 Evacuation Pause) 435M->183M(5128M) 3.733ms
[4.624s][info][gc] GC(6) Pause Young (Normal) (G1 Evacuation Pause) 447M->298M(5128M) 34.619ms
[4.767s][info][gc] GC(7) Pause Young (Normal) (G1 Evacuation Pause) 522M->456M(5128M) 69.197ms
[4.966s][info][gc] GC(8) Pause Young (Normal) (G1 Evacuation Pause) 680M->624M(7528M) 96.781ms
[5.434s][info][gc] GC(9) Pause Young (Normal) (G1 Evacuation Pause) 968M->743M(7528M) 80.011ms
[5.656s][info][gc] GC(10) Pause Young (Normal) (G1 Evacuation Pause) 1071M->823M(7528M) 60.559ms
[5.906s][info][gc] GC(11) Pause Young (Normal) (G1 Evacuation Pause) 1151M->900M(7528M) 64.297ms
[6.188s][info][gc] GC(12) Pause Young (Normal) (G1 Evacuation Pause) 1228M->976M(10120M) 81.441ms
[6.630s][info][gc] GC(13) Pause Young (Normal) (G1 Evacuation Pause) 1432M->1078M(10120M) 98.396ms
[7.023s][info][gc] GC(14) Pause Young (Normal) (G1 Evacuation Pause) 1518M->1180M(10120M) 114.123ms
[7.472s][info][gc] GC(15) Pause Young (Normal) (G1 Evacuation Pause) 1620M->1280M(10120M) 116.032ms
[7.936s][info][gc] GC(16) Pause Young (Normal) (G1 Evacuation Pause) 1720M->1382M(13456M) 136.451ms
[8.633s][info][gc] GC(17) Pause Young (Normal) (G1 Evacuation Pause) 1990M->1519M(13456M) 156.466ms
[9.286s][info][gc] GC(18) Pause Young (Normal) (G1 Evacuation Pause) 2107M->1652M(13456M) 178.762ms
[10.122s][info][gc] GC(19) Pause Young (Normal) (G1 Evacuation Pause) 2240M->1784M(13456M) 164.780ms
Start benchmark
[11.198s][info][gc] GC(20) Pause Young (Normal) (G1 Evacuation Pause) 2432M->1996M(16268M) 201.526ms
[11.920s][info][gc] GC(21) Pause Young (Normal) (G1 Evacuation Pause) 2724M->2126M(16268M) 148.546ms
[12.553s][info][gc] GC(22) Pause Young (Normal) (G1 Evacuation Pause) 2834M->2250M(16268M) 151.073ms
[13.220s][info][gc] GC(23) Pause Young (Normal) (G1 Evacuation Pause) 2958M->2380M(16268M) 160.603ms
[13.904s][info][gc] GC(24) Pause Young (Normal) (G1 Evacuation Pause) 3088M->2506M(17552M) 162.631ms
[14.636s][info][gc] GC(25) Pause Young (Normal) (G1 Evacuation Pause) 3278M->2636M(17552M) 168.416ms
[15.325s][info][gc] GC(26) Pause Young (Normal) (G1 Evacuation Pause) 3460M->2816M(17552M) 170.666ms
[15.944s][info][gc] GC(27) Pause Young (Normal) (G1 Evacuation Pause) 3580M->2931M(17552M) 160.097ms
[16.544s][info][gc] GC(28) Pause Young (Normal) (G1 Evacuation Pause) 3695M->3037M(18284M) 142.279ms
[17.190s][info][gc] GC(29) Pause Young (Normal) (G1 Evacuation Pause) 3837M->3144M(18284M) 136.962ms
[17.782s][info][gc] GC(30) Pause Young (Normal) (G1 Evacuation Pause) 3944M->3246M(18284M) 136.839ms
[18.540s][info][gc] GC(31) Pause Young (Normal) (G1 Evacuation Pause) 4302M->3367M(18284M) 148.163ms
[19.243s][info][gc] GC(32) Pause Young (Normal) (G1 Evacuation Pause) 4339M->3483M(18764M) 156.120ms
[19.953s][info][gc] GC(33) Pause Young (Normal) (G1 Evacuation Pause) 4463M->3604M(18764M) 154.120ms
[20.815s][info][gc] GC(34) Pause Young (Normal) (G1 Evacuation Pause) 4676M->3732M(18764M) 160.585ms
[21.915s][info][gc] GC(35) Pause Young (Normal) (G1 Evacuation Pause) 5440M->3927M(18764M) 207.389ms
[22.671s][info][gc] GC(36) Pause Young (Normal) (G1 Evacuation Pause) 4999M->4054M(19228M) 190.988ms
[23.355s][info][gc] GC(37) Pause Young (Normal) (G1 Evacuation Pause) 5042M->4156M(19228M) 148.818ms
[24.174s][info][gc] GC(38) Pause Young (Normal) (G1 Evacuation Pause) 5476M->4294M(19228M) 157.452ms
[25.066s][info][gc] GC(39) Pause Young (Normal) (G1 Evacuation Pause) 5730M->4436M(19228M) 171.117ms
[25.964s][info][gc] GC(40) Pause Young (Normal) (G1 Evacuation Pause) 5884M->4560M(19528M) 180.175ms
[26.935s][info][gc] GC(41) Pause Young (Normal) (G1 Evacuation Pause) 6160M->4702M(19528M) 179.795ms
[27.776s][info][gc] GC(42) Pause Young (Normal) (G1 Evacuation Pause) 6074M->4816M(19528M) 184.270ms
[28.679s][info][gc] GC(43) Pause Young (Normal) (G1 Evacuation Pause) 6356M->4944M(19528M) 180.721ms
[29.281s][info][gc] GC(44) Pause Young (Normal) (G1 Evacuation Pause) 5784M->5019M(19748M) 204.526ms
[29.849s][info][gc] GC(45) Pause Young (Normal) (G1 Evacuation Pause) 5923M->5098M(19748M) 138.512ms
[30.410s][info][gc] GC(46) Pause Young (Normal) (G1 Evacuation Pause) 6002M->5173M(19748M) 158.438ms
[30.970s][info][gc] GC(47) Pause Young (Normal) (G1 Evacuation Pause) 6077M->5246M(19748M) 161.600ms
[31.600s][info][gc] GC(48) Pause Young (Normal) (G1 Evacuation Pause) 6274M->5315M(19912M) 169.313ms
[32.188s][info][gc] GC(49) Pause Young (Normal) (G1 Evacuation Pause) 6167M->5378M(19912M) 185.176ms
[32.750s][info][gc] GC(50) Pause Young (Normal) (G1 Evacuation Pause) 6302M->5442M(19912M) 150.777ms
[33.366s][info][gc] GC(51) Pause Young (Normal) (G1 Evacuation Pause) 6334M->5514M(19912M) 210.663ms
[33.923s][info][gc] GC(52) Pause Young (Normal) (G1 Evacuation Pause) 6430M->5580M(20076M) 149.578ms
[34.514s][info][gc] GC(53) Pause Young (Normal) (G1 Evacuation Pause) 6508M->5638M(20076M) 174.316ms
[35.096s][info][gc] GC(54) Pause Young (Normal) (G1 Evacuation Pause) 6510M->5701M(20076M) 191.524ms
[35.666s][info][gc] GC(55) Pause Young (Normal) (G1 Evacuation Pause) 6573M->5776M(20076M) 178.356ms
[36.220s][info][gc] GC(56) Pause Young (Normal) (G1 Evacuation Pause) 6696M->5836M(20212M) 146.010ms
[37.392s][info][gc] GC(57) Pause Young (Normal) (G1 Evacuation Pause) 6884M->6012M(20212M) 244.418ms
[38.234s][info][gc] GC(58) Pause Young (Normal) (G1 Evacuation Pause) 6892M->6094M(20212M) 243.050ms
[39.034s][info][gc] GC(59) Pause Young (Normal) (G1 Evacuation Pause) 7018M->6164M(20212M) 174.201ms
[39.798s][info][gc] GC(60) Pause Young (Normal) (G1 Evacuation Pause) 7096M->6235M(20308M) 184.523ms
End benchmark
[42.187s][info][gc] GC(61) Pause Young (Normal) (G1 Evacuation Pause) 7175M->6305M(20308M) 198.699ms
benchmarkAvgTime : 36254
nbThread : 16
[1.041s][info][gc] GC(0) Pause Young (Normal) (G1 Evacuation Pause) 280M->145M(5128M) 63.508ms
[1.615s][info][gc] GC(1) Pause Young (Normal) (G1 Evacuation Pause) 369M->181M(5128M) 41.373ms
[2.228s][info][gc] GC(2) Pause Young (Normal) (G1 Evacuation Pause) 409M->188M(5128M) 13.240ms
[2.906s][info][gc] GC(3) Pause Young (Normal) (G1 Evacuation Pause) 436M->187M(5128M) 3.606ms
[3.579s][info][gc] GC(4) Pause Young (Normal) (G1 Evacuation Pause) 435M->186M(5128M) 4.558ms
[4.289s][info][gc] GC(5) Pause Young (Normal) (G1 Evacuation Pause) 438M->220M(5128M) 14.591ms
[4.514s][info][gc] GC(6) Pause Young (Normal) (G1 Evacuation Pause) 456M->379M(5128M) 58.780ms
[4.694s][info][gc] GC(7) Pause Young (Normal) (G1 Evacuation Pause) 603M->548M(5128M) 78.863ms
[5.021s][info][gc] GC(8) Pause Young (Normal) (G1 Evacuation Pause) 772M->690M(8148M) 94.034ms
[5.326s][info][gc] GC(9) Pause Young (Normal) (G1 Evacuation Pause) 1062M->782M(8148M) 61.326ms
[5.570s][info][gc] GC(10) Pause Young (Normal) (G1 Evacuation Pause) 1134M->864M(8148M) 67.450ms
[5.849s][info][gc] GC(11) Pause Young (Normal) (G1 Evacuation Pause) 1216M->945M(8148M) 74.992ms
[6.158s][info][gc] GC(12) Pause Young (Normal) (G1 Evacuation Pause) 1297M->1027M(10616M) 88.284ms
[6.632s][info][gc] GC(13) Pause Young (Normal) (G1 Evacuation Pause) 1503M->1132M(10616M) 114.701ms
[7.070s][info][gc] GC(14) Pause Young (Normal) (G1 Evacuation Pause) 1592M->1236M(10616M) 126.031ms
[7.523s][info][gc] GC(15) Pause Young (Normal) (G1 Evacuation Pause) 1696M->1342M(10616M) 133.976ms
[8.040s][info][gc] GC(16) Pause Young (Normal) (G1 Evacuation Pause) 1802M->1447M(14316M) 142.790ms
[8.781s][info][gc] GC(17) Pause Young (Normal) (G1 Evacuation Pause) 2091M->1591M(14316M) 186.081ms
[9.465s][info][gc] GC(18) Pause Young (Normal) (G1 Evacuation Pause) 2211M->1728M(14316M) 196.168ms
Start benchmark
[10.847s][info][gc] GC(19) Pause Young (Normal) (G1 Evacuation Pause) 2408M->1956M(14316M) 223.526ms
[11.641s][info][gc] GC(20) Pause Young (Normal) (G1 Evacuation Pause) 2576M->2068M(16784M) 168.478ms
[12.428s][info][gc] GC(21) Pause Young (Normal) (G1 Evacuation Pause) 2812M->2200M(16784M) 151.408ms
[13.116s][info][gc] GC(22) Pause Young (Normal) (G1 Evacuation Pause) 2928M->2331M(16784M) 171.399ms
[13.794s][info][gc] GC(23) Pause Young (Normal) (G1 Evacuation Pause) 3059M->2464M(16784M) 172.526ms
[14.437s][info][gc] GC(24) Pause Young (Normal) (G1 Evacuation Pause) 3192M->2592M(17796M) 155.572ms
[15.211s][info][gc] GC(25) Pause Young (Normal) (G1 Evacuation Pause) 3432M->2772M(17796M) 173.429ms
[15.846s][info][gc] GC(26) Pause Young (Normal) (G1 Evacuation Pause) 3548M->2884M(17796M) 161.250ms
[16.450s][info][gc] GC(27) Pause Young (Normal) (G1 Evacuation Pause) 3660M->2991M(17796M) 142.635ms
[17.040s][info][gc] GC(28) Pause Young (Normal) (G1 Evacuation Pause) 3767M->3100M(18388M) 143.408ms
[17.695s][info][gc] GC(29) Pause Young (Normal) (G1 Evacuation Pause) 3904M->3202M(18388M) 134.799ms
[18.289s][info][gc] GC(30) Pause Young (Normal) (G1 Evacuation Pause) 4034M->3310M(18388M) 138.100ms
[18.974s][info][gc] GC(31) Pause Young (Normal) (G1 Evacuation Pause) 4286M->3430M(18388M) 150.336ms
[19.910s][info][gc] GC(32) Pause Young (Normal) (G1 Evacuation Pause) 4750M->3581M(18844M) 177.572ms
[20.669s][info][gc] GC(33) Pause Young (Normal) (G1 Evacuation Pause) 4565M->3688M(18844M) 176.114ms
[21.388s][info][gc] GC(34) Pause Young (Normal) (G1 Evacuation Pause) 4728M->3818M(18844M) 160.847ms
[22.074s][info][gc] GC(35) Pause Young (Normal) (G1 Evacuation Pause) 4818M->3930M(18844M) 152.058ms
[22.859s][info][gc] GC(36) Pause Young (Normal) (G1 Evacuation Pause) 5122M->4061M(19280M) 158.139ms
[23.894s][info][gc] GC(37) Pause Young (Normal) (G1 Evacuation Pause) 5465M->4210M(19280M) 173.445ms
[24.761s][info][gc] GC(38) Pause Young (Normal) (G1 Evacuation Pause) 5562M->4330M(19280M) 171.778ms
[25.662s][info][gc] GC(39) Pause Young (Normal) (G1 Evacuation Pause) 5810M->4460M(19280M) 168.268ms
[26.479s][info][gc] GC(40) Pause Young (Normal) (G1 Evacuation Pause) 5788M->4572M(19568M) 170.776ms
[27.386s][info][gc] GC(41) Pause Young (Normal) (G1 Evacuation Pause) 6116M->4690M(19568M) 170.385ms
[28.029s][info][gc] GC(42) Pause Young (Normal) (G1 Evacuation Pause) 5594M->4779M(19568M) 211.789ms
[28.677s][info][gc] GC(43) Pause Young (Normal) (G1 Evacuation Pause) 5843M->4857M(19568M) 143.831ms
[29.252s][info][gc] GC(44) Pause Young (Normal) (G1 Evacuation Pause) 5749M->4939M(19776M) 160.514ms
[29.828s][info][gc] GC(45) Pause Young (Normal) (G1 Evacuation Pause) 5843M->5009M(19776M) 144.832ms
[30.389s][info][gc] GC(46) Pause Young (Normal) (G1 Evacuation Pause) 5921M->5078M(19776M) 149.377ms
[30.948s][info][gc] GC(47) Pause Young (Normal) (G1 Evacuation Pause) 5994M->5153M(19776M) 149.775ms
[31.507s][info][gc] GC(48) Pause Young (Normal) (G1 Evacuation Pause) 6061M->5226M(19928M) 164.483ms
[32.080s][info][gc] GC(49) Pause Young (Normal) (G1 Evacuation Pause) 6146M->5302M(19928M) 164.076ms
[32.647s][info][gc] GC(50) Pause Young (Normal) (G1 Evacuation Pause) 6218M->5369M(19928M) 169.400ms
[33.261s][info][gc] GC(51) Pause Young (Normal) (G1 Evacuation Pause) 6429M->5441M(19928M) 154.438ms
[33.872s][info][gc] GC(52) Pause Young (Normal) (G1 Evacuation Pause) 6345M->5508M(20088M) 216.359ms
[34.447s][info][gc] GC(53) Pause Young (Normal) (G1 Evacuation Pause) 6436M->5574M(20088M) 170.819ms
[35.019s][info][gc] GC(54) Pause Young (Normal) (G1 Evacuation Pause) 6450M->5647M(20088M) 184.597ms
[35.561s][info][gc] GC(55) Pause Young (Normal) (G1 Evacuation Pause) 6575M->5714M(20088M) 145.897ms
[36.132s][info][gc] GC(56) Pause Young (Normal) (G1 Evacuation Pause) 6646M->5782M(20228M) 174.323ms
[37.344s][info][gc] GC(57) Pause Young (Normal) (G1 Evacuation Pause) 6826M->5972M(20228M) 207.190ms
[38.335s][info][gc] GC(58) Pause Young (Normal) (G1 Evacuation Pause) 6896M->6062M(20228M) 202.228ms
[39.141s][info][gc] GC(59) Pause Young (Normal) (G1 Evacuation Pause) 6974M->6143M(20228M) 182.310ms
[39.933s][info][gc] GC(60) Pause Young (Normal) (G1 Evacuation Pause) 7063M->6224M(20316M) 170.246ms
End benchmark
benchmarkAvgTime : 36229
nbThread : 16
[1.022s][info][gc] GC(0) Pause Young (Normal) (G1 Evacuation Pause) 280M->145M(5128M) 60.771ms
[1.595s][info][gc] GC(1) Pause Young (Normal) (G1 Evacuation Pause) 369M->183M(5128M) 43.943ms
[2.199s][info][gc] GC(2) Pause Young (Normal) (G1 Evacuation Pause) 411M->190M(5128M) 13.729ms
[2.868s][info][gc] GC(3) Pause Young (Normal) (G1 Evacuation Pause) 438M->188M(5128M) 3.996ms
[3.531s][info][gc] GC(4) Pause Young (Normal) (G1 Evacuation Pause) 436M->188M(5128M) 3.864ms
[4.203s][info][gc] GC(5) Pause Young (Normal) (G1 Evacuation Pause) 440M->188M(5128M) 3.975ms
[4.503s][info][gc] GC(6) Pause Young (Normal) (G1 Evacuation Pause) 452M->342M(5128M) 46.436ms
[4.660s][info][gc] GC(7) Pause Young (Normal) (G1 Evacuation Pause) 566M->507M(5128M) 71.622ms
[4.862s][info][gc] GC(8) Pause Young (Normal) (G1 Evacuation Pause) 731M->676M(7844M) 90.405ms
[5.320s][info][gc] GC(9) Pause Young (Normal) (G1 Evacuation Pause) 1036M->771M(7844M) 61.949ms
[5.565s][info][gc] GC(10) Pause Young (Normal) (G1 Evacuation Pause) 1111M->859M(7844M) 67.910ms
[5.846s][info][gc] GC(11) Pause Young (Normal) (G1 Evacuation Pause) 1199M->947M(7844M) 73.921ms
[6.170s][info][gc] GC(12) Pause Young (Normal) (G1 Evacuation Pause) 1287M->1035M(10372M) 91.087ms
[6.666s][info][gc] GC(13) Pause Young (Normal) (G1 Evacuation Pause) 1499M->1152M(10372M) 111.572ms
[7.125s][info][gc] GC(14) Pause Young (Normal) (G1 Evacuation Pause) 1600M->1266M(10372M) 130.465ms
[7.603s][info][gc] GC(15) Pause Young (Normal) (G1 Evacuation Pause) 1714M->1376M(10372M) 140.091ms
[8.138s][info][gc] GC(16) Pause Young (Normal) (G1 Evacuation Pause) 1824M->1488M(14132M) 162.999ms
[8.900s][info][gc] GC(17) Pause Young (Normal) (G1 Evacuation Pause) 2124M->1648M(14132M) 195.955ms
Start benchmark
[10.004s][info][gc] GC(18) Pause Young (Normal) (G1 Evacuation Pause) 2288M->1858M(14132M) 200.610ms
[11.036s][info][gc] GC(19) Pause Young (Normal) (G1 Evacuation Pause) 2510M->2018M(14132M) 171.384ms
[11.738s][info][gc] GC(20) Pause Young (Normal) (G1 Evacuation Pause) 2634M->2128M(16672M) 138.325ms
[12.482s][info][gc] GC(21) Pause Young (Normal) (G1 Evacuation Pause) 2872M->2256M(16672M) 150.850ms
[13.159s][info][gc] GC(22) Pause Young (Normal) (G1 Evacuation Pause) 2984M->2382M(16672M) 164.092ms
[13.807s][info][gc] GC(23) Pause Young (Normal) (G1 Evacuation Pause) 3110M->2512M(16672M) 155.344ms
[14.441s][info][gc] GC(24) Pause Young (Normal) (G1 Evacuation Pause) 3240M->2638M(17600M) 153.293ms
[15.192s][info][gc] GC(25) Pause Young (Normal) (G1 Evacuation Pause) 3474M->2816M(17600M) 162.987ms
[15.828s][info][gc] GC(26) Pause Young (Normal) (G1 Evacuation Pause) 3584M->2928M(17600M) 159.833ms
[16.446s][info][gc] GC(27) Pause Young (Normal) (G1 Evacuation Pause) 3696M->3028M(17600M) 139.742ms
[17.043s][info][gc] GC(28) Pause Young (Normal) (G1 Evacuation Pause) 3800M->3131M(18224M) 136.996ms
[17.675s][info][gc] GC(29) Pause Young (Normal) (G1 Evacuation Pause) 3931M->3238M(18224M) 137.352ms
[18.753s][info][gc] GC(30) Pause Young (Normal) (G1 Evacuation Pause) 4814M->3396M(18224M) 179.462ms
[19.399s][info][gc] GC(31) Pause Young (Normal) (G1 Evacuation Pause) 4224M->3508M(18224M) 184.455ms
[19.972s][info][gc] GC(32) Pause Young (Normal) (G1 Evacuation Pause) 4304M->3620M(18792M) 137.017ms
[20.617s][info][gc] GC(33) Pause Young (Normal) (G1 Evacuation Pause) 4496M->3727M(18792M) 132.218ms
[21.283s][info][gc] GC(34) Pause Young (Normal) (G1 Evacuation Pause) 4711M->3836M(18792M) 142.968ms
[21.984s][info][gc] GC(35) Pause Young (Normal) (G1 Evacuation Pause) 4892M->3954M(18792M) 148.318ms
[22.718s][info][gc] GC(36) Pause Young (Normal) (G1 Evacuation Pause) 5054M->4074M(19160M) 162.509ms
[23.506s][info][gc] GC(37) Pause Young (Normal) (G1 Evacuation Pause) 5178M->4187M(19160M) 155.681ms
[24.315s][info][gc] GC(38) Pause Young (Normal) (G1 Evacuation Pause) 5443M->4313M(19160M) 171.146ms
[25.099s][info][gc] GC(39) Pause Young (Normal) (G1 Evacuation Pause) 5517M->4431M(19160M) 180.752ms
[25.792s][info][gc] GC(40) Pause Young (Normal) (G1 Evacuation Pause) 5507M->4527M(19496M) 160.511ms
[26.545s][info][gc] GC(41) Pause Young (Normal) (G1 Evacuation Pause) 5747M->4639M(19496M) 150.403ms
[27.127s][info][gc] GC(42) Pause Young (Normal) (G1 Evacuation Pause) 5495M->4722M(19496M) 166.278ms
[27.898s][info][gc] GC(43) Pause Young (Normal) (G1 Evacuation Pause) 6034M->4820M(19496M) 147.360ms
[28.537s][info][gc] GC(44) Pause Young (Normal) (G1 Evacuation Pause) 5632M->4897M(19728M) 180.863ms
[29.200s][info][gc] GC(45) Pause Young (Normal) (G1 Evacuation Pause) 5973M->4982M(19728M) 139.614ms
[29.887s][info][gc] GC(46) Pause Young (Normal) (G1 Evacuation Pause) 6058M->5067M(19728M) 175.628ms
[30.470s][info][gc] GC(47) Pause Young (Normal) (G1 Evacuation Pause) 5963M->5133M(19728M) 161.475ms
[31.031s][info][gc] GC(48) Pause Young (Normal) (G1 Evacuation Pause) 6045M->5204M(19916M) 155.475ms
[31.613s][info][gc] GC(49) Pause Young (Normal) (G1 Evacuation Pause) 6072M->5279M(19916M) 177.178ms
[32.173s][info][gc] GC(50) Pause Young (Normal) (G1 Evacuation Pause) 6195M->5340M(19916M) 144.834ms
[32.777s][info][gc] GC(51) Pause Young (Normal) (G1 Evacuation Pause) 6292M->5403M(19916M) 182.514ms
[33.377s][info][gc] GC(52) Pause Young (Normal) (G1 Evacuation Pause) 6267M->5461M(20076M) 208.166ms
[33.951s][info][gc] GC(53) Pause Young (Normal) (G1 Evacuation Pause) 6393M->5530M(20076M) 156.439ms
[34.518s][info][gc] GC(54) Pause Young (Normal) (G1 Evacuation Pause) 6402M->5598M(20076M) 178.862ms
[35.065s][info][gc] GC(55) Pause Young (Normal) (G1 Evacuation Pause) 6526M->5658M(20076M) 145.298ms
[35.615s][info][gc] GC(56) Pause Young (Normal) (G1 Evacuation Pause) 6530M->5717M(20208M) 158.471ms
[36.171s][info][gc] GC(57) Pause Young (Normal) (G1 Evacuation Pause) 6661M->5779M(20208M) 136.517ms
[37.127s][info][gc] GC(58) Pause Young (Normal) (G1 Evacuation Pause) 6767M->5952M(20208M) 201.040ms
[38.070s][info][gc] GC(59) Pause Young (Normal) (G1 Evacuation Pause) 6884M->6040M(20208M) 176.047ms
[38.974s][info][gc] GC(60) Pause Young (Normal) (G1 Evacuation Pause) 6956M->6127M(20296M) 185.931ms
[39.879s][info][gc] GC(61) Pause Young (Normal) (G1 Evacuation Pause) 7047M->6217M(20296M) 168.509ms
End benchmark
benchmarkAvgTime : 35873
nbThread : 16
[1.030s][info][gc] GC(0) Pause Young (Normal) (G1 Evacuation Pause) 280M->145M(5128M) 60.036ms
[1.599s][info][gc] GC(1) Pause Young (Normal) (G1 Evacuation Pause) 369M->179M(5128M) 44.524ms
[2.207s][info][gc] GC(2) Pause Young (Normal) (G1 Evacuation Pause) 407M->186M(5128M) 14.123ms
[2.891s][info][gc] GC(3) Pause Young (Normal) (G1 Evacuation Pause) 434M->184M(5128M) 3.365ms
[3.552s][info][gc] GC(4) Pause Young (Normal) (G1 Evacuation Pause) 432M->184M(5128M) 3.695ms
[4.225s][info][gc] GC(5) Pause Young (Normal) (G1 Evacuation Pause) 436M->184M(5128M) 3.789ms
[4.620s][info][gc] GC(6) Pause Young (Normal) (G1 Evacuation Pause) 448M->351M(5128M) 52.973ms
[4.789s][info][gc] GC(7) Pause Young (Normal) (G1 Evacuation Pause) 575M->519M(5128M) 75.866ms
[5.083s][info][gc] GC(8) Pause Young (Normal) (G1 Evacuation Pause) 743M->680M(7948M) 95.384ms
[5.487s][info][gc] GC(9) Pause Young (Normal) (G1 Evacuation Pause) 1044M->768M(7948M) 60.774ms
[5.732s][info][gc] GC(10) Pause Young (Normal) (G1 Evacuation Pause) 1112M->848M(7948M) 69.476ms
[6.004s][info][gc] GC(11) Pause Young (Normal) (G1 Evacuation Pause) 1192M->928M(7948M) 74.120ms
[6.314s][info][gc] GC(12) Pause Young (Normal) (G1 Evacuation Pause) 1272M->1008M(10456M) 93.670ms
[6.772s][info][gc] GC(13) Pause Young (Normal) (G1 Evacuation Pause) 1476M->1114M(10456M) 108.689ms
[7.204s][info][gc] GC(14) Pause Young (Normal) (G1 Evacuation Pause) 1566M->1216M(10456M) 127.774ms
[7.665s][info][gc] GC(15) Pause Young (Normal) (G1 Evacuation Pause) 1668M->1319M(10456M) 137.976ms
[8.161s][info][gc] GC(16) Pause Young (Normal) (G1 Evacuation Pause) 1771M->1423M(14056M) 150.965ms
[8.899s][info][gc] GC(17) Pause Young (Normal) (G1 Evacuation Pause) 2055M->1564M(14056M) 177.408ms
[9.565s][info][gc] GC(18) Pause Young (Normal) (G1 Evacuation Pause) 2176M->1702M(14056M) 193.553ms
Start benchmark
[10.594s][info][gc] GC(19) Pause Young (Normal) (G1 Evacuation Pause) 2374M->1934M(14056M) 208.832ms
[11.379s][info][gc] GC(20) Pause Young (Normal) (G1 Evacuation Pause) 2546M->2054M(16628M) 177.123ms
[12.210s][info][gc] GC(21) Pause Young (Normal) (G1 Evacuation Pause) 2794M->2184M(16628M) 150.947ms
[12.889s][info][gc] GC(22) Pause Young (Normal) (G1 Evacuation Pause) 2908M->2312M(16628M) 166.459ms
[13.585s][info][gc] GC(23) Pause Young (Normal) (G1 Evacuation Pause) 3036M->2444M(16628M) 159.440ms
[14.253s][info][gc] GC(24) Pause Young (Normal) (G1 Evacuation Pause) 3168M->2568M(17744M) 161.983ms
[15.019s][info][gc] GC(25) Pause Young (Normal) (G1 Evacuation Pause) 3408M->2748M(17744M) 174.526ms
[15.656s][info][gc] GC(26) Pause Young (Normal) (G1 Evacuation Pause) 3520M->2863M(17744M) 174.402ms
[16.258s][info][gc] GC(27) Pause Young (Normal) (G1 Evacuation Pause) 3635M->2969M(17744M) 135.840ms
[16.839s][info][gc] GC(28) Pause Young (Normal) (G1 Evacuation Pause) 3745M->3069M(18396M) 136.611ms
[17.477s][info][gc] GC(29) Pause Young (Normal) (G1 Evacuation Pause) 3877M->3167M(18396M) 133.893ms
[18.218s][info][gc] GC(30) Pause Young (Normal) (G1 Evacuation Pause) 4211M->3295M(18396M) 159.837ms
[18.863s][info][gc] GC(31) Pause Young (Normal) (G1 Evacuation Pause) 4167M->3402M(18396M) 158.884ms
[19.516s][info][gc] GC(32) Pause Young (Normal) (G1 Evacuation Pause) 4334M->3513M(18872M) 150.428ms
[20.259s][info][gc] GC(33) Pause Young (Normal) (G1 Evacuation Pause) 4561M->3625M(18872M) 149.396ms
[21.095s][info][gc] GC(34) Pause Young (Normal) (G1 Evacuation Pause) 4893M->3759M(18872M) 163.237ms
[21.884s][info][gc] GC(35) Pause Young (Normal) (G1 Evacuation Pause) 4963M->3888M(18872M) 170.380ms
[22.656s][info][gc] GC(36) Pause Young (Normal) (G1 Evacuation Pause) 5100M->4020M(19284M) 169.374ms
[23.439s][info][gc] GC(37) Pause Young (Normal) (G1 Evacuation Pause) 5212M->4140M(19284M) 156.993ms
[24.354s][info][gc] GC(38) Pause Young (Normal) (G1 Evacuation Pause) 5696M->4280M(19284M) 174.301ms
[25.225s][info][gc] GC(39) Pause Young (Normal) (G1 Evacuation Pause) 5728M->4406M(19284M) 172.767ms
[26.069s][info][gc] GC(40) Pause Young (Normal) (G1 Evacuation Pause) 5874M->4520M(19580M) 165.516ms
[26.916s][info][gc] GC(41) Pause Young (Normal) (G1 Evacuation Pause) 5936M->4648M(19580M) 180.991ms
[27.500s][info][gc] GC(42) Pause Young (Normal) (G1 Evacuation Pause) 5556M->4719M(19580M) 162.616ms
[28.407s][info][gc] GC(43) Pause Young (Normal) (G1 Evacuation Pause) 6399M->4845M(19580M) 163.820ms
[29.052s][info][gc] GC(44) Pause Young (Normal) (G1 Evacuation Pause) 5801M->4916M(19784M) 207.577ms
[29.602s][info][gc] GC(45) Pause Young (Normal) (G1 Evacuation Pause) 5820M->4998M(19784M) 142.900ms
[30.206s][info][gc] GC(46) Pause Young (Normal) (G1 Evacuation Pause) 6034M->5067M(19784M) 158.154ms
[30.827s][info][gc] GC(47) Pause Young (Normal) (G1 Evacuation Pause) 6079M->5151M(19784M) 176.609ms
[31.449s][info][gc] GC(48) Pause Young (Normal) (G1 Evacuation Pause) 6235M->5234M(19952M) 153.753ms
[32.025s][info][gc] GC(49) Pause Young (Normal) (G1 Evacuation Pause) 6154M->5305M(19952M) 171.885ms
[32.630s][info][gc] GC(50) Pause Young (Normal) (G1 Evacuation Pause) 6333M->5365M(19952M) 174.527ms
[33.220s][info][gc] GC(51) Pause Young (Normal) (G1 Evacuation Pause) 6229M->5433M(19952M) 215.705ms
[33.744s][info][gc] GC(52) Pause Young (Normal) (G1 Evacuation Pause) 6353M->5492M(20112M) 139.094ms
[34.303s][info][gc] GC(53) Pause Young (Normal) (G1 Evacuation Pause) 6368M->5548M(20112M) 169.683ms
[34.860s][info][gc] GC(54) Pause Young (Normal) (G1 Evacuation Pause) 6492M->5605M(20112M) 152.722ms
[35.425s][info][gc] GC(55) Pause Young (Normal) (G1 Evacuation Pause) 6489M->5663M(20112M) 178.752ms
[36.190s][info][gc] GC(56) Pause Young (Normal) (G1 Evacuation Pause) 6651M->5834M(20224M) 262.454ms
[36.772s][info][gc] GC(57) Pause Young (Normal) (G1 Evacuation Pause) 6718M->5892M(20224M) 182.607ms
[37.343s][info][gc] GC(58) Pause Young (Normal) (G1 Evacuation Pause) 6776M->5948M(20224M) 179.061ms
[37.858s][info][gc] GC(59) Pause Young (Normal) (G1 Evacuation Pause) 6836M->6006M(20224M) 142.283ms
[38.351s][info][gc] GC(60) Pause Young (Normal) (G1 Evacuation Pause) 6894M->6068M(20320M) 128.565ms
[38.858s][info][gc] GC(61) Pause Young (Normal) (G1 Evacuation Pause) 6960M->6131M(20320M) 124.740ms
[39.355s][info][gc] GC(62) Pause Young (Normal) (G1 Evacuation Pause) 7019M->6192M(20320M) 126.945ms
[39.852s][info][gc] GC(63) Pause Young (Normal) (G1 Evacuation Pause) 7080M->6250M(20320M) 123.472ms
End benchmark
benchmarkAvgTime : 36095
nbThread : 16
[1.019s][info][gc] GC(0) Pause Young (Normal) (G1 Evacuation Pause) 280M->145M(5128M) 58.674ms
[1.587s][info][gc] GC(1) Pause Young (Normal) (G1 Evacuation Pause) 369M->179M(5128M) 42.767ms
[2.189s][info][gc] GC(2) Pause Young (Normal) (G1 Evacuation Pause) 407M->186M(5128M) 13.328ms
[2.860s][info][gc] GC(3) Pause Young (Normal) (G1 Evacuation Pause) 434M->185M(5128M) 3.521ms
[3.528s][info][gc] GC(4) Pause Young (Normal) (G1 Evacuation Pause) 437M->185M(5128M) 3.648ms
[4.196s][info][gc] GC(5) Pause Young (Normal) (G1 Evacuation Pause) 437M->185M(5128M) 3.655ms
[4.834s][info][gc] GC(6) Pause Young (Normal) (G1 Evacuation Pause) 437M->276M(5128M) 32.129ms
[4.996s][info][gc] GC(7) Pause Young (Normal) (G1 Evacuation Pause) 512M->444M(5128M) 66.578ms
[5.197s][info][gc] GC(8) Pause Young (Normal) (G1 Evacuation Pause) 668M->614M(7292M) 87.340ms
[5.689s][info][gc] GC(9) Pause Young (Normal) (G1 Evacuation Pause) 946M->744M(7292M) 83.381ms
[5.938s][info][gc] GC(10) Pause Young (Normal) (G1 Evacuation Pause) 1060M->828M(7292M) 63.718ms
[6.193s][info][gc] GC(11) Pause Young (Normal) (G1 Evacuation Pause) 1144M->907M(7292M) 71.101ms
[6.484s][info][gc] GC(12) Pause Young (Normal) (G1 Evacuation Pause) 1223M->988M(9932M) 90.626ms
[6.936s][info][gc] GC(13) Pause Young (Normal) (G1 Evacuation Pause) 1436M->1096M(9932M) 106.379ms
[7.368s][info][gc] GC(14) Pause Young (Normal) (G1 Evacuation Pause) 1528M->1200M(9932M) 120.508ms
[7.811s][info][gc] GC(15) Pause Young (Normal) (G1 Evacuation Pause) 1632M->1306M(9932M) 130.812ms
[8.283s][info][gc] GC(16) Pause Young (Normal) (G1 Evacuation Pause) 1738M->1411M(13368M) 151.296ms
[8.980s][info][gc] GC(17) Pause Young (Normal) (G1 Evacuation Pause) 2015M->1555M(13368M) 175.004ms
[9.667s][info][gc] GC(18) Pause Young (Normal) (G1 Evacuation Pause) 2139M->1694M(13368M) 190.512ms
Start benchmark
[10.742s][info][gc] GC(19) Pause Young (Normal) (G1 Evacuation Pause) 2338M->1926M(13368M) 197.419ms
[11.574s][info][gc] GC(20) Pause Young (Normal) (G1 Evacuation Pause) 2510M->2026M(16216M) 161.910ms
[12.267s][info][gc] GC(21) Pause Young (Normal) (G1 Evacuation Pause) 2750M->2151M(16216M) 144.041ms
[12.947s][info][gc] GC(22) Pause Young (Normal) (G1 Evacuation Pause) 2855M->2276M(16216M) 167.793ms
[13.638s][info][gc] GC(23) Pause Young (Normal) (G1 Evacuation Pause) 2980M->2404M(16216M) 162.324ms
[14.264s][info][gc] GC(24) Pause Young (Normal) (G1 Evacuation Pause) 3108M->2528M(17428M) 155.990ms
[14.947s][info][gc] GC(25) Pause Young (Normal) (G1 Evacuation Pause) 3292M->2652M(17428M) 155.304ms
[15.682s][info][gc] GC(26) Pause Young (Normal) (G1 Evacuation Pause) 3468M->2826M(17428M) 171.837ms
[16.324s][info][gc] GC(27) Pause Young (Normal) (G1 Evacuation Pause) 3582M->2927M(17428M) 160.443ms
[16.913s][info][gc] GC(28) Pause Young (Normal) (G1 Evacuation Pause) 3683M->3026M(18164M) 135.255ms
[17.547s][info][gc] GC(29) Pause Young (Normal) (G1 Evacuation Pause) 3830M->3134M(18164M) 137.411ms
[18.141s][info][gc] GC(30) Pause Young (Normal) (G1 Evacuation Pause) 3946M->3232M(18164M) 137.853ms
[18.923s][info][gc] GC(31) Pause Young (Normal) (G1 Evacuation Pause) 4332M->3356M(18164M) 157.477ms
[19.674s][info][gc] GC(32) Pause Young (Normal) (G1 Evacuation Pause) 4376M->3469M(18680M) 157.599ms
[20.450s][info][gc] GC(33) Pause Young (Normal) (G1 Evacuation Pause) 4565M->3592M(18680M) 155.933ms
[21.286s][info][gc] GC(34) Pause Young (Normal) (G1 Evacuation Pause) 4800M->3721M(18680M) 164.971ms
[22.128s][info][gc] GC(35) Pause Young (Normal) (G1 Evacuation Pause) 4977M->3850M(18680M) 168.158ms
[23.344s][info][gc] GC(36) Pause Young (Normal) (G1 Evacuation Pause) 5842M->4044M(19136M) 224.683ms
[24.177s][info][gc] GC(37) Pause Young (Normal) (G1 Evacuation Pause) 5228M->4166M(19136M) 220.844ms
[24.857s][info][gc] GC(38) Pause Young (Normal) (G1 Evacuation Pause) 5210M->4266M(19136M) 154.576ms
[25.573s][info][gc] GC(39) Pause Young (Normal) (G1 Evacuation Pause) 5446M->4376M(19136M) 139.944ms
[26.147s][info][gc] GC(40) Pause Young (Normal) (G1 Evacuation Pause) 5228M->4445M(19484M) 149.404ms
[26.931s][info][gc] GC(41) Pause Young (Normal) (G1 Evacuation Pause) 5773M->4547M(19484M) 151.377ms
[27.571s][info][gc] GC(42) Pause Young (Normal) (G1 Evacuation Pause) 5491M->4622M(19484M) 185.160ms
[28.137s][info][gc] GC(43) Pause Young (Normal) (G1 Evacuation Pause) 5534M->4711M(19484M) 151.343ms
[28.850s][info][gc] GC(44) Pause Young (Normal) (G1 Evacuation Pause) 5987M->4798M(19696M) 140.928ms
[29.622s][info][gc] GC(45) Pause Young (Normal) (G1 Evacuation Pause) 6046M->4897M(19696M) 198.153ms
[30.192s][info][gc] GC(46) Pause Young (Normal) (G1 Evacuation Pause) 5773M->4972M(19696M) 177.337ms
[30.803s][info][gc] GC(47) Pause Young (Normal) (G1 Evacuation Pause) 6028M->5043M(19696M) 148.835ms
[31.365s][info][gc] GC(48) Pause Young (Normal) (G1 Evacuation Pause) 5883M->5114M(19896M) 187.377ms
[31.938s][info][gc] GC(49) Pause Young (Normal) (G1 Evacuation Pause) 6094M->5174M(19896M) 139.476ms
[32.525s][info][gc] GC(50) Pause Young (Normal) (G1 Evacuation Pause) 6066M->5235M(19896M) 193.856ms
[33.100s][info][gc] GC(51) Pause Young (Normal) (G1 Evacuation Pause) 6231M->5286M(19896M) 157.738ms
[33.712s][info][gc] GC(52) Pause Young (Normal) (G1 Evacuation Pause) 6158M->5349M(20072M) 232.665ms
[34.287s][info][gc] GC(53) Pause Young (Normal) (G1 Evacuation Pause) 6225M->5411M(20072M) 185.450ms
[34.817s][info][gc] GC(54) Pause Young (Normal) (G1 Evacuation Pause) 6283M->5475M(20072M) 146.850ms
[35.370s][info][gc] GC(55) Pause Young (Normal) (G1 Evacuation Pause) 6347M->5538M(20072M) 172.444ms
[36.069s][info][gc] GC(56) Pause Young (Normal) (G1 Evacuation Pause) 6518M->5708M(20216M) 217.819ms
[36.710s][info][gc] GC(57) Pause Young (Normal) (G1 Evacuation Pause) 6588M->5770M(20216M) 235.384ms
[37.284s][info][gc] GC(58) Pause Young (Normal) (G1 Evacuation Pause) 6650M->5830M(20216M) 183.165ms
[37.843s][info][gc] GC(59) Pause Young (Normal) (G1 Evacuation Pause) 6714M->5890M(20216M) 173.142ms
[38.375s][info][gc] GC(60) Pause Young (Normal) (G1 Evacuation Pause) 6774M->5946M(20324M) 153.748ms
[38.942s][info][gc] GC(61) Pause Young (Normal) (G1 Evacuation Pause) 6842M->6002M(20324M) 176.109ms
[39.502s][info][gc] GC(62) Pause Young (Normal) (G1 Evacuation Pause) 6898M->6059M(20324M) 178.294ms
[40.025s][info][gc] GC(63) Pause Young (Normal) (G1 Evacuation Pause) 6955M->6120M(20324M) 144.914ms
End benchmark
benchmarkAvgTime : 36071
nbThread : 16
[1.020s][info][gc] GC(0) Pause Young (Normal) (G1 Evacuation Pause) 280M->145M(5128M) 61.407ms
[1.591s][info][gc] GC(1) Pause Young (Normal) (G1 Evacuation Pause) 369M->178M(5128M) 45.226ms
[2.192s][info][gc] GC(2) Pause Young (Normal) (G1 Evacuation Pause) 406M->184M(5128M) 14.282ms
[2.860s][info][gc] GC(3) Pause Young (Normal) (G1 Evacuation Pause) 432M->183M(5128M) 3.842ms
[3.521s][info][gc] GC(4) Pause Young (Normal) (G1 Evacuation Pause) 431M->183M(5128M) 3.722ms
[4.192s][info][gc] GC(5) Pause Young (Normal) (G1 Evacuation Pause) 435M->183M(5128M) 3.676ms
[4.559s][info][gc] GC(6) Pause Young (Normal) (G1 Evacuation Pause) 447M->347M(5128M) 51.219ms
[4.725s][info][gc] GC(7) Pause Young (Normal) (G1 Evacuation Pause) 571M->514M(5128M) 73.956ms
[4.962s][info][gc] GC(8) Pause Young (Normal) (G1 Evacuation Pause) 738M->676M(7964M) 96.272ms
[5.355s][info][gc] GC(9) Pause Young (Normal) (G1 Evacuation Pause) 1040M->774M(7964M) 59.418ms
[5.619s][info][gc] GC(10) Pause Young (Normal) (G1 Evacuation Pause) 1118M->865M(7964M) 72.294ms
[5.914s][info][gc] GC(11) Pause Young (Normal) (G1 Evacuation Pause) 1209M->956M(7964M) 75.755ms
[6.248s][info][gc] GC(12) Pause Young (Normal) (G1 Evacuation Pause) 1300M->1044M(10468M) 93.615ms
[6.760s][info][gc] GC(13) Pause Young (Normal) (G1 Evacuation Pause) 1512M->1160M(10468M) 116.438ms
[7.245s][info][gc] GC(14) Pause Young (Normal) (G1 Evacuation Pause) 1612M->1275M(10468M) 125.842ms
[7.743s][info][gc] GC(15) Pause Young (Normal) (G1 Evacuation Pause) 1727M->1392M(10468M) 138.785ms
[8.265s][info][gc] GC(16) Pause Young (Normal) (G1 Evacuation Pause) 1844M->1504M(14060M) 159.758ms
[9.047s][info][gc] GC(17) Pause Young (Normal) (G1 Evacuation Pause) 2136M->1659M(14060M) 200.732ms
Start benchmark
[10.047s][info][gc] GC(18) Pause Young (Normal) (G1 Evacuation Pause) 2331M->1904M(14060M) 210.757ms
[11.028s][info][gc] GC(19) Pause Young (Normal) (G1 Evacuation Pause) 2516M->2022M(14060M) 185.845ms
[11.617s][info][gc] GC(20) Pause Young (Normal) (G1 Evacuation Pause) 2634M->2134M(16628M) 136.262ms
[12.349s][info][gc] GC(21) Pause Young (Normal) (G1 Evacuation Pause) 2874M->2266M(16628M) 161.269ms
[12.998s][info][gc] GC(22) Pause Young (Normal) (G1 Evacuation Pause) 2990M->2398M(16628M) 163.805ms
[13.663s][info][gc] GC(23) Pause Young (Normal) (G1 Evacuation Pause) 3122M->2524M(16628M) 154.527ms
[14.296s][info][gc] GC(24) Pause Young (Normal) (G1 Evacuation Pause) 3248M->2644M(17620M) 153.267ms
[15.060s][info][gc] GC(25) Pause Young (Normal) (G1 Evacuation Pause) 3480M->2822M(17620M) 161.825ms
[15.697s][info][gc] GC(26) Pause Young (Normal) (G1 Evacuation Pause) 3590M->2919M(17620M) 158.555ms
[16.304s][info][gc] GC(27) Pause Young (Normal) (G1 Evacuation Pause) 3695M->3026M(17620M) 140.401ms
[16.887s][info][gc] GC(28) Pause Young (Normal) (G1 Evacuation Pause) 3798M->3130M(18264M) 141.772ms
[17.533s][info][gc] GC(29) Pause Young (Normal) (G1 Evacuation Pause) 3930M->3229M(18264M) 132.935ms
[18.214s][info][gc] GC(30) Pause Young (Normal) (G1 Evacuation Pause) 4177M->3346M(18264M) 141.752ms
[18.916s][info][gc] GC(31) Pause Young (Normal) (G1 Evacuation Pause) 4346M->3470M(18264M) 153.467ms
[19.683s][info][gc] GC(32) Pause Young (Normal) (G1 Evacuation Pause) 4570M->3599M(18776M) 163.628ms
[20.415s][info][gc] GC(33) Pause Young (Normal) (G1 Evacuation Pause) 4607M->3724M(18776M) 159.667ms
[21.129s][info][gc] GC(34) Pause Young (Normal) (G1 Evacuation Pause) 4752M->3846M(18776M) 157.183ms
[21.887s][info][gc] GC(35) Pause Young (Normal) (G1 Evacuation Pause) 4958M->3956M(18776M) 151.315ms
[22.823s][info][gc] GC(36) Pause Young (Normal) (G1 Evacuation Pause) 5424M->4109M(19208M) 180.417ms
[23.794s][info][gc] GC(37) Pause Young (Normal) (G1 Evacuation Pause) 5393M->4246M(19208M) 190.190ms
[24.562s][info][gc] GC(38) Pause Young (Normal) (G1 Evacuation Pause) 5466M->4370M(19208M) 163.077ms
[25.335s][info][gc] GC(39) Pause Young (Normal) (G1 Evacuation Pause) 5590M->4482M(19208M) 165.688ms
[25.925s][info][gc] GC(40) Pause Young (Normal) (G1 Evacuation Pause) 5378M->4568M(19532M) 154.049ms
[26.847s][info][gc] GC(41) Pause Young (Normal) (G1 Evacuation Pause) 6140M->4702M(19532M) 167.000ms
[27.488s][info][gc] GC(42) Pause Young (Normal) (G1 Evacuation Pause) 5598M->4789M(19532M) 207.452ms
[28.338s][info][gc] GC(43) Pause Young (Normal) (G1 Evacuation Pause) 6293M->4902M(19532M) 160.746ms
[28.938s][info][gc] GC(44) Pause Young (Normal) (G1 Evacuation Pause) 5678M->4978M(19756M) 218.660ms
[29.505s][info][gc] GC(45) Pause Young (Normal) (G1 Evacuation Pause) 5906M->5058M(19756M) 133.265ms
[30.165s][info][gc] GC(46) Pause Young (Normal) (G1 Evacuation Pause) 6214M->5151M(19756M) 143.046ms
[30.740s][info][gc] GC(47) Pause Young (Normal) (G1 Evacuation Pause) 5979M->5229M(19756M) 201.320ms
[31.298s][info][gc] GC(48) Pause Young (Normal) (G1 Evacuation Pause) 6157M->5298M(19944M) 142.598ms
[31.896s][info][gc] GC(49) Pause Young (Normal) (G1 Evacuation Pause) 6218M->5374M(19944M) 185.391ms
[32.482s][info][gc] GC(50) Pause Young (Normal) (G1 Evacuation Pause) 6290M->5447M(19944M) 190.950ms
[33.049s][info][gc] GC(51) Pause Young (Normal) (G1 Evacuation Pause) 6367M->5517M(19944M) 166.036ms
[33.643s][info][gc] GC(52) Pause Young (Normal) (G1 Evacuation Pause) 6437M->5580M(20104M) 193.198ms
[34.239s][info][gc] GC(53) Pause Young (Normal) (G1 Evacuation Pause) 6516M->5645M(20104M) 190.293ms
[34.826s][info][gc] GC(54) Pause Young (Normal) (G1 Evacuation Pause) 6521M->5711M(20104M) 202.120ms
[35.395s][info][gc] GC(55) Pause Young (Normal) (G1 Evacuation Pause) 6643M->5772M(20104M) 158.443ms
[35.994s][info][gc] GC(56) Pause Young (Normal) (G1 Evacuation Pause) 6648M->5830M(20240M) 199.119ms
[37.331s][info][gc] GC(57) Pause Young (Normal) (G1 Evacuation Pause) 6886M->6006M(20240M) 257.058ms
[38.351s][info][gc] GC(58) Pause Young (Normal) (G1 Evacuation Pause) 6890M->6089M(20240M) 253.354ms
[39.271s][info][gc] GC(59) Pause Young (Normal) (G1 Evacuation Pause) 7009M->6180M(20240M) 135.795ms
End benchmark
benchmarkAvgTime : 35778
nbThread : 32
[1.009s][info][gc] GC(0) Pause Young (Normal) (G1 Evacuation Pause) 280M->145M(5128M) 45.722ms
[1.579s][info][gc] GC(1) Pause Young (Normal) (G1 Evacuation Pause) 369M->179M(5128M) 34.311ms
[2.190s][info][gc] GC(2) Pause Young (Normal) (G1 Evacuation Pause) 407M->185M(5128M) 9.704ms
[2.865s][info][gc] GC(3) Pause Young (Normal) (G1 Evacuation Pause) 433M->184M(5128M) 3.041ms
[3.544s][info][gc] GC(4) Pause Young (Normal) (G1 Evacuation Pause) 436M->184M(5128M) 3.421ms
[4.225s][info][gc] GC(5) Pause Young (Normal) (G1 Evacuation Pause) 436M->184M(5128M) 3.450ms
[4.650s][info][gc] GC(6) Pause Young (Normal) (G1 Evacuation Pause) 444M->322M(5128M) 29.820ms
[4.747s][info][gc] GC(7) Pause Young (Normal) (G1 Evacuation Pause) 566M->504M(5128M) 48.371ms
[4.863s][info][gc] GC(8) Pause Young (Normal) (G1 Evacuation Pause) 728M->672M(6564M) 49.261ms
[5.190s][info][gc] GC(9) Pause Young (Normal) (G1 Evacuation Pause) 968M->768M(6564M) 35.745ms
[5.324s][info][gc] GC(10) Pause Young (Normal) (G1 Evacuation Pause) 1052M->840M(6564M) 33.700ms
[5.475s][info][gc] GC(11) Pause Young (Normal) (G1 Evacuation Pause) 1124M->915M(6564M) 37.725ms
[5.613s][info][gc] GC(12) Pause Young (Normal) (G1 Evacuation Pause) 1199M->989M(7904M) 45.479ms
[5.834s][info][gc] GC(13) Pause Young (Normal) (G1 Evacuation Pause) 1337M->1077M(7904M) 51.920ms
[6.013s][info][gc] GC(14) Pause Young (Normal) (G1 Evacuation Pause) 1417M->1165M(7904M) 60.050ms
[6.202s][info][gc] GC(15) Pause Young (Normal) (G1 Evacuation Pause) 1505M->1252M(7904M) 60.321ms
[6.409s][info][gc] GC(16) Pause Young (Normal) (G1 Evacuation Pause) 1592M->1338M(11056M) 75.626ms
[6.780s][info][gc] GC(17) Pause Young (Normal) (G1 Evacuation Pause) 1838M->1462M(11056M) 90.502ms
[7.062s][info][gc] GC(18) Pause Young (Normal) (G1 Evacuation Pause) 1942M->1582M(11056M) 101.644ms
[7.353s][info][gc] GC(19) Pause Young (Normal) (G1 Evacuation Pause) 2062M->1705M(11056M) 103.052ms
[7.740s][info][gc] GC(20) Pause Young (Normal) (G1 Evacuation Pause) 2185M->1824M(14828M) 102.827ms
Start benchmark
[8.555s][info][gc] GC(21) Pause Young (Normal) (G1 Evacuation Pause) 2536M->2016M(14828M) 117.875ms
[8.871s][info][gc] GC(22) Pause Young (Normal) (G1 Evacuation Pause) 2660M->2144M(14828M) 91.801ms
[9.183s][info][gc] GC(23) Pause Young (Normal) (G1 Evacuation Pause) 2788M->2275M(14828M) 93.648ms
[9.495s][info][gc] GC(24) Pause Young (Normal) (G1 Evacuation Pause) 2935M->2404M(17060M) 106.904ms
[9.845s][info][gc] GC(25) Pause Young (Normal) (G1 Evacuation Pause) 3160M->2539M(17060M) 102.641ms
[10.162s][info][gc] GC(26) Pause Young (Normal) (G1 Evacuation Pause) 3315M->2672M(17060M) 99.478ms
[10.514s][info][gc] GC(27) Pause Young (Normal) (G1 Evacuation Pause) 3548M->2857M(17060M) 112.860ms
[10.842s][info][gc] GC(28) Pause Young (Normal) (G1 Evacuation Pause) 3697M->2978M(18176M) 108.055ms
[11.473s][info][gc] GC(29) Pause Young (Normal) (G1 Evacuation Pause) 4222M->3134M(18176M) 107.678ms
[11.917s][info][gc] GC(30) Pause Young (Normal) (G1 Evacuation Pause) 4454M->3285M(18176M) 116.633ms
[12.421s][info][gc] GC(31) Pause Young (Normal) (G1 Evacuation Pause) 4829M->3469M(18176M) 133.102ms
[13.023s][info][gc] GC(32) Pause Young (Normal) (G1 Evacuation Pause) 5393M->3669M(18940M) 143.595ms
[13.640s][info][gc] GC(33) Pause Young (Normal) (G1 Evacuation Pause) 5617M->3855M(18940M) 143.872ms
[14.413s][info][gc] GC(34) Pause Young (Normal) (G1 Evacuation Pause) 6647M->4087M(18940M) 163.405ms
[15.038s][info][gc] GC(35) Pause Young (Normal) (G1 Evacuation Pause) 6115M->4281M(18940M) 184.072ms
[15.636s][info][gc] GC(36) Pause Young (Normal) (G1 Evacuation Pause) 6473M->4432M(19544M) 132.190ms
[16.288s][info][gc] GC(37) Pause Young (Normal) (G1 Evacuation Pause) 6872M->4600M(19544M) 134.581ms
[16.944s][info][gc] GC(38) Pause Young (Normal) (G1 Evacuation Pause) 6896M->4786M(19544M) 185.667ms
[17.585s][info][gc] GC(39) Pause Young (Normal) (G1 Evacuation Pause) 7270M->4944M(19544M) 143.850ms
[18.239s][info][gc] GC(40) Pause Young (Normal) (G1 Evacuation Pause) 7296M->5108M(19808M) 179.833ms
[19.230s][info][gc] GC(41) Pause Young (Normal) (G1 Evacuation Pause) 7520M->5385M(19808M) 184.714ms
[19.868s][info][gc] GC(42) Pause Young (Normal) (G1 Evacuation Pause) 7653M->5535M(19808M) 178.725ms
[20.293s][info][gc] GC(43) Pause Young (Normal) (G1 Evacuation Pause) 7107M->5637M(19808M) 122.245ms
[20.921s][info][gc] GC(44) Pause Young (Normal) (G1 Evacuation Pause) 8165M->5778M(19996M) 144.002ms
[21.242s][info][gc] GC(45) Pause Young (Normal) (G1 Evacuation Pause) 6526M->5824M(19996M) 162.603ms
[21.743s][info][gc] GC(46) Pause Young (Normal) (G1 Evacuation Pause) 8060M->5948M(19996M) 83.006ms
[22.051s][info][gc] GC(47) Pause Young (Normal) (G1 Evacuation Pause) 6768M->6003M(19996M) 146.774ms
[22.271s][info][gc] GC(48) Pause Young (Normal) (G1 Evacuation Pause) 6939M->6047M(20112M) 46.951ms
[22.548s][info][gc] GC(49) Pause Young (Normal) (G1 Evacuation Pause) 6947M->6098M(20112M) 102.071ms
[22.774s][info][gc] GC(50) Pause Young (Normal) (G1 Evacuation Pause) 6994M->6153M(20112M) 58.623ms
[22.995s][info][gc] GC(51) Pause Young (Normal) (G1 Evacuation Pause) 7049M->6205M(20112M) 58.262ms
[23.243s][info][gc] GC(52) Pause Young (Normal) (G1 Evacuation Pause) 7101M->6254M(20180M) 79.155ms
[23.473s][info][gc] GC(53) Pause Young (Normal) (G1 Evacuation Pause) 7158M->6306M(20180M) 60.147ms
[23.764s][info][gc] GC(54) Pause Young (Normal) (G1 Evacuation Pause) 7210M->6360M(20180M) 120.426ms
[24.028s][info][gc] GC(55) Pause Young (Normal) (G1 Evacuation Pause) 7260M->6410M(20180M) 92.758ms
[24.279s][info][gc] GC(56) Pause Young (Normal) (G1 Evacuation Pause) 7310M->6459M(20280M) 83.226ms
[24.730s][info][gc] GC(57) Pause Young (Normal) (G1 Evacuation Pause) 8487M->6560M(20280M) 81.291ms
[25.007s][info][gc] GC(58) Pause Young (Normal) (G1 Evacuation Pause) 7368M->6610M(20280M) 122.648ms
[25.603s][info][gc] GC(59) Pause Young (Normal) (G1 Evacuation Pause) 9462M->6731M(20280M) 80.223ms
[25.955s][info][gc] GC(60) Pause Young (Normal) (G1 Evacuation Pause) 7711M->6786M(20360M) 167.183ms
[26.173s][info][gc] GC(61) Pause Young (Normal) (G1 Evacuation Pause) 7742M->6822M(20360M) 44.152ms
[26.399s][info][gc] GC(62) Pause Young (Normal) (G1 Evacuation Pause) 7742M->6868M(20360M) 56.762ms
[26.643s][info][gc] GC(63) Pause Young (Normal) (G1 Evacuation Pause) 7788M->6918M(20360M) 78.008ms
[26.856s][info][gc] GC(64) Pause Young (Normal) (G1 Evacuation Pause) 7834M->6966M(20400M) 49.609ms
[27.459s][info][gc] GC(65) Pause Young (Normal) (G1 Evacuation Pause) 9174M->7060M(20400M) 157.057ms
[27.732s][info][gc] GC(66) Pause Young (Normal) (G1 Evacuation Pause) 7888M->7111M(20400M) 116.202ms
[28.016s][info][gc] GC(67) Pause Young (Normal) (G1 Evacuation Pause) 8467M->7156M(20400M) 46.017ms
[28.498s][info][gc] GC(68) Pause Young (Normal) (G1 Evacuation Pause) 9004M->7236M(20428M) 146.750ms
[28.750s][info][gc] GC(69) Pause Young (Normal) (G1 Evacuation Pause) 8068M->7271M(20428M) 93.027ms
[28.960s][info][gc] GC(70) Pause Young (Normal) (G1 Evacuation Pause) 8247M->7313M(20428M) 40.276ms
[29.178s][info][gc] GC(71) Pause Young (Normal) (G1 Evacuation Pause) 8245M->7358M(20428M) 51.510ms
[29.391s][info][gc] GC(72) Pause Young (Normal) (G1 Evacuation Pause) 8282M->7402M(20444M) 49.903ms
[29.901s][info][gc] GC(73) Pause Young (Normal) (G1 Evacuation Pause) 9814M->7499M(20444M) 77.712ms
[30.492s][info][gc] GC(74) Pause Young (Normal) (G1 Evacuation Pause) 9731M->7599M(20444M) 185.306ms
[30.724s][info][gc] GC(75) Pause Young (Normal) (G1 Evacuation Pause) 8371M->7638M(20444M) 85.342ms
[30.935s][info][gc] GC(76) Pause Young (Normal) (G1 Evacuation Pause) 8606M->7676M(20456M) 42.200ms
[31.148s][info][gc] GC(77) Pause Young (Normal) (G1 Evacuation Pause) 8608M->7716M(20456M) 46.650ms
[31.720s][info][gc] GC(78) Pause Young (Normal) (G1 Evacuation Pause) 10352M->7818M(20456M) 110.890ms
[32.145s][info][gc] GC(79) Pause Young (Normal) (G1 Evacuation Pause) 9306M->7886M(20456M) 148.817ms
[32.367s][info][gc] GC(80) Pause Young (Normal) (G1 Evacuation Pause) 8726M->7925M(20464M) 66.104ms
[32.583s][info][gc] GC(81) Pause Young (Normal) (G1 Evacuation Pause) 8833M->7969M(20464M) 51.654ms
[32.786s][info][gc] GC(82) Pause Young (Normal) (G1 Evacuation Pause) 8905M->8010M(20464M) 41.898ms
[33.125s][info][gc] GC(83) Pause Young (Normal) (G1 Evacuation Pause) 9670M->8075M(20464M) 53.371ms
[33.904s][info][gc] GC(84) Pause Young (Normal) (G1 Evacuation Pause) 11503M->8206M(20468M) 175.253ms
[34.157s][info][gc] GC(85) Pause Young (Normal) (G1 Evacuation Pause) 8950M->8241M(20468M) 113.281ms
[34.741s][info][gc] GC(86) Pause Young (Normal) (G1 Evacuation Pause) 11209M->8338M(20468M) 68.205ms
[35.042s][info][gc] GC(87) Pause Young (Normal) (G1 Evacuation Pause) 9414M->8388M(20468M) 111.413ms
[35.648s][info][gc] GC(88) Pause Young (Normal) (G1 Evacuation Pause) 11540M->8487M(20476M) 66.790ms
[36.282s][info][gc] GC(89) Pause Young (Normal) (G1 Evacuation Pause) 11251M->8590M(20476M) 146.661ms
[36.688s][info][gc] GC(90) Pause Young (Normal) (G1 Evacuation Pause) 10222M->8651M(20476M) 109.509ms
[37.063s][info][gc] GC(91) Pause Young (Normal) (G1 Evacuation Pause) 10375M->8705M(20476M) 74.177ms
[37.606s][info][gc] GC(92) Pause Young (Normal) (G1 Evacuation Pause) 11437M->8790M(20480M) 73.580ms
End benchmark
[38.106s][info][gc] GC(93) Pause Young (Normal) (G1 Evacuation Pause) 10330M->8843M(20480M) 134.974ms
benchmarkAvgTime : 33975
nbThread : 32
[0.999s][info][gc] GC(0) Pause Young (Normal) (G1 Evacuation Pause) 280M->145M(5128M) 44.329ms
[1.564s][info][gc] GC(1) Pause Young (Normal) (G1 Evacuation Pause) 369M->178M(5128M) 29.254ms
[2.166s][info][gc] GC(2) Pause Young (Normal) (G1 Evacuation Pause) 406M->183M(5128M) 8.974ms
[2.831s][info][gc] GC(3) Pause Young (Normal) (G1 Evacuation Pause) 431M->182M(5128M) 3.153ms
[3.490s][info][gc] GC(4) Pause Young (Normal) (G1 Evacuation Pause) 430M->182M(5128M) 2.929ms
[4.016s][info][gc] GC(5) Pause Young (Normal) (G1 Evacuation Pause) 434M->182M(5128M) 2.611ms
[4.354s][info][gc] GC(6) Pause Young (Normal) (G1 Evacuation Pause) 446M->345M(5128M) 31.269ms
[4.437s][info][gc] GC(7) Pause Young (Normal) (G1 Evacuation Pause) 569M->510M(5128M) 42.496ms
[4.574s][info][gc] GC(8) Pause Young (Normal) (G1 Evacuation Pause) 734M->679M(6460M) 52.365ms
[4.859s][info][gc] GC(9) Pause Young (Normal) (G1 Evacuation Pause) 967M->756M(6460M) 29.915ms
[4.996s][info][gc] GC(10) Pause Young (Normal) (G1 Evacuation Pause) 1036M->822M(6460M) 31.574ms
[5.113s][info][gc] GC(11) Pause Young (Normal) (G1 Evacuation Pause) 1102M->890M(6460M) 35.736ms
[5.240s][info][gc] GC(12) Pause Young (Normal) (G1 Evacuation Pause) 1170M->957M(7936M) 44.812ms
[5.465s][info][gc] GC(13) Pause Young (Normal) (G1 Evacuation Pause) 1313M->1037M(7936M) 48.901ms
[5.634s][info][gc] GC(14) Pause Young (Normal) (G1 Evacuation Pause) 1381M->1115M(7936M) 56.037ms
[5.800s][info][gc] GC(15) Pause Young (Normal) (G1 Evacuation Pause) 1459M->1193M(7936M) 59.117ms
[5.991s][info][gc] GC(16) Pause Young (Normal) (G1 Evacuation Pause) 1537M->1271M(11356M) 70.924ms
[6.341s][info][gc] GC(17) Pause Young (Normal) (G1 Evacuation Pause) 1783M->1387M(11356M) 83.834ms
[6.607s][info][gc] GC(18) Pause Young (Normal) (G1 Evacuation Pause) 1879M->1502M(11356M) 93.816ms
[6.884s][info][gc] GC(19) Pause Young (Normal) (G1 Evacuation Pause) 1994M->1615M(11356M) 98.837ms
[7.178s][info][gc] GC(20) Pause Young (Normal) (G1 Evacuation Pause) 2107M->1731M(15008M) 107.721ms
Start benchmark
[8.075s][info][gc] GC(21) Pause Young (Normal) (G1 Evacuation Pause) 2467M->1974M(15008M) 123.215ms
[8.547s][info][gc] GC(22) Pause Young (Normal) (G1 Evacuation Pause) 2626M->2108M(15008M) 111.998ms
[8.845s][info][gc] GC(23) Pause Young (Normal) (G1 Evacuation Pause) 2772M->2239M(15008M) 87.290ms
[9.203s][info][gc] GC(24) Pause Young (Normal) (G1 Evacuation Pause) 2995M->2390M(17200M) 110.922ms
[9.711s][info][gc] GC(25) Pause Young (Normal) (G1 Evacuation Pause) 3470M->2580M(17200M) 122.616ms
[10.284s][info][gc] GC(26) Pause Young (Normal) (G1 Evacuation Pause) 4012M->2847M(17200M) 150.506ms
[10.694s][info][gc] GC(27) Pause Young (Normal) (G1 Evacuation Pause) 3895M->2996M(17200M) 131.614ms
[11.030s][info][gc] GC(28) Pause Young (Normal) (G1 Evacuation Pause) 3908M->3120M(18400M) 99.755ms
[11.466s][info][gc] GC(29) Pause Young (Normal) (G1 Evacuation Pause) 4268M->3251M(18400M) 102.693ms
[11.918s][info][gc] GC(30) Pause Young (Normal) (G1 Evacuation Pause) 4639M->3415M(18400M) 114.165ms
[12.845s][info][gc] GC(31) Pause Young (Normal) (G1 Evacuation Pause) 6203M->3680M(18400M) 167.123ms
[13.463s][info][gc] GC(32) Pause Young (Normal) (G1 Evacuation Pause) 5452M->3864M(19000M) 185.896ms
[13.970s][info][gc] GC(33) Pause Young (Normal) (G1 Evacuation Pause) 5468M->4008M(19000M) 124.691ms
[14.532s][info][gc] GC(34) Pause Young (Normal) (G1 Evacuation Pause) 5952M->4174M(19000M) 122.469ms
[15.151s][info][gc] GC(35) Pause Young (Normal) (G1 Evacuation Pause) 6382M->4352M(19000M) 137.344ms
[15.798s][info][gc] GC(36) Pause Young (Normal) (G1 Evacuation Pause) 6800M->4526M(19460M) 128.184ms
[16.345s][info][gc] GC(37) Pause Young (Normal) (G1 Evacuation Pause) 6254M->4663M(19460M) 163.757ms
[16.905s][info][gc] GC(38) Pause Young (Normal) (G1 Evacuation Pause) 6795M->4791M(19460M) 119.772ms
[17.230s][info][gc] GC(39) Pause Young (Normal) (G1 Evacuation Pause) 5623M->4864M(19460M) 142.112ms
[18.066s][info][gc] GC(40) Pause Young (Normal) (G1 Evacuation Pause) 8504M->5064M(19732M) 126.289ms
[18.583s][info][gc] GC(41) Pause Young (Normal) (G1 Evacuation Pause) 6632M->5271M(19732M) 194.857ms
[19.319s][info][gc] GC(42) Pause Young (Normal) (G1 Evacuation Pause) 6399M->5367M(19732M) 119.156ms
[19.752s][info][gc] GC(43) Pause Young (Normal) (G1 Evacuation Pause) 6779M->5455M(19732M) 145.517ms
[20.057s][info][gc] GC(44) Pause Young (Normal) (G1 Evacuation Pause) 6259M->5509M(19940M) 147.434ms
[20.283s][info][gc] GC(45) Pause Young (Normal) (G1 Evacuation Pause) 6441M->5555M(19940M) 47.176ms
[20.545s][info][gc] GC(46) Pause Young (Normal) (G1 Evacuation Pause) 6443M->5616M(19940M) 93.240ms
[20.816s][info][gc] GC(47) Pause Young (Normal) (G1 Evacuation Pause) 6492M->5671M(19940M) 104.785ms
[21.057s][info][gc] GC(48) Pause Young (Normal) (G1 Evacuation Pause) 6547M->5727M(20052M) 76.917ms
[21.356s][info][gc] GC(49) Pause Young (Normal) (G1 Evacuation Pause) 6815M->5784M(20052M) 92.956ms
[21.697s][info][gc] GC(50) Pause Young (Normal) (G1 Evacuation Pause) 6900M->5849M(20052M) 132.663ms
[22.021s][info][gc] GC(51) Pause Young (Normal) (G1 Evacuation Pause) 7089M->5921M(20052M) 89.696ms
[22.357s][info][gc] GC(52) Pause Young (Normal) (G1 Evacuation Pause) 6781M->5972M(20176M) 164.393ms
[22.579s][info][gc] GC(53) Pause Young (Normal) (G1 Evacuation Pause) 6920M->6019M(20176M) 47.684ms
[22.852s][info][gc] GC(54) Pause Young (Normal) (G1 Evacuation Pause) 6923M->6068M(20176M) 100.189ms
[23.087s][info][gc] GC(55) Pause Young (Normal) (G1 Evacuation Pause) 6972M->6123M(20176M) 63.835ms
[23.323s][info][gc] GC(56) Pause Young (Normal) (G1 Evacuation Pause) 7023M->6170M(20292M) 67.471ms
[23.554s][info][gc] GC(57) Pause Young (Normal) (G1 Evacuation Pause) 7078M->6222M(20292M) 61.471ms
[23.930s][info][gc] GC(58) Pause Young (Normal) (G1 Evacuation Pause) 7650M->6298M(20292M) 109.038ms
[24.226s][info][gc] GC(59) Pause Young (Normal) (G1 Evacuation Pause) 7202M->6345M(20292M) 122.889ms
[24.441s][info][gc] GC(60) Pause Young (Normal) (G1 Evacuation Pause) 7297M->6379M(20364M) 45.300ms
[24.694s][info][gc] GC(61) Pause Young (Normal) (G1 Evacuation Pause) 7303M->6431M(20364M) 78.666ms
[25.052s][info][gc] GC(62) Pause Young (Normal) (G1 Evacuation Pause) 7887M->6502M(20364M) 92.716ms
[25.500s][info][gc] GC(63) Pause Young (Normal) (G1 Evacuation Pause) 8166M->6587M(20364M) 144.831ms
[25.791s][info][gc] GC(64) Pause Young (Normal) (G1 Evacuation Pause) 7435M->6638M(20408M) 126.851ms
[26.322s][info][gc] GC(65) Pause Young (Normal) (G1 Evacuation Pause) 9186M->6737M(20408M) 73.244ms
[26.824s][info][gc] GC(66) Pause Young (Normal) (G1 Evacuation Pause) 8357M->6819M(20408M) 198.967ms
[27.042s][info][gc] GC(67) Pause Young (Normal) (G1 Evacuation Pause) 7751M->6869M(20408M) 52.265ms
[27.252s][info][gc] GC(68) Pause Young (Normal) (G1 Evacuation Pause) 7833M->6905M(20440M) 41.040ms
[27.475s][info][gc] GC(69) Pause Young (Normal) (G1 Evacuation Pause) 7833M->6950M(20440M) 55.915ms
[27.682s][info][gc] GC(70) Pause Young (Normal) (G1 Evacuation Pause) 7878M->6993M(20440M) 46.424ms
[27.967s][info][gc] GC(71) Pause Young (Normal) (G1 Evacuation Pause) 8337M->7051M(20440M) 52.950ms
[28.471s][info][gc] GC(72) Pause Young (Normal) (G1 Evacuation Pause) 9291M->7152M(20448M) 105.325ms
[28.974s][info][gc] GC(73) Pause Young (Normal) (G1 Evacuation Pause) 8784M->7238M(20448M) 200.508ms
[29.215s][info][gc] GC(74) Pause Young (Normal) (G1 Evacuation Pause) 8062M->7271M(20448M) 80.728ms
[29.423s][info][gc] GC(75) Pause Young (Normal) (G1 Evacuation Pause) 8243M->7311M(20448M) 40.818ms
[29.678s][info][gc] GC(76) Pause Young (Normal) (G1 Evacuation Pause) 8435M->7366M(20460M) 54.995ms
[30.109s][info][gc] GC(77) Pause Young (Normal) (G1 Evacuation Pause) 9430M->7453M(20460M) 70.352ms
[30.749s][info][gc] GC(78) Pause Young (Normal) (G1 Evacuation Pause) 9913M->7567M(20460M) 196.890ms
[31.005s][info][gc] GC(79) Pause Young (Normal) (G1 Evacuation Pause) 8323M->7598M(20460M) 109.990ms
[31.209s][info][gc] GC(80) Pause Young (Normal) (G1 Evacuation Pause) 8570M->7629M(20468M) 39.861ms
[31.414s][info][gc] GC(81) Pause Young (Normal) (G1 Evacuation Pause) 8569M->7666M(20468M) 43.746ms
[31.618s][info][gc] GC(82) Pause Young (Normal) (G1 Evacuation Pause) 8602M->7705M(20468M) 43.189ms
[31.818s][info][gc] GC(83) Pause Young (Normal) (G1 Evacuation Pause) 8645M->7744M(20468M) 41.879ms
[32.265s][info][gc] GC(84) Pause Young (Normal) (G1 Evacuation Pause) 9996M->7828M(20472M) 62.547ms
[32.707s][info][gc] GC(85) Pause Young (Normal) (G1 Evacuation Pause) 9564M->7898M(20472M) 139.069ms
[33.239s][info][gc] GC(86) Pause Young (Normal) (G1 Evacuation Pause) 10354M->7993M(20472M) 99.216ms
[33.693s][info][gc] GC(87) Pause Young (Normal) (G1 Evacuation Pause) 9669M->8057M(20472M) 150.084ms
[34.197s][info][gc] GC(88) Pause Young (Normal) (G1 Evacuation Pause) 10425M->8140M(20476M) 89.734ms
[34.794s][info][gc] GC(89) Pause Young (Normal) (G1 Evacuation Pause) 10700M->8241M(20476M) 143.453ms
[35.447s][info][gc] GC(90) Pause Young (Normal) (G1 Evacuation Pause) 11245M->8357M(20476M) 123.068ms
[36.111s][info][gc] GC(91) Pause Young (Normal) (G1 Evacuation Pause) 11329M->8460M(20476M) 146.005ms
[36.910s][info][gc] GC(92) Pause Young (Normal) (G1 Evacuation Pause) 12076M->8590M(20480M) 163.548ms
[37.474s][info][gc] GC(93) Pause Young (Normal) (G1 Evacuation Pause) 10882M->8672M(20480M) 153.035ms
End benchmark
benchmarkAvgTime : 33820
nbThread : 32
[0.993s][info][gc] GC(0) Pause Young (Normal) (G1 Evacuation Pause) 280M->145M(5128M) 45.712ms
[1.553s][info][gc] GC(1) Pause Young (Normal) (G1 Evacuation Pause) 369M->177M(5128M) 30.579ms
[2.161s][info][gc] GC(2) Pause Young (Normal) (G1 Evacuation Pause) 405M->183M(5128M) 10.031ms
[2.829s][info][gc] GC(3) Pause Young (Normal) (G1 Evacuation Pause) 431M->181M(5128M) 3.422ms
[3.502s][info][gc] GC(4) Pause Young (Normal) (G1 Evacuation Pause) 433M->181M(5128M) 3.430ms
[4.174s][info][gc] GC(5) Pause Young (Normal) (G1 Evacuation Pause) 433M->181M(5128M) 3.568ms
[4.655s][info][gc] GC(6) Pause Young (Normal) (G1 Evacuation Pause) 433M->232M(5128M) 16.483ms
[4.766s][info][gc] GC(7) Pause Young (Normal) (G1 Evacuation Pause) 468M->394M(5128M) 34.984ms
[4.873s][info][gc] GC(8) Pause Young (Normal) (G1 Evacuation Pause) 618M->561M(5128M) 48.930ms
[5.156s][info][gc] GC(9) Pause Young (Normal) (G1 Evacuation Pause) 785M->698M(6732M) 54.714ms
[5.430s][info][gc] GC(10) Pause Young (Normal) (G1 Evacuation Pause) 1002M->772M(6732M) 32.071ms
[5.651s][info][gc] GC(11) Pause Young (Normal) (G1 Evacuation Pause) 1064M->840M(6732M) 34.000ms
[5.793s][info][gc] GC(12) Pause Young (Normal) (G1 Evacuation Pause) 1132M->911M(6732M) 39.426ms
[5.925s][info][gc] GC(13) Pause Young (Normal) (G1 Evacuation Pause) 1203M->984M(8228M) 45.817ms
[6.154s][info][gc] GC(14) Pause Young (Normal) (G1 Evacuation Pause) 1348M->1067M(8228M) 51.076ms
[6.330s][info][gc] GC(15) Pause Young (Normal) (G1 Evacuation Pause) 1427M->1151M(8228M) 59.215ms
[6.518s][info][gc] GC(16) Pause Young (Normal) (G1 Evacuation Pause) 1511M->1236M(8228M) 65.300ms
[6.738s][info][gc] GC(17) Pause Young (Normal) (G1 Evacuation Pause) 1648M->1330M(11700M) 79.861ms
[7.089s][info][gc] GC(18) Pause Young (Normal) (G1 Evacuation Pause) 1854M->1448M(11700M) 89.978ms
[7.364s][info][gc] GC(19) Pause Young (Normal) (G1 Evacuation Pause) 1956M->1567M(11700M) 102.181ms
[7.654s][info][gc] GC(20) Pause Young (Normal) (G1 Evacuation Pause) 2075M->1683M(11700M) 103.498ms
[7.988s][info][gc] GC(21) Pause Young (Normal) (G1 Evacuation Pause) 2191M->1796M(15212M) 103.889ms
Start benchmark
[8.880s][info][gc] GC(22) Pause Young (Normal) (G1 Evacuation Pause) 2540M->2031M(15212M) 132.131ms
[9.317s][info][gc] GC(23) Pause Young (Normal) (G1 Evacuation Pause) 2695M->2161M(15212M) 96.855ms
[9.619s][info][gc] GC(24) Pause Young (Normal) (G1 Evacuation Pause) 2825M->2298M(15212M) 89.577ms
[10.025s][info][gc] GC(25) Pause Young (Normal) (G1 Evacuation Pause) 3038M->2447M(17320M) 111.138ms
[10.431s][info][gc] GC(26) Pause Young (Normal) (G1 Evacuation Pause) 3283M->2594M(17320M) 108.982ms
[10.953s][info][gc] GC(27) Pause Young (Normal) (G1 Evacuation Pause) 3870M->2837M(17320M) 130.471ms
[11.403s][info][gc] GC(28) Pause Young (Normal) (G1 Evacuation Pause) 4025M->3005M(17320M) 132.024ms
[11.788s][info][gc] GC(29) Pause Young (Normal) (G1 Evacuation Pause) 4065M->3132M(18392M) 109.897ms
[12.260s][info][gc] GC(30) Pause Young (Normal) (G1 Evacuation Pause) 4364M->3281M(18392M) 108.863ms
[12.829s][info][gc] GC(31) Pause Young (Normal) (G1 Evacuation Pause) 5093M->3489M(18392M) 132.366ms
[13.451s][info][gc] GC(32) Pause Young (Normal) (G1 Evacuation Pause) 5409M->3687M(18392M) 148.268ms
[14.155s][info][gc] GC(33) Pause Young (Normal) (G1 Evacuation Pause) 6071M->3915M(19024M) 163.346ms
[14.970s][info][gc] GC(34) Pause Young (Normal) (G1 Evacuation Pause) 6175M->4128M(19024M) 164.945ms
[15.697s][info][gc] GC(35) Pause Young (Normal) (G1 Evacuation Pause) 6812M->4336M(19024M) 152.606ms
[16.437s][info][gc] GC(36) Pause Young (Normal) (G1 Evacuation Pause) 7064M->4551M(19024M) 163.054ms
[17.534s][info][gc] GC(37) Pause Young (Normal) (G1 Evacuation Pause) 8939M->4831M(19516M) 187.479ms
[18.375s][info][gc] GC(38) Pause Young (Normal) (G1 Evacuation Pause) 7799M->5019M(19516M) 220.813ms
[19.245s][info][gc] GC(39) Pause Young (Normal) (G1 Evacuation Pause) 7871M->5295M(19516M) 177.621ms
[19.881s][info][gc] GC(40) Pause Young (Normal) (G1 Evacuation Pause) 6235M->5375M(19516M) 182.069ms
[20.662s][info][gc] GC(41) Pause Young (Normal) (G1 Evacuation Pause) 8835M->5566M(19808M) 117.577ms
[20.968s][info][gc] GC(42) Pause Young (Normal) (G1 Evacuation Pause) 6270M->5621M(19808M) 153.487ms
[21.782s][info][gc] GC(43) Pause Young (Normal) (G1 Evacuation Pause) 9353M->5817M(19808M) 114.475ms
[22.336s][info][gc] GC(44) Pause Young (Normal) (G1 Evacuation Pause) 7349M->5911M(19808M) 249.591ms
[22.575s][info][gc] GC(45) Pause Young (Normal) (G1 Evacuation Pause) 6799M->5968M(19960M) 69.426ms
[22.797s][info][gc] GC(46) Pause Young (Normal) (G1 Evacuation Pause) 6904M->6020M(19960M) 46.805ms
[23.113s][info][gc] GC(47) Pause Young (Normal) (G1 Evacuation Pause) 6904M->6072M(19960M) 148.268ms
[23.340s][info][gc] GC(48) Pause Young (Normal) (G1 Evacuation Pause) 6956M->6120M(19960M) 61.103ms
[23.557s][info][gc] GC(49) Pause Young (Normal) (G1 Evacuation Pause) 7016M->6174M(19960M) 55.759ms
[23.775s][info][gc] GC(50) Pause Young (Normal) (G1 Evacuation Pause) 7066M->6224M(20064M) 56.130ms
[24.012s][info][gc] GC(51) Pause Young (Normal) (G1 Evacuation Pause) 7120M->6276M(20064M) 67.562ms
[24.229s][info][gc] GC(52) Pause Young (Normal) (G1 Evacuation Pause) 7168M->6326M(20064M) 55.274ms
[24.477s][info][gc] GC(53) Pause Young (Normal) (G1 Evacuation Pause) 7222M->6375M(20064M) 83.637ms
[24.693s][info][gc] GC(54) Pause Young (Normal) (G1 Evacuation Pause) 7271M->6425M(20156M) 54.596ms
[25.043s][info][gc] GC(55) Pause Young (Normal) (G1 Evacuation Pause) 7717M->6493M(20156M) 112.610ms
[25.661s][info][gc] GC(56) Pause Young (Normal) (G1 Evacuation Pause) 9125M->6622M(20156M) 144.380ms
[25.961s][info][gc] GC(57) Pause Young (Normal) (G1 Evacuation Pause) 7378M->6662M(20156M) 155.218ms
[26.169s][info][gc] GC(58) Pause Young (Normal) (G1 Evacuation Pause) 7614M->6700M(20288M) 42.024ms
[26.387s][info][gc] GC(59) Pause Young (Normal) (G1 Evacuation Pause) 7620M->6748M(20288M) 50.346ms
[26.593s][info][gc] GC(60) Pause Young (Normal) (G1 Evacuation Pause) 7664M->6795M(20288M) 47.452ms
[26.805s][info][gc] GC(61) Pause Young (Normal) (G1 Evacuation Pause) 7711M->6844M(20288M) 49.819ms
[27.091s][info][gc] GC(62) Pause Young (Normal) (G1 Evacuation Pause) 8064M->6905M(20328M) 64.485ms
[27.629s][info][gc] GC(63) Pause Young (Normal) (G1 Evacuation Pause) 9161M->7005M(20328M) 136.356ms
[27.922s][info][gc] GC(64) Pause Young (Normal) (G1 Evacuation Pause) 7809M->7050M(20328M) 140.841ms
[28.125s][info][gc] GC(65) Pause Young (Normal) (G1 Evacuation Pause) 8010M->7081M(20328M) 39.118ms
[28.336s][info][gc] GC(66) Pause Young (Normal) (G1 Evacuation Pause) 8009M->7122M(20384M) 47.813ms
[28.545s][info][gc] GC(67) Pause Young (Normal) (G1 Evacuation Pause) 8050M->7165M(20384M) 46.416ms
[28.780s][info][gc] GC(68) Pause Young (Normal) (G1 Evacuation Pause) 8245M->7215M(20384M) 48.614ms
[29.525s][info][gc] GC(69) Pause Young (Normal) (G1 Evacuation Pause) 10127M->7347M(20384M) 123.876ms
[29.992s][info][gc] GC(70) Pause Young (Normal) (G1 Evacuation Pause) 9023M->7426M(20412M) 163.561ms
[30.204s][info][gc] GC(71) Pause Young (Normal) (G1 Evacuation Pause) 8358M->7476M(20412M) 49.950ms
[30.406s][info][gc] GC(72) Pause Young (Normal) (G1 Evacuation Pause) 8448M->7516M(20412M) 36.194ms
[30.921s][info][gc] GC(73) Pause Young (Normal) (G1 Evacuation Pause) 9904M->7605M(20412M) 91.566ms
[31.210s][info][gc] GC(74) Pause Young (Normal) (G1 Evacuation Pause) 8445M->7643M(20432M) 136.424ms
[31.607s][info][gc] GC(75) Pause Young (Normal) (G1 Evacuation Pause) 9647M->7719M(20432M) 55.116ms
[32.235s][info][gc] GC(76) Pause Young (Normal) (G1 Evacuation Pause) 10367M->7820M(20432M) 167.189ms
[32.506s][info][gc] GC(77) Pause Young (Normal) (G1 Evacuation Pause) 8616M->7853M(20432M) 124.498ms
[32.703s][info][gc] GC(78) Pause Young (Normal) (G1 Evacuation Pause) 8829M->7883M(20452M) 34.570ms
[32.902s][info][gc] GC(79) Pause Young (Normal) (G1 Evacuation Pause) 8827M->7921M(20452M) 39.504ms
[33.113s][info][gc] GC(80) Pause Young (Normal) (G1 Evacuation Pause) 8937M->7966M(20452M) 41.328ms
[33.429s][info][gc] GC(81) Pause Young (Normal) (G1 Evacuation Pause) 9566M->8026M(20452M) 49.276ms
[34.014s][info][gc] GC(82) Pause Young (Normal) (G1 Evacuation Pause) 10682M->8130M(20456M) 129.673ms
[34.349s][info][gc] GC(83) Pause Young (Normal) (G1 Evacuation Pause) 9478M->8189M(20456M) 95.906ms
[34.847s][info][gc] GC(84) Pause Young (Normal) (G1 Evacuation Pause) 10777M->8269M(20456M) 64.247ms
[35.422s][info][gc] GC(85) Pause Young (Normal) (G1 Evacuation Pause) 10605M->8353M(20456M) 169.063ms
[35.645s][info][gc] GC(86) Pause Young (Normal) (G1 Evacuation Pause) 9137M->8384M(20468M) 82.797ms
[36.046s][info][gc] GC(87) Pause Young (Normal) (G1 Evacuation Pause) 10480M->8445M(20468M) 49.436ms
[36.707s][info][gc] GC(88) Pause Young (Normal) (G1 Evacuation Pause) 11569M->8548M(20468M) 133.729ms
[36.923s][info][gc] GC(89) Pause Young (Normal) (G1 Evacuation Pause) 9360M->8576M(20468M) 72.295ms
[37.197s][info][gc] GC(90) Pause Young (Normal) (G1 Evacuation Pause) 10020M->8615M(20472M) 37.201ms
[37.736s][info][gc] GC(91) Pause Young (Normal) (G1 Evacuation Pause) 11431M->8709M(20472M) 68.004ms
End benchmark
[38.422s][info][gc] GC(92) Pause Young (Normal) (G1 Evacuation Pause) 11757M->8820M(20472M) 158.954ms
benchmarkAvgTime : 34085
nbThread : 32
[0.994s][info][gc] GC(0) Pause Young (Normal) (G1 Evacuation Pause) 280M->145M(5128M) 44.064ms
[1.556s][info][gc] GC(1) Pause Young (Normal) (G1 Evacuation Pause) 369M->179M(5128M) 30.205ms
[2.159s][info][gc] GC(2) Pause Young (Normal) (G1 Evacuation Pause) 407M->185M(5128M) 9.189ms
[2.824s][info][gc] GC(3) Pause Young (Normal) (G1 Evacuation Pause) 433M->184M(5128M) 3.757ms
[3.493s][info][gc] GC(4) Pause Young (Normal) (G1 Evacuation Pause) 436M->183M(5128M) 3.604ms
[4.161s][info][gc] GC(5) Pause Young (Normal) (G1 Evacuation Pause) 435M->183M(5128M) 3.428ms
[4.452s][info][gc] GC(6) Pause Young (Normal) (G1 Evacuation Pause) 447M->323M(5128M) 24.654ms
[4.535s][info][gc] GC(7) Pause Young (Normal) (G1 Evacuation Pause) 547M->480M(5128M) 40.534ms
[4.652s][info][gc] GC(8) Pause Young (Normal) (G1 Evacuation Pause) 704M->646M(6296M) 52.750ms
[4.980s][info][gc] GC(9) Pause Young (Normal) (G1 Evacuation Pause) 926M->739M(6296M) 39.884ms
[5.090s][info][gc] GC(10) Pause Young (Normal) (G1 Evacuation Pause) 1011M->811M(6296M) 32.961ms
[5.205s][info][gc] GC(11) Pause Young (Normal) (G1 Evacuation Pause) 1083M->884M(6296M) 35.586ms
[5.338s][info][gc] GC(12) Pause Young (Normal) (G1 Evacuation Pause) 1156M->954M(7980M) 44.432ms
[5.572s][info][gc] GC(13) Pause Young (Normal) (G1 Evacuation Pause) 1310M->1042M(7980M) 50.615ms
[5.751s][info][gc] GC(14) Pause Young (Normal) (G1 Evacuation Pause) 1386M->1129M(7980M) 59.248ms
[5.933s][info][gc] GC(15) Pause Young (Normal) (G1 Evacuation Pause) 1473M->1220M(7980M) 61.578ms
[6.126s][info][gc] GC(16) Pause Young (Normal) (G1 Evacuation Pause) 1564M->1310M(11420M) 77.708ms
[6.507s][info][gc] GC(17) Pause Young (Normal) (G1 Evacuation Pause) 1826M->1436M(11420M) 92.004ms
[6.791s][info][gc] GC(18) Pause Young (Normal) (G1 Evacuation Pause) 1932M->1562M(11420M) 105.976ms
[7.082s][info][gc] GC(19) Pause Young (Normal) (G1 Evacuation Pause) 2058M->1685M(11420M) 107.359ms
Start benchmark
[7.636s][info][gc] GC(20) Pause Young (Normal) (G1 Evacuation Pause) 2205M->1838M(15044M) 115.652ms
[8.361s][info][gc] GC(21) Pause Young (Normal) (G1 Evacuation Pause) 2554M->2041M(15044M) 117.491ms
[8.714s][info][gc] GC(22) Pause Young (Normal) (G1 Evacuation Pause) 2697M->2169M(15044M) 88.635ms
[9.051s][info][gc] GC(23) Pause Young (Normal) (G1 Evacuation Pause) 2873M->2305M(15044M) 93.432ms
[9.415s][info][gc] GC(24) Pause Young (Normal) (G1 Evacuation Pause) 3077M->2455M(17172M) 118.031ms
[9.802s][info][gc] GC(25) Pause Young (Normal) (G1 Evacuation Pause) 3267M->2596M(17172M) 107.294ms
[10.174s][info][gc] GC(26) Pause Young (Normal) (G1 Evacuation Pause) 3488M->2787M(17172M) 114.838ms
[10.510s][info][gc] GC(27) Pause Young (Normal) (G1 Evacuation Pause) 3623M->2911M(17172M) 110.052ms
[10.835s][info][gc] GC(28) Pause Young (Normal) (G1 Evacuation Pause) 3807M->3036M(18252M) 96.608ms
[11.221s][info][gc] GC(29) Pause Young (Normal) (G1 Evacuation Pause) 4024M->3152M(18252M) 96.592ms
[11.980s][info][gc] GC(30) Pause Young (Normal) (G1 Evacuation Pause) 5480M->3392M(18252M) 144.459ms
[12.509s][info][gc] GC(31) Pause Young (Normal) (G1 Evacuation Pause) 4932M->3583M(18252M) 165.835ms
[12.918s][info][gc] GC(32) Pause Young (Normal) (G1 Evacuation Pause) 4827M->3706M(19016M) 115.601ms
[13.428s][info][gc] GC(33) Pause Young (Normal) (G1 Evacuation Pause) 5334M->3871M(19016M) 119.728ms
[13.945s][info][gc] GC(34) Pause Young (Normal) (G1 Evacuation Pause) 5675M->4033M(19016M) 123.388ms
[14.630s][info][gc] GC(35) Pause Young (Normal) (G1 Evacuation Pause) 5985M->4205M(19016M) 131.641ms
[15.060s][info][gc] GC(36) Pause Young (Normal) (G1 Evacuation Pause) 5617M->4324M(19464M) 124.974ms
[15.813s][info][gc] GC(37) Pause Young (Normal) (G1 Evacuation Pause) 7296M->4532M(19464M) 130.005ms
[16.319s][info][gc] GC(38) Pause Young (Normal) (G1 Evacuation Pause) 6060M->4641M(19464M) 173.924ms
[17.013s][info][gc] GC(39) Pause Young (Normal) (G1 Evacuation Pause) 7501M->4825M(19464M) 124.191ms
[17.738s][info][gc] GC(40) Pause Young (Normal) (G1 Evacuation Pause) 7577M->5006M(19756M) 175.126ms
[18.429s][info][gc] GC(41) Pause Young (Normal) (G1 Evacuation Pause) 7474M->5172M(19756M) 188.982ms
[19.229s][info][gc] GC(42) Pause Young (Normal) (G1 Evacuation Pause) 5908M->5340M(19756M) 164.030ms
[20.561s][info][gc] GC(43) Pause Young (Normal) (G1 Evacuation Pause) 11124M->5675M(19756M) 195.862ms
[21.145s][info][gc] GC(44) Pause Young (Normal) (G1 Evacuation Pause) 7183M->5776M(19996M) 278.858ms
[21.383s][info][gc] GC(45) Pause Young (Normal) (G1 Evacuation Pause) 6660M->5843M(19996M) 62.003ms
[21.604s][info][gc] GC(46) Pause Young (Normal) (G1 Evacuation Pause) 6771M->5884M(19996M) 50.604ms
[21.831s][info][gc] GC(47) Pause Young (Normal) (G1 Evacuation Pause) 6772M->5936M(19996M) 60.935ms
[22.060s][info][gc] GC(48) Pause Young (Normal) (G1 Evacuation Pause) 6824M->5988M(20096M) 62.453ms
[22.283s][info][gc] GC(49) Pause Young (Normal) (G1 Evacuation Pause) 6884M->6038M(20096M) 57.714ms
[22.869s][info][gc] GC(50) Pause Young (Normal) (G1 Evacuation Pause) 8602M->6173M(20096M) 115.407ms
[23.179s][info][gc] GC(51) Pause Young (Normal) (G1 Evacuation Pause) 6937M->6216M(20096M) 158.490ms
[23.396s][info][gc] GC(52) Pause Young (Normal) (G1 Evacuation Pause) 7168M->6258M(20176M) 42.896ms
[23.634s][info][gc] GC(53) Pause Young (Normal) (G1 Evacuation Pause) 7170M->6308M(20176M) 66.783ms
[23.855s][info][gc] GC(54) Pause Young (Normal) (G1 Evacuation Pause) 7212M->6361M(20176M) 55.515ms
[24.074s][info][gc] GC(55) Pause Young (Normal) (G1 Evacuation Pause) 7265M->6411M(20176M) 55.081ms
[24.658s][info][gc] GC(56) Pause Young (Normal) (G1 Evacuation Pause) 8951M->6540M(20240M) 119.587ms
[24.983s][info][gc] GC(57) Pause Young (Normal) (G1 Evacuation Pause) 7508M->6603M(20240M) 142.999ms
[25.446s][info][gc] GC(58) Pause Young (Normal) (G1 Evacuation Pause) 8787M->6694M(20240M) 70.551ms
[25.908s][info][gc] GC(59) Pause Young (Normal) (G1 Evacuation Pause) 8342M->6776M(20240M) 159.143ms
[26.140s][info][gc] GC(60) Pause Young (Normal) (G1 Evacuation Pause) 7592M->6814M(20336M) 77.067ms
[26.355s][info][gc] GC(61) Pause Young (Normal) (G1 Evacuation Pause) 7782M->6853M(20336M) 43.022ms
[26.758s][info][gc] GC(62) Pause Young (Normal) (G1 Evacuation Pause) 8521M->6930M(20336M) 101.186ms
[27.203s][info][gc] GC(63) Pause Young (Normal) (G1 Evacuation Pause) 8578M->7010M(20336M) 140.930ms
[27.647s][info][gc] GC(64) Pause Young (Normal) (G1 Evacuation Pause) 8790M->7099M(20380M) 120.556ms
[27.874s][info][gc] GC(65) Pause Young (Normal) (G1 Evacuation Pause) 7943M->7150M(20380M) 70.419ms
[28.236s][info][gc] GC(66) Pause Young (Normal) (G1 Evacuation Pause) 8922M->7213M(20380M) 53.686ms
[28.691s][info][gc] GC(67) Pause Young (Normal) (G1 Evacuation Pause) 9045M->7296M(20380M) 127.388ms
[29.279s][info][gc] GC(68) Pause Young (Normal) (G1 Evacuation Pause) 9552M->7384M(20408M) 176.906ms
[29.502s][info][gc] GC(69) Pause Young (Normal) (G1 Evacuation Pause) 8224M->7426M(20408M) 71.048ms
[29.707s][info][gc] GC(70) Pause Young (Normal) (G1 Evacuation Pause) 8398M->7459M(20408M) 38.490ms
[29.922s][info][gc] GC(71) Pause Young (Normal) (G1 Evacuation Pause) 8399M->7505M(20408M) 48.584ms
[30.230s][info][gc] GC(72) Pause Young (Normal) (G1 Evacuation Pause) 8877M->7561M(20428M) 52.719ms
[30.954s][info][gc] GC(73) Pause Young (Normal) (G1 Evacuation Pause) 8985M->7642M(20428M) 119.584ms
[31.758s][info][gc] GC(74) Pause Young (Normal) (G1 Evacuation Pause) 9546M->7740M(20428M) 90.507ms
[32.620s][info][gc] GC(75) Pause Young (Normal) (G1 Evacuation Pause) 9780M->7848M(20428M) 93.552ms
[33.709s][info][gc] GC(76) Pause Young (Normal) (G1 Evacuation Pause) 10388M->7983M(20444M) 119.718ms
[34.914s][info][gc] GC(77) Pause Young (Normal) (G1 Evacuation Pause) 10735M->8114M(20444M) 145.786ms
[36.307s][info][gc] GC(78) Pause Young (Normal) (G1 Evacuation Pause) 11414M->8275M(20444M) 155.147ms
[37.757s][info][gc] GC(79) Pause Young (Normal) (G1 Evacuation Pause) 11751M->8446M(20444M) 148.879ms
End benchmark
benchmarkAvgTime : 33736
nbThread : 32
[1.000s][info][gc] GC(0) Pause Young (Normal) (G1 Evacuation Pause) 280M->145M(5128M) 44.561ms
[1.566s][info][gc] GC(1) Pause Young (Normal) (G1 Evacuation Pause) 369M->180M(5128M) 30.644ms
[2.178s][info][gc] GC(2) Pause Young (Normal) (G1 Evacuation Pause) 408M->188M(5128M) 9.174ms
[2.856s][info][gc] GC(3) Pause Young (Normal) (G1 Evacuation Pause) 436M->186M(5128M) 2.933ms
[3.536s][info][gc] GC(4) Pause Young (Normal) (G1 Evacuation Pause) 438M->186M(5128M) 3.222ms
[4.094s][info][gc] GC(5) Pause Young (Normal) (G1 Evacuation Pause) 438M->186M(5128M) 2.788ms
[4.265s][info][gc] GC(6) Pause Young (Normal) (G1 Evacuation Pause) 450M->354M(5128M) 30.331ms
[4.364s][info][gc] GC(7) Pause Young (Normal) (G1 Evacuation Pause) 578M->519M(5128M) 45.382ms
[4.552s][info][gc] GC(8) Pause Young (Normal) (G1 Evacuation Pause) 743M->680M(6552M) 55.452ms
[4.807s][info][gc] GC(9) Pause Young (Normal) (G1 Evacuation Pause) 972M->760M(6552M) 31.376ms
[4.971s][info][gc] GC(10) Pause Young (Normal) (G1 Evacuation Pause) 1040M->827M(6552M) 34.883ms
[5.098s][info][gc] GC(11) Pause Young (Normal) (G1 Evacuation Pause) 1107M->893M(6552M) 38.470ms
[5.234s][info][gc] GC(12) Pause Young (Normal) (G1 Evacuation Pause) 1173M->961M(8248M) 47.914ms
[5.470s][info][gc] GC(13) Pause Young (Normal) (G1 Evacuation Pause) 1329M->1044M(8248M) 52.025ms
[5.649s][info][gc] GC(14) Pause Young (Normal) (G1 Evacuation Pause) 1404M->1132M(8248M) 62.938ms
[5.834s][info][gc] GC(15) Pause Young (Normal) (G1 Evacuation Pause) 1492M->1217M(8248M) 64.486ms
[6.032s][info][gc] GC(16) Pause Young (Normal) (G1 Evacuation Pause) 1577M->1301M(11944M) 82.252ms
[6.421s][info][gc] GC(17) Pause Young (Normal) (G1 Evacuation Pause) 1845M->1423M(11944M) 93.770ms
[6.717s][info][gc] GC(18) Pause Young (Normal) (G1 Evacuation Pause) 1943M->1542M(11944M) 105.346ms
[7.004s][info][gc] GC(19) Pause Young (Normal) (G1 Evacuation Pause) 2062M->1661M(11944M) 106.050ms
[7.344s][info][gc] GC(20) Pause Young (Normal) (G1 Evacuation Pause) 2181M->1778M(15360M) 107.048ms
Start benchmark
[8.206s][info][gc] GC(21) Pause Young (Normal) (G1 Evacuation Pause) 2530M->2017M(15360M) 134.241ms
[8.532s][info][gc] GC(22) Pause Young (Normal) (G1 Evacuation Pause) 2689M->2147M(15360M) 99.824ms
[8.840s][info][gc] GC(23) Pause Young (Normal) (G1 Evacuation Pause) 2819M->2282M(15360M) 96.766ms
[9.175s][info][gc] GC(24) Pause Young (Normal) (G1 Evacuation Pause) 2954M->2414M(17408M) 105.621ms
[9.559s][info][gc] GC(25) Pause Young (Normal) (G1 Evacuation Pause) 3186M->2555M(17408M) 107.583ms
[9.872s][info][gc] GC(26) Pause Young (Normal) (G1 Evacuation Pause) 3311M->2678M(17408M) 98.081ms
[10.219s][info][gc] GC(27) Pause Young (Normal) (G1 Evacuation Pause) 3510M->2856M(17408M) 106.911ms
[10.533s][info][gc] GC(28) Pause Young (Normal) (G1 Evacuation Pause) 3656M->2969M(18380M) 107.648ms
[10.891s][info][gc] GC(29) Pause Young (Normal) (G1 Evacuation Pause) 3849M->3075M(18380M) 95.450ms
[11.496s][info][gc] GC(30) Pause Young (Normal) (G1 Evacuation Pause) 5007M->3293M(18380M) 136.128ms
[12.052s][info][gc] GC(31) Pause Young (Normal) (G1 Evacuation Pause) 4689M->3461M(18380M) 153.245ms
[12.513s][info][gc] GC(32) Pause Young (Normal) (G1 Evacuation Pause) 4853M->3607M(19132M) 122.755ms
[13.002s][info][gc] GC(33) Pause Young (Normal) (G1 Evacuation Pause) 5111M->3755M(19132M) 116.758ms
[13.609s][info][gc] GC(34) Pause Young (Normal) (G1 Evacuation Pause) 5535M->3928M(19132M) 122.696ms
[14.187s][info][gc] GC(35) Pause Young (Normal) (G1 Evacuation Pause) 5964M->4103M(19132M) 130.440ms
[15.116s][info][gc] GC(36) Pause Young (Normal) (G1 Evacuation Pause) 7543M->4348M(19568M) 168.169ms
[15.742s][info][gc] GC(37) Pause Young (Normal) (G1 Evacuation Pause) 6276M->4486M(19568M) 191.783ms
[16.465s][info][gc] GC(38) Pause Young (Normal) (G1 Evacuation Pause) 7386M->4671M(19568M) 135.351ms
[17.126s][info][gc] GC(39) Pause Young (Normal) (G1 Evacuation Pause) 6995M->4822M(19568M) 180.962ms
[17.562s][info][gc] GC(40) Pause Young (Normal) (G1 Evacuation Pause) 6306M->4928M(19876M) 133.249ms
[18.156s][info][gc] GC(41) Pause Young (Normal) (G1 Evacuation Pause) 7344M->5072M(19876M) 124.895ms
[18.923s][info][gc] GC(42) Pause Young (Normal) (G1 Evacuation Pause) 5916M->5244M(19876M) 161.535ms
[19.570s][info][gc] GC(43) Pause Young (Normal) (G1 Evacuation Pause) 7948M->5392M(19876M) 121.538ms
[20.070s][info][gc] GC(44) Pause Young (Normal) (G1 Evacuation Pause) 6852M->5479M(20016M) 208.507ms
[20.303s][info][gc] GC(45) Pause Young (Normal) (G1 Evacuation Pause) 6387M->5539M(20016M) 60.473ms
[20.525s][info][gc] GC(46) Pause Young (Normal) (G1 Evacuation Pause) 6475M->5590M(20016M) 49.407ms
[20.784s][info][gc] GC(47) Pause Young (Normal) (G1 Evacuation Pause) 6478M->5641M(20016M) 91.632ms
[21.018s][info][gc] GC(48) Pause Young (Normal) (G1 Evacuation Pause) 6529M->5691M(20112M) 68.043ms
[21.271s][info][gc] GC(49) Pause Young (Normal) (G1 Evacuation Pause) 6591M->5744M(20112M) 83.127ms
[21.638s][info][gc] GC(50) Pause Young (Normal) (G1 Evacuation Pause) 7020M->5819M(20112M) 127.720ms
[21.946s][info][gc] GC(51) Pause Young (Normal) (G1 Evacuation Pause) 6691M->5867M(20112M) 140.394ms
[22.159s][info][gc] GC(52) Pause Young (Normal) (G1 Evacuation Pause) 6815M->5913M(20220M) 44.588ms
[22.399s][info][gc] GC(53) Pause Young (Normal) (G1 Evacuation Pause) 6817M->5965M(20220M) 73.551ms
[22.653s][info][gc] GC(54) Pause Young (Normal) (G1 Evacuation Pause) 6865M->6019M(20220M) 90.212ms
[22.872s][info][gc] GC(55) Pause Young (Normal) (G1 Evacuation Pause) 6919M->6073M(20220M) 57.010ms
[23.142s][info][gc] GC(56) Pause Young (Normal) (G1 Evacuation Pause) 6969M->6124M(20292M) 104.340ms
[23.381s][info][gc] GC(57) Pause Young (Normal) (G1 Evacuation Pause) 7028M->6174M(20292M) 74.263ms
[23.618s][info][gc] GC(58) Pause Young (Normal) (G1 Evacuation Pause) 7082M->6227M(20292M) 68.905ms
[24.224s][info][gc] GC(59) Pause Young (Normal) (G1 Evacuation Pause) 8783M->6351M(20292M) 148.337ms
[24.586s][info][gc] GC(60) Pause Young (Normal) (G1 Evacuation Pause) 7139M->6398M(20368M) 208.811ms
[24.796s][info][gc] GC(61) Pause Young (Normal) (G1 Evacuation Pause) 7358M->6431M(20368M) 39.843ms
[25.031s][info][gc] GC(62) Pause Young (Normal) (G1 Evacuation Pause) 7355M->6478M(20368M) 66.737ms
[25.242s][info][gc] GC(63) Pause Young (Normal) (G1 Evacuation Pause) 7398M->6522M(20368M) 48.646ms
[25.447s][info][gc] GC(64) Pause Young (Normal) (G1 Evacuation Pause) 7446M->6567M(20408M) 46.796ms
[25.657s][info][gc] GC(65) Pause Young (Normal) (G1 Evacuation Pause) 7499M->6610M(20408M) 47.664ms
[26.396s][info][gc] GC(66) Pause Young (Normal) (G1 Evacuation Pause) 10030M->6766M(20408M) 135.573ms
[26.726s][info][gc] GC(67) Pause Young (Normal) (G1 Evacuation Pause) 7662M->6808M(20408M) 161.392ms
[26.934s][info][gc] GC(68) Pause Young (Normal) (G1 Evacuation Pause) 7776M->6842M(20436M) 39.518ms
[27.146s][info][gc] GC(69) Pause Young (Normal) (G1 Evacuation Pause) 7774M->6886M(20436M) 48.772ms
[27.675s][info][gc] GC(70) Pause Young (Normal) (G1 Evacuation Pause) 9338M->6991M(20436M) 103.266ms
[28.271s][info][gc] GC(71) Pause Young (Normal) (G1 Evacuation Pause) 9175M->7094M(20436M) 205.426ms
[28.541s][info][gc] GC(72) Pause Young (Normal) (G1 Evacuation Pause) 7858M->7126M(20452M) 120.719ms
[28.741s][info][gc] GC(73) Pause Young (Normal) (G1 Evacuation Pause) 8098M->7155M(20452M) 38.039ms
[28.946s][info][gc] GC(74) Pause Young (Normal) (G1 Evacuation Pause) 8099M->7191M(20452M) 43.220ms
[29.147s][info][gc] GC(75) Pause Young (Normal) (G1 Evacuation Pause) 8131M->7232M(20452M) 42.476ms
[29.819s][info][gc] GC(76) Pause Young (Normal) (G1 Evacuation Pause) 10656M->7359M(20460M) 88.938ms
[30.393s][info][gc] GC(77) Pause Young (Normal) (G1 Evacuation Pause) 9359M->7450M(20460M) 222.885ms
[30.616s][info][gc] GC(78) Pause Young (Normal) (G1 Evacuation Pause) 8242M->7488M(20460M) 78.241ms
[30.816s][info][gc] GC(79) Pause Young (Normal) (G1 Evacuation Pause) 8460M->7517M(20460M) 37.475ms
[31.025s][info][gc] GC(80) Pause Young (Normal) (G1 Evacuation Pause) 8457M->7560M(20468M) 46.804ms
[31.227s][info][gc] GC(81) Pause Young (Normal) (G1 Evacuation Pause) 8496M->7601M(20468M) 43.241ms
[31.464s][info][gc] GC(82) Pause Young (Normal) (G1 Evacuation Pause) 8749M->7645M(20468M) 45.191ms
[32.324s][info][gc] GC(83) Pause Young (Normal) (G1 Evacuation Pause) 11873M->7798M(20468M) 141.354ms
[32.809s][info][gc] GC(84) Pause Young (Normal) (G1 Evacuation Pause) 9486M->7880M(20472M) 182.088ms
[33.009s][info][gc] GC(85) Pause Young (Normal) (G1 Evacuation Pause) 8808M->7923M(20472M) 43.554ms
[33.201s][info][gc] GC(86) Pause Young (Normal) (G1 Evacuation Pause) 8895M->7950M(20472M) 32.721ms
[33.398s][info][gc] GC(87) Pause Young (Normal) (G1 Evacuation Pause) 8894M->7988M(20472M) 39.274ms
[34.149s][info][gc] GC(88) Pause Young (Normal) (G1 Evacuation Pause) 11592M->8119M(20476M) 145.299ms
[34.379s][info][gc] GC(89) Pause Young (Normal) (G1 Evacuation Pause) 8931M->8156M(20476M) 87.291ms
[34.712s][info][gc] GC(90) Pause Young (Normal) (G1 Evacuation Pause) 9868M->8209M(20476M) 44.926ms
[35.487s][info][gc] GC(91) Pause Young (Normal) (G1 Evacuation Pause) 12005M->8339M(20476M) 132.106ms
[36.093s][info][gc] GC(92) Pause Young (Normal) (G1 Evacuation Pause) 11063M->8429M(20480M) 136.424ms
[36.836s][info][gc] GC(93) Pause Young (Normal) (G1 Evacuation Pause) 12001M->8551M(20480M) 116.927ms
[37.320s][info][gc] GC(94) Pause Young (Normal) (G1 Evacuation Pause) 10403M->8618M(20480M) 158.758ms
End benchmark
benchmarkAvgTime : 33717
nbThread : 32
[0.996s][info][gc] GC(0) Pause Young (Normal) (G1 Evacuation Pause) 280M->145M(5128M) 45.260ms
[1.563s][info][gc] GC(1) Pause Young (Normal) (G1 Evacuation Pause) 369M->179M(5128M) 28.969ms
[2.171s][info][gc] GC(2) Pause Young (Normal) (G1 Evacuation Pause) 407M->187M(5128M) 9.286ms
[2.844s][info][gc] GC(3) Pause Young (Normal) (G1 Evacuation Pause) 435M->185M(5128M) 3.294ms
[3.521s][info][gc] GC(4) Pause Young (Normal) (G1 Evacuation Pause) 437M->185M(5128M) 3.509ms
[4.197s][info][gc] GC(5) Pause Young (Normal) (G1 Evacuation Pause) 437M->185M(5128M) 3.558ms
[4.805s][info][gc] GC(6) Pause Young (Normal) (G1 Evacuation Pause) 449M->299M(5128M) 20.369ms
[4.876s][info][gc] GC(7) Pause Young (Normal) (G1 Evacuation Pause) 523M->461M(5128M) 38.892ms
[4.977s][info][gc] GC(8) Pause Young (Normal) (G1 Evacuation Pause) 685M->628M(5128M) 50.634ms
[5.343s][info][gc] GC(9) Pause Young (Normal) (G1 Evacuation Pause) 852M->720M(6752M) 43.981ms
[5.539s][info][gc] GC(10) Pause Young (Normal) (G1 Evacuation Pause) 1024M->799M(6752M) 33.400ms
[5.658s][info][gc] GC(11) Pause Young (Normal) (G1 Evacuation Pause) 1091M->875M(6752M) 36.196ms
[5.786s][info][gc] GC(12) Pause Young (Normal) (G1 Evacuation Pause) 1167M->954M(6752M) 38.547ms
[5.928s][info][gc] GC(13) Pause Young (Normal) (G1 Evacuation Pause) 1246M->1030M(8072M) 46.403ms
[6.154s][info][gc] GC(14) Pause Young (Normal) (G1 Evacuation Pause) 1386M->1118M(8072M) 55.569ms
[6.339s][info][gc] GC(15) Pause Young (Normal) (G1 Evacuation Pause) 1466M->1207M(8072M) 63.046ms
[6.531s][info][gc] GC(16) Pause Young (Normal) (G1 Evacuation Pause) 1555M->1298M(8072M) 69.861ms
[6.756s][info][gc] GC(17) Pause Young (Normal) (G1 Evacuation Pause) 1682M->1399M(11988M) 88.390ms
[7.156s][info][gc] GC(18) Pause Young (Normal) (G1 Evacuation Pause) 1939M->1534M(11988M) 98.574ms
[7.453s][info][gc] GC(19) Pause Young (Normal) (G1 Evacuation Pause) 2054M->1664M(11988M) 110.810ms
[7.810s][info][gc] GC(20) Pause Young (Normal) (G1 Evacuation Pause) 2184M->1796M(11988M) 105.012ms
Start benchmark
[8.534s][info][gc] GC(21) Pause Young (Normal) (G1 Evacuation Pause) 2376M->2003M(15388M) 128.695ms
[9.030s][info][gc] GC(22) Pause Young (Normal) (G1 Evacuation Pause) 2695M->2138M(15388M) 96.654ms
[9.341s][info][gc] GC(23) Pause Young (Normal) (G1 Evacuation Pause) 2810M->2272M(15388M) 93.490ms
[9.694s][info][gc] GC(24) Pause Young (Normal) (G1 Evacuation Pause) 2944M->2406M(15388M) 98.146ms
[10.026s][info][gc] GC(25) Pause Young (Normal) (G1 Evacuation Pause) 3130M->2540M(17280M) 109.838ms
[10.378s][info][gc] GC(26) Pause Young (Normal) (G1 Evacuation Pause) 3300M->2665M(17280M) 100.645ms
[10.747s][info][gc] GC(27) Pause Young (Normal) (G1 Evacuation Pause) 3525M->2850M(17280M) 111.372ms
[11.076s][info][gc] GC(28) Pause Young (Normal) (G1 Evacuation Pause) 3682M->2970M(17280M) 107.041ms
[11.579s][info][gc] GC(29) Pause Young (Normal) (G1 Evacuation Pause) 4338M->3137M(18276M) 119.405ms
[12.059s][info][gc] GC(30) Pause Young (Normal) (G1 Evacuation Pause) 4457M->3289M(18276M) 119.767ms
[12.596s][info][gc] GC(31) Pause Young (Normal) (G1 Evacuation Pause) 4885M->3472M(18276M) 127.820ms
[13.153s][info][gc] GC(32) Pause Young (Normal) (G1 Evacuation Pause) 5168M->3649M(18276M) 132.705ms
[13.809s][info][gc] GC(33) Pause Young (Normal) (G1 Evacuation Pause) 5905M->3870M(19032M) 145.260ms
[14.631s][info][gc] GC(34) Pause Young (Normal) (G1 Evacuation Pause) 6082M->4079M(19032M) 153.083ms
[15.315s][info][gc] GC(35) Pause Young (Normal) (G1 Evacuation Pause) 6567M->4288M(19032M) 145.029ms
[16.121s][info][gc] GC(36) Pause Young (Normal) (G1 Evacuation Pause) 7420M->4508M(19032M) 163.421ms
[16.944s][info][gc] GC(37) Pause Young (Normal) (G1 Evacuation Pause) 7484M->4718M(19524M) 212.203ms
[17.720s][info][gc] GC(38) Pause Young (Normal) (G1 Evacuation Pause) 7706M->4932M(19524M) 160.782ms
[18.156s][info][gc] GC(39) Pause Young (Normal) (G1 Evacuation Pause) 6400M->5050M(19524M) 131.802ms
[18.750s][info][gc] GC(40) Pause Young (Normal) (G1 Evacuation Pause) 7498M->5191M(19524M) 122.044ms
[20.142s][info][gc] GC(41) Pause Young (Normal) (G1 Evacuation Pause) 6019M->5364M(19780M) 171.578ms
[21.216s][info][gc] GC(42) Pause Young (Normal) (G1 Evacuation Pause) 9996M->5610M(19780M) 161.411ms
[21.568s][info][gc] GC(43) Pause Young (Normal) (G1 Evacuation Pause) 6278M->5652M(19780M) 211.238ms
[21.865s][info][gc] GC(44) Pause Young (Normal) (G1 Evacuation Pause) 6972M->5721M(19780M) 54.258ms
[22.172s][info][gc] GC(45) Pause Young (Normal) (G1 Evacuation Pause) 6609M->5770M(19780M) 135.895ms
[22.390s][info][gc] GC(46) Pause Young (Normal) (G1 Evacuation Pause) 6702M->5824M(19952M) 47.288ms
[22.661s][info][gc] GC(47) Pause Young (Normal) (G1 Evacuation Pause) 6712M->5879M(19952M) 98.447ms
[22.878s][info][gc] GC(48) Pause Young (Normal) (G1 Evacuation Pause) 6759M->5929M(19952M) 57.824ms
[23.100s][info][gc] GC(49) Pause Young (Normal) (G1 Evacuation Pause) 6817M->5981M(19952M) 58.851ms
[23.435s][info][gc] GC(50) Pause Young (Normal) (G1 Evacuation Pause) 7229M->6049M(19952M) 105.498ms
[23.661s][info][gc] GC(51) Pause Young (Normal) (G1 Evacuation Pause) 6925M->6097M(20060M) 62.278ms
[24.106s][info][gc] GC(52) Pause Young (Normal) (G1 Evacuation Pause) 7741M->6185M(20060M) 134.373ms
[24.392s][info][gc] GC(53) Pause Young (Normal) (G1 Evacuation Pause) 6981M->6232M(20060M) 130.307ms
[24.608s][info][gc] GC(54) Pause Young (Normal) (G1 Evacuation Pause) 7172M->6268M(20060M) 43.134ms
[24.836s][info][gc] GC(55) Pause Young (Normal) (G1 Evacuation Pause) 7172M->6317M(20212M) 59.533ms
[25.054s][info][gc] GC(56) Pause Young (Normal) (G1 Evacuation Pause) 7221M->6370M(20212M) 53.456ms
[25.274s][info][gc] GC(57) Pause Young (Normal) (G1 Evacuation Pause) 7274M->6418M(20212M) 57.012ms
[25.609s][info][gc] GC(58) Pause Young (Normal) (G1 Evacuation Pause) 7674M->6486M(20212M) 105.687ms
[25.827s][info][gc] GC(59) Pause Young (Normal) (G1 Evacuation Pause) 7374M->6533M(20292M) 57.195ms
[26.255s][info][gc] GC(60) Pause Young (Normal) (G1 Evacuation Pause) 8225M->6616M(20292M) 121.224ms
[26.487s][info][gc] GC(61) Pause Young (Normal) (G1 Evacuation Pause) 7428M->6663M(20292M) 78.431ms
[26.693s][info][gc] GC(62) Pause Young (Normal) (G1 Evacuation Pause) 7615M->6691M(20292M) 39.291ms
[27.289s][info][gc] GC(63) Pause Young (Normal) (G1 Evacuation Pause) 9323M->6809M(20348M) 129.230ms
[27.604s][info][gc] GC(64) Pause Young (Normal) (G1 Evacuation Pause) 7733M->6861M(20348M) 142.410ms
[27.811s][info][gc] GC(65) Pause Young (Normal) (G1 Evacuation Pause) 7813M->6891M(20348M) 41.122ms
[28.211s][info][gc] GC(66) Pause Young (Normal) (G1 Evacuation Pause) 8515M->6964M(20348M) 109.772ms
[28.467s][info][gc] GC(67) Pause Young (Normal) (G1 Evacuation Pause) 7816M->7006M(20404M) 96.501ms
[29.129s][info][gc] GC(68) Pause Young (Normal) (G1 Evacuation Pause) 10290M->7138M(20404M) 82.652ms
[29.423s][info][gc] GC(69) Pause Young (Normal) (G1 Evacuation Pause) 7974M->7188M(20404M) 139.030ms
[29.848s][info][gc] GC(70) Pause Young (Normal) (G1 Evacuation Pause) 9316M->7263M(20404M) 58.936ms
[30.193s][info][gc] GC(71) Pause Young (Normal) (G1 Evacuation Pause) 8455M->7324M(20428M) 128.431ms
[30.401s][info][gc] GC(72) Pause Young (Normal) (G1 Evacuation Pause) 8280M->7361M(20428M) 41.039ms
[30.613s][info][gc] GC(73) Pause Young (Normal) (G1 Evacuation Pause) 8277M->7398M(20428M) 51.250ms
[30.964s][info][gc] GC(74) Pause Young (Normal) (G1 Evacuation Pause) 9106M->7466M(20428M) 58.165ms
[31.851s][info][gc] GC(75) Pause Young (Normal) (G1 Evacuation Pause) 9566M->7577M(20440M) 152.541ms
[32.257s][info][gc] GC(76) Pause Young (Normal) (G1 Evacuation Pause) 8373M->7631M(20440M) 92.150ms
[33.463s][info][gc] GC(77) Pause Young (Normal) (G1 Evacuation Pause) 10499M->7762M(20440M) 81.626ms
[34.266s][info][gc] GC(78) Pause Young (Normal) (G1 Evacuation Pause) 9374M->7859M(20440M) 157.415ms
[34.661s][info][gc] GC(79) Pause Young (Normal) (G1 Evacuation Pause) 8775M->7914M(20452M) 45.650ms
[35.863s][info][gc] GC(80) Pause Young (Normal) (G1 Evacuation Pause) 10818M->8056M(20452M) 75.670ms
[36.324s][info][gc] GC(81) Pause Young (Normal) (G1 Evacuation Pause) 9008M->8112M(20452M) 113.389ms
[38.100s][info][gc] GC(82) Pause Young (Normal) (G1 Evacuation Pause) 12572M->8311M(20452M) 104.468ms
End benchmark
benchmarkAvgTime : 33950
nbThread : 32
[1.021s][info][gc] GC(0) Pause Young (Normal) (G1 Evacuation Pause) 280M->145M(5128M) 43.646ms
[1.587s][info][gc] GC(1) Pause Young (Normal) (G1 Evacuation Pause) 369M->179M(5128M) 28.050ms
[2.201s][info][gc] GC(2) Pause Young (Normal) (G1 Evacuation Pause) 407M->187M(5128M) 10.303ms
[2.878s][info][gc] GC(3) Pause Young (Normal) (G1 Evacuation Pause) 435M->185M(5128M) 3.296ms
[3.547s][info][gc] GC(4) Pause Young (Normal) (G1 Evacuation Pause) 433M->184M(5128M) 3.200ms
[4.228s][info][gc] GC(5) Pause Young (Normal) (G1 Evacuation Pause) 436M->184M(5128M) 4.673ms
[4.596s][info][gc] GC(6) Pause Young (Normal) (G1 Evacuation Pause) 440M->283M(5128M) 23.591ms
[4.706s][info][gc] GC(7) Pause Young (Normal) (G1 Evacuation Pause) 515M->448M(5128M) 38.921ms
[4.820s][info][gc] GC(8) Pause Young (Normal) (G1 Evacuation Pause) 672M->614M(6116M) 52.493ms
[5.120s][info][gc] GC(9) Pause Young (Normal) (G1 Evacuation Pause) 886M->729M(6116M) 48.391ms
[5.266s][info][gc] GC(10) Pause Young (Normal) (G1 Evacuation Pause) 993M->796M(6116M) 31.456ms
[5.371s][info][gc] GC(11) Pause Young (Normal) (G1 Evacuation Pause) 1060M->860M(6116M) 31.894ms
[5.487s][info][gc] GC(12) Pause Young (Normal) (G1 Evacuation Pause) 1124M->923M(7784M) 39.832ms
[5.694s][info][gc] GC(13) Pause Young (Normal) (G1 Evacuation Pause) 1271M->1003M(7784M) 47.127ms
[5.853s][info][gc] GC(14) Pause Young (Normal) (G1 Evacuation Pause) 1339M->1083M(7784M) 53.787ms
[6.023s][info][gc] GC(15) Pause Young (Normal) (G1 Evacuation Pause) 1419M->1160M(7784M) 56.853ms
[6.220s][info][gc] GC(16) Pause Young (Normal) (G1 Evacuation Pause) 1508M->1241M(10912M) 77.226ms
[6.546s][info][gc] GC(17) Pause Young (Normal) (G1 Evacuation Pause) 1733M->1352M(10912M) 81.753ms
[6.799s][info][gc] GC(18) Pause Young (Normal) (G1 Evacuation Pause) 1828M->1461M(10912M) 93.759ms
[7.082s][info][gc] GC(19) Pause Young (Normal) (G1 Evacuation Pause) 1997M->1584M(10912M) 98.447ms
[7.365s][info][gc] GC(20) Pause Young (Normal) (G1 Evacuation Pause) 2060M->1695M(14740M) 106.727ms
Start benchmark
[8.110s][info][gc] GC(21) Pause Young (Normal) (G1 Evacuation Pause) 2419M->1937M(14740M) 127.059ms
[8.764s][info][gc] GC(22) Pause Young (Normal) (G1 Evacuation Pause) 2581M->2064M(14740M) 101.451ms
[9.045s][info][gc] GC(23) Pause Young (Normal) (G1 Evacuation Pause) 2708M->2196M(14740M) 88.263ms
[9.350s][info][gc] GC(24) Pause Young (Normal) (G1 Evacuation Pause) 2844M->2332M(17036M) 110.512ms
[9.729s][info][gc] GC(25) Pause Young (Normal) (G1 Evacuation Pause) 3084M->2479M(17036M) 110.662ms
[10.054s][info][gc] GC(26) Pause Young (Normal) (G1 Evacuation Pause) 3219M->2614M(17036M) 105.814ms
[10.365s][info][gc] GC(27) Pause Young (Normal) (G1 Evacuation Pause) 3414M->2797M(17036M) 99.856ms
[10.716s][info][gc] GC(28) Pause Young (Normal) (G1 Evacuation Pause) 3581M->2919M(18156M) 109.465ms
[11.073s][info][gc] GC(29) Pause Young (Normal) (G1 Evacuation Pause) 3755M->3030M(18156M) 106.057ms
[11.419s][info][gc] GC(30) Pause Young (Normal) (G1 Evacuation Pause) 3998M->3154M(18156M) 93.123ms
[11.965s][info][gc] GC(31) Pause Young (Normal) (G1 Evacuation Pause) 4890M->3346M(18156M) 124.084ms
[12.484s][info][gc] GC(32) Pause Young (Normal) (G1 Evacuation Pause) 4882M->3536M(18868M) 155.040ms
[13.028s][info][gc] GC(33) Pause Young (Normal) (G1 Evacuation Pause) 5080M->3700M(18868M) 131.769ms
[13.747s][info][gc] GC(34) Pause Young (Normal) (G1 Evacuation Pause) 5428M->3886M(18868M) 137.431ms
[14.290s][info][gc] GC(35) Pause Young (Normal) (G1 Evacuation Pause) 5718M->4062M(18868M) 135.859ms
[15.162s][info][gc] GC(36) Pause Young (Normal) (G1 Evacuation Pause) 7258M->4315M(19500M) 172.945ms
[15.783s][info][gc] GC(37) Pause Young (Normal) (G1 Evacuation Pause) 6203M->4461M(19500M) 185.930ms
[16.600s][info][gc] GC(38) Pause Young (Normal) (G1 Evacuation Pause) 7685M->4683M(19500M) 152.992ms
[17.131s][info][gc] GC(39) Pause Young (Normal) (G1 Evacuation Pause) 6299M->4810M(19500M) 180.475ms
[17.965s][info][gc] GC(40) Pause Young (Normal) (G1 Evacuation Pause) 8250M->5016M(19848M) 150.051ms
[18.596s][info][gc] GC(41) Pause Young (Normal) (G1 Evacuation Pause) 7228M->5161M(19848M) 175.984ms
[19.182s][info][gc] GC(42) Pause Young (Normal) (G1 Evacuation Pause) 6573M->5368M(19848M) 159.244ms
[19.775s][info][gc] GC(43) Pause Young (Normal) (G1 Evacuation Pause) 7168M->5477M(19848M) 149.519ms
[20.101s][info][gc] GC(44) Pause Young (Normal) (G1 Evacuation Pause) 6257M->5536M(20016M) 171.045ms
[20.619s][info][gc] GC(45) Pause Young (Normal) (G1 Evacuation Pause) 7800M->5656M(20016M) 88.234ms
[21.014s][info][gc] GC(46) Pause Young (Normal) (G1 Evacuation Pause) 6700M->5723M(20016M) 184.618ms
[21.240s][info][gc] GC(47) Pause Young (Normal) (G1 Evacuation Pause) 6651M->5776M(20016M) 52.231ms
[21.527s][info][gc] GC(48) Pause Young (Normal) (G1 Evacuation Pause) 6652M->5834M(20120M) 115.084ms
[21.759s][info][gc] GC(49) Pause Young (Normal) (G1 Evacuation Pause) 6718M->5889M(20120M) 62.340ms
[22.011s][info][gc] GC(50) Pause Young (Normal) (G1 Evacuation Pause) 6777M->5940M(20120M) 80.557ms
[22.244s][info][gc] GC(51) Pause Young (Normal) (G1 Evacuation Pause) 6832M->5999M(20120M) 62.031ms
[22.516s][info][gc] GC(52) Pause Young (Normal) (G1 Evacuation Pause) 7103M->6064M(20192M) 66.039ms
[23.198s][info][gc] GC(53) Pause Young (Normal) (G1 Evacuation Pause) 8824M->6212M(20192M) 165.929ms
[23.481s][info][gc] GC(54) Pause Young (Normal) (G1 Evacuation Pause) 6948M->6256M(20192M) 133.350ms
[23.729s][info][gc] GC(55) Pause Young (Normal) (G1 Evacuation Pause) 7356M->6307M(20192M) 47.171ms
[24.164s][info][gc] GC(56) Pause Young (Normal) (G1 Evacuation Pause) 7931M->6393M(20296M) 132.012ms
[24.441s][info][gc] GC(57) Pause Young (Normal) (G1 Evacuation Pause) 7209M->6446M(20296M) 116.065ms
[24.653s][info][gc] GC(58) Pause Young (Normal) (G1 Evacuation Pause) 7394M->6482M(20296M) 42.727ms
[24.878s][info][gc] GC(59) Pause Young (Normal) (G1 Evacuation Pause) 7394M->6532M(20296M) 58.332ms
[25.093s][info][gc] GC(60) Pause Young (Normal) (G1 Evacuation Pause) 7440M->6577M(20356M) 53.731ms
[25.526s][info][gc] GC(61) Pause Young (Normal) (G1 Evacuation Pause) 8553M->6670M(20356M) 77.584ms
[25.984s][info][gc] GC(62) Pause Young (Normal) (G1 Evacuation Pause) 8310M->6745M(20356M) 154.441ms
[26.220s][info][gc] GC(63) Pause Young (Normal) (G1 Evacuation Pause) 7581M->6801M(20356M) 77.113ms
[26.587s][info][gc] GC(64) Pause Young (Normal) (G1 Evacuation Pause) 8493M->6866M(20396M) 63.056ms
[27.174s][info][gc] GC(65) Pause Young (Normal) (G1 Evacuation Pause) 9126M->6964M(20396M) 170.519ms
[27.477s][info][gc] GC(66) Pause Young (Normal) (G1 Evacuation Pause) 7752M->7002M(20396M) 151.465ms
[27.688s][info][gc] GC(67) Pause Young (Normal) (G1 Evacuation Pause) 7970M->7041M(20396M) 39.358ms
[27.911s][info][gc] GC(68) Pause Young (Normal) (G1 Evacuation Pause) 7969M->7089M(20428M) 54.498ms
[28.125s][info][gc] GC(69) Pause Young (Normal) (G1 Evacuation Pause) 8009M->7134M(20428M) 51.021ms
[28.334s][info][gc] GC(70) Pause Young (Normal) (G1 Evacuation Pause) 8058M->7178M(20428M) 46.884ms
[28.543s][info][gc] GC(71) Pause Young (Normal) (G1 Evacuation Pause) 8106M->7222M(20428M) 48.555ms
[29.087s][info][gc] GC(72) Pause Young (Normal) (G1 Evacuation Pause) 9842M->7332M(20440M) 81.865ms
[29.546s][info][gc] GC(73) Pause Young (Normal) (G1 Evacuation Pause) 9020M->7412M(20440M) 156.724ms
[29.769s][info][gc] GC(74) Pause Young (Normal) (G1 Evacuation Pause) 8232M->7453M(20440M) 70.594ms
[30.220s][info][gc] GC(75) Pause Young (Normal) (G1 Evacuation Pause) 9637M->7537M(20440M) 64.489ms
[30.749s][info][gc] GC(76) Pause Young (Normal) (G1 Evacuation Pause) 9605M->7626M(20456M) 155.589ms
[31.035s][info][gc] GC(77) Pause Young (Normal) (G1 Evacuation Pause) 8422M->7668M(20456M) 132.077ms
[31.309s][info][gc] GC(78) Pause Young (Normal) (G1 Evacuation Pause) 9016M->7714M(20456M) 43.177ms
[31.687s][info][gc] GC(79) Pause Young (Normal) (G1 Evacuation Pause) 9522M->7788M(20456M) 64.183ms
[32.397s][info][gc] GC(80) Pause Young (Normal) (G1 Evacuation Pause) 10924M->7913M(20464M) 152.882ms
[32.687s][info][gc] GC(81) Pause Young (Normal) (G1 Evacuation Pause) 8745M->7947M(20464M) 132.031ms
[32.889s][info][gc] GC(82) Pause Young (Normal) (G1 Evacuation Pause) 8919M->7980M(20464M) 36.425ms
[33.096s][info][gc] GC(83) Pause Young (Normal) (G1 Evacuation Pause) 8920M->8020M(20464M) 45.328ms
[33.294s][info][gc] GC(84) Pause Young (Normal) (G1 Evacuation Pause) 8956M->8057M(20468M) 40.533ms
[33.743s][info][gc] GC(85) Pause Young (Normal) (G1 Evacuation Pause) 10345M->8142M(20468M) 60.143ms
[34.362s][info][gc] GC(86) Pause Young (Normal) (G1 Evacuation Pause) 10870M->8246M(20468M) 147.108ms
[34.971s][info][gc] GC(87) Pause Young (Normal) (G1 Evacuation Pause) 10726M->8339M(20468M) 172.584ms
[35.202s][info][gc] GC(88) Pause Young (Normal) (G1 Evacuation Pause) 9151M->8376M(20472M) 80.754ms
[35.401s][info][gc] GC(89) Pause Young (Normal) (G1 Evacuation Pause) 9352M->8402M(20472M) 34.947ms
[35.894s][info][gc] GC(90) Pause Young (Normal) (G1 Evacuation Pause) 10922M->8487M(20472M) 63.678ms
[36.308s][info][gc] GC(91) Pause Young (Normal) (G1 Evacuation Pause) 10231M->8545M(20472M) 111.654ms
[37.136s][info][gc] GC(92) Pause Young (Normal) (G1 Evacuation Pause) 12713M->8680M(20476M) 120.248ms
[37.902s][info][gc] GC(93) Pause Young (Normal) (G1 Evacuation Pause) 12144M->8800M(20476M) 159.631ms
End benchmark
benchmarkAvgTime : 33693
nbThread : 32
[0.998s][info][gc] GC(0) Pause Young (Normal) (G1 Evacuation Pause) 280M->145M(5128M) 44.623ms
[1.561s][info][gc] GC(1) Pause Young (Normal) (G1 Evacuation Pause) 369M->180M(5128M) 30.243ms
[2.171s][info][gc] GC(2) Pause Young (Normal) (G1 Evacuation Pause) 408M->186M(5128M) 9.248ms
[2.847s][info][gc] GC(3) Pause Young (Normal) (G1 Evacuation Pause) 434M->184M(5128M) 3.379ms
[3.527s][info][gc] GC(4) Pause Young (Normal) (G1 Evacuation Pause) 436M->184M(5128M) 3.422ms
[4.205s][info][gc] GC(5) Pause Young (Normal) (G1 Evacuation Pause) 436M->184M(5128M) 3.473ms
[4.711s][info][gc] GC(6) Pause Young (Normal) (G1 Evacuation Pause) 436M->261M(5128M) 17.824ms
[4.875s][info][gc] GC(7) Pause Young (Normal) (G1 Evacuation Pause) 497M->422M(5128M) 38.627ms
[4.983s][info][gc] GC(8) Pause Young (Normal) (G1 Evacuation Pause) 646M->588M(5128M) 49.767ms
[5.256s][info][gc] GC(9) Pause Young (Normal) (G1 Evacuation Pause) 812M->708M(6764M) 51.066ms
[5.508s][info][gc] GC(10) Pause Young (Normal) (G1 Evacuation Pause) 1012M->785M(6764M) 32.606ms
[5.624s][info][gc] GC(11) Pause Young (Normal) (G1 Evacuation Pause) 1077M->863M(6764M) 35.184ms
[5.755s][info][gc] GC(12) Pause Young (Normal) (G1 Evacuation Pause) 1155M->942M(6764M) 38.770ms
[5.902s][info][gc] GC(13) Pause Young (Normal) (G1 Evacuation Pause) 1234M->1018M(8200M) 49.327ms
[6.126s][info][gc] GC(14) Pause Young (Normal) (G1 Evacuation Pause) 1382M->1109M(8200M) 58.072ms
[6.321s][info][gc] GC(15) Pause Young (Normal) (G1 Evacuation Pause) 1465M->1200M(8200M) 65.333ms
[6.511s][info][gc] GC(16) Pause Young (Normal) (G1 Evacuation Pause) 1556M->1292M(8200M) 70.883ms
[6.738s][info][gc] GC(17) Pause Young (Normal) (G1 Evacuation Pause) 1652M->1388M(12168M) 90.384ms
[7.190s][info][gc] GC(18) Pause Young (Normal) (G1 Evacuation Pause) 1944M->1525M(12168M) 98.837ms
[7.510s][info][gc] GC(19) Pause Young (Normal) (G1 Evacuation Pause) 2057M->1659M(12168M) 110.297ms
[7.843s][info][gc] GC(20) Pause Young (Normal) (G1 Evacuation Pause) 2191M->1793M(12168M) 106.198ms
Start benchmark
[8.607s][info][gc] GC(21) Pause Young (Normal) (G1 Evacuation Pause) 2385M->2006M(15496M) 126.040ms
[9.138s][info][gc] GC(22) Pause Young (Normal) (G1 Evacuation Pause) 2702M->2137M(15496M) 97.720ms
[9.459s][info][gc] GC(23) Pause Young (Normal) (G1 Evacuation Pause) 2809M->2269M(15496M) 91.927ms
[9.778s][info][gc] GC(24) Pause Young (Normal) (G1 Evacuation Pause) 2941M->2401M(15496M) 103.154ms
[10.109s][info][gc] GC(25) Pause Young (Normal) (G1 Evacuation Pause) 3073M->2530M(17276M) 104.359ms
[10.450s][info][gc] GC(26) Pause Young (Normal) (G1 Evacuation Pause) 3290M->2663M(17276M) 97.668ms
[10.804s][info][gc] GC(27) Pause Young (Normal) (G1 Evacuation Pause) 3491M->2843M(17276M) 108.555ms
[11.115s][info][gc] GC(28) Pause Young (Normal) (G1 Evacuation Pause) 3631M->2962M(17276M) 105.969ms
[11.438s][info][gc] GC(29) Pause Young (Normal) (G1 Evacuation Pause) 3790M->3070M(18220M) 99.432ms
[11.896s][info][gc] GC(30) Pause Young (Normal) (G1 Evacuation Pause) 4158M->3207M(18220M) 101.850ms
[12.340s][info][gc] GC(31) Pause Young (Normal) (G1 Evacuation Pause) 4527M->3365M(18220M) 114.685ms
[13.103s][info][gc] GC(32) Pause Young (Normal) (G1 Evacuation Pause) 5841M->3617M(18220M) 151.936ms
[13.728s][info][gc] GC(33) Pause Young (Normal) (G1 Evacuation Pause) 5045M->3778M(18988M) 164.575ms
[14.419s][info][gc] GC(34) Pause Young (Normal) (G1 Evacuation Pause) 6094M->3996M(18988M) 140.325ms
[14.949s][info][gc] GC(35) Pause Young (Normal) (G1 Evacuation Pause) 5672M->4165M(18988M) 163.911ms
[15.497s][info][gc] GC(36) Pause Young (Normal) (G1 Evacuation Pause) 6173M->4344M(18988M) 126.851ms
[16.086s][info][gc] GC(37) Pause Young (Normal) (G1 Evacuation Pause) 6536M->4511M(19536M) 138.787ms
[16.706s][info][gc] GC(38) Pause Young (Normal) (G1 Evacuation Pause) 6795M->4683M(19536M) 143.722ms
[17.136s][info][gc] GC(39) Pause Young (Normal) (G1 Evacuation Pause) 6183M->4803M(19536M) 125.733ms
[17.748s][info][gc] GC(40) Pause Young (Normal) (G1 Evacuation Pause) 7279M->4951M(19536M) 134.783ms
[18.372s][info][gc] GC(41) Pause Young (Normal) (G1 Evacuation Pause) 7311M->5108M(19788M) 166.470ms
[18.964s][info][gc] GC(42) Pause Young (Normal) (G1 Evacuation Pause) 7212M->5254M(19788M) 166.728ms
[19.482s][info][gc] GC(43) Pause Young (Normal) (G1 Evacuation Pause) 6078M->5421M(19788M) 192.353ms
[20.138s][info][gc] GC(44) Pause Young (Normal) (G1 Evacuation Pause) 7209M->5524M(19788M) 103.246ms
[20.534s][info][gc] GC(45) Pause Young (Normal) (G1 Evacuation Pause) 6644M->5595M(19996M) 173.953ms
[20.769s][info][gc] GC(46) Pause Young (Normal) (G1 Evacuation Pause) 6511M->5645M(19996M) 57.825ms
[21.045s][info][gc] GC(47) Pause Young (Normal) (G1 Evacuation Pause) 6513M->5695M(19996M) 105.541ms
[21.312s][info][gc] GC(48) Pause Young (Normal) (G1 Evacuation Pause) 6579M->5752M(19996M) 95.970ms
[21.544s][info][gc] GC(49) Pause Young (Normal) (G1 Evacuation Pause) 6640M->5812M(20108M) 64.512ms
[21.804s][info][gc] GC(50) Pause Young (Normal) (G1 Evacuation Pause) 6696M->5867M(20108M) 88.012ms
[22.033s][info][gc] GC(51) Pause Young (Normal) (G1 Evacuation Pause) 6755M->5919M(20108M) 62.941ms
[22.489s][info][gc] GC(52) Pause Young (Normal) (G1 Evacuation Pause) 7523M->6004M(20108M) 156.209ms
[22.790s][info][gc] GC(53) Pause Young (Normal) (G1 Evacuation Pause) 6812M->6055M(20208M) 144.310ms
[23.005s][info][gc] GC(54) Pause Young (Normal) (G1 Evacuation Pause) 7003M->6087M(20208M) 41.364ms
[23.311s][info][gc] GC(55) Pause Young (Normal) (G1 Evacuation Pause) 7003M->6142M(20208M) 134.508ms
[23.540s][info][gc] GC(56) Pause Young (Normal) (G1 Evacuation Pause) 7046M->6196M(20208M) 61.310ms
[23.762s][info][gc] GC(57) Pause Young (Normal) (G1 Evacuation Pause) 7092M->6251M(20312M) 59.341ms
[23.997s][info][gc] GC(58) Pause Young (Normal) (G1 Evacuation Pause) 7151M->6302M(20312M) 68.886ms
[24.246s][info][gc] GC(59) Pause Young (Normal) (G1 Evacuation Pause) 7206M->6347M(20312M) 82.106ms
[24.543s][info][gc] GC(60) Pause Young (Normal) (G1 Evacuation Pause) 7259M->6398M(20312M) 127.269ms
[24.764s][info][gc] GC(61) Pause Young (Normal) (G1 Evacuation Pause) 7310M->6448M(20372M) 56.252ms
[24.980s][info][gc] GC(62) Pause Young (Normal) (G1 Evacuation Pause) 7360M->6498M(20372M) 53.414ms
[25.199s][info][gc] GC(63) Pause Young (Normal) (G1 Evacuation Pause) 7410M->6548M(20372M) 55.649ms
[25.440s][info][gc] GC(64) Pause Young (Normal) (G1 Evacuation Pause) 7464M->6596M(20372M) 76.268ms
[25.653s][info][gc] GC(65) Pause Young (Normal) (G1 Evacuation Pause) 7512M->6642M(20404M) 51.346ms
[26.176s][info][gc] GC(66) Pause Young (Normal) (G1 Evacuation Pause) 8978M->6751M(20404M) 108.631ms
[26.707s][info][gc] GC(67) Pause Young (Normal) (G1 Evacuation Pause) 8387M->6829M(20404M) 227.724ms
[26.940s][info][gc] GC(68) Pause Young (Normal) (G1 Evacuation Pause) 7649M->6868M(20404M) 79.286ms
[27.148s][info][gc] GC(69) Pause Young (Normal) (G1 Evacuation Pause) 7836M->6905M(20436M) 40.832ms
[27.365s][info][gc] GC(70) Pause Young (Normal) (G1 Evacuation Pause) 7837M->6951M(20436M) 52.768ms
[27.571s][info][gc] GC(71) Pause Young (Normal) (G1 Evacuation Pause) 7875M->6996M(20436M) 47.110ms
[27.939s][info][gc] GC(72) Pause Young (Normal) (G1 Evacuation Pause) 8744M->7074M(20436M) 65.480ms
[28.475s][info][gc] GC(73) Pause Young (Normal) (G1 Evacuation Pause) 8778M->7157M(20448M) 190.424ms
[29.111s][info][gc] GC(74) Pause Young (Normal) (G1 Evacuation Pause) 8005M->7219M(20448M) 90.818ms
[29.645s][info][gc] GC(75) Pause Young (Normal) (G1 Evacuation Pause) 8167M->7269M(20448M) 47.041ms
[30.130s][info][gc] GC(76) Pause Young (Normal) (G1 Evacuation Pause) 8165M->7330M(20448M) 56.635ms
[30.975s][info][gc] GC(77) Pause Young (Normal) (G1 Evacuation Pause) 9058M->7429M(20460M) 72.876ms
[32.495s][info][gc] GC(78) Pause Young (Normal) (G1 Evacuation Pause) 10585M->7610M(20460M) 160.083ms
[33.752s][info][gc] GC(79) Pause Young (Normal) (G1 Evacuation Pause) 10306M->7759M(20460M) 169.216ms
[34.747s][info][gc] GC(80) Pause Young (Normal) (G1 Evacuation Pause) 9987M->7877M(20460M) 136.472ms
[35.833s][info][gc] GC(81) Pause Young (Normal) (G1 Evacuation Pause) 10445M->8020M(20468M) 145.428ms
[37.073s][info][gc] GC(82) Pause Young (Normal) (G1 Evacuation Pause) 11032M->8189M(20468M) 131.491ms
End benchmark
benchmarkAvgTime : 33825
nbThread : 32
[1.018s][info][gc] GC(0) Pause Young (Normal) (G1 Evacuation Pause) 280M->145M(5128M) 45.248ms
[1.589s][info][gc] GC(1) Pause Young (Normal) (G1 Evacuation Pause) 369M->178M(5128M) 27.724ms
[2.201s][info][gc] GC(2) Pause Young (Normal) (G1 Evacuation Pause) 406M->185M(5128M) 10.066ms
[2.879s][info][gc] GC(3) Pause Young (Normal) (G1 Evacuation Pause) 433M->184M(5128M) 3.341ms
[3.561s][info][gc] GC(4) Pause Young (Normal) (G1 Evacuation Pause) 436M->184M(5128M) 3.257ms
[4.235s][info][gc] GC(5) Pause Young (Normal) (G1 Evacuation Pause) 436M->184M(5128M) 3.741ms
[4.460s][info][gc] GC(6) Pause Young (Normal) (G1 Evacuation Pause) 448M->335M(5128M) 26.507ms
[4.560s][info][gc] GC(7) Pause Young (Normal) (G1 Evacuation Pause) 559M->498M(5128M) 43.448ms
[4.694s][info][gc] GC(8) Pause Young (Normal) (G1 Evacuation Pause) 722M->664M(6308M) 51.114ms
[4.993s][info][gc] GC(9) Pause Young (Normal) (G1 Evacuation Pause) 944M->744M(6308M) 32.986ms
[5.103s][info][gc] GC(10) Pause Young (Normal) (G1 Evacuation Pause) 1016M->811M(6308M) 31.980ms
[5.217s][info][gc] GC(11) Pause Young (Normal) (G1 Evacuation Pause) 1083M->877M(6308M) 34.347ms
[5.342s][info][gc] GC(12) Pause Young (Normal) (G1 Evacuation Pause) 1149M->941M(7772M) 42.602ms
[5.551s][info][gc] GC(13) Pause Young (Normal) (G1 Evacuation Pause) 1289M->1020M(7772M) 49.647ms
[5.712s][info][gc] GC(14) Pause Young (Normal) (G1 Evacuation Pause) 1356M->1098M(7772M) 56.016ms
[5.887s][info][gc] GC(15) Pause Young (Normal) (G1 Evacuation Pause) 1434M->1176M(7772M) 58.414ms
[6.059s][info][gc] GC(16) Pause Young (Normal) (G1 Evacuation Pause) 1512M->1255M(11304M) 71.541ms
[6.430s][info][gc] GC(17) Pause Young (Normal) (G1 Evacuation Pause) 1767M->1368M(11304M) 85.970ms
[6.705s][info][gc] GC(18) Pause Young (Normal) (G1 Evacuation Pause) 1860M->1480M(11304M) 100.145ms
[6.976s][info][gc] GC(19) Pause Young (Normal) (G1 Evacuation Pause) 1972M->1594M(11304M) 102.448ms
[7.274s][info][gc] GC(20) Pause Young (Normal) (G1 Evacuation Pause) 2086M->1706M(14976M) 112.063ms
Start benchmark
[8.085s][info][gc] GC(21) Pause Young (Normal) (G1 Evacuation Pause) 2442M->1948M(14976M) 123.301ms
[8.560s][info][gc] GC(22) Pause Young (Normal) (G1 Evacuation Pause) 2600M->2077M(14976M) 115.604ms
[8.859s][info][gc] GC(23) Pause Young (Normal) (G1 Evacuation Pause) 2729M->2207M(14976M) 91.782ms
[9.237s][info][gc] GC(24) Pause Young (Normal) (G1 Evacuation Pause) 2939M->2354M(17180M) 112.431ms
[9.718s][info][gc] GC(25) Pause Young (Normal) (G1 Evacuation Pause) 3346M->2546M(17180M) 121.312ms
[10.084s][info][gc] GC(26) Pause Young (Normal) (G1 Evacuation Pause) 3374M->2688M(17180M) 107.679ms
[10.461s][info][gc] GC(27) Pause Young (Normal) (G1 Evacuation Pause) 3576M->2881M(17180M) 116.349ms
[10.805s][info][gc] GC(28) Pause Young (Normal) (G1 Evacuation Pause) 3725M->3009M(18296M) 108.662ms
[11.159s][info][gc] GC(29) Pause Young (Normal) (G1 Evacuation Pause) 3897M->3123M(18296M) 96.089ms
[11.499s][info][gc] GC(30) Pause Young (Normal) (G1 Evacuation Pause) 4087M->3243M(18296M) 95.387ms
[11.869s][info][gc] GC(31) Pause Young (Normal) (G1 Evacuation Pause) 4343M->3376M(18296M) 102.988ms
[12.547s][info][gc] GC(32) Pause Young (Normal) (G1 Evacuation Pause) 5492M->3595M(18892M) 144.531ms
[13.074s][info][gc] GC(33) Pause Young (Normal) (G1 Evacuation Pause) 5099M->3752M(18892M) 150.959ms
[13.557s][info][gc] GC(34) Pause Young (Normal) (G1 Evacuation Pause) 5312M->3912M(18892M) 120.366ms
[14.216s][info][gc] GC(35) Pause Young (Normal) (G1 Evacuation Pause) 5612M->4091M(18892M) 131.212ms
[14.867s][info][gc] GC(36) Pause Young (Normal) (G1 Evacuation Pause) 5951M->4265M(19480M) 134.731ms
[15.290s][info][gc] GC(37) Pause Young (Normal) (G1 Evacuation Pause) 5313M->4362M(19480M) 119.729ms
[16.140s][info][gc] GC(38) Pause Young (Normal) (G1 Evacuation Pause) 7158M->4570M(19480M) 126.686ms
[16.593s][info][gc] GC(39) Pause Young (Normal) (G1 Evacuation Pause) 5682M->4672M(19480M) 147.607ms
[17.545s][info][gc] GC(40) Pause Young (Normal) (G1 Evacuation Pause) 7940M->4889M(19768M) 133.453ms
[18.146s][info][gc] GC(41) Pause Young (Normal) (G1 Evacuation Pause) 6401M->5009M(19768M) 191.130ms
[18.876s][info][gc] GC(42) Pause Young (Normal) (G1 Evacuation Pause) 7457M->5161M(19768M) 123.050ms
[19.347s][info][gc] GC(43) Pause Young (Normal) (G1 Evacuation Pause) 6369M->5252M(19768M) 166.543ms
[20.194s][info][gc] GC(44) Pause Young (Normal) (G1 Evacuation Pause) 7372M->5485M(19964M) 120.420ms
[20.596s][info][gc] GC(45) Pause Young (Normal) (G1 Evacuation Pause) 6253M->5548M(19964M) 173.467ms
[20.859s][info][gc] GC(46) Pause Young (Normal) (G1 Evacuation Pause) 6476M->5590M(19964M) 48.470ms
[21.221s][info][gc] GC(47) Pause Young (Normal) (G1 Evacuation Pause) 6474M->5653M(19964M) 139.775ms
[21.514s][info][gc] GC(48) Pause Young (Normal) (G1 Evacuation Pause) 6521M->5709M(20068M) 86.336ms
[21.785s][info][gc] GC(49) Pause Young (Normal) (G1 Evacuation Pause) 6589M->5767M(20068M) 62.160ms
[22.053s][info][gc] GC(50) Pause Young (Normal) (G1 Evacuation Pause) 6647M->5828M(20068M) 62.653ms
[22.319s][info][gc] GC(51) Pause Young (Normal) (G1 Evacuation Pause) 6708M->5882M(20068M) 62.655ms
[22.617s][info][gc] GC(52) Pause Young (Normal) (G1 Evacuation Pause) 6766M->5942M(20140M) 86.903ms
[22.903s][info][gc] GC(53) Pause Young (Normal) (G1 Evacuation Pause) 6826M->5994M(20140M) 76.484ms
[23.444s][info][gc] GC(54) Pause Young (Normal) (G1 Evacuation Pause) 7814M->6092M(20140M) 118.933ms
[23.780s][info][gc] GC(55) Pause Young (Normal) (G1 Evacuation Pause) 6940M->6144M(20140M) 136.710ms
[24.670s][info][gc] GC(56) Pause Young (Normal) (G1 Evacuation Pause) 9588M->6303M(20264M) 97.131ms
[25.018s][info][gc] GC(57) Pause Young (Normal) (G1 Evacuation Pause) 7095M->6357M(20264M) 159.145ms
[25.275s][info][gc] GC(58) Pause Young (Normal) (G1 Evacuation Pause) 7309M->6399M(20264M) 43.822ms
[25.538s][info][gc] GC(59) Pause Young (Normal) (G1 Evacuation Pause) 7307M->6448M(20264M) 56.769ms
[25.794s][info][gc] GC(60) Pause Young (Normal) (G1 Evacuation Pause) 7352M->6497M(20320M) 54.391ms
[26.544s][info][gc] GC(61) Pause Young (Normal) (G1 Evacuation Pause) 9301M->6633M(20320M) 109.902ms
[26.866s][info][gc] GC(62) Pause Young (Normal) (G1 Evacuation Pause) 7409M->6676M(20320M) 143.883ms
[27.242s][info][gc] GC(63) Pause Young (Normal) (G1 Evacuation Pause) 8120M->6741M(20320M) 50.536ms
[27.739s][info][gc] GC(64) Pause Young (Normal) (G1 Evacuation Pause) 8341M->6828M(20360M) 134.515ms
[28.194s][info][gc] GC(65) Pause Young (Normal) (G1 Evacuation Pause) 8464M->6913M(20360M) 80.404ms
[28.790s][info][gc] GC(66) Pause Young (Normal) (G1 Evacuation Pause) 8933M->7017M(20360M) 136.228ms
[29.049s][info][gc] GC(67) Pause Young (Normal) (G1 Evacuation Pause) 7841M->7063M(20360M) 72.309ms
[29.298s][info][gc] GC(68) Pause Young (Normal) (G1 Evacuation Pause) 8023M->7099M(20396M) 40.864ms
[30.807s][info][gc] GC(69) Pause Young (Normal) (G1 Evacuation Pause) 12471M->7343M(20396M) 146.135ms
[31.127s][info][gc] GC(70) Pause Young (Normal) (G1 Evacuation Pause) 8023M->7381M(20396M) 157.662ms
[31.671s][info][gc] GC(71) Pause Young (Normal) (G1 Evacuation Pause) 9589M->7474M(20396M) 61.349ms
[32.244s][info][gc] GC(72) Pause Young (Normal) (G1 Evacuation Pause) 9462M->7554M(20416M) 133.215ms
[32.784s][info][gc] GC(73) Pause Young (Normal) (G1 Evacuation Pause) 9462M->7640M(20416M) 110.529ms
[33.377s][info][gc] GC(74) Pause Young (Normal) (G1 Evacuation Pause) 9868M->7745M(20416M) 95.470ms
[33.986s][info][gc] GC(75) Pause Young (Normal) (G1 Evacuation Pause) 10057M->7850M(20416M) 96.808ms
[34.827s][info][gc] GC(76) Pause Young (Normal) (G1 Evacuation Pause) 11046M->7983M(20432M) 117.219ms
[35.650s][info][gc] GC(77) Pause Young (Normal) (G1 Evacuation Pause) 11027M->8104M(20432M) 153.134ms
[36.729s][info][gc] GC(78) Pause Young (Normal) (G1 Evacuation Pause) 12372M->8274M(20432M) 149.013ms
[37.198s][info][gc] GC(79) Pause Young (Normal) (G1 Evacuation Pause) 9586M->8322M(20432M) 165.646ms
End benchmark
benchmarkAvgTime : 33684
nbThread : 32
[0.988s][info][gc] GC(0) Pause Young (Normal) (G1 Evacuation Pause) 280M->145M(5128M) 44.210ms
[1.555s][info][gc] GC(1) Pause Young (Normal) (G1 Evacuation Pause) 369M->180M(5128M) 29.179ms
[2.171s][info][gc] GC(2) Pause Young (Normal) (G1 Evacuation Pause) 408M->185M(5128M) 9.357ms
[2.847s][info][gc] GC(3) Pause Young (Normal) (G1 Evacuation Pause) 433M->184M(5128M) 3.104ms
[3.516s][info][gc] GC(4) Pause Young (Normal) (G1 Evacuation Pause) 432M->184M(5128M) 3.607ms
[4.150s][info][gc] GC(5) Pause Young (Normal) (G1 Evacuation Pause) 436M->184M(5128M) 2.488ms
[4.440s][info][gc] GC(6) Pause Young (Normal) (G1 Evacuation Pause) 448M->341M(5128M) 28.190ms
[4.540s][info][gc] GC(7) Pause Young (Normal) (G1 Evacuation Pause) 565M->508M(5128M) 45.266ms
[4.675s][info][gc] GC(8) Pause Young (Normal) (G1 Evacuation Pause) 732M->680M(6436M) 53.176ms
[5.015s][info][gc] GC(9) Pause Young (Normal) (G1 Evacuation Pause) 968M->758M(6436M) 30.186ms
[5.130s][info][gc] GC(10) Pause Young (Normal) (G1 Evacuation Pause) 1038M->832M(6436M) 34.417ms
[5.249s][info][gc] GC(11) Pause Young (Normal) (G1 Evacuation Pause) 1112M->907M(6436M) 36.295ms
[5.385s][info][gc] GC(12) Pause Young (Normal) (G1 Evacuation Pause) 1187M->980M(7916M) 43.862ms
[5.613s][info][gc] GC(13) Pause Young (Normal) (G1 Evacuation Pause) 1332M->1068M(7916M) 50.492ms
[5.789s][info][gc] GC(14) Pause Young (Normal) (G1 Evacuation Pause) 1408M->1155M(7916M) 58.890ms
[5.973s][info][gc] GC(15) Pause Young (Normal) (G1 Evacuation Pause) 1495M->1242M(7916M) 62.836ms
[6.179s][info][gc] GC(16) Pause Young (Normal) (G1 Evacuation Pause) 1582M->1329M(11336M) 79.336ms
[6.550s][info][gc] GC(17) Pause Young (Normal) (G1 Evacuation Pause) 1841M->1457M(11336M) 94.202ms
[6.843s][info][gc] GC(18) Pause Young (Normal) (G1 Evacuation Pause) 1949M->1579M(11336M) 103.813ms
[7.153s][info][gc] GC(19) Pause Young (Normal) (G1 Evacuation Pause) 2071M->1702M(11336M) 105.278ms
Start benchmark
[7.702s][info][gc] GC(20) Pause Young (Normal) (G1 Evacuation Pause) 2290M->1927M(14996M) 124.176ms
[8.403s][info][gc] GC(21) Pause Young (Normal) (G1 Evacuation Pause) 2599M->2064M(14996M) 117.357ms
[8.723s][info][gc] GC(22) Pause Young (Normal) (G1 Evacuation Pause) 2716M->2204M(14996M) 94.840ms
[9.076s][info][gc] GC(23) Pause Young (Normal) (G1 Evacuation Pause) 2856M->2349M(14996M) 106.402ms
[9.404s][info][gc] GC(24) Pause Young (Normal) (G1 Evacuation Pause) 3001M->2490M(17192M) 112.867ms
[9.786s][info][gc] GC(25) Pause Young (Normal) (G1 Evacuation Pause) 3250M->2640M(17192M) 108.502ms
[10.168s][info][gc] GC(26) Pause Young (Normal) (G1 Evacuation Pause) 3448M->2836M(17192M) 123.267ms
[10.504s][info][gc] GC(27) Pause Young (Normal) (G1 Evacuation Pause) 3584M->2962M(17192M) 109.456ms
[10.819s][info][gc] GC(28) Pause Young (Normal) (G1 Evacuation Pause) 3710M->3081M(18292M) 97.159ms
[11.177s][info][gc] GC(29) Pause Young (Normal) (G1 Evacuation Pause) 3885M->3201M(18292M) 96.401ms
[11.669s][info][gc] GC(30) Pause Young (Normal) (G1 Evacuation Pause) 4429M->3369M(18292M) 111.523ms
[12.162s][info][gc] GC(31) Pause Young (Normal) (G1 Evacuation Pause) 4649M->3544M(18292M) 130.211ms
[12.739s][info][gc] GC(32) Pause Young (Normal) (G1 Evacuation Pause) 4844M->3720M(18976M) 131.702ms
[13.333s][info][gc] GC(33) Pause Young (Normal) (G1 Evacuation Pause) 5380M->3923M(18976M) 136.373ms
[14.022s][info][gc] GC(34) Pause Young (Normal) (G1 Evacuation Pause) 5951M->4138M(18976M) 153.309ms
[14.684s][info][gc] GC(35) Pause Young (Normal) (G1 Evacuation Pause) 6110M->4352M(18976M) 156.801ms
[15.402s][info][gc] GC(36) Pause Young (Normal) (G1 Evacuation Pause) 6608M->4556M(19540M) 152.012ms
[15.846s][info][gc] GC(37) Pause Young (Normal) (G1 Evacuation Pause) 5692M->4675M(19540M) 138.163ms
[16.771s][info][gc] GC(38) Pause Young (Normal) (G1 Evacuation Pause) 7875M->4921M(19540M) 158.041ms
[17.095s][info][gc] GC(39) Pause Young (Normal) (G1 Evacuation Pause) 5529M->4978M(19540M) 165.431ms
[18.485s][info][gc] GC(40) Pause Young (Normal) (G1 Evacuation Pause) 8778M->5363M(19828M) 168.017ms
[18.922s][info][gc] GC(41) Pause Young (Normal) (G1 Evacuation Pause) 6199M->5449M(19828M) 206.754ms
[19.224s][info][gc] GC(42) Pause Young (Normal) (G1 Evacuation Pause) 6345M->5532M(19828M) 71.900ms
[19.548s][info][gc] GC(43) Pause Young (Normal) (G1 Evacuation Pause) 6440M->5611M(19828M) 106.690ms
[19.877s][info][gc] GC(44) Pause Young (Normal) (G1 Evacuation Pause) 6519M->5686M(19976M) 109.559ms
[20.208s][info][gc] GC(45) Pause Young (Normal) (G1 Evacuation Pause) 6602M->5761M(19976M) 110.520ms
[20.507s][info][gc] GC(46) Pause Young (Normal) (G1 Evacuation Pause) 6677M->5834M(19976M) 90.176ms
[20.776s][info][gc] GC(47) Pause Young (Normal) (G1 Evacuation Pause) 6754M->5908M(19976M) 60.793ms
[21.041s][info][gc] GC(48) Pause Young (Normal) (G1 Evacuation Pause) 6828M->5978M(20080M) 60.826ms
[21.313s][info][gc] GC(49) Pause Young (Normal) (G1 Evacuation Pause) 6910M->6053M(20080M) 59.090ms
[21.579s][info][gc] GC(50) Pause Young (Normal) (G1 Evacuation Pause) 6981M->6124M(20080M) 60.103ms
[22.041s][info][gc] GC(51) Pause Young (Normal) (G1 Evacuation Pause) 7644M->6228M(20080M) 121.241ms
[22.367s][info][gc] GC(52) Pause Young (Normal) (G1 Evacuation Pause) 7056M->6286M(20176M) 132.484ms
[22.636s][info][gc] GC(53) Pause Young (Normal) (G1 Evacuation Pause) 7226M->6342M(20176M) 54.705ms
[22.958s][info][gc] GC(54) Pause Young (Normal) (G1 Evacuation Pause) 7226M->6398M(20176M) 117.003ms
[23.227s][info][gc] GC(55) Pause Young (Normal) (G1 Evacuation Pause) 7282M->6452M(20176M) 64.344ms
[23.541s][info][gc] GC(56) Pause Young (Normal) (G1 Evacuation Pause) 7344M->6514M(20280M) 108.964ms
[23.816s][info][gc] GC(57) Pause Young (Normal) (G1 Evacuation Pause) 7406M->6577M(20280M) 66.243ms
[24.122s][info][gc] GC(58) Pause Young (Normal) (G1 Evacuation Pause) 7465M->6639M(20280M) 100.470ms
[24.385s][info][gc] GC(59) Pause Young (Normal) (G1 Evacuation Pause) 7523M->6700M(20280M) 65.382ms
[24.659s][info][gc] GC(60) Pause Young (Normal) (G1 Evacuation Pause) 7584M->6753M(20344M) 72.232ms
[25.048s][info][gc] GC(61) Pause Young (Normal) (G1 Evacuation Pause) 8153M->6835M(20344M) 75.405ms
[25.548s][info][gc] GC(62) Pause Young (Normal) (G1 Evacuation Pause) 8323M->6930M(20344M) 159.804ms
[25.845s][info][gc] GC(63) Pause Young (Normal) (G1 Evacuation Pause) 7762M->6991M(20344M) 103.506ms
[26.403s][info][gc] GC(64) Pause Young (Normal) (G1 Evacuation Pause) 9135M->7105M(20396M) 81.723ms
[26.744s][info][gc] GC(65) Pause Young (Normal) (G1 Evacuation Pause) 7937M->7162M(20396M) 148.784ms
[27.207s][info][gc] GC(66) Pause Young (Normal) (G1 Evacuation Pause) 8966M->7250M(20396M) 67.802ms
[27.669s][info][gc] GC(67) Pause Young (Normal) (G1 Evacuation Pause) 8482M->7332M(20396M) 177.414ms
[27.936s][info][gc] GC(68) Pause Young (Normal) (G1 Evacuation Pause) 8260M->7388M(20428M) 59.246ms
[28.188s][info][gc] GC(69) Pause Young (Normal) (G1 Evacuation Pause) 8344M->7437M(20428M) 44.887ms
[28.445s][info][gc] GC(70) Pause Young (Normal) (G1 Evacuation Pause) 8345M->7487M(20428M) 58.320ms
[28.894s][info][gc] GC(71) Pause Young (Normal) (G1 Evacuation Pause) 8399M->7548M(20428M) 57.855ms
[29.402s][info][gc] GC(72) Pause Young (Normal) (G1 Evacuation Pause) 8456M->7609M(20440M) 54.937ms
[30.238s][info][gc] GC(73) Pause Young (Normal) (G1 Evacuation Pause) 9109M->7712M(20440M) 70.652ms
[31.736s][info][gc] GC(74) Pause Young (Normal) (G1 Evacuation Pause) 10372M->7879M(20440M) 135.568ms
[32.338s][info][gc] GC(75) Pause Young (Normal) (G1 Evacuation Pause) 8799M->7941M(20440M) 134.598ms
[34.384s][info][gc] GC(76) Pause Young (Normal) (G1 Evacuation Pause) 11873M->8173M(20452M) 118.612ms
[34.876s][info][gc] GC(77) Pause Young (Normal) (G1 Evacuation Pause) 8885M->8225M(20452M) 134.809ms
[36.662s][info][gc] GC(78) Pause Young (Normal) (G1 Evacuation Pause) 11677M->8421M(20452M) 99.461ms
[37.200s][info][gc] GC(79) Pause Young (Normal) (G1 Evacuation Pause) 9185M->8474M(20452M) 164.756ms
End benchmark
benchmarkAvgTime : 33625
nbThread : 48
[1.014s][info][gc] GC(0) Pause Young (Normal) (G1 Evacuation Pause) 280M->145M(5128M) 45.169ms
[1.563s][info][gc] GC(1) Pause Young (Normal) (G1 Evacuation Pause) 369M->178M(5128M) 25.023ms
[2.173s][info][gc] GC(2) Pause Young (Normal) (G1 Evacuation Pause) 406M->186M(5128M) 7.101ms
[2.844s][info][gc] GC(3) Pause Young (Normal) (G1 Evacuation Pause) 434M->185M(5128M) 3.384ms
[3.509s][info][gc] GC(4) Pause Young (Normal) (G1 Evacuation Pause) 433M->185M(5128M) 3.702ms
[4.114s][info][gc] GC(5) Pause Young (Normal) (G1 Evacuation Pause) 433M->185M(5128M) 2.727ms
[4.472s][info][gc] GC(6) Pause Young (Normal) (G1 Evacuation Pause) 433M->332M(5128M) 29.320ms
[4.657s][info][gc] GC(7) Pause Young (Normal) (G1 Evacuation Pause) 568M->500M(5128M) 38.566ms
[4.746s][info][gc] GC(8) Pause Young (Normal) (G1 Evacuation Pause) 732M->675M(6164M) 41.597ms
[5.042s][info][gc] GC(9) Pause Young (Normal) (G1 Evacuation Pause) 951M->771M(6164M) 32.584ms
[5.136s][info][gc] GC(10) Pause Young (Normal) (G1 Evacuation Pause) 1039M->836M(6164M) 25.601ms
[5.222s][info][gc] GC(11) Pause Young (Normal) (G1 Evacuation Pause) 1104M->899M(6164M) 26.710ms
[5.312s][info][gc] GC(12) Pause Young (Normal) (G1 Evacuation Pause) 1167M->963M(7116M) 32.455ms
[5.444s][info][gc] GC(13) Pause Young (Normal) (G1 Evacuation Pause) 1275M->1035M(7116M) 37.662ms
[5.551s][info][gc] GC(14) Pause Young (Normal) (G1 Evacuation Pause) 1343M->1107M(7116M) 42.333ms
[5.669s][info][gc] GC(15) Pause Young (Normal) (G1 Evacuation Pause) 1415M->1180M(7116M) 47.036ms
[5.798s][info][gc] GC(16) Pause Young (Normal) (G1 Evacuation Pause) 1500M->1257M(10144M) 57.760ms
[6.039s][info][gc] GC(17) Pause Young (Normal) (G1 Evacuation Pause) 1713M->1359M(10144M) 62.270ms
[6.216s][info][gc] GC(18) Pause Young (Normal) (G1 Evacuation Pause) 1799M->1458M(10144M) 68.548ms
[6.428s][info][gc] GC(19) Pause Young (Normal) (G1 Evacuation Pause) 1994M->1581M(10144M) 72.837ms
[6.654s][info][gc] GC(20) Pause Young (Normal) (G1 Evacuation Pause) 2129M->1707M(14280M) 95.249ms
[6.997s][info][gc] GC(21) Pause Young (Normal) (G1 Evacuation Pause) 2339M->1848M(14280M) 85.527ms
Start benchmark
[7.645s][info][gc] GC(22) Pause Young (Normal) (G1 Evacuation Pause) 2520M->2058M(14280M) 102.372ms
[7.976s][info][gc] GC(23) Pause Young (Normal) (G1 Evacuation Pause) 2702M->2190M(14280M) 71.440ms
[8.230s][info][gc] GC(24) Pause Young (Normal) (G1 Evacuation Pause) 2934M->2349M(16760M) 86.916ms
[8.710s][info][gc] GC(25) Pause Young (Normal) (G1 Evacuation Pause) 3729M->2616M(16760M) 119.765ms
[9.046s][info][gc] GC(26) Pause Young (Normal) (G1 Evacuation Pause) 3796M->2810M(16760M) 114.379ms
[9.408s][info][gc] GC(27) Pause Young (Normal) (G1 Evacuation Pause) 4046M->3056M(16760M) 109.847ms
[9.777s][info][gc] GC(28) Pause Young (Normal) (G1 Evacuation Pause) 4392M->3256M(18248M) 121.120ms
[10.192s][info][gc] GC(29) Pause Young (Normal) (G1 Evacuation Pause) 4676M->3444M(18248M) 106.770ms
[10.700s][info][gc] GC(30) Pause Young (Normal) (G1 Evacuation Pause) 5400M->3675M(18248M) 114.841ms
[11.231s][info][gc] GC(31) Pause Young (Normal) (G1 Evacuation Pause) 5955M->3939M(18248M) 130.037ms
[12.169s][info][gc] GC(32) Pause Young (Normal) (G1 Evacuation Pause) 7811M->4284M(19020M) 159.902ms
[12.793s][info][gc] GC(33) Pause Young (Normal) (G1 Evacuation Pause) 7008M->4526M(19020M) 173.915ms
[13.378s][info][gc] GC(34) Pause Young (Normal) (G1 Evacuation Pause) 7458M->4778M(19020M) 122.815ms
[14.013s][info][gc] GC(35) Pause Young (Normal) (G1 Evacuation Pause) 8046M->5040M(19020M) 132.019ms
[14.704s][info][gc] GC(36) Pause Young (Normal) (G1 Evacuation Pause) 8608M->5312M(19520M) 142.800ms
[15.172s][info][gc] GC(37) Pause Young (Normal) (G1 Evacuation Pause) 7420M->5477M(19520M) 137.767ms
[15.784s][info][gc] GC(38) Pause Young (Normal) (G1 Evacuation Pause) 7841M->5724M(19520M) 142.543ms
[16.403s][info][gc] GC(39) Pause Young (Normal) (G1 Evacuation Pause) 7288M->5850M(19520M) 158.013ms
[16.957s][info][gc] GC(40) Pause Young (Normal) (G1 Evacuation Pause) 8958M->6032M(19780M) 107.162ms
[17.319s][info][gc] GC(41) Pause Young (Normal) (G1 Evacuation Pause) 7264M->6124M(19780M) 171.083ms
[17.482s][info][gc] GC(42) Pause Young (Normal) (G1 Evacuation Pause) 7008M->6179M(19780M) 39.653ms
[17.644s][info][gc] GC(43) Pause Young (Normal) (G1 Evacuation Pause) 7103M->6229M(19780M) 33.080ms
[18.209s][info][gc] GC(44) Pause Young (Normal) (G1 Evacuation Pause) 9185M->6406M(19780M) 144.717ms
[18.440s][info][gc] GC(45) Pause Young (Normal) (G1 Evacuation Pause) 7102M->6457M(19780M) 129.379ms
[18.603s][info][gc] GC(46) Pause Young (Normal) (G1 Evacuation Pause) 7385M->6501M(19984M) 33.549ms
[18.769s][info][gc] GC(47) Pause Young (Normal) (G1 Evacuation Pause) 7393M->6554M(19984M) 38.606ms
[18.928s][info][gc] GC(48) Pause Young (Normal) (G1 Evacuation Pause) 7438M->6608M(19984M) 38.096ms
[19.233s][info][gc] GC(49) Pause Young (Normal) (G1 Evacuation Pause) 8452M->6703M(19984M) 52.334ms
[19.944s][info][gc] GC(50) Pause Young (Normal) (G1 Evacuation Pause) 10135M->6889M(20048M) 228.989ms
[20.117s][info][gc] GC(51) Pause Young (Normal) (G1 Evacuation Pause) 7501M->6940M(20048M) 83.391ms
[20.411s][info][gc] GC(52) Pause Young (Normal) (G1 Evacuation Pause) 7872M->6977M(20048M) 32.306ms
[20.563s][info][gc] GC(53) Pause Young (Normal) (G1 Evacuation Pause) 7873M->7033M(20048M) 36.310ms
[20.717s][info][gc] GC(54) Pause Young (Normal) (G1 Evacuation Pause) 7913M->7081M(20212M) 36.149ms
[21.160s][info][gc] GC(55) Pause Young (Normal) (G1 Evacuation Pause) 9849M->7219M(20212M) 63.047ms
[21.702s][info][gc] GC(56) Pause Young (Normal) (G1 Evacuation Pause) 9431M->7323M(20212M) 182.801ms
[21.868s][info][gc] GC(57) Pause Young (Normal) (G1 Evacuation Pause) 8075M->7361M(20212M) 60.158ms
[22.027s][info][gc] GC(58) Pause Young (Normal) (G1 Evacuation Pause) 8317M->7399M(20300M) 30.324ms
[22.187s][info][gc] GC(59) Pause Young (Normal) (G1 Evacuation Pause) 8323M->7448M(20300M) 33.508ms
[22.925s][info][gc] GC(60) Pause Young (Normal) (G1 Evacuation Pause) 11892M->7643M(20300M) 134.252ms
[23.246s][info][gc] GC(61) Pause Young (Normal) (G1 Evacuation Pause) 8859M->7721M(20300M) 154.796ms
[23.399s][info][gc] GC(62) Pause Young (Normal) (G1 Evacuation Pause) 8645M->7742M(20360M) 30.856ms
[23.556s][info][gc] GC(63) Pause Young (Normal) (G1 Evacuation Pause) 8650M->7787M(20360M) 35.011ms
[24.137s][info][gc] GC(64) Pause Young (Normal) (G1 Evacuation Pause) 11663M->7945M(20360M) 66.758ms
[24.783s][info][gc] GC(65) Pause Young (Normal) (G1 Evacuation Pause) 11425M->8099M(20360M) 178.745ms
[24.951s][info][gc] GC(66) Pause Young (Normal) (G1 Evacuation Pause) 8751M->8144M(20392M) 73.320ms
[25.105s][info][gc] GC(67) Pause Young (Normal) (G1 Evacuation Pause) 9096M->8159M(20392M) 28.455ms
[25.259s][info][gc] GC(68) Pause Young (Normal) (G1 Evacuation Pause) 9095M->8195M(20392M) 31.411ms
[25.625s][info][gc] GC(69) Pause Young (Normal) (G1 Evacuation Pause) 10651M->8292M(20392M) 46.870ms
[26.019s][info][gc] GC(70) Pause Young (Normal) (G1 Evacuation Pause) 10816M->8398M(20408M) 63.437ms
[26.944s][info][gc] GC(71) Pause Young (Normal) (G1 Evacuation Pause) 14022M->8622M(20408M) 177.821ms
[27.113s][info][gc] GC(72) Pause Young (Normal) (G1 Evacuation Pause) 9170M->8667M(20408M) 91.982ms
[27.542s][info][gc] GC(73) Pause Young (Normal) (G1 Evacuation Pause) 11631M->8736M(20408M) 44.716ms
[28.448s][info][gc] GC(74) Pause Young (Normal) (G1 Evacuation Pause) 14692M->8944M(20432M) 128.800ms
[29.062s][info][gc] GC(75) Pause Young (Normal) (G1 Evacuation Pause) 12528M->9076M(20432M) 137.296ms
[29.740s][info][gc] GC(76) Pause Young (Normal) (G1 Evacuation Pause) 13340M->9239M(20432M) 112.279ms
[30.580s][info][gc] GC(77) Pause Young (Normal) (G1 Evacuation Pause) 14707M->9408M(20432M) 115.522ms
[31.423s][info][gc] GC(78) Pause Young (Normal) (G1 Evacuation Pause) 14660M->9595M(20448M) 143.666ms
[32.249s][info][gc] GC(79) Pause Young (Normal) (G1 Evacuation Pause) 14707M->9763M(20448M) 143.656ms
[33.146s][info][gc] GC(80) Pause Young (Concurrent Start) (G1 Evacuation Pause) 15395M->9942M(20448M) 148.603ms
[34.418s][info][gc] GC(82) Pause Young (Normal) (G1 Evacuation Pause) 15398M->10159M(20448M) 161.557ms
[35.489s][info][gc] GC(83) Pause Young (Normal) (G1 Evacuation Pause) 15231M->10318M(20456M) 143.985ms
[36.939s][info][gc] GC(84) Pause Young (Normal) (G1 Evacuation Pause) 17610M->10510M(20456M) 139.760ms
End benchmark
benchmarkAvgTime : 33274
nbThread : 48
[0.998s][info][gc] GC(0) Pause Young (Normal) (G1 Evacuation Pause) 280M->145M(5128M) 42.219ms
[1.538s][info][gc] GC(1) Pause Young (Normal) (G1 Evacuation Pause) 369M->181M(5128M) 24.652ms
[2.138s][info][gc] GC(2) Pause Young (Normal) (G1 Evacuation Pause) 409M->189M(5128M) 7.101ms
[2.795s][info][gc] GC(3) Pause Young (Normal) (G1 Evacuation Pause) 437M->187M(5128M) 2.699ms
[3.445s][info][gc] GC(4) Pause Young (Normal) (G1 Evacuation Pause) 435M->187M(5128M) 2.712ms
[4.105s][info][gc] GC(5) Pause Young (Normal) (G1 Evacuation Pause) 439M->187M(5128M) 3.291ms
[4.561s][info][gc] GC(6) Pause Young (Normal) (G1 Evacuation Pause) 435M->236M(5128M) 10.650ms
[4.973s][info][gc] GC(7) Pause Young (Normal) (G1 Evacuation Pause) 468M->375M(5128M) 27.564ms
[5.086s][info][gc] GC(8) Pause Young (Normal) (G1 Evacuation Pause) 619M->552M(5128M) 32.628ms
[5.178s][info][gc] GC(9) Pause Young (Normal) (G1 Evacuation Pause) 776M->714M(6016M) 33.681ms
[5.526s][info][gc] GC(10) Pause Young (Normal) (G1 Evacuation Pause) 982M->787M(6016M) 19.554ms
[5.716s][info][gc] GC(11) Pause Young (Normal) (G1 Evacuation Pause) 1047M->853M(6016M) 23.373ms
[5.796s][info][gc] GC(12) Pause Young (Normal) (G1 Evacuation Pause) 1113M->921M(6016M) 26.236ms
[5.887s][info][gc] GC(13) Pause Young (Normal) (G1 Evacuation Pause) 1181M->990M(6016M) 29.428ms
[6.007s][info][gc] GC(14) Pause Young (Normal) (G1 Evacuation Pause) 1258M->1058M(7020M) 34.011ms
[6.179s][info][gc] GC(15) Pause Young (Normal) (G1 Evacuation Pause) 1366M->1134M(7020M) 39.840ms
[6.368s][info][gc] GC(16) Pause Young (Normal) (G1 Evacuation Pause) 1550M->1234M(7020M) 45.377ms
[6.550s][info][gc] GC(17) Pause Young (Normal) (G1 Evacuation Pause) 1714M->1350M(7020M) 61.787ms
[6.769s][info][gc] GC(18) Pause Young (Normal) (G1 Evacuation Pause) 1886M->1476M(11000M) 96.599ms
[7.050s][info][gc] GC(19) Pause Young (Normal) (G1 Evacuation Pause) 2012M->1602M(11000M) 78.019ms
[7.277s][info][gc] GC(20) Pause Young (Normal) (G1 Evacuation Pause) 2154M->1731M(11000M) 79.105ms
[7.527s][info][gc] GC(21) Pause Young (Normal) (G1 Evacuation Pause) 2199M->1842M(11000M) 72.865ms
Start benchmark
[8.124s][info][gc] GC(22) Pause Young (Normal) (G1 Evacuation Pause) 2406M->2013M(14792M) 104.188ms
[8.466s][info][gc] GC(23) Pause Young (Normal) (G1 Evacuation Pause) 2725M->2160M(14792M) 73.972ms
[8.768s][info][gc] GC(24) Pause Young (Normal) (G1 Evacuation Pause) 3072M->2348M(14792M) 86.884ms
[9.106s][info][gc] GC(25) Pause Young (Normal) (G1 Evacuation Pause) 3452M->2576M(14792M) 109.871ms
[9.693s][info][gc] GC(26) Pause Young (Normal) (G1 Evacuation Pause) 4616M->2961M(17068M) 150.639ms
[10.151s][info][gc] GC(27) Pause Young (Normal) (G1 Evacuation Pause) 4485M->3200M(17068M) 142.560ms
[10.508s][info][gc] GC(28) Pause Young (Normal) (G1 Evacuation Pause) 4744M->3426M(17068M) 115.471ms
[10.887s][info][gc] GC(29) Pause Young (Normal) (G1 Evacuation Pause) 5170M->3636M(17068M) 119.872ms
[11.710s][info][gc] GC(30) Pause Young (Normal) (G1 Evacuation Pause) 5552M->3853M(18436M) 115.372ms
[12.172s][info][gc] GC(31) Pause Young (Normal) (G1 Evacuation Pause) 6029M->4080M(18436M) 123.859ms
[12.653s][info][gc] GC(32) Pause Young (Normal) (G1 Evacuation Pause) 6656M->4329M(18436M) 128.344ms
[13.208s][info][gc] GC(33) Pause Young (Normal) (G1 Evacuation Pause) 7457M->4587M(18436M) 138.901ms
[13.823s][info][gc] GC(34) Pause Young (Normal) (G1 Evacuation Pause) 8247M->4852M(19068M) 141.684ms
[14.308s][info][gc] GC(35) Pause Young (Normal) (G1 Evacuation Pause) 7108M->5018M(19068M) 177.889ms
[14.777s][info][gc] GC(36) Pause Young (Normal) (G1 Evacuation Pause) 7898M->5220M(19068M) 108.065ms
[15.252s][info][gc] GC(37) Pause Young (Normal) (G1 Evacuation Pause) 7856M->5427M(19068M) 147.365ms
[15.803s][info][gc] GC(38) Pause Young (Normal) (G1 Evacuation Pause) 6491M->5603M(19516M) 114.756ms
[16.412s][info][gc] GC(39) Pause Young (Normal) (G1 Evacuation Pause) 9595M->5844M(19516M) 122.958ms
[16.750s][info][gc] GC(40) Pause Young (Normal) (G1 Evacuation Pause) 7316M->5949M(19516M) 159.696ms
[17.097s][info][gc] GC(41) Pause Young (Normal) (G1 Evacuation Pause) 8269M->6077M(19516M) 75.142ms
[17.305s][info][gc] GC(42) Pause Young (Normal) (G1 Evacuation Pause) 6877M->6129M(19756M) 112.717ms
[17.714s][info][gc] GC(43) Pause Young (Normal) (G1 Evacuation Pause) 9065M->6290M(19756M) 72.005ms
[18.207s][info][gc] GC(44) Pause Young (Normal) (G1 Evacuation Pause) 8810M->6448M(19756M) 197.842ms
[18.351s][info][gc] GC(45) Pause Young (Normal) (G1 Evacuation Pause) 7268M->6511M(19756M) 50.706ms
[18.486s][info][gc] GC(46) Pause Young (Normal) (G1 Evacuation Pause) 7431M->6550M(19952M) 34.312ms
[18.627s][info][gc] GC(47) Pause Young (Normal) (G1 Evacuation Pause) 7442M->6603M(19952M) 39.199ms
[18.764s][info][gc] GC(48) Pause Young (Normal) (G1 Evacuation Pause) 7495M->6657M(19952M) 37.174ms
[18.896s][info][gc] GC(49) Pause Young (Normal) (G1 Evacuation Pause) 7545M->6708M(19952M) 36.388ms
[19.028s][info][gc] GC(50) Pause Young (Normal) (G1 Evacuation Pause) 7596M->6760M(20012M) 36.707ms
[19.566s][info][gc] GC(51) Pause Young (Normal) (G1 Evacuation Pause) 10808M->6976M(20012M) 90.660ms
[19.870s][info][gc] GC(52) Pause Young (Normal) (G1 Evacuation Pause) 8264M->7056M(20012M) 158.146ms
[20.005s][info][gc] GC(53) Pause Young (Normal) (G1 Evacuation Pause) 7964M->7089M(20012M) 35.160ms
[20.141s][info][gc] GC(54) Pause Young (Normal) (G1 Evacuation Pause) 7965M->7137M(20188M) 39.304ms
[21.095s][info][gc] GC(55) Pause Young (Normal) (G1 Evacuation Pause) 14197M->7481M(20188M) 178.372ms
[21.474s][info][gc] GC(56) Pause Young (Normal) (G1 Evacuation Pause) 9293M->7603M(20188M) 167.808ms
[21.606s][info][gc] GC(57) Pause Young (Normal) (G1 Evacuation Pause) 8479M->7661M(20188M) 38.749ms
[21.771s][info][gc] GC(58) Pause Young (Normal) (G1 Evacuation Pause) 8897M->7709M(20308M) 32.411ms
[22.525s][info][gc] GC(59) Pause Young (Normal) (G1 Evacuation Pause) 12317M->7917M(20308M) 143.777ms
[22.679s][info][gc] GC(60) Pause Young (Normal) (G1 Evacuation Pause) 8613M->7955M(20308M) 76.782ms
[22.808s][info][gc] GC(61) Pause Young (Normal) (G1 Evacuation Pause) 8919M->7987M(20308M) 27.795ms
[22.950s][info][gc] GC(62) Pause Young (Normal) (G1 Evacuation Pause) 9023M->8042M(20348M) 33.297ms
[23.630s][info][gc] GC(63) Pause Young (Normal) (G1 Evacuation Pause) 13242M->8266M(20348M) 125.782ms
[23.895s][info][gc] GC(64) Pause Young (Normal) (G1 Evacuation Pause) 9494M->8329M(20348M) 101.474ms
[24.885s][info][gc] GC(65) Pause Young (Normal) (G1 Evacuation Pause) 16377M->8630M(20348M) 118.197ms
[25.695s][info][gc] GC(66) Pause Young (Normal) (G1 Evacuation Pause) 14662M->8859M(20388M) 157.681ms
[26.347s][info][gc] GC(67) Pause Young (Normal) (G1 Evacuation Pause) 13259M->9013M(20388M) 168.366ms
[26.729s][info][gc] GC(68) Pause Young (Normal) (G1 Evacuation Pause) 11529M->9136M(20388M) 103.534ms
[27.489s][info][gc] GC(69) Pause Young (Normal) (G1 Evacuation Pause) 15244M->9308M(20388M) 108.811ms
[28.416s][info][gc] GC(70) Pause Young (Normal) (G1 Evacuation Pause) 16572M->9542M(20420M) 162.402ms
[29.177s][info][gc] GC(71) Pause Young (Normal) (G1 Evacuation Pause) 14926M->9702M(20420M) 180.432ms
[30.192s][info][gc] GC(72) Pause Young (Concurrent Start) (G1 Evacuation Pause) 17694M->9946M(20420M) 170.308ms
[30.868s][info][gc] GC(74) Pause Young (Normal) (G1 Evacuation Pause) 11990M->10029M(20420M) 158.353ms
[31.899s][info][gc] GC(75) Pause Young (Normal) (G1 Evacuation Pause) 17685M->10250M(20440M) 91.607ms
[32.816s][info][gc] GC(76) Pause Young (Normal) (G1 Evacuation Pause) 16030M->10426M(20440M) 133.936ms
[33.385s][info][gc] GC(77) Pause Young (Normal) (G1 Evacuation Pause) 13618M->10527M(20440M) 127.897ms
[34.429s][info][gc] GC(78) Pause Young (Normal) (G1 Evacuation Pause) 17163M->10715M(20440M) 134.512ms
[35.546s][info][gc] GC(79) Pause Young (Normal) (G1 Evacuation Pause) 17743M->10917M(20448M) 163.551ms
[36.583s][info][gc] GC(80) Pause Young (Normal) (G1 Evacuation Pause) 17105M->11101M(20448M) 184.858ms
[37.671s][info][gc] GC(81) Pause Young (Normal) (G1 Evacuation Pause) 17701M->11297M(20448M) 173.220ms
End benchmark
benchmarkAvgTime : 33406
nbThread : 48
[1.024s][info][gc] GC(0) Pause Young (Normal) (G1 Evacuation Pause) 280M->145M(5128M) 41.605ms
[1.570s][info][gc] GC(1) Pause Young (Normal) (G1 Evacuation Pause) 369M->180M(5128M) 24.810ms
[2.167s][info][gc] GC(2) Pause Young (Normal) (G1 Evacuation Pause) 408M->186M(5128M) 7.705ms
[2.823s][info][gc] GC(3) Pause Young (Normal) (G1 Evacuation Pause) 434M->185M(5128M) 2.849ms
[3.473s][info][gc] GC(4) Pause Young (Normal) (G1 Evacuation Pause) 433M->185M(5128M) 4.136ms
[4.121s][info][gc] GC(5) Pause Young (Normal) (G1 Evacuation Pause) 433M->185M(5128M) 3.528ms
[4.497s][info][gc] GC(6) Pause Young (Normal) (G1 Evacuation Pause) 433M->291M(5128M) 21.988ms
[4.612s][info][gc] GC(7) Pause Young (Normal) (G1 Evacuation Pause) 527M->451M(5128M) 29.110ms
[4.732s][info][gc] GC(8) Pause Young (Normal) (G1 Evacuation Pause) 683M->623M(5800M) 39.744ms
[5.023s][info][gc] GC(9) Pause Young (Normal) (G1 Evacuation Pause) 879M->738M(5800M) 35.049ms
[5.126s][info][gc] GC(10) Pause Young (Normal) (G1 Evacuation Pause) 990M->800M(5800M) 23.896ms
[5.210s][info][gc] GC(11) Pause Young (Normal) (G1 Evacuation Pause) 1052M->861M(5800M) 23.396ms
[5.298s][info][gc] GC(12) Pause Young (Normal) (G1 Evacuation Pause) 1113M->920M(6776M) 31.369ms
[5.411s][info][gc] GC(13) Pause Young (Normal) (G1 Evacuation Pause) 1220M->990M(6776M) 36.887ms
[5.564s][info][gc] GC(14) Pause Young (Normal) (G1 Evacuation Pause) 1286M->1057M(6776M) 39.584ms
[5.764s][info][gc] GC(15) Pause Young (Normal) (G1 Evacuation Pause) 1417M->1138M(6776M) 40.551ms
[6.036s][info][gc] GC(16) Pause Young (Normal) (G1 Evacuation Pause) 1538M->1229M(9572M) 59.472ms
[6.386s][info][gc] GC(17) Pause Young (Normal) (G1 Evacuation Pause) 1657M->1326M(9572M) 58.176ms
[6.752s][info][gc] GC(18) Pause Young (Normal) (G1 Evacuation Pause) 1758M->1424M(9572M) 60.292ms
[7.357s][info][gc] GC(19) Pause Young (Normal) (G1 Evacuation Pause) 1852M->1522M(9572M) 63.244ms
[8.081s][info][gc] GC(20) Pause Young (Normal) (G1 Evacuation Pause) 1994M->1626M(13644M) 75.918ms
[9.055s][info][gc] GC(21) Pause Young (Normal) (G1 Evacuation Pause) 2238M->1761M(13644M) 81.041ms
Start benchmark
[10.125s][info][gc] GC(22) Pause Young (Normal) (G1 Evacuation Pause) 2637M->2008M(13644M) 106.016ms
[10.464s][info][gc] GC(23) Pause Young (Normal) (G1 Evacuation Pause) 2952M->2200M(13644M) 99.198ms
[10.782s][info][gc] GC(24) Pause Young (Normal) (G1 Evacuation Pause) 3260M->2412M(15264M) 109.611ms
[11.152s][info][gc] GC(25) Pause Young (Normal) (G1 Evacuation Pause) 3592M->2635M(15264M) 114.255ms
[11.512s][info][gc] GC(26) Pause Young (Normal) (G1 Evacuation Pause) 3991M->2902M(15264M) 112.284ms
[11.840s][info][gc] GC(27) Pause Young (Normal) (G1 Evacuation Pause) 4274M->3109M(15264M) 110.798ms
[12.173s][info][gc] GC(28) Pause Young (Normal) (G1 Evacuation Pause) 4517M->3302M(16412M) 109.995ms
[12.544s][info][gc] GC(29) Pause Young (Normal) (G1 Evacuation Pause) 4826M->3485M(16412M) 103.076ms
[13.298s][info][gc] GC(30) Pause Young (Normal) (G1 Evacuation Pause) 6733M->3818M(16412M) 141.381ms
[13.799s][info][gc] GC(31) Pause Young (Normal) (G1 Evacuation Pause) 6150M->4075M(16412M) 161.769ms
[14.231s][info][gc] GC(32) Pause Young (Normal) (G1 Evacuation Pause) 6231M->4270M(17548M) 121.805ms
[14.731s][info][gc] GC(33) Pause Young (Normal) (G1 Evacuation Pause) 6914M->4493M(17548M) 117.877ms
[15.242s][info][gc] GC(34) Pause Young (Normal) (G1 Evacuation Pause) 7425M->4721M(17548M) 119.071ms
[15.783s][info][gc] GC(35) Pause Young (Normal) (G1 Evacuation Pause) 7753M->4954M(17548M) 142.583ms
[16.057s][info][gc] GC(36) Pause Young (Normal) (G1 Evacuation Pause) 6186M->5055M(18496M) 112.226ms
[16.753s][info][gc] GC(37) Pause Young (Normal) (G1 Evacuation Pause) 9615M->5324M(18496M) 105.698ms
[17.057s][info][gc] GC(38) Pause Young (Normal) (G1 Evacuation Pause) 5980M->5488M(18496M) 155.750ms
[17.589s][info][gc] GC(39) Pause Young (Normal) (G1 Evacuation Pause) 8916M->5671M(18496M) 99.105ms
[17.920s][info][gc] GC(40) Pause Young (Normal) (G1 Evacuation Pause) 6919M->5760M(19028M) 168.885ms
[18.071s][info][gc] GC(41) Pause Young (Normal) (G1 Evacuation Pause) 6612M->5817M(19028M) 39.714ms
[18.205s][info][gc] GC(42) Pause Young (Normal) (G1 Evacuation Pause) 6701M->5864M(19028M) 32.086ms
[18.807s][info][gc] GC(43) Pause Young (Normal) (G1 Evacuation Pause) 9824M->6088M(19028M) 133.458ms
[19.013s][info][gc] GC(44) Pause Young (Normal) (G1 Evacuation Pause) 6704M->6137M(19364M) 126.308ms
[19.154s][info][gc] GC(45) Pause Young (Normal) (G1 Evacuation Pause) 7045M->6166M(19364M) 30.731ms
[19.292s][info][gc] GC(46) Pause Young (Normal) (G1 Evacuation Pause) 7046M->6222M(19364M) 37.117ms
[19.684s][info][gc] GC(47) Pause Young (Normal) (G1 Evacuation Pause) 8726M->6356M(19364M) 82.892ms
[20.182s][info][gc] GC(48) Pause Young (Normal) (G1 Evacuation Pause) 9272M->6520M(19608M) 158.025ms
[20.339s][info][gc] GC(49) Pause Young (Normal) (G1 Evacuation Pause) 7144M->6569M(19608M) 72.825ms
[20.474s][info][gc] GC(50) Pause Young (Normal) (G1 Evacuation Pause) 7485M->6593M(19608M) 32.267ms
[20.776s][info][gc] GC(51) Pause Young (Normal) (G1 Evacuation Pause) 8705M->6702M(19608M) 60.773ms
[21.237s][info][gc] GC(52) Pause Young (Normal) (G1 Evacuation Pause) 9438M->6840M(19884M) 140.245ms
[21.392s][info][gc] GC(53) Pause Young (Normal) (G1 Evacuation Pause) 7528M->6879M(19884M) 67.437ms
[21.529s][info][gc] GC(54) Pause Young (Normal) (G1 Evacuation Pause) 7819M->6915M(19884M) 31.295ms
[21.666s][info][gc] GC(55) Pause Young (Normal) (G1 Evacuation Pause) 7819M->6961M(19884M) 36.427ms
[22.212s][info][gc] GC(56) Pause Young (Normal) (G1 Evacuation Pause) 10929M->7150M(20048M) 95.603ms
[22.686s][info][gc] GC(57) Pause Young (Normal) (G1 Evacuation Pause) 9742M->7284M(20048M) 169.538ms
[22.828s][info][gc] GC(58) Pause Young (Normal) (G1 Evacuation Pause) 8140M->7333M(20048M) 43.426ms
[22.961s][info][gc] GC(59) Pause Young (Normal) (G1 Evacuation Pause) 8277M->7365M(20048M) 28.291ms
[23.201s][info][gc] GC(60) Pause Young (Normal) (G1 Evacuation Pause) 9109M->7439M(20192M) 44.143ms
[23.875s][info][gc] GC(61) Pause Young (Normal) (G1 Evacuation Pause) 12103M->7648M(20192M) 141.771ms
[24.412s][info][gc] GC(62) Pause Young (Normal) (G1 Evacuation Pause) 10928M->7802M(20192M) 156.210ms
[24.565s][info][gc] GC(63) Pause Young (Normal) (G1 Evacuation Pause) 8438M->7851M(20192M) 77.701ms
[25.080s][info][gc] GC(64) Pause Young (Normal) (G1 Evacuation Pause) 11947M->7985M(20308M) 64.802ms
[25.763s][info][gc] GC(65) Pause Young (Normal) (G1 Evacuation Pause) 12757M->8171M(20308M) 144.207ms
[26.278s][info][gc] GC(66) Pause Young (Normal) (G1 Evacuation Pause) 11575M->8306M(20308M) 125.704ms
[26.591s][info][gc] GC(67) Pause Young (Normal) (G1 Evacuation Pause) 10194M->8390M(20308M) 92.445ms
[27.128s][info][gc] GC(68) Pause Young (Normal) (G1 Evacuation Pause) 12378M->8535M(20360M) 90.468ms
[27.810s][info][gc] GC(69) Pause Young (Normal) (G1 Evacuation Pause) 13435M->8712M(20360M) 129.983ms
[28.918s][info][gc] GC(70) Pause Young (Normal) (G1 Evacuation Pause) 16708M->8990M(20360M) 190.138ms
[29.664s][info][gc] GC(71) Pause Young (Normal) (G1 Evacuation Pause) 13902M->9145M(20360M) 183.602ms
[30.338s][info][gc] GC(72) Pause Young (Normal) (G1 Evacuation Pause) 13813M->9314M(20400M) 142.573ms
[31.142s][info][gc] GC(73) Pause Young (Normal) (G1 Evacuation Pause) 15422M->9506M(20400M) 122.379ms
[31.962s][info][gc] GC(74) Pause Young (Normal) (G1 Evacuation Pause) 15390M->9696M(20400M) 157.327ms
[32.801s][info][gc] GC(75) Pause Young (Normal) (G1 Evacuation Pause) 15748M->9872M(20400M) 156.689ms
[33.724s][info][gc] GC(76) Pause Young (Concurrent Start) (G1 Evacuation Pause) 16580M->10071M(20420M) 167.658ms
[34.927s][info][gc] GC(78) Pause Young (Normal) (G1 Evacuation Pause) 16087M->10288M(20420M) 167.271ms
[36.009s][info][gc] GC(79) Pause Young (Normal) (G1 Evacuation Pause) 16312M->10470M(20420M) 165.198ms
[37.140s][info][gc] GC(80) Pause Young (Normal) (G1 Evacuation Pause) 16870M->10645M(20420M) 163.959ms
[37.769s][info][gc] GC(81) Pause Young (Normal) (G1 Evacuation Pause) 13769M->10756M(20436M) 138.900ms
[38.940s][info][gc] GC(82) Pause Young (Normal) (G1 Evacuation Pause) 17716M->10958M(20436M) 120.435ms
End benchmark
[41.072s][info][gc] GC(83) Pause Young (Normal) (G1 Evacuation Pause) 15270M->10923M(20436M) 201.543ms
benchmarkAvgTime : 35576
nbThread : 48
[1.045s][info][gc] GC(0) Pause Young (Normal) (G1 Evacuation Pause) 280M->145M(5128M) 41.838ms
[1.594s][info][gc] GC(1) Pause Young (Normal) (G1 Evacuation Pause) 369M->180M(5128M) 24.994ms
[2.197s][info][gc] GC(2) Pause Young (Normal) (G1 Evacuation Pause) 408M->186M(5128M) 8.131ms
[2.861s][info][gc] GC(3) Pause Young (Normal) (G1 Evacuation Pause) 434M->185M(5128M) 2.892ms
[3.520s][info][gc] GC(4) Pause Young (Normal) (G1 Evacuation Pause) 433M->185M(5128M) 4.064ms
[4.178s][info][gc] GC(5) Pause Young (Normal) (G1 Evacuation Pause) 433M->185M(5128M) 3.810ms
[4.764s][info][gc] GC(6) Pause Young (Normal) (G1 Evacuation Pause) 433M->184M(5128M) 2.851ms
[5.090s][info][gc] GC(7) Pause Young (Normal) (G1 Evacuation Pause) 448M->347M(5128M) 44.982ms
[5.173s][info][gc] GC(8) Pause Young (Normal) (G1 Evacuation Pause) 579M->518M(5128M) 34.939ms
[5.276s][info][gc] GC(9) Pause Young (Normal) (G1 Evacuation Pause) 742M->682M(6300M) 38.134ms
[5.574s][info][gc] GC(10) Pause Young (Normal) (G1 Evacuation Pause) 962M->755M(6300M) 21.008ms
[5.736s][info][gc] GC(11) Pause Young (Normal) (G1 Evacuation Pause) 1027M->818M(6300M) 25.264ms
[5.894s][info][gc] GC(12) Pause Young (Normal) (G1 Evacuation Pause) 1090M->882M(6300M) 27.973ms
[6.028s][info][gc] GC(13) Pause Young (Normal) (G1 Evacuation Pause) 1154M->945M(6300M) 32.433ms
[6.142s][info][gc] GC(14) Pause Young (Normal) (G1 Evacuation Pause) 1217M->1008M(7424M) 41.651ms
[6.371s][info][gc] GC(15) Pause Young (Normal) (G1 Evacuation Pause) 1336M->1082M(7424M) 46.741ms
[6.535s][info][gc] GC(16) Pause Young (Normal) (G1 Evacuation Pause) 1402M->1155M(7424M) 47.207ms
[6.701s][info][gc] GC(17) Pause Young (Normal) (G1 Evacuation Pause) 1583M->1251M(7424M) 54.983ms
[6.907s][info][gc] GC(18) Pause Young (Normal) (G1 Evacuation Pause) 1743M->1361M(11284M) 79.794ms
[7.144s][info][gc] GC(19) Pause Young (Normal) (G1 Evacuation Pause) 1873M->1476M(11284M) 79.433ms
[7.453s][info][gc] GC(20) Pause Young (Normal) (G1 Evacuation Pause) 2108M->1617M(11284M) 83.783ms
[7.759s][info][gc] GC(21) Pause Young (Normal) (G1 Evacuation Pause) 2313M->1770M(11284M) 89.262ms
Start benchmark
[8.396s][info][gc] GC(22) Pause Young (Normal) (G1 Evacuation Pause) 2598M->2015M(14964M) 117.768ms
[8.823s][info][gc] GC(23) Pause Young (Normal) (G1 Evacuation Pause) 2907M->2204M(14964M) 92.737ms
[9.125s][info][gc] GC(24) Pause Young (Normal) (G1 Evacuation Pause) 3228M->2414M(14964M) 95.329ms
[9.493s][info][gc] GC(25) Pause Young (Normal) (G1 Evacuation Pause) 3706M->2651M(14964M) 111.225ms
[9.852s][info][gc] GC(26) Pause Young (Normal) (G1 Evacuation Pause) 3979M->2917M(17172M) 120.461ms
[10.186s][info][gc] GC(27) Pause Young (Normal) (G1 Evacuation Pause) 4061M->3100M(17172M) 110.099ms
[10.489s][info][gc] GC(28) Pause Young (Normal) (G1 Evacuation Pause) 4336M->3278M(17172M) 97.657ms
[10.808s][info][gc] GC(29) Pause Young (Normal) (G1 Evacuation Pause) 4634M->3445M(17172M) 100.367ms
[11.278s][info][gc] GC(30) Pause Young (Normal) (G1 Evacuation Pause) 5629M->3700M(18324M) 118.343ms
[11.830s][info][gc] GC(31) Pause Young (Normal) (G1 Evacuation Pause) 6008M->3950M(18324M) 133.349ms
[12.297s][info][gc] GC(32) Pause Young (Normal) (G1 Evacuation Pause) 6186M->4186M(18324M) 131.009ms
[13.206s][info][gc] GC(33) Pause Young (Normal) (G1 Evacuation Pause) 8578M->4548M(18324M) 159.531ms
[13.830s][info][gc] GC(34) Pause Young (Normal) (G1 Evacuation Pause) 7740M->4825M(19156M) 191.701ms
[14.360s][info][gc] GC(35) Pause Young (Normal) (G1 Evacuation Pause) 7677M->5062M(19156M) 136.135ms
[14.868s][info][gc] GC(36) Pause Young (Normal) (G1 Evacuation Pause) 7962M->5273M(19156M) 129.681ms
[15.175s][info][gc] GC(37) Pause Young (Normal) (G1 Evacuation Pause) 6585M->5371M(19156M) 132.869ms
[15.712s][info][gc] GC(38) Pause Young (Normal) (G1 Evacuation Pause) 8439M->5664M(19612M) 105.285ms
[16.047s][info][gc] GC(39) Pause Young (Normal) (G1 Evacuation Pause) 6920M->5755M(19612M) 163.727ms
[16.201s][info][gc] GC(40) Pause Young (Normal) (G1 Evacuation Pause) 6635M->5811M(19612M) 42.234ms
[16.347s][info][gc] GC(41) Pause Young (Normal) (G1 Evacuation Pause) 6731M->5867M(19612M) 35.168ms
[16.544s][info][gc] GC(42) Pause Young (Normal) (G1 Evacuation Pause) 6731M->5924M(19788M) 78.766ms
[16.699s][info][gc] GC(43) Pause Young (Normal) (G1 Evacuation Pause) 6816M->5981M(19788M) 44.590ms
[16.984s][info][gc] GC(44) Pause Young (Normal) (G1 Evacuation Pause) 7825M->6089M(19788M) 65.186ms
[17.449s][info][gc] GC(45) Pause Young (Normal) (G1 Evacuation Pause) 8705M->6242M(19788M) 144.714ms
[17.605s][info][gc] GC(46) Pause Young (Normal) (G1 Evacuation Pause) 6902M->6287M(19976M) 73.104ms
[17.747s][info][gc] GC(47) Pause Young (Normal) (G1 Evacuation Pause) 7223M->6323M(19976M) 32.763ms
[18.348s][info][gc] GC(48) Pause Young (Normal) (G1 Evacuation Pause) 10175M->6542M(19976M) 138.741ms
[18.662s][info][gc] GC(49) Pause Young (Normal) (G1 Evacuation Pause) 7866M->6636M(19976M) 151.865ms
[18.906s][info][gc] GC(50) Pause Young (Normal) (G1 Evacuation Pause) 8256M->6715M(20180M) 52.110ms
[19.255s][info][gc] GC(51) Pause Young (Normal) (G1 Evacuation Pause) 8819M->6833M(20180M) 94.391ms
[19.828s][info][gc] GC(52) Pause Young (Normal) (G1 Evacuation Pause) 10409M->7019M(20180M) 142.974ms
[19.987s][info][gc] GC(53) Pause Young (Normal) (G1 Evacuation Pause) 7623M->7068M(20180M) 83.280ms
[20.127s][info][gc] GC(54) Pause Young (Normal) (G1 Evacuation Pause) 8008M->7098M(20284M) 32.434ms
[20.270s][info][gc] GC(55) Pause Young (Normal) (G1 Evacuation Pause) 8014M->7143M(20284M) 35.786ms
[20.845s][info][gc] GC(56) Pause Young (Normal) (G1 Evacuation Pause) 11043M->7337M(20284M) 127.059ms
[20.996s][info][gc] GC(57) Pause Young (Normal) (G1 Evacuation Pause) 8049M->7380M(20284M) 68.658ms
[21.462s][info][gc] GC(58) Pause Young (Normal) (G1 Evacuation Pause) 10840M->7531M(20328M) 67.934ms
[21.921s][info][gc] GC(59) Pause Young (Normal) (G1 Evacuation Pause) 10123M->7666M(20328M) 154.867ms
[22.074s][info][gc] GC(60) Pause Young (Normal) (G1 Evacuation Pause) 8382M->7705M(20328M) 67.355ms
[22.212s][info][gc] GC(61) Pause Young (Normal) (G1 Evacuation Pause) 8665M->7737M(20328M) 30.935ms
[22.373s][info][gc] GC(62) Pause Young (Normal) (G1 Evacuation Pause) 8825M->7789M(20372M) 37.821ms
[22.880s][info][gc] GC(63) Pause Young (Normal) (G1 Evacuation Pause) 11609M->7956M(20372M) 76.409ms
[23.448s][info][gc] GC(64) Pause Young (Normal) (G1 Evacuation Pause) 11416M->8113M(20372M) 165.760ms
[23.604s][info][gc] GC(65) Pause Young (Normal) (G1 Evacuation Pause) 8749M->8162M(20372M) 77.928ms
[23.738s][info][gc] GC(66) Pause Young (Normal) (G1 Evacuation Pause) 9110M->8165M(20408M) 28.471ms
[24.057s][info][gc] GC(67) Pause Young (Normal) (G1 Evacuation Pause) 10577M->8260M(20408M) 50.346ms
[24.772s][info][gc] GC(68) Pause Young (Normal) (G1 Evacuation Pause) 13280M->8463M(20408M) 148.117ms
[24.930s][info][gc] GC(69) Pause Young (Normal) (G1 Evacuation Pause) 9115M->8513M(20408M) 81.980ms
[25.064s][info][gc] GC(70) Pause Young (Normal) (G1 Evacuation Pause) 9469M->8523M(20428M) 25.732ms
[25.598s][info][gc] GC(71) Pause Young (Normal) (G1 Evacuation Pause) 12671M->8676M(20428M) 71.852ms
[26.128s][info][gc] GC(72) Pause Young (Normal) (G1 Evacuation Pause) 12356M->8819M(20428M) 113.641ms
[26.963s][info][gc] GC(73) Pause Young (Normal) (G1 Evacuation Pause) 14907M->9050M(20428M) 146.169ms
[27.750s][info][gc] GC(74) Pause Young (Normal) (G1 Evacuation Pause) 14450M->9213M(20444M) 170.617ms
[28.319s][info][gc] GC(75) Pause Young (Normal) (G1 Evacuation Pause) 12897M->9345M(20444M) 144.538ms
[29.415s][info][gc] GC(76) Pause Young (Normal) (G1 Evacuation Pause) 17617M->9611M(20444M) 152.779ms
[30.238s][info][gc] GC(77) Pause Young (Normal) (G1 Evacuation Pause) 15423M->9778M(20444M) 166.687ms
[31.064s][info][gc] GC(78) Pause Young (Concurrent Start) (G1 Evacuation Pause) 15646M->9975M(20460M) 164.438ms
[32.487s][info][gc] GC(80) Pause Young (Normal) (G1 Evacuation Pause) 17659M->10209M(20460M) 150.871ms
[33.452s][info][gc] GC(81) Pause Young (Normal) (G1 Evacuation Pause) 15377M->10349M(20460M) 164.951ms
[34.705s][info][gc] GC(82) Pause Young (Normal) (G1 Evacuation Pause) 17713M->10563M(20460M) 144.067ms
[34.968s][info][gc] GC(83) Pause Young (Normal) (G1 Evacuation Pause) 11475M->10605M(20468M) 117.111ms
[36.055s][info][gc] GC(84) Pause Young (Normal) (G1 Evacuation Pause) 17753M->10778M(20468M) 76.257ms
[36.306s][info][gc] GC(85) Pause Young (Normal) (G1 Evacuation Pause) 11850M->10816M(20468M) 91.300ms
[37.392s][info][gc] GC(86) Pause Young (Normal) (G1 Evacuation Pause) 17784M->10994M(20468M) 72.749ms
[37.835s][info][gc] GC(87) Pause Young (Normal) (G1 Evacuation Pause) 13254M->11078M(20472M) 112.418ms
End benchmark
benchmarkAvgTime : 33384
nbThread : 48
[0.997s][info][gc] GC(0) Pause Young (Normal) (G1 Evacuation Pause) 280M->145M(5128M) 41.723ms
[1.544s][info][gc] GC(1) Pause Young (Normal) (G1 Evacuation Pause) 369M->178M(5128M) 25.072ms
[2.145s][info][gc] GC(2) Pause Young (Normal) (G1 Evacuation Pause) 406M->185M(5128M) 7.669ms
[2.803s][info][gc] GC(3) Pause Young (Normal) (G1 Evacuation Pause) 433M->184M(5128M) 2.802ms
[3.456s][info][gc] GC(4) Pause Young (Normal) (G1 Evacuation Pause) 432M->184M(5128M) 2.812ms
[4.109s][info][gc] GC(5) Pause Young (Normal) (G1 Evacuation Pause) 432M->184M(5128M) 4.061ms
[4.749s][info][gc] GC(6) Pause Young (Normal) (G1 Evacuation Pause) 432M->184M(5128M) 4.404ms
[4.990s][info][gc] GC(7) Pause Young (Normal) (G1 Evacuation Pause) 444M->328M(5128M) 37.365ms
[5.086s][info][gc] GC(8) Pause Young (Normal) (G1 Evacuation Pause) 552M->485M(5128M) 31.882ms
[5.192s][info][gc] GC(9) Pause Young (Normal) (G1 Evacuation Pause) 709M->644M(6180M) 40.951ms
[5.511s][info][gc] GC(10) Pause Young (Normal) (G1 Evacuation Pause) 920M->732M(6180M) 32.508ms
[5.599s][info][gc] GC(11) Pause Young (Normal) (G1 Evacuation Pause) 1000M->797M(6180M) 24.634ms
[5.723s][info][gc] GC(12) Pause Young (Normal) (G1 Evacuation Pause) 1065M->861M(6180M) 27.075ms
[5.810s][info][gc] GC(13) Pause Young (Normal) (G1 Evacuation Pause) 1129M->924M(7124M) 33.350ms
[5.941s][info][gc] GC(14) Pause Young (Normal) (G1 Evacuation Pause) 1240M->996M(7124M) 38.987ms
[6.091s][info][gc] GC(15) Pause Young (Normal) (G1 Evacuation Pause) 1384M->1087M(7124M) 44.068ms
[6.234s][info][gc] GC(16) Pause Young (Normal) (G1 Evacuation Pause) 1483M->1180M(7124M) 51.630ms
[6.404s][info][gc] GC(17) Pause Young (Normal) (G1 Evacuation Pause) 1632M->1285M(10496M) 63.735ms
[6.619s][info][gc] GC(18) Pause Young (Normal) (G1 Evacuation Pause) 1777M->1396M(10496M) 70.046ms
[7.118s][info][gc] GC(19) Pause Young (Normal) (G1 Evacuation Pause) 2436M->1621M(10496M) 100.381ms
[7.334s][info][gc] GC(20) Pause Young (Normal) (G1 Evacuation Pause) 2113M->1741M(10496M) 87.913ms
Start benchmark
[7.816s][info][gc] GC(21) Pause Young (Normal) (G1 Evacuation Pause) 2261M->1943M(14492M) 89.519ms
[8.376s][info][gc] GC(22) Pause Young (Normal) (G1 Evacuation Pause) 2599M->2089M(14492M) 88.751ms
[8.602s][info][gc] GC(23) Pause Young (Normal) (G1 Evacuation Pause) 2749M->2229M(14492M) 69.072ms
[8.913s][info][gc] GC(24) Pause Young (Normal) (G1 Evacuation Pause) 3017M->2392M(14492M) 85.055ms
[9.189s][info][gc] GC(25) Pause Young (Normal) (G1 Evacuation Pause) 3256M->2568M(16668M) 98.869ms
[9.494s][info][gc] GC(26) Pause Young (Normal) (G1 Evacuation Pause) 3480M->2734M(16668M) 94.705ms
[9.797s][info][gc] GC(27) Pause Young (Normal) (G1 Evacuation Pause) 3802M->2961M(16668M) 96.453ms
[10.103s][info][gc] GC(28) Pause Young (Normal) (G1 Evacuation Pause) 4045M->3132M(16668M) 100.766ms
[10.416s][info][gc] GC(29) Pause Young (Normal) (G1 Evacuation Pause) 4332M->3312M(17944M) 100.990ms
[10.913s][info][gc] GC(30) Pause Young (Normal) (G1 Evacuation Pause) 5368M->3569M(17944M) 117.444ms
[11.380s][info][gc] GC(31) Pause Young (Normal) (G1 Evacuation Pause) 5685M->3825M(17944M) 128.493ms
[12.052s][info][gc] GC(32) Pause Young (Normal) (G1 Evacuation Pause) 6805M->4155M(17944M) 147.392ms
[12.694s][info][gc] GC(33) Pause Young (Normal) (G1 Evacuation Pause) 6819M->4419M(18960M) 150.732ms
[13.318s][info][gc] GC(34) Pause Young (Normal) (G1 Evacuation Pause) 7655M->4690M(18960M) 139.861ms
[13.749s][info][gc] GC(35) Pause Young (Normal) (G1 Evacuation Pause) 6834M->4878M(18960M) 121.950ms
[14.707s][info][gc] GC(36) Pause Young (Normal) (G1 Evacuation Pause) 10526M->5277M(18960M) 168.582ms
[15.334s][info][gc] GC(37) Pause Young (Normal) (G1 Evacuation Pause) 8385M->5491M(19516M) 182.404ms
[15.899s][info][gc] GC(38) Pause Young (Normal) (G1 Evacuation Pause) 7719M->5760M(19516M) 141.395ms
[16.501s][info][gc] GC(39) Pause Young (Normal) (G1 Evacuation Pause) 7228M->5874M(19516M) 143.195ms
[16.974s][info][gc] GC(40) Pause Young (Normal) (G1 Evacuation Pause) 8682M->6055M(19516M) 113.196ms
[17.151s][info][gc] GC(41) Pause Young (Normal) (G1 Evacuation Pause) 6723M->6115M(19780M) 89.369ms
[17.888s][info][gc] GC(42) Pause Young (Normal) (G1 Evacuation Pause) 11067M->6398M(19780M) 103.998ms
[18.414s][info][gc] GC(43) Pause Young (Normal) (G1 Evacuation Pause) 8518M->6537M(19780M) 243.650ms
[18.569s][info][gc] GC(44) Pause Young (Normal) (G1 Evacuation Pause) 7381M->6594M(19780M) 48.679ms
[18.714s][info][gc] GC(45) Pause Young (Normal) (G1 Evacuation Pause) 7518M->6632M(19940M) 33.091ms
[18.864s][info][gc] GC(46) Pause Young (Normal) (G1 Evacuation Pause) 7524M->6685M(19940M) 38.717ms
[19.010s][info][gc] GC(47) Pause Young (Normal) (G1 Evacuation Pause) 7573M->6740M(19940M) 36.982ms
[19.157s][info][gc] GC(48) Pause Young (Normal) (G1 Evacuation Pause) 7624M->6797M(19940M) 38.096ms
[19.300s][info][gc] GC(49) Pause Young (Normal) (G1 Evacuation Pause) 7681M->6850M(19940M) 36.997ms
[19.446s][info][gc] GC(50) Pause Young (Normal) (G1 Evacuation Pause) 7734M->6905M(19988M) 37.875ms
[19.655s][info][gc] GC(51) Pause Young (Normal) (G1 Evacuation Pause) 8269M->6979M(19988M) 43.054ms
[20.241s][info][gc] GC(52) Pause Young (Normal) (G1 Evacuation Pause) 11015M->7195M(19988M) 93.952ms
[20.774s][info][gc] GC(53) Pause Young (Normal) (G1 Evacuation Pause) 9663M->7320M(19988M) 213.982ms
[20.931s][info][gc] GC(54) Pause Young (Normal) (G1 Evacuation Pause) 8176M->7388M(20188M) 45.205ms
[21.078s][info][gc] GC(55) Pause Young (Normal) (G1 Evacuation Pause) 8332M->7424M(20188M) 29.647ms
[21.222s][info][gc] GC(56) Pause Young (Normal) (G1 Evacuation Pause) 8332M->7469M(20188M) 34.518ms
[21.365s][info][gc] GC(57) Pause Young (Normal) (G1 Evacuation Pause) 8377M->7517M(20188M) 34.182ms
[21.825s][info][gc] GC(58) Pause Young (Normal) (G1 Evacuation Pause) 10829M->7670M(20248M) 65.399ms
[22.257s][info][gc] GC(59) Pause Young (Normal) (G1 Evacuation Pause) 10166M->7798M(20248M) 125.652ms
[22.771s][info][gc] GC(60) Pause Young (Normal) (G1 Evacuation Pause) 10942M->7956M(20248M) 124.181ms
[23.145s][info][gc] GC(61) Pause Young (Normal) (G1 Evacuation Pause) 10308M->8079M(20248M) 88.575ms
[23.511s][info][gc] GC(62) Pause Young (Normal) (G1 Evacuation Pause) 10367M->8183M(20336M) 84.509ms
[24.276s][info][gc] GC(63) Pause Young (Normal) (G1 Evacuation Pause) 13575M->8407M(20336M) 125.035ms
[24.897s][info][gc] GC(64) Pause Young (Normal) (G1 Evacuation Pause) 12067M->8564M(20336M) 176.078ms
[25.451s][info][gc] GC(65) Pause Young (Normal) (G1 Evacuation Pause) 12136M->8714M(20336M) 121.775ms
[26.383s][info][gc] GC(66) Pause Young (Normal) (G1 Evacuation Pause) 15410M->8964M(20392M) 133.130ms
[27.315s][info][gc] GC(67) Pause Young (Normal) (G1 Evacuation Pause) 15236M->9203M(20392M) 182.611ms
[27.962s][info][gc] GC(68) Pause Young (Normal) (G1 Evacuation Pause) 13275M->9343M(20392M) 160.448ms
[29.126s][info][gc] GC(69) Pause Young (Normal) (G1 Evacuation Pause) 17635M->9617M(20392M) 173.334ms
[29.735s][info][gc] GC(70) Pause Young (Normal) (G1 Evacuation Pause) 13317M->9746M(20420M) 159.340ms
[30.755s][info][gc] GC(71) Pause Young (Concurrent Start) (G1 Evacuation Pause) 17658M->9976M(20420M) 109.994ms
[32.309s][info][gc] GC(73) Pause Young (Normal) (G1 Evacuation Pause) 17672M->10238M(20420M) 163.802ms
[33.121s][info][gc] GC(74) Pause Young (Normal) (G1 Evacuation Pause) 14330M->10375M(20420M) 155.502ms
[34.380s][info][gc] GC(75) Pause Young (Normal) (G1 Evacuation Pause) 17687M->10563M(20432M) 142.832ms
[34.817s][info][gc] GC(76) Pause Young (Normal) (G1 Evacuation Pause) 12359M->10621M(20432M) 136.648ms
[35.983s][info][gc] GC(77) Pause Young (Normal) (G1 Evacuation Pause) 17741M->10811M(20432M) 84.866ms
[36.435s][info][gc] GC(78) Pause Young (Normal) (G1 Evacuation Pause) 13075M->10893M(20432M) 110.292ms
[37.554s][info][gc] GC(79) Pause Young (Normal) (G1 Evacuation Pause) 17777M->11058M(20440M) 77.824ms
End benchmark
benchmarkAvgTime : 33064
nbThread : 48
[1.024s][info][gc] GC(0) Pause Young (Normal) (G1 Evacuation Pause) 280M->145M(5128M) 42.674ms
[1.577s][info][gc] GC(1) Pause Young (Normal) (G1 Evacuation Pause) 369M->178M(5128M) 24.773ms
[2.187s][info][gc] GC(2) Pause Young (Normal) (G1 Evacuation Pause) 406M->186M(5128M) 7.183ms
[2.857s][info][gc] GC(3) Pause Young (Normal) (G1 Evacuation Pause) 434M->184M(5128M) 2.585ms
[3.521s][info][gc] GC(4) Pause Young (Normal) (G1 Evacuation Pause) 432M->184M(5128M) 2.921ms
[4.183s][info][gc] GC(5) Pause Young (Normal) (G1 Evacuation Pause) 432M->184M(5128M) 2.914ms
[4.600s][info][gc] GC(6) Pause Young (Normal) (G1 Evacuation Pause) 436M->247M(5128M) 13.765ms
[4.745s][info][gc] GC(7) Pause Young (Normal) (G1 Evacuation Pause) 483M->400M(5128M) 29.437ms
[4.843s][info][gc] GC(8) Pause Young (Normal) (G1 Evacuation Pause) 624M->568M(5128M) 39.296ms
[5.060s][info][gc] GC(9) Pause Young (Normal) (G1 Evacuation Pause) 792M->701M(6232M) 41.607ms
[5.241s][info][gc] GC(10) Pause Young (Normal) (G1 Evacuation Pause) 977M->774M(6232M) 24.887ms
[5.410s][info][gc] GC(11) Pause Young (Normal) (G1 Evacuation Pause) 1042M->840M(6232M) 25.729ms
[5.564s][info][gc] GC(12) Pause Young (Normal) (G1 Evacuation Pause) 1108M->905M(6232M) 29.504ms
[5.696s][info][gc] GC(13) Pause Young (Normal) (G1 Evacuation Pause) 1173M->968M(7236M) 34.852ms
[5.939s][info][gc] GC(14) Pause Young (Normal) (G1 Evacuation Pause) 1288M->1043M(7236M) 39.975ms
[6.119s][info][gc] GC(15) Pause Young (Normal) (G1 Evacuation Pause) 1355M->1115M(7236M) 45.122ms
[6.361s][info][gc] GC(16) Pause Young (Normal) (G1 Evacuation Pause) 1539M->1213M(7236M) 50.918ms
[6.610s][info][gc] GC(17) Pause Young (Normal) (G1 Evacuation Pause) 1665M->1317M(10444M) 72.909ms
[6.910s][info][gc] GC(18) Pause Young (Normal) (G1 Evacuation Pause) 1773M->1424M(10444M) 71.884ms
[7.363s][info][gc] GC(19) Pause Young (Normal) (G1 Evacuation Pause) 1896M->1536M(10444M) 69.135ms
[8.317s][info][gc] GC(20) Pause Young (Normal) (G1 Evacuation Pause) 1988M->1649M(10444M) 71.006ms
[9.397s][info][gc] GC(21) Pause Young (Normal) (G1 Evacuation Pause) 2145M->1768M(14080M) 87.418ms
Start benchmark
[10.292s][info][gc] GC(22) Pause Young (Normal) (G1 Evacuation Pause) 2544M->2020M(14080M) 106.664ms
[10.647s][info][gc] GC(23) Pause Young (Normal) (G1 Evacuation Pause) 2844M->2188M(14080M) 84.613ms
[11.107s][info][gc] GC(24) Pause Young (Normal) (G1 Evacuation Pause) 3520M->2451M(14080M) 106.988ms
[11.443s][info][gc] GC(25) Pause Young (Normal) (G1 Evacuation Pause) 3691M->2680M(15472M) 119.601ms
[11.826s][info][gc] GC(26) Pause Young (Normal) (G1 Evacuation Pause) 3956M->2937M(15472M) 111.003ms
[12.292s][info][gc] GC(27) Pause Young (Normal) (G1 Evacuation Pause) 4305M->3144M(15472M) 106.271ms
[12.635s][info][gc] GC(28) Pause Young (Normal) (G1 Evacuation Pause) 4664M->3348M(15472M) 109.991ms
[13.237s][info][gc] GC(29) Pause Young (Normal) (G1 Evacuation Pause) 6376M->3678M(16536M) 147.096ms
[13.808s][info][gc] GC(30) Pause Young (Normal) (G1 Evacuation Pause) 6270M->3980M(16536M) 170.178ms
[14.246s][info][gc] GC(31) Pause Young (Normal) (G1 Evacuation Pause) 6100M->4198M(16536M) 125.366ms
[14.795s][info][gc] GC(32) Pause Young (Normal) (G1 Evacuation Pause) 7338M->4452M(16536M) 122.321ms
[15.331s][info][gc] GC(33) Pause Young (Normal) (G1 Evacuation Pause) 7236M->4686M(17736M) 160.983ms
[15.889s][info][gc] GC(34) Pause Young (Normal) (G1 Evacuation Pause) 7814M->4896M(17736M) 123.038ms
[16.453s][info][gc] GC(35) Pause Young (Normal) (G1 Evacuation Pause) 8036M->5133M(17736M) 162.960ms
[16.914s][info][gc] GC(36) Pause Young (Normal) (G1 Evacuation Pause) 7481M->5294M(17736M) 154.559ms
[17.656s][info][gc] GC(37) Pause Young (Normal) (G1 Evacuation Pause) 8858M->5624M(18696M) 134.543ms
[18.133s][info][gc] GC(38) Pause Young (Normal) (G1 Evacuation Pause) 7904M->5770M(18696M) 163.291ms
[19.696s][info][gc] GC(39) Pause Young (Normal) (G1 Evacuation Pause) 15658M->6325M(18696M) 203.397ms
[20.326s][info][gc] GC(40) Pause Young (Normal) (G1 Evacuation Pause) 9573M->6538M(18696M) 232.900ms
[20.475s][info][gc] GC(41) Pause Young (Normal) (G1 Evacuation Pause) 7242M->6600M(19316M) 64.438ms
[20.620s][info][gc] GC(42) Pause Young (Normal) (G1 Evacuation Pause) 7500M->6629M(19316M) 30.978ms
[21.170s][info][gc] GC(43) Pause Young (Normal) (G1 Evacuation Pause) 10273M->6818M(19316M) 130.806ms
[21.392s][info][gc] GC(44) Pause Young (Normal) (G1 Evacuation Pause) 7502M->6864M(19316M) 138.589ms
[21.523s][info][gc] GC(45) Pause Young (Normal) (G1 Evacuation Pause) 7776M->6902M(19316M) 30.096ms
[21.844s][info][gc] GC(46) Pause Young (Normal) (G1 Evacuation Pause) 9006M->7001M(19316M) 54.558ms
[22.317s][info][gc] GC(47) Pause Young (Normal) (G1 Evacuation Pause) 9661M->7143M(19552M) 168.884ms
[22.466s][info][gc] GC(48) Pause Young (Normal) (G1 Evacuation Pause) 7823M->7180M(19552M) 63.416ms
[22.601s][info][gc] GC(49) Pause Young (Normal) (G1 Evacuation Pause) 8108M->7219M(19552M) 31.097ms
[22.733s][info][gc] GC(50) Pause Young (Normal) (G1 Evacuation Pause) 8107M->7266M(19552M) 35.007ms
[23.137s][info][gc] GC(51) Pause Young (Normal) (G1 Evacuation Pause) 10362M->7409M(19740M) 65.768ms
[23.492s][info][gc] GC(52) Pause Young (Normal) (G1 Evacuation Pause) 9473M->7515M(19740M) 121.445ms
[24.121s][info][gc] GC(53) Pause Young (Normal) (G1 Evacuation Pause) 11171M->7690M(19740M) 146.297ms
[24.808s][info][gc] GC(54) Pause Young (Normal) (G1 Evacuation Pause) 12122M->7899M(19740M) 181.841ms
[25.339s][info][gc] GC(55) Pause Young (Normal) (G1 Evacuation Pause) 11267M->8047M(20036M) 140.865ms
[25.777s][info][gc] GC(56) Pause Young (Normal) (G1 Evacuation Pause) 10739M->8181M(20036M) 122.525ms
[26.315s][info][gc] GC(57) Pause Young (Normal) (G1 Evacuation Pause) 12041M->8317M(20036M) 105.696ms
[26.884s][info][gc] GC(58) Pause Young (Normal) (G1 Evacuation Pause) 12153M->8468M(20036M) 134.468ms
[27.646s][info][gc] GC(59) Pause Young (Normal) (G1 Evacuation Pause) 13928M->8679M(20196M) 149.333ms
[28.464s][info][gc] GC(60) Pause Young (Normal) (G1 Evacuation Pause) 14527M->8878M(20196M) 162.741ms
[29.304s][info][gc] GC(61) Pause Young (Normal) (G1 Evacuation Pause) 14858M->9104M(20196M) 172.295ms
[30.092s][info][gc] GC(62) Pause Young (Normal) (G1 Evacuation Pause) 14628M->9281M(20196M) 169.327ms
[31.122s][info][gc] GC(63) Pause Young (Normal) (G1 Evacuation Pause) 17205M->9523M(20288M) 153.419ms
[32.068s][info][gc] GC(64) Pause Young (Normal) (G1 Evacuation Pause) 16343M->9732M(20288M) 187.537ms
[32.923s][info][gc] GC(65) Pause Young (Normal) (G1 Evacuation Pause) 15868M->9908M(20288M) 169.145ms
[33.901s][info][gc] GC(66) Pause Young (Concurrent Start) (G1 Evacuation Pause) 17452M->10128M(20288M) 149.550ms
[35.157s][info][gc] GC(68) Pause Young (Normal) (G1 Evacuation Pause) 16648M->10336M(20336M) 178.568ms
[36.174s][info][gc] GC(69) Pause Young (Normal) (G1 Evacuation Pause) 16200M->10522M(20336M) 168.522ms
[37.317s][info][gc] GC(70) Pause Young (Normal) (G1 Evacuation Pause) 17590M->10680M(20336M) 130.843ms
[37.984s][info][gc] GC(71) Pause Young (Normal) (G1 Evacuation Pause) 14368M->10796M(20336M) 142.504ms
[39.059s][info][gc] GC(72) Pause Young (Normal) (G1 Evacuation Pause) 17660M->10954M(20368M) 118.597ms
[39.631s][info][gc] GC(73) Pause Young (Normal) (G1 Evacuation Pause) 14026M->11038M(20368M) 132.977ms
End benchmark
benchmarkAvgTime : 35509
nbThread : 48
[1.003s][info][gc] GC(0) Pause Young (Normal) (G1 Evacuation Pause) 280M->145M(5128M) 44.221ms
[1.546s][info][gc] GC(1) Pause Young (Normal) (G1 Evacuation Pause) 369M->179M(5128M) 26.699ms
[2.145s][info][gc] GC(2) Pause Young (Normal) (G1 Evacuation Pause) 407M->186M(5128M) 7.472ms
[2.807s][info][gc] GC(3) Pause Young (Normal) (G1 Evacuation Pause) 434M->184M(5128M) 3.552ms
[3.459s][info][gc] GC(4) Pause Young (Normal) (G1 Evacuation Pause) 432M->184M(5128M) 2.943ms
[4.112s][info][gc] GC(5) Pause Young (Normal) (G1 Evacuation Pause) 432M->184M(5128M) 4.217ms
[4.481s][info][gc] GC(6) Pause Young (Normal) (G1 Evacuation Pause) 432M->239M(5128M) 11.838ms
[4.779s][info][gc] GC(7) Pause Young (Normal) (G1 Evacuation Pause) 475M->389M(5128M) 26.214ms
[4.862s][info][gc] GC(8) Pause Young (Normal) (G1 Evacuation Pause) 621M->561M(5128M) 34.994ms
[5.053s][info][gc] GC(9) Pause Young (Normal) (G1 Evacuation Pause) 785M->701M(6176M) 35.492ms
[5.248s][info][gc] GC(10) Pause Young (Normal) (G1 Evacuation Pause) 977M->773M(6176M) 21.895ms
[5.349s][info][gc] GC(11) Pause Young (Normal) (G1 Evacuation Pause) 1041M->835M(6176M) 23.820ms
[5.434s][info][gc] GC(12) Pause Young (Normal) (G1 Evacuation Pause) 1103M->898M(6176M) 29.013ms
[5.525s][info][gc] GC(13) Pause Young (Normal) (G1 Evacuation Pause) 1166M->962M(6984M) 33.879ms
[5.701s][info][gc] GC(14) Pause Young (Normal) (G1 Evacuation Pause) 1270M->1033M(6984M) 38.114ms
[5.841s][info][gc] GC(15) Pause Young (Normal) (G1 Evacuation Pause) 1365M->1108M(6984M) 42.491ms
[6.047s][info][gc] GC(16) Pause Young (Normal) (G1 Evacuation Pause) 1528M->1201M(6984M) 49.392ms
[6.230s][info][gc] GC(17) Pause Young (Normal) (G1 Evacuation Pause) 1681M->1309M(10488M) 72.520ms
[6.441s][info][gc] GC(18) Pause Young (Normal) (G1 Evacuation Pause) 1781M->1417M(10488M) 69.245ms
[6.674s][info][gc] GC(19) Pause Young (Normal) (G1 Evacuation Pause) 2005M->1550M(10488M) 78.504ms
[6.952s][info][gc] GC(20) Pause Young (Normal) (G1 Evacuation Pause) 2254M->1707M(10488M) 89.190ms
Start benchmark
[7.384s][info][gc] GC(21) Pause Young (Normal) (G1 Evacuation Pause) 2303M->1902M(14488M) 99.338ms
[7.968s][info][gc] GC(22) Pause Young (Normal) (G1 Evacuation Pause) 2546M->2042M(14488M) 84.940ms
[8.227s][info][gc] GC(23) Pause Young (Normal) (G1 Evacuation Pause) 2766M->2190M(14488M) 67.316ms
[8.480s][info][gc] GC(24) Pause Young (Normal) (G1 Evacuation Pause) 3034M->2366M(14488M) 91.881ms
[8.760s][info][gc] GC(25) Pause Young (Normal) (G1 Evacuation Pause) 3286M->2549M(16888M) 101.384ms
[9.064s][info][gc] GC(26) Pause Young (Normal) (G1 Evacuation Pause) 3569M->2730M(16888M) 96.077ms
[9.494s][info][gc] GC(27) Pause Young (Normal) (G1 Evacuation Pause) 4422M->3038M(16888M) 116.456ms
[9.892s][info][gc] GC(28) Pause Young (Normal) (G1 Evacuation Pause) 4650M->3277M(16888M) 124.253ms
[10.231s][info][gc] GC(29) Pause Young (Normal) (G1 Evacuation Pause) 4645M->3451M(18324M) 111.400ms
[10.661s][info][gc] GC(30) Pause Young (Normal) (G1 Evacuation Pause) 5139M->3648M(18324M) 98.146ms
[11.270s][info][gc] GC(31) Pause Young (Normal) (G1 Evacuation Pause) 6208M->3941M(18324M) 128.609ms
[11.798s][info][gc] GC(32) Pause Young (Normal) (G1 Evacuation Pause) 6729M->4219M(18324M) 140.971ms
[12.329s][info][gc] GC(33) Pause Young (Normal) (G1 Evacuation Pause) 7067M->4473M(19112M) 141.998ms
[13.163s][info][gc] GC(34) Pause Young (Normal) (G1 Evacuation Pause) 9461M->4806M(19112M) 152.920ms
[13.822s][info][gc] GC(35) Pause Young (Normal) (G1 Evacuation Pause) 8334M->5073M(19112M) 198.650ms
[14.363s][info][gc] GC(36) Pause Young (Normal) (G1 Evacuation Pause) 8197M->5300M(19112M) 136.533ms
[14.635s][info][gc] GC(37) Pause Young (Normal) (G1 Evacuation Pause) 6608M->5406M(19632M) 106.971ms
[16.457s][info][gc] GC(38) Pause Young (Normal) (G1 Evacuation Pause) 14714M->6070M(19632M) 190.049ms
[16.979s][info][gc] GC(39) Pause Young (Normal) (G1 Evacuation Pause) 8574M->6225M(19632M) 214.443ms
[17.768s][info][gc] GC(40) Pause Young (Normal) (G1 Evacuation Pause) 11649M->6518M(19632M) 126.588ms
[18.246s][info][gc] GC(41) Pause Young (Normal) (G1 Evacuation Pause) 8966M->6661M(19864M) 171.329ms
[19.152s][info][gc] GC(42) Pause Young (Normal) (G1 Evacuation Pause) 13165M->6988M(19864M) 134.665ms
[19.815s][info][gc] GC(43) Pause Young (Normal) (G1 Evacuation Pause) 11052M->7204M(19864M) 176.509ms
[20.322s][info][gc] GC(44) Pause Young (Normal) (G1 Evacuation Pause) 10404M->7358M(19864M) 133.365ms
[20.623s][info][gc] GC(45) Pause Young (Normal) (G1 Evacuation Pause) 8742M->7446M(20004M) 130.676ms
[21.836s][info][gc] GC(46) Pause Young (Normal) (G1 Evacuation Pause) 16778M->7836M(20004M) 139.706ms
[22.658s][info][gc] GC(47) Pause Young (Normal) (G1 Evacuation Pause) 12676M->8054M(20004M) 212.174ms
[23.308s][info][gc] GC(48) Pause Young (Normal) (G1 Evacuation Pause) 12522M->8226M(20004M) 144.272ms
[23.509s][info][gc] GC(49) Pause Young (Normal) (G1 Evacuation Pause) 9102M->8281M(20116M) 93.921ms
[24.155s][info][gc] GC(50) Pause Young (Normal) (G1 Evacuation Pause) 13365M->8450M(20116M) 75.269ms
[24.703s][info][gc] GC(51) Pause Young (Normal) (G1 Evacuation Pause) 11998M->8583M(20116M) 149.076ms
[24.855s][info][gc] GC(52) Pause Young (Normal) (G1 Evacuation Pause) 9219M->8633M(20116M) 78.112ms
[25.150s][info][gc] GC(53) Pause Young (Normal) (G1 Evacuation Pause) 10989M->8692M(20192M) 41.361ms
[25.733s][info][gc] GC(54) Pause Young (Normal) (G1 Evacuation Pause) 13252M->8858M(20192M) 81.143ms
[26.181s][info][gc] GC(55) Pause Young (Normal) (G1 Evacuation Pause) 11762M->8967M(20192M) 120.441ms
[26.959s][info][gc] GC(56) Pause Young (Normal) (G1 Evacuation Pause) 14855M->9175M(20192M) 124.031ms
[27.778s][info][gc] GC(57) Pause Young (Normal) (G1 Evacuation Pause) 15075M->9368M(20252M) 161.107ms
[28.410s][info][gc] GC(58) Pause Young (Normal) (G1 Evacuation Pause) 13644M->9510M(20252M) 145.373ms
[29.446s][info][gc] GC(59) Pause Young (Concurrent Start) (G1 Evacuation Pause) 17446M->9772M(20252M) 153.091ms
[30.507s][info][gc] GC(61) Pause Young (Normal) (G1 Evacuation Pause) 14608M->9936M(20252M) 171.286ms
[31.346s][info][gc] GC(62) Pause Young (Normal) (G1 Evacuation Pause) 14932M->10081M(20328M) 130.018ms
[32.559s][info][gc] GC(63) Pause Young (Normal) (G1 Evacuation Pause) 17577M->10283M(20328M) 130.629ms
[33.212s][info][gc] GC(64) Pause Young (Normal) (G1 Evacuation Pause) 13879M->10405M(20328M) 137.587ms
[34.555s][info][gc] GC(65) Pause Young (Normal) (G1 Evacuation Pause) 17617M->10609M(20328M) 135.788ms
[35.636s][info][gc] GC(66) Pause Young (Normal) (G1 Evacuation Pause) 16913M->10784M(20360M) 166.154ms
[36.867s][info][gc] GC(67) Pause Young (Normal) (G1 Evacuation Pause) 17540M->10837M(20360M) 211.276ms
End benchmark
[38.660s][info][gc] GC(68) Pause Young (Normal) (G1 Evacuation Pause) 13781M->10928M(20360M) 188.192ms
benchmarkAvgTime : 33094
nbThread : 48
[1.027s][info][gc] GC(0) Pause Young (Normal) (G1 Evacuation Pause) 280M->145M(5128M) 42.025ms
[1.578s][info][gc] GC(1) Pause Young (Normal) (G1 Evacuation Pause) 369M->179M(5128M) 27.201ms
[2.183s][info][gc] GC(2) Pause Young (Normal) (G1 Evacuation Pause) 407M->186M(5128M) 7.947ms
[2.848s][info][gc] GC(3) Pause Young (Normal) (G1 Evacuation Pause) 434M->185M(5128M) 2.715ms
[3.507s][info][gc] GC(4) Pause Young (Normal) (G1 Evacuation Pause) 433M->185M(5128M) 3.171ms
[4.165s][info][gc] GC(5) Pause Young (Normal) (G1 Evacuation Pause) 433M->185M(5128M) 4.402ms
[4.603s][info][gc] GC(6) Pause Young (Normal) (G1 Evacuation Pause) 433M->263M(5128M) 16.598ms
[4.843s][info][gc] GC(7) Pause Young (Normal) (G1 Evacuation Pause) 487M->415M(5128M) 36.244ms
[5.033s][info][gc] GC(8) Pause Young (Normal) (G1 Evacuation Pause) 675M->616M(5128M) 45.981ms
[5.220s][info][gc] GC(9) Pause Young (Normal) (G1 Evacuation Pause) 840M->754M(6476M) 31.422ms
[5.345s][info][gc] GC(10) Pause Young (Normal) (G1 Evacuation Pause) 1042M->828M(6476M) 21.548ms
[5.420s][info][gc] GC(11) Pause Young (Normal) (G1 Evacuation Pause) 1108M->897M(6476M) 24.654ms
[5.501s][info][gc] GC(12) Pause Young (Normal) (G1 Evacuation Pause) 1177M->965M(6476M) 27.789ms
[5.727s][info][gc] GC(13) Pause Young (Normal) (G1 Evacuation Pause) 1245M->1029M(7052M) 33.052ms
[5.839s][info][gc] GC(14) Pause Young (Normal) (G1 Evacuation Pause) 1341M->1102M(7052M) 37.843ms
[6.108s][info][gc] GC(15) Pause Young (Normal) (G1 Evacuation Pause) 1774M->1252M(7052M) 54.731ms
[6.255s][info][gc] GC(16) Pause Young (Normal) (G1 Evacuation Pause) 1660M->1346M(7052M) 52.788ms
[6.429s][info][gc] GC(17) Pause Young (Normal) (G1 Evacuation Pause) 1794M->1452M(10628M) 65.862ms
[6.650s][info][gc] GC(18) Pause Young (Normal) (G1 Evacuation Pause) 1940M->1564M(10628M) 67.659ms
[6.869s][info][gc] GC(19) Pause Young (Normal) (G1 Evacuation Pause) 2156M->1698M(10628M) 77.121ms
[7.142s][info][gc] GC(20) Pause Young (Normal) (G1 Evacuation Pause) 2382M->1852M(10628M) 80.840ms
Start benchmark
[7.782s][info][gc] GC(21) Pause Young (Normal) (G1 Evacuation Pause) 2484M->2020M(14572M) 110.054ms
[8.181s][info][gc] GC(22) Pause Young (Normal) (G1 Evacuation Pause) 2788M->2178M(14572M) 83.168ms
[8.661s][info][gc] GC(23) Pause Young (Normal) (G1 Evacuation Pause) 3714M->2484M(14572M) 117.266ms
[8.973s][info][gc] GC(24) Pause Young (Normal) (G1 Evacuation Pause) 3536M->2685M(14572M) 114.721ms
[9.244s][info][gc] GC(25) Pause Young (Normal) (G1 Evacuation Pause) 3585M->2900M(16936M) 102.443ms
[9.536s][info][gc] GC(26) Pause Young (Normal) (G1 Evacuation Pause) 3816M->3042M(16936M) 89.444ms
[9.843s][info][gc] GC(27) Pause Young (Normal) (G1 Evacuation Pause) 4130M->3202M(16936M) 85.746ms
[10.139s][info][gc] GC(28) Pause Young (Normal) (G1 Evacuation Pause) 4482M->3378M(16936M) 98.239ms
[10.463s][info][gc] GC(29) Pause Young (Normal) (G1 Evacuation Pause) 4858M->3564M(18064M) 108.497ms
[10.834s][info][gc] GC(30) Pause Young (Normal) (G1 Evacuation Pause) 5200M->3753M(18064M) 102.754ms
[11.262s][info][gc] GC(31) Pause Young (Normal) (G1 Evacuation Pause) 5961M->3998M(18064M) 119.016ms
[11.898s][info][gc] GC(32) Pause Young (Normal) (G1 Evacuation Pause) 6890M->4306M(18064M) 148.485ms
[12.436s][info][gc] GC(33) Pause Young (Normal) (G1 Evacuation Pause) 7118M->4552M(18984M) 140.517ms
[13.075s][info][gc] GC(34) Pause Young (Normal) (G1 Evacuation Pause) 8304M->4839M(18984M) 141.570ms
[13.563s][info][gc] GC(35) Pause Young (Normal) (G1 Evacuation Pause) 7263M->5060M(18984M) 180.104ms
[14.042s][info][gc] GC(36) Pause Young (Normal) (G1 Evacuation Pause) 7988M->5236M(18984M) 111.568ms
[14.500s][info][gc] GC(37) Pause Young (Normal) (G1 Evacuation Pause) 7692M->5417M(19584M) 151.091ms
[15.438s][info][gc] GC(38) Pause Young (Normal) (G1 Evacuation Pause) 9293M->5774M(19584M) 140.976ms
[15.995s][info][gc] GC(39) Pause Young (Normal) (G1 Evacuation Pause) 8878M->5981M(19584M) 173.853ms
[16.443s][info][gc] GC(40) Pause Young (Normal) (G1 Evacuation Pause) 8513M->6142M(19584M) 142.491ms
[16.887s][info][gc] GC(41) Pause Young (Normal) (G1 Evacuation Pause) 8610M->6286M(19880M) 157.809ms
[17.102s][info][gc] GC(42) Pause Young (Normal) (G1 Evacuation Pause) 6966M->6332M(19880M) 121.828ms
[17.238s][info][gc] GC(43) Pause Young (Normal) (G1 Evacuation Pause) 7264M->6376M(19880M) 33.924ms
[17.376s][info][gc] GC(44) Pause Young (Normal) (G1 Evacuation Pause) 7264M->6429M(19880M) 39.314ms
[17.510s][info][gc] GC(45) Pause Young (Normal) (G1 Evacuation Pause) 7305M->6480M(19880M) 38.229ms
[17.645s][info][gc] GC(46) Pause Young (Normal) (G1 Evacuation Pause) 7364M->6536M(20000M) 38.153ms
[17.784s][info][gc] GC(47) Pause Young (Normal) (G1 Evacuation Pause) 7428M->6591M(20000M) 37.879ms
[18.274s][info][gc] GC(48) Pause Young (Normal) (G1 Evacuation Pause) 10279M->6792M(20000M) 82.301ms
[18.540s][info][gc] GC(49) Pause Young (Normal) (G1 Evacuation Pause) 8056M->6879M(20000M) 126.001ms
[19.099s][info][gc] GC(50) Pause Young (Normal) (G1 Evacuation Pause) 11075M->7084M(20136M) 90.640ms
[19.617s][info][gc] GC(51) Pause Young (Normal) (G1 Evacuation Pause) 9716M->7236M(20136M) 212.132ms
[19.760s][info][gc] GC(52) Pause Young (Normal) (G1 Evacuation Pause) 8080M->7292M(20136M) 49.667ms
[19.893s][info][gc] GC(53) Pause Young (Normal) (G1 Evacuation Pause) 8228M->7327M(20136M) 31.838ms
[20.133s][info][gc] GC(54) Pause Young (Normal) (G1 Evacuation Pause) 8227M->7387M(20276M) 39.212ms
[20.262s][info][gc] GC(55) Pause Young (Normal) (G1 Evacuation Pause) 8283M->7436M(20276M) 36.698ms
[20.815s][info][gc] GC(56) Pause Young (Normal) (G1 Evacuation Pause) 11744M->7633M(20276M) 85.349ms
[21.029s][info][gc] GC(57) Pause Young (Normal) (G1 Evacuation Pause) 8489M->7681M(20276M) 121.468ms
[22.305s][info][gc] GC(58) Pause Young (Normal) (G1 Evacuation Pause) 16721M->8057M(20328M) 136.381ms
[22.931s][info][gc] GC(59) Pause Young (Normal) (G1 Evacuation Pause) 11797M->8228M(20328M) 213.849ms
[23.070s][info][gc] GC(60) Pause Young (Normal) (G1 Evacuation Pause) 9064M->8270M(20328M) 50.822ms
[23.197s][info][gc] GC(61) Pause Young (Normal) (G1 Evacuation Pause) 9238M->8301M(20328M) 27.157ms
[23.413s][info][gc] GC(62) Pause Young (Normal) (G1 Evacuation Pause) 9981M->8369M(20328M) 41.273ms
[24.086s][info][gc] GC(63) Pause Young (Normal) (G1 Evacuation Pause) 13529M->8573M(20376M) 125.662ms
[24.630s][info][gc] GC(64) Pause Young (Normal) (G1 Evacuation Pause) 12357M->8724M(20376M) 134.642ms
[24.779s][info][gc] GC(65) Pause Young (Normal) (G1 Evacuation Pause) 9376M->8775M(20376M) 74.719ms
[25.492s][info][gc] GC(66) Pause Young (Normal) (G1 Evacuation Pause) 14915M->8961M(20376M) 78.626ms
[25.951s][info][gc] GC(67) Pause Young (Normal) (G1 Evacuation Pause) 12237M->9099M(20404M) 115.739ms
[26.712s][info][gc] GC(68) Pause Young (Normal) (G1 Evacuation Pause) 15483M->9306M(20404M) 97.724ms
[27.488s][info][gc] GC(69) Pause Young (Normal) (G1 Evacuation Pause) 15266M->9513M(20404M) 147.059ms
[28.279s][info][gc] GC(70) Pause Young (Normal) (G1 Evacuation Pause) 15297M->9689M(20404M) 168.298ms
[28.966s][info][gc] GC(71) Pause Young (Concurrent Start) (G1 Evacuation Pause) 14921M->9874M(20428M) 131.944ms
[30.048s][info][gc] GC(73) Pause Young (Normal) (G1 Evacuation Pause) 15398M->10044M(20428M) 131.742ms
[30.832s][info][gc] GC(74) Pause Young (Normal) (G1 Evacuation Pause) 14460M->10158M(20428M) 148.523ms
[31.971s][info][gc] GC(75) Pause Young (Normal) (G1 Evacuation Pause) 17402M->10362M(20428M) 129.428ms
[32.516s][info][gc] GC(76) Pause Young (Normal) (G1 Evacuation Pause) 13334M->10441M(20440M) 123.051ms
[33.622s][info][gc] GC(77) Pause Young (Normal) (G1 Evacuation Pause) 17637M->10623M(20440M) 122.473ms
[34.771s][info][gc] GC(78) Pause Young (Normal) (G1 Evacuation Pause) 17699M->10825M(20440M) 158.890ms
[35.953s][info][gc] GC(79) Pause Young (Normal) (G1 Evacuation Pause) 17537M->10840M(20440M) 225.137ms
[36.577s][info][gc] GC(80) Pause Young (Normal) (G1 Evacuation Pause) 14300M->10945M(20448M) 197.900ms
End benchmark
benchmarkAvgTime : 33160
nbThread : 48
[1.011s][info][gc] GC(0) Pause Young (Normal) (G1 Evacuation Pause) 280M->145M(5128M) 41.966ms
[1.552s][info][gc] GC(1) Pause Young (Normal) (G1 Evacuation Pause) 369M->179M(5128M) 23.918ms
[2.147s][info][gc] GC(2) Pause Young (Normal) (G1 Evacuation Pause) 407M->186M(5128M) 7.898ms
[2.798s][info][gc] GC(3) Pause Young (Normal) (G1 Evacuation Pause) 434M->185M(5128M) 3.057ms
[3.442s][info][gc] GC(4) Pause Young (Normal) (G1 Evacuation Pause) 433M->185M(5128M) 3.188ms
[4.015s][info][gc] GC(5) Pause Young (Normal) (G1 Evacuation Pause) 433M->185M(5128M) 2.736ms
[4.162s][info][gc] GC(6) Pause Young (Normal) (G1 Evacuation Pause) 445M->342M(5128M) 28.551ms
[4.268s][info][gc] GC(7) Pause Young (Normal) (G1 Evacuation Pause) 566M->504M(5128M) 33.767ms
[4.386s][info][gc] GC(8) Pause Young (Normal) (G1 Evacuation Pause) 728M->670M(6112M) 41.247ms
[4.657s][info][gc] GC(9) Pause Young (Normal) (G1 Evacuation Pause) 942M->741M(6112M) 23.608ms
[4.752s][info][gc] GC(10) Pause Young (Normal) (G1 Evacuation Pause) 1005M->803M(6112M) 24.556ms
[4.852s][info][gc] GC(11) Pause Young (Normal) (G1 Evacuation Pause) 1067M->865M(6112M) 27.375ms
[4.960s][info][gc] GC(12) Pause Young (Normal) (G1 Evacuation Pause) 1129M->927M(7136M) 34.029ms
[5.118s][info][gc] GC(13) Pause Young (Normal) (G1 Evacuation Pause) 1243M->999M(7136M) 38.287ms
[5.292s][info][gc] GC(14) Pause Young (Normal) (G1 Evacuation Pause) 1307M->1070M(7136M) 41.725ms
[5.520s][info][gc] GC(15) Pause Young (Normal) (G1 Evacuation Pause) 1394M->1144M(7136M) 43.897ms
[5.766s][info][gc] GC(16) Pause Young (Normal) (G1 Evacuation Pause) 1484M->1222M(10352M) 58.286ms
[6.178s][info][gc] GC(17) Pause Young (Normal) (G1 Evacuation Pause) 1686M->1326M(10352M) 62.337ms
[6.592s][info][gc] GC(18) Pause Young (Normal) (G1 Evacuation Pause) 1774M->1427M(10352M) 62.671ms
[7.352s][info][gc] GC(19) Pause Young (Normal) (G1 Evacuation Pause) 1875M->1528M(10352M) 65.649ms
[8.107s][info][gc] GC(20) Pause Young (Normal) (G1 Evacuation Pause) 1976M->1628M(13848M) 78.305ms
[9.314s][info][gc] GC(21) Pause Young (Normal) (G1 Evacuation Pause) 2252M->1764M(13848M) 84.155ms
Start benchmark
[10.221s][info][gc] GC(22) Pause Young (Normal) (G1 Evacuation Pause) 2608M->2019M(13848M) 106.850ms
[10.712s][info][gc] GC(23) Pause Young (Normal) (G1 Evacuation Pause) 2931M->2201M(13848M) 85.701ms
[11.191s][info][gc] GC(24) Pause Young (Normal) (G1 Evacuation Pause) 3233M->2397M(15196M) 93.528ms
[11.791s][info][gc] GC(25) Pause Young (Normal) (G1 Evacuation Pause) 3593M->2609M(15196M) 104.148ms
[12.436s][info][gc] GC(26) Pause Young (Normal) (G1 Evacuation Pause) 4045M->2894M(15196M) 113.013ms
[13.093s][info][gc] GC(27) Pause Young (Normal) (G1 Evacuation Pause) 4398M->3119M(15196M) 112.582ms
[13.795s][info][gc] GC(28) Pause Young (Normal) (G1 Evacuation Pause) 4775M->3337M(16256M) 101.482ms
[14.636s][info][gc] GC(29) Pause Young (Normal) (G1 Evacuation Pause) 5313M->3574M(16256M) 107.951ms
[16.081s][info][gc] GC(30) Pause Young (Normal) (G1 Evacuation Pause) 7182M->3931M(16256M) 153.838ms
[17.371s][info][gc] GC(31) Pause Young (Normal) (G1 Evacuation Pause) 7003M->4244M(16256M) 172.606ms
[18.602s][info][gc] GC(32) Pause Young (Normal) (G1 Evacuation Pause) 7332M->4528M(17104M) 139.242ms
[19.948s][info][gc] GC(33) Pause Young (Normal) (G1 Evacuation Pause) 7920M->4804M(17104M) 135.473ms
[21.497s][info][gc] GC(34) Pause Young (Normal) (G1 Evacuation Pause) 8536M->5120M(17104M) 140.156ms
[21.928s][info][gc] GC(35) Pause Young (Normal) (G1 Evacuation Pause) 6084M->5218M(17104M) 100.103ms
[25.190s][info][gc] GC(36) Pause Young (Normal) (G1 Evacuation Pause) 14050M->5777M(17632M) 187.626ms
[25.689s][info][gc] GC(37) Pause Young (Normal) (G1 Evacuation Pause) 6601M->5858M(17632M) 191.590ms
[27.018s][info][gc] GC(38) Pause Young (Normal) (G1 Evacuation Pause) 9466M->6064M(17632M) 85.351ms
[27.448s][info][gc] GC(39) Pause Young (Normal) (G1 Evacuation Pause) 6936M->6137M(17632M) 127.509ms
[28.995s][info][gc] GC(40) Pause Young (Normal) (G1 Evacuation Pause) 10129M->6458M(17632M) 106.101ms
[29.575s][info][gc] GC(41) Pause Young (Normal) (G1 Evacuation Pause) 7202M->6534M(17956M) 147.851ms
[31.614s][info][gc] GC(42) Pause Young (Normal) (G1 Evacuation Pause) 9902M->6771M(17956M) 87.836ms
[32.071s][info][gc] GC(43) Pause Young (Normal) (G1 Evacuation Pause) 7347M->6837M(17956M) 130.795ms
[33.770s][info][gc] GC(44) Pause Young (Normal) (G1 Evacuation Pause) 9665M->7032M(17956M) 75.078ms
[34.951s][info][gc] GC(45) Pause Young (Normal) (G1 Evacuation Pause) 8960M->7179M(17956M) 101.018ms
[37.335s][info][gc] GC(46) Pause Young (Normal) (G1 Evacuation Pause) 11179M->7466M(17956M) 108.619ms
[38.741s][info][gc] GC(47) Pause Young (Normal) (G1 Evacuation Pause) 9686M->7639M(18104M) 148.273ms
End benchmark
benchmarkAvgTime : 35804
nbThread : 48
[0.986s][info][gc] GC(0) Pause Young (Normal) (G1 Evacuation Pause) 280M->145M(5128M) 43.223ms
[1.526s][info][gc] GC(1) Pause Young (Normal) (G1 Evacuation Pause) 369M->178M(5128M) 24.309ms
[2.123s][info][gc] GC(2) Pause Young (Normal) (G1 Evacuation Pause) 406M->186M(5128M) 7.345ms
[2.775s][info][gc] GC(3) Pause Young (Normal) (G1 Evacuation Pause) 434M->184M(5128M) 2.818ms
[3.422s][info][gc] GC(4) Pause Young (Normal) (G1 Evacuation Pause) 432M->184M(5128M) 3.286ms
[4.069s][info][gc] GC(5) Pause Young (Normal) (G1 Evacuation Pause) 432M->184M(5128M) 3.983ms
[4.595s][info][gc] GC(6) Pause Young (Normal) (G1 Evacuation Pause) 436M->284M(5128M) 21.065ms
[4.710s][info][gc] GC(7) Pause Young (Normal) (G1 Evacuation Pause) 516M->440M(5128M) 28.443ms
[4.794s][info][gc] GC(8) Pause Young (Normal) (G1 Evacuation Pause) 664M->604M(5128M) 40.142ms
[5.045s][info][gc] GC(9) Pause Young (Normal) (G1 Evacuation Pause) 828M->708M(6280M) 38.251ms
[5.172s][info][gc] GC(10) Pause Young (Normal) (G1 Evacuation Pause) 988M->779M(6280M) 24.187ms
[5.263s][info][gc] GC(11) Pause Young (Normal) (G1 Evacuation Pause) 1051M->851M(6280M) 27.303ms
[5.356s][info][gc] GC(12) Pause Young (Normal) (G1 Evacuation Pause) 1123M->924M(6280M) 30.140ms
[5.499s][info][gc] GC(13) Pause Young (Normal) (G1 Evacuation Pause) 1196M->996M(7304M) 35.017ms
[5.689s][info][gc] GC(14) Pause Young (Normal) (G1 Evacuation Pause) 1320M->1078M(7304M) 41.397ms
[5.816s][info][gc] GC(15) Pause Young (Normal) (G1 Evacuation Pause) 1394M->1160M(7304M) 46.216ms
[5.953s][info][gc] GC(16) Pause Young (Normal) (G1 Evacuation Pause) 1508M->1250M(7304M) 50.427ms
[6.128s][info][gc] GC(17) Pause Young (Normal) (G1 Evacuation Pause) 1670M->1356M(11072M) 70.032ms
[6.402s][info][gc] GC(18) Pause Young (Normal) (G1 Evacuation Pause) 1888M->1487M(11072M) 77.069ms
[6.631s][info][gc] GC(19) Pause Young (Normal) (G1 Evacuation Pause) 2035M->1625M(11072M) 86.421ms
[6.849s][info][gc] GC(20) Pause Young (Normal) (G1 Evacuation Pause) 2109M->1749M(11072M) 77.254ms
Start benchmark
[7.473s][info][gc] GC(21) Pause Young (Normal) (G1 Evacuation Pause) 2445M->1992M(14836M) 96.134ms
[7.836s][info][gc] GC(22) Pause Young (Normal) (G1 Evacuation Pause) 2660M->2131M(14836M) 86.999ms
[8.057s][info][gc] GC(23) Pause Young (Normal) (G1 Evacuation Pause) 2827M->2280M(14836M) 74.653ms
[8.354s][info][gc] GC(24) Pause Young (Normal) (G1 Evacuation Pause) 3076M->2445M(14836M) 89.911ms
[8.625s][info][gc] GC(25) Pause Young (Normal) (G1 Evacuation Pause) 3365M->2627M(17096M) 103.946ms
[8.956s][info][gc] GC(26) Pause Young (Normal) (G1 Evacuation Pause) 3691M->2854M(17096M) 104.973ms
[9.422s][info][gc] GC(27) Pause Young (Normal) (G1 Evacuation Pause) 4582M->3107M(17096M) 122.617ms
[9.797s][info][gc] GC(28) Pause Young (Normal) (G1 Evacuation Pause) 4611M->3323M(17096M) 117.579ms
[10.126s][info][gc] GC(29) Pause Young (Normal) (G1 Evacuation Pause) 4711M->3493M(18452M) 109.457ms
[10.599s][info][gc] GC(30) Pause Young (Normal) (G1 Evacuation Pause) 5221M->3686M(18452M) 99.955ms
[11.051s][info][gc] GC(31) Pause Young (Normal) (G1 Evacuation Pause) 5674M->3904M(18452M) 116.256ms
[11.812s][info][gc] GC(32) Pause Young (Normal) (G1 Evacuation Pause) 7404M->4222M(18452M) 148.277ms
[12.407s][info][gc] GC(33) Pause Young (Normal) (G1 Evacuation Pause) 7206M->4492M(19192M) 178.344ms
[12.902s][info][gc] GC(34) Pause Young (Normal) (G1 Evacuation Pause) 7100M->4667M(19192M) 123.870ms
[13.442s][info][gc] GC(35) Pause Young (Normal) (G1 Evacuation Pause) 7775M->4880M(19192M) 127.030ms
[14.109s][info][gc] GC(36) Pause Young (Normal) (G1 Evacuation Pause) 8704M->5147M(19192M) 159.745ms
[15.013s][info][gc] GC(37) Pause Young (Normal) (G1 Evacuation Pause) 8435M->5499M(19656M) 181.475ms
[15.602s][info][gc] GC(38) Pause Young (Normal) (G1 Evacuation Pause) 8383M->5686M(19656M) 165.623ms
[16.058s][info][gc] GC(39) Pause Young (Normal) (G1 Evacuation Pause) 8114M->5853M(19656M) 140.453ms
[16.243s][info][gc] GC(40) Pause Young (Normal) (G1 Evacuation Pause) 6657M->5918M(19656M) 78.169ms
[16.421s][info][gc] GC(41) Pause Young (Normal) (G1 Evacuation Pause) 7054M->5974M(19880M) 39.120ms
[16.664s][info][gc] GC(42) Pause Young (Normal) (G1 Evacuation Pause) 7478M->6068M(19880M) 56.283ms
[17.091s][info][gc] GC(43) Pause Young (Normal) (G1 Evacuation Pause) 8560M->6214M(19880M) 123.176ms
[17.596s][info][gc] GC(44) Pause Young (Normal) (G1 Evacuation Pause) 8626M->6357M(19880M) 198.636ms
[17.753s][info][gc] GC(45) Pause Young (Normal) (G1 Evacuation Pause) 7049M->6409M(19880M) 68.184ms
[17.896s][info][gc] GC(46) Pause Young (Normal) (G1 Evacuation Pause) 7341M->6445M(20040M) 33.406ms
[18.042s][info][gc] GC(47) Pause Young (Normal) (G1 Evacuation Pause) 7349M->6497M(20040M) 37.258ms
[18.185s][info][gc] GC(48) Pause Young (Normal) (G1 Evacuation Pause) 7389M->6553M(20040M) 38.628ms
[18.327s][info][gc] GC(49) Pause Young (Normal) (G1 Evacuation Pause) 7441M->6605M(20040M) 38.150ms
[18.734s][info][gc] GC(50) Pause Young (Normal) (G1 Evacuation Pause) 9437M->6759M(20104M) 71.229ms
[19.373s][info][gc] GC(51) Pause Young (Normal) (G1 Evacuation Pause) 9799M->6918M(20104M) 271.536ms
[19.528s][info][gc] GC(52) Pause Young (Normal) (G1 Evacuation Pause) 7550M->6971M(20104M) 75.179ms
[19.669s][info][gc] GC(53) Pause Young (Normal) (G1 Evacuation Pause) 7907M->6996M(20104M) 31.925ms
[19.812s][info][gc] GC(54) Pause Young (Normal) (G1 Evacuation Pause) 7908M->7045M(20256M) 36.902ms
[19.957s][info][gc] GC(55) Pause Young (Normal) (G1 Evacuation Pause) 7957M->7096M(20256M) 35.811ms
[20.098s][info][gc] GC(56) Pause Young (Normal) (G1 Evacuation Pause) 8004M->7141M(20256M) 35.746ms
[20.238s][info][gc] GC(57) Pause Young (Normal) (G1 Evacuation Pause) 8053M->7190M(20256M) 35.000ms
[21.023s][info][gc] GC(58) Pause Young (Normal) (G1 Evacuation Pause) 12350M->7427M(20304M) 172.513ms
[21.233s][info][gc] GC(59) Pause Young (Normal) (G1 Evacuation Pause) 8103M->7477M(20304M) 127.141ms
[21.372s][info][gc] GC(60) Pause Young (Normal) (G1 Evacuation Pause) 8429M->7503M(20304M) 28.890ms
[21.512s][info][gc] GC(61) Pause Young (Normal) (G1 Evacuation Pause) 8431M->7552M(20304M) 32.335ms
[21.651s][info][gc] GC(62) Pause Young (Normal) (G1 Evacuation Pause) 8472M->7600M(20372M) 33.208ms
[21.848s][info][gc] GC(63) Pause Young (Normal) (G1 Evacuation Pause) 8976M->7661M(20372M) 37.631ms
[22.718s][info][gc] GC(64) Pause Young (Normal) (G1 Evacuation Pause) 13417M->7918M(20372M) 196.757ms
[22.877s][info][gc] GC(65) Pause Young (Normal) (G1 Evacuation Pause) 8522M->7972M(20372M) 85.530ms
[23.013s][info][gc] GC(66) Pause Young (Normal) (G1 Evacuation Pause) 8920M->7979M(20416M) 27.137ms
[23.152s][info][gc] GC(67) Pause Young (Normal) (G1 Evacuation Pause) 8923M->8014M(20416M) 30.824ms
[23.295s][info][gc] GC(68) Pause Young (Normal) (G1 Evacuation Pause) 8922M->8054M(20416M) 37.940ms
[23.564s][info][gc] GC(69) Pause Young (Normal) (G1 Evacuation Pause) 10026M->8137M(20416M) 43.987ms
[24.210s][info][gc] GC(70) Pause Young (Normal) (G1 Evacuation Pause) 12837M->8333M(20428M) 105.897ms
[24.653s][info][gc] GC(71) Pause Young (Normal) (G1 Evacuation Pause) 10997M->8447M(20428M) 129.785ms
[25.384s][info][gc] GC(72) Pause Young (Normal) (G1 Evacuation Pause) 14007M->8626M(20428M) 89.785ms
[25.842s][info][gc] GC(73) Pause Young (Normal) (G1 Evacuation Pause) 11586M->8753M(20428M) 113.769ms
[27.080s][info][gc] GC(74) Pause Young (Normal) (G1 Evacuation Pause) 12793M->8937M(20448M) 144.669ms
[29.585s][info][gc] GC(75) Pause Young (Normal) (G1 Evacuation Pause) 14917M->9234M(20448M) 142.659ms
[31.624s][info][gc] GC(76) Pause Young (Normal) (G1 Evacuation Pause) 14202M->9480M(20448M) 166.968ms
[33.016s][info][gc] GC(77) Pause Young (Normal) (G1 Evacuation Pause) 12752M->9641M(20448M) 133.940ms
[35.661s][info][gc] GC(78) Pause Young (Concurrent Start) (G1 Evacuation Pause) 16213M->9927M(20456M) 156.910ms
End benchmark
[39.060s][info][gc] GC(80) Pause Young (Normal) (G1 Evacuation Pause) 12895M->10069M(20456M) 173.630ms
benchmarkAvgTime : 33101
