nbThread : 1
[2.676s][info][gc] GC(0) Pause Young (Normal) (G1 Evacuation Pause) 296M->158M(5128M) 459.692ms
[4.037s][info][gc] GC(1) Pause Young (Normal) (G1 Evacuation Pause) 382M->180M(5128M) 244.626ms
[5.499s][info][gc] GC(2) Pause Young (Normal) (G1 Evacuation Pause) 412M->184M(5128M) 81.260ms
[7.193s][info][gc] GC(3) Pause Young (Normal) (G1 Evacuation Pause) 436M->183M(5128M) 12.859ms
[8.864s][info][gc] GC(4) Pause Young (Normal) (G1 Evacuation Pause) 435M->184M(5128M) 12.444ms
[10.527s][info][gc] GC(5) Pause Young (Normal) (G1 Evacuation Pause) 436M->183M(5128M) 12.293ms
[12.181s][info][gc] GC(6) Pause Young (Normal) (G1 Evacuation Pause) 435M->183M(5128M) 12.505ms
[13.788s][info][gc] GC(7) Pause Young (Normal) (G1 Evacuation Pause) 451M->347M(5128M) 452.359ms
[16.170s][info][gc] GC(8) Pause Young (Normal) (G1 Evacuation Pause) 603M->540M(9540M) 679.373ms
[20.738s][info][gc] GC(9) Pause Young (Normal) (G1 Evacuation Pause) 1032M->802M(9540M) 992.356ms
[24.854s][info][gc] GC(10) Pause Young (Normal) (G1 Evacuation Pause) 1218M->910M(9540M) 871.864ms
[29.491s][info][gc] GC(11) Pause Young (Normal) (G1 Evacuation Pause) 1326M->1014M(9540M) 875.771ms
[34.780s][info][gc] GC(12) Pause Young (Normal) (G1 Evacuation Pause) 1430M->1116M(13916M) 970.441ms
[43.724s][info][gc] GC(13) Pause Young (Normal) (G1 Evacuation Pause) 1748M->1268M(13916M) 1348.793ms
[52.450s][info][gc] GC(14) Pause Young (Normal) (G1 Evacuation Pause) 1872M->1412M(13916M) 1451.837ms
[61.720s][info][gc] GC(15) Pause Young (Normal) (G1 Evacuation Pause) 2016M->1556M(13916M) 1528.676ms
[71.410s][info][gc] GC(16) Pause Young (Normal) (G1 Evacuation Pause) 2160M->1698M(16432M) 1583.758ms
Start benchmark
[81.314s][info][gc] GC(17) Pause Young (Normal) (G1 Evacuation Pause) 2430M->1880M(16432M) 1909.934ms
[85.716s][info][gc] GC(18) Pause Young (Normal) (G1 Evacuation Pause) 2596M->2016M(16432M) 1551.325ms
[89.373s][info][gc] GC(19) Pause Young (Normal) (G1 Evacuation Pause) 2732M->2138M(16432M) 1080.809ms
[92.999s][info][gc] GC(20) Pause Young (Normal) (G1 Evacuation Pause) 2854M->2256M(17456M) 1050.575ms
[97.166s][info][gc] GC(21) Pause Young (Normal) (G1 Evacuation Pause) 3024M->2388M(17456M) 1171.862ms
[101.036s][info][gc] GC(22) Pause Young (Normal) (G1 Evacuation Pause) 3148M->2526M(17456M) 1207.223ms
[104.858s][info][gc] GC(23) Pause Young (Normal) (G1 Evacuation Pause) 3286M->2666M(17456M) 1159.049ms
[108.693s][info][gc] GC(24) Pause Young (Normal) (G1 Evacuation Pause) 3426M->2810M(18064M) 1189.598ms
End benchmark
benchmarkAvgTime : 96962
nbThread : 2
[1.806s][info][gc] GC(0) Pause Young (Normal) (G1 Evacuation Pause) 288M->149M(5128M) 311.170ms
[2.789s][info][gc] GC(1) Pause Young (Normal) (G1 Evacuation Pause) 373M->174M(5128M) 203.380ms
[3.852s][info][gc] GC(2) Pause Young (Normal) (G1 Evacuation Pause) 406M->178M(5128M) 60.735ms
[5.112s][info][gc] GC(3) Pause Young (Normal) (G1 Evacuation Pause) 430M->178M(5128M) 11.946ms
[6.351s][info][gc] GC(4) Pause Young (Normal) (G1 Evacuation Pause) 430M->178M(5128M) 13.526ms
[7.561s][info][gc] GC(5) Pause Young (Normal) (G1 Evacuation Pause) 430M->178M(5128M) 12.440ms
[8.742s][info][gc] GC(6) Pause Young (Normal) (G1 Evacuation Pause) 430M->267M(5128M) 187.436ms
[9.923s][info][gc] GC(7) Pause Young (Normal) (G1 Evacuation Pause) 511M->442M(9136M) 434.132ms
[12.796s][info][gc] GC(8) Pause Young (Normal) (G1 Evacuation Pause) 882M->702M(9136M) 749.997ms
[15.201s][info][gc] GC(9) Pause Young (Normal) (G1 Evacuation Pause) 1098M->804M(9136M) 501.569ms
[17.789s][info][gc] GC(10) Pause Young (Normal) (G1 Evacuation Pause) 1200M->902M(9136M) 563.697ms
[20.696s][info][gc] GC(11) Pause Young (Normal) (G1 Evacuation Pause) 1298M->1000M(13676M) 647.676ms
[25.797s][info][gc] GC(12) Pause Young (Normal) (G1 Evacuation Pause) 1620M->1150M(13676M) 901.473ms
[30.838s][info][gc] GC(13) Pause Young (Normal) (G1 Evacuation Pause) 1742M->1292M(13676M) 1032.051ms
[36.270s][info][gc] GC(14) Pause Young (Normal) (G1 Evacuation Pause) 1884M->1434M(13676M) 1091.588ms
[41.985s][info][gc] GC(15) Pause Young (Normal) (G1 Evacuation Pause) 2026M->1574M(16400M) 1154.679ms
Start benchmark
[49.667s][info][gc] GC(16) Pause Young (Normal) (G1 Evacuation Pause) 2354M->1828M(16400M) 1481.676ms
[53.994s][info][gc] GC(17) Pause Young (Normal) (G1 Evacuation Pause) 2556M->1920M(16400M) 1033.934ms
[57.019s][info][gc] GC(18) Pause Young (Normal) (G1 Evacuation Pause) 2660M->1962M(16400M) 478.438ms
[59.953s][info][gc] GC(19) Pause Young (Normal) (G1 Evacuation Pause) 2710M->2020M(17576M) 491.787ms
[63.141s][info][gc] GC(20) Pause Young (Normal) (G1 Evacuation Pause) 2812M->2082M(17576M) 557.516ms
[66.199s][info][gc] GC(21) Pause Young (Normal) (G1 Evacuation Pause) 2862M->2138M(17576M) 575.007ms
[69.177s][info][gc] GC(22) Pause Young (Normal) (G1 Evacuation Pause) 2922M->2212M(17576M) 589.869ms
[72.109s][info][gc] GC(23) Pause Young (Normal) (G1 Evacuation Pause) 2988M->2278M(17932M) 580.383ms
[75.257s][info][gc] GC(24) Pause Young (Normal) (G1 Evacuation Pause) 3078M->2364M(17932M) 632.042ms
[78.327s][info][gc] GC(25) Pause Young (Normal) (G1 Evacuation Pause) 3148M->2444M(17932M) 655.562ms
End benchmark
benchmarkAvgTime : 70865
nbThread : 2
[1.791s][info][gc] GC(0) Pause Young (Normal) (G1 Evacuation Pause) 288M->149M(5128M) 309.751ms
[2.792s][info][gc] GC(1) Pause Young (Normal) (G1 Evacuation Pause) 373M->176M(5128M) 203.145ms
[3.845s][info][gc] GC(2) Pause Young (Normal) (G1 Evacuation Pause) 404M->178M(5128M) 60.330ms
[5.080s][info][gc] GC(3) Pause Young (Normal) (G1 Evacuation Pause) 430M->178M(5128M) 12.455ms
[6.333s][info][gc] GC(4) Pause Young (Normal) (G1 Evacuation Pause) 430M->178M(5128M) 12.036ms
[7.555s][info][gc] GC(5) Pause Young (Normal) (G1 Evacuation Pause) 430M->178M(5128M) 12.220ms
[8.837s][info][gc] GC(6) Pause Young (Normal) (G1 Evacuation Pause) 442M->294M(5128M) 219.222ms
[10.231s][info][gc] GC(7) Pause Young (Normal) (G1 Evacuation Pause) 526M->460M(9276M) 444.230ms
[13.233s][info][gc] GC(8) Pause Young (Normal) (G1 Evacuation Pause) 904M->706M(9276M) 735.962ms
[15.575s][info][gc] GC(9) Pause Young (Normal) (G1 Evacuation Pause) 1106M->810M(9276M) 518.236ms
[18.162s][info][gc] GC(10) Pause Young (Normal) (G1 Evacuation Pause) 1210M->910M(9276M) 569.593ms
[21.159s][info][gc] GC(11) Pause Young (Normal) (G1 Evacuation Pause) 1310M->1008M(13760M) 666.807ms
[26.400s][info][gc] GC(12) Pause Young (Normal) (G1 Evacuation Pause) 1636M->1160M(13760M) 929.007ms
[31.585s][info][gc] GC(13) Pause Young (Normal) (G1 Evacuation Pause) 1760M->1306M(13760M) 1057.322ms
[37.121s][info][gc] GC(14) Pause Young (Normal) (G1 Evacuation Pause) 1906M->1450M(13760M) 1125.544ms
[42.976s][info][gc] GC(15) Pause Young (Normal) (G1 Evacuation Pause) 2050M->1592M(16448M) 1185.145ms
Start benchmark
[50.827s][info][gc] GC(16) Pause Young (Normal) (G1 Evacuation Pause) 2384M->1856M(16448M) 1603.916ms
[54.430s][info][gc] GC(17) Pause Young (Normal) (G1 Evacuation Pause) 2572M->1928M(16448M) 975.001ms
[57.585s][info][gc] GC(18) Pause Young (Normal) (G1 Evacuation Pause) 2672M->1960M(16448M) 419.109ms
[60.354s][info][gc] GC(19) Pause Young (Normal) (G1 Evacuation Pause) 2716M->2016M(17600M) 446.943ms
[63.499s][info][gc] GC(20) Pause Young (Normal) (G1 Evacuation Pause) 2820M->2082M(17600M) 543.802ms
[66.680s][info][gc] GC(21) Pause Young (Normal) (G1 Evacuation Pause) 2870M->2144M(17600M) 576.114ms
[69.658s][info][gc] GC(22) Pause Young (Normal) (G1 Evacuation Pause) 2928M->2210M(17600M) 582.183ms
[72.705s][info][gc] GC(23) Pause Young (Normal) (G1 Evacuation Pause) 2990M->2278M(17928M) 602.797ms
[75.876s][info][gc] GC(24) Pause Young (Normal) (G1 Evacuation Pause) 3074M->2360M(17928M) 635.824ms
End benchmark
[80.807s][info][gc] GC(25) Pause Young (Normal) (G1 Evacuation Pause) 3144M->2430M(17928M) 640.596ms
benchmarkAvgTime : 71070
nbThread : 2
[1.784s][info][gc] GC(0) Pause Young (Normal) (G1 Evacuation Pause) 288M->149M(5128M) 311.010ms
[2.825s][info][gc] GC(1) Pause Young (Normal) (G1 Evacuation Pause) 373M->176M(5128M) 206.344ms
[3.875s][info][gc] GC(2) Pause Young (Normal) (G1 Evacuation Pause) 404M->180M(5128M) 60.498ms
[5.091s][info][gc] GC(3) Pause Young (Normal) (G1 Evacuation Pause) 428M->178M(5128M) 13.023ms
[6.304s][info][gc] GC(4) Pause Young (Normal) (G1 Evacuation Pause) 430M->178M(5128M) 12.011ms
[7.524s][info][gc] GC(5) Pause Young (Normal) (G1 Evacuation Pause) 430M->178M(5128M) 13.782ms
[8.764s][info][gc] GC(6) Pause Young (Normal) (G1 Evacuation Pause) 430M->209M(5128M) 63.270ms
[9.711s][info][gc] GC(7) Pause Young (Normal) (G1 Evacuation Pause) 449M->376M(8592M) 377.916ms
[12.539s][info][gc] GC(8) Pause Young (Normal) (G1 Evacuation Pause) 792M->668M(8592M) 807.437ms
[15.030s][info][gc] GC(9) Pause Young (Normal) (G1 Evacuation Pause) 1040M->764M(8592M) 469.692ms
[17.315s][info][gc] GC(10) Pause Young (Normal) (G1 Evacuation Pause) 1136M->860M(8592M) 526.210ms
[19.974s][info][gc] GC(11) Pause Young (Normal) (G1 Evacuation Pause) 1232M->952M(13348M) 605.535ms
[24.874s][info][gc] GC(12) Pause Young (Normal) (G1 Evacuation Pause) 1560M->1098M(13348M) 876.283ms
[29.705s][info][gc] GC(13) Pause Young (Normal) (G1 Evacuation Pause) 1678M->1236M(13348M) 1011.950ms
[34.917s][info][gc] GC(14) Pause Young (Normal) (G1 Evacuation Pause) 1816M->1376M(13348M) 1057.275ms
[40.468s][info][gc] GC(15) Pause Young (Normal) (G1 Evacuation Pause) 1956M->1514M(16204M) 1127.303ms
[47.964s][info][gc] GC(16) Pause Young (Normal) (G1 Evacuation Pause) 2238M->1686M(16204M) 1345.680ms
Start benchmark
[53.787s][info][gc] GC(17) Pause Young (Normal) (G1 Evacuation Pause) 2450M->1896M(16204M) 1348.815ms
[57.143s][info][gc] GC(18) Pause Young (Normal) (G1 Evacuation Pause) 2600M->1948M(16204M) 702.939ms
[60.064s][info][gc] GC(19) Pause Young (Normal) (G1 Evacuation Pause) 2684M->2000M(17588M) 483.060ms
[63.224s][info][gc] GC(20) Pause Young (Normal) (G1 Evacuation Pause) 2796M->2050M(17588M) 511.069ms
[66.392s][info][gc] GC(21) Pause Young (Normal) (G1 Evacuation Pause) 2846M->2118M(17588M) 580.318ms
[69.555s][info][gc] GC(22) Pause Young (Normal) (G1 Evacuation Pause) 2902M->2190M(17588M) 598.738ms
[72.600s][info][gc] GC(23) Pause Young (Normal) (G1 Evacuation Pause) 2966M->2268M(17908M) 623.182ms
[75.887s][info][gc] GC(24) Pause Young (Normal) (G1 Evacuation Pause) 3052M->2346M(17908M) 646.832ms
[78.967s][info][gc] GC(25) Pause Young (Normal) (G1 Evacuation Pause) 3126M->2432M(17908M) 673.325ms
End benchmark
benchmarkAvgTime : 72139
nbThread : 2
[1.809s][info][gc] GC(0) Pause Young (Normal) (G1 Evacuation Pause) 288M->149M(5128M) 312.636ms
[2.850s][info][gc] GC(1) Pause Young (Normal) (G1 Evacuation Pause) 373M->176M(5128M) 207.066ms
[3.878s][info][gc] GC(2) Pause Young (Normal) (G1 Evacuation Pause) 404M->178M(5128M) 61.126ms
[5.103s][info][gc] GC(3) Pause Young (Normal) (G1 Evacuation Pause) 430M->178M(5128M) 12.644ms
[6.310s][info][gc] GC(4) Pause Young (Normal) (G1 Evacuation Pause) 430M->178M(5128M) 13.861ms
[7.529s][info][gc] GC(5) Pause Young (Normal) (G1 Evacuation Pause) 430M->178M(5128M) 12.645ms
[8.823s][info][gc] GC(6) Pause Young (Normal) (G1 Evacuation Pause) 430M->198M(5128M) 46.054ms
[9.711s][info][gc] GC(7) Pause Young (Normal) (G1 Evacuation Pause) 446M->370M(8492M) 372.855ms
[12.428s][info][gc] GC(8) Pause Young (Normal) (G1 Evacuation Pause) 782M->664M(8492M) 795.150ms
[14.675s][info][gc] GC(9) Pause Young (Normal) (G1 Evacuation Pause) 1032M->762M(8492M) 468.250ms
[16.964s][info][gc] GC(10) Pause Young (Normal) (G1 Evacuation Pause) 1130M->854M(8492M) 516.655ms
[19.535s][info][gc] GC(11) Pause Young (Normal) (G1 Evacuation Pause) 1222M->946M(13288M) 592.769ms
[24.400s][info][gc] GC(12) Pause Young (Normal) (G1 Evacuation Pause) 1554M->1094M(13288M) 868.906ms
[29.167s][info][gc] GC(13) Pause Young (Normal) (G1 Evacuation Pause) 1674M->1234M(13288M) 1002.416ms
[34.365s][info][gc] GC(14) Pause Young (Normal) (G1 Evacuation Pause) 1814M->1374M(13288M) 1052.744ms
[39.908s][info][gc] GC(15) Pause Young (Normal) (G1 Evacuation Pause) 1954M->1512M(16168M) 1122.543ms
[47.323s][info][gc] GC(16) Pause Young (Normal) (G1 Evacuation Pause) 2236M->1682M(16168M) 1348.889ms
Start benchmark
[53.000s][info][gc] GC(17) Pause Young (Normal) (G1 Evacuation Pause) 2446M->1896M(16168M) 1358.587ms
[56.244s][info][gc] GC(18) Pause Young (Normal) (G1 Evacuation Pause) 2600M->1950M(16168M) 675.814ms
[59.003s][info][gc] GC(19) Pause Young (Normal) (G1 Evacuation Pause) 2682M->2000M(17588M) 469.067ms
[62.367s][info][gc] GC(20) Pause Young (Normal) (G1 Evacuation Pause) 2792M->2054M(17588M) 550.443ms
[65.377s][info][gc] GC(21) Pause Young (Normal) (G1 Evacuation Pause) 2838M->2116M(17588M) 582.591ms
[68.231s][info][gc] GC(22) Pause Young (Normal) (G1 Evacuation Pause) 2896M->2180M(17588M) 566.262ms
[71.086s][info][gc] GC(23) Pause Young (Normal) (G1 Evacuation Pause) 2960M->2250M(17920M) 580.973ms
[74.623s][info][gc] GC(24) Pause Young (Normal) (G1 Evacuation Pause) 3042M->2322M(17920M) 635.491ms
[77.783s][info][gc] GC(25) Pause Young (Normal) (G1 Evacuation Pause) 3110M->2410M(17920M) 695.432ms
End benchmark
benchmarkAvgTime : 71594
nbThread : 2
[1.786s][info][gc] GC(0) Pause Young (Normal) (G1 Evacuation Pause) 288M->149M(5128M) 310.651ms
[2.764s][info][gc] GC(1) Pause Young (Normal) (G1 Evacuation Pause) 373M->174M(5128M) 202.036ms
[3.837s][info][gc] GC(2) Pause Young (Normal) (G1 Evacuation Pause) 406M->178M(5128M) 60.677ms
[5.111s][info][gc] GC(3) Pause Young (Normal) (G1 Evacuation Pause) 430M->178M(5128M) 12.608ms
[6.343s][info][gc] GC(4) Pause Young (Normal) (G1 Evacuation Pause) 430M->178M(5128M) 12.394ms
[7.561s][info][gc] GC(5) Pause Young (Normal) (G1 Evacuation Pause) 430M->229M(5128M) 98.480ms
[8.699s][info][gc] GC(6) Pause Young (Normal) (G1 Evacuation Pause) 473M->403M(8756M) 411.651ms
[11.327s][info][gc] GC(7) Pause Young (Normal) (G1 Evacuation Pause) 823M->680M(8756M) 751.427ms
[13.469s][info][gc] GC(8) Pause Young (Normal) (G1 Evacuation Pause) 1060M->780M(8756M) 450.418ms
[15.832s][info][gc] GC(9) Pause Young (Normal) (G1 Evacuation Pause) 1160M->876M(8756M) 521.020ms
[18.552s][info][gc] GC(10) Pause Young (Normal) (G1 Evacuation Pause) 1256M->970M(13448M) 598.924ms
[23.498s][info][gc] GC(11) Pause Young (Normal) (G1 Evacuation Pause) 1586M->1118M(13448M) 863.196ms
[28.394s][info][gc] GC(12) Pause Young (Normal) (G1 Evacuation Pause) 1706M->1260M(13448M) 1008.295ms
[33.695s][info][gc] GC(13) Pause Young (Normal) (G1 Evacuation Pause) 1848M->1400M(13448M) 1066.556ms
[39.313s][info][gc] GC(14) Pause Young (Normal) (G1 Evacuation Pause) 1988M->1540M(16264M) 1129.208ms
[46.780s][info][gc] GC(15) Pause Young (Normal) (G1 Evacuation Pause) 2268M->1712M(16264M) 1345.536ms
Start benchmark
[52.202s][info][gc] GC(16) Pause Young (Normal) (G1 Evacuation Pause) 2480M->1910M(16264M) 1277.526ms
[55.177s][info][gc] GC(17) Pause Young (Normal) (G1 Evacuation Pause) 2618M->1956M(16264M) 612.357ms
[58.001s][info][gc] GC(18) Pause Young (Normal) (G1 Evacuation Pause) 2700M->2012M(17588M) 470.222ms
[61.498s][info][gc] GC(19) Pause Young (Normal) (G1 Evacuation Pause) 2808M->2064M(17588M) 536.456ms
[64.544s][info][gc] GC(20) Pause Young (Normal) (G1 Evacuation Pause) 2856M->2136M(17588M) 595.419ms
[67.623s][info][gc] GC(21) Pause Young (Normal) (G1 Evacuation Pause) 2916M->2208M(17588M) 584.461ms
[70.862s][info][gc] GC(22) Pause Young (Normal) (G1 Evacuation Pause) 2984M->2286M(17924M) 632.478ms
[74.033s][info][gc] GC(23) Pause Young (Normal) (G1 Evacuation Pause) 3070M->2366M(17924M) 654.689ms
[77.090s][info][gc] GC(24) Pause Young (Normal) (G1 Evacuation Pause) 3150M->2450M(17924M) 667.236ms
End benchmark
benchmarkAvgTime : 71336
nbThread : 2
[1.820s][info][gc] GC(0) Pause Young (Normal) (G1 Evacuation Pause) 288M->149M(5128M) 311.314ms
[3.176s][info][gc] GC(1) Pause Young (Normal) (G1 Evacuation Pause) 373M->174M(5128M) 204.642ms
[4.286s][info][gc] GC(2) Pause Young (Normal) (G1 Evacuation Pause) 406M->180M(5128M) 62.226ms
[5.577s][info][gc] GC(3) Pause Young (Normal) (G1 Evacuation Pause) 432M->180M(5128M) 12.529ms
[6.846s][info][gc] GC(4) Pause Young (Normal) (G1 Evacuation Pause) 432M->180M(5128M) 13.647ms
[8.085s][info][gc] GC(5) Pause Young (Normal) (G1 Evacuation Pause) 432M->180M(5128M) 12.373ms
[9.258s][info][gc] GC(6) Pause Young (Normal) (G1 Evacuation Pause) 444M->312M(5128M) 250.470ms
[10.523s][info][gc] GC(7) Pause Young (Normal) (G1 Evacuation Pause) 544M->478M(9200M) 458.191ms
[13.453s][info][gc] GC(8) Pause Young (Normal) (G1 Evacuation Pause) 922M->714M(9200M) 724.715ms
[15.880s][info][gc] GC(9) Pause Young (Normal) (G1 Evacuation Pause) 1114M->818M(9200M) 524.332ms
[18.506s][info][gc] GC(10) Pause Young (Normal) (G1 Evacuation Pause) 1218M->918M(9200M) 571.966ms
[21.472s][info][gc] GC(11) Pause Young (Normal) (G1 Evacuation Pause) 1318M->1018M(13712M) 671.613ms
[26.707s][info][gc] GC(12) Pause Young (Normal) (G1 Evacuation Pause) 1642M->1168M(13712M) 927.484ms
[31.833s][info][gc] GC(13) Pause Young (Normal) (G1 Evacuation Pause) 1764M->1312M(13712M) 1032.620ms
[37.305s][info][gc] GC(14) Pause Young (Normal) (G1 Evacuation Pause) 1908M->1454M(13712M) 1106.188ms
[43.072s][info][gc] GC(15) Pause Young (Normal) (G1 Evacuation Pause) 2050M->1596M(16420M) 1175.746ms
Start benchmark
[50.882s][info][gc] GC(16) Pause Young (Normal) (G1 Evacuation Pause) 2376M->1848M(16420M) 1528.396ms
[54.920s][info][gc] GC(17) Pause Young (Normal) (G1 Evacuation Pause) 2576M->1924M(16420M) 969.159ms
[58.020s][info][gc] GC(18) Pause Young (Normal) (G1 Evacuation Pause) 2676M->1984M(16420M) 500.809ms
[60.923s][info][gc] GC(19) Pause Young (Normal) (G1 Evacuation Pause) 2724M->2024M(17584M) 466.897ms
[64.495s][info][gc] GC(20) Pause Young (Normal) (G1 Evacuation Pause) 2824M->2092M(17584M) 576.725ms
[67.745s][info][gc] GC(21) Pause Young (Normal) (G1 Evacuation Pause) 2872M->2162M(17584M) 623.794ms
[71.070s][info][gc] GC(22) Pause Young (Normal) (G1 Evacuation Pause) 2938M->2234M(17584M) 626.371ms
[74.176s][info][gc] GC(23) Pause Young (Normal) (G1 Evacuation Pause) 3006M->2308M(17956M) 627.835ms
[77.769s][info][gc] GC(24) Pause Young (Normal) (G1 Evacuation Pause) 3100M->2390M(17956M) 666.142ms
End benchmark
benchmarkAvgTime : 70557
nbThread : 2
[1.796s][info][gc] GC(0) Pause Young (Normal) (G1 Evacuation Pause) 288M->149M(5128M) 309.221ms
[2.791s][info][gc] GC(1) Pause Young (Normal) (G1 Evacuation Pause) 373M->174M(5128M) 203.100ms
[3.863s][info][gc] GC(2) Pause Young (Normal) (G1 Evacuation Pause) 406M->178M(5128M) 60.603ms
[5.122s][info][gc] GC(3) Pause Young (Normal) (G1 Evacuation Pause) 430M->178M(5128M) 13.462ms
[6.363s][info][gc] GC(4) Pause Young (Normal) (G1 Evacuation Pause) 430M->178M(5128M) 12.171ms
[7.586s][info][gc] GC(5) Pause Young (Normal) (G1 Evacuation Pause) 430M->178M(5128M) 12.309ms
[8.881s][info][gc] GC(6) Pause Young (Normal) (G1 Evacuation Pause) 442M->318M(5128M) 264.402ms
[10.289s][info][gc] GC(7) Pause Young (Normal) (G1 Evacuation Pause) 550M->486M(9464M) 465.785ms
[13.219s][info][gc] GC(8) Pause Young (Normal) (G1 Evacuation Pause) 942M->722M(9464M) 725.331ms
[15.842s][info][gc] GC(9) Pause Young (Normal) (G1 Evacuation Pause) 1134M->826M(9464M) 537.879ms
[18.540s][info][gc] GC(10) Pause Young (Normal) (G1 Evacuation Pause) 1238M->930M(9464M) 586.919ms
[21.638s][info][gc] GC(11) Pause Young (Normal) (G1 Evacuation Pause) 1342M->1030M(13872M) 681.084ms
[26.965s][info][gc] GC(12) Pause Young (Normal) (G1 Evacuation Pause) 1662M->1182M(13872M) 947.967ms
[32.193s][info][gc] GC(13) Pause Young (Normal) (G1 Evacuation Pause) 1786M->1328M(13872M) 1040.659ms
[37.791s][info][gc] GC(14) Pause Young (Normal) (G1 Evacuation Pause) 1932M->1472M(13872M) 1121.630ms
[43.662s][info][gc] GC(15) Pause Young (Normal) (G1 Evacuation Pause) 2076M->1616M(16516M) 1183.989ms
Start benchmark
[51.188s][info][gc] GC(16) Pause Young (Normal) (G1 Evacuation Pause) 2412M->1874M(16516M) 1468.089ms
[54.842s][info][gc] GC(17) Pause Young (Normal) (G1 Evacuation Pause) 2594M->1940M(16516M) 923.695ms
[57.637s][info][gc] GC(18) Pause Young (Normal) (G1 Evacuation Pause) 2688M->1982M(16516M) 444.515ms
[60.405s][info][gc] GC(19) Pause Young (Normal) (G1 Evacuation Pause) 2730M->2032M(17584M) 463.500ms
[63.761s][info][gc] GC(20) Pause Young (Normal) (G1 Evacuation Pause) 2828M->2082M(17584M) 534.178ms
[66.893s][info][gc] GC(21) Pause Young (Normal) (G1 Evacuation Pause) 2874M->2154M(17584M) 595.114ms
[69.950s][info][gc] GC(22) Pause Young (Normal) (G1 Evacuation Pause) 2938M->2234M(17584M) 607.396ms
[72.919s][info][gc] GC(23) Pause Young (Normal) (G1 Evacuation Pause) 3006M->2306M(17940M) 610.919ms
[75.987s][info][gc] GC(24) Pause Young (Normal) (G1 Evacuation Pause) 3094M->2386M(17940M) 630.754ms
End benchmark
[79.435s][info][gc] GC(25) Pause Young (Normal) (G1 Evacuation Pause) 3170M->2462M(17940M) 656.205ms
benchmarkAvgTime : 71765
nbThread : 2
[1.771s][info][gc] GC(0) Pause Young (Normal) (G1 Evacuation Pause) 288M->149M(5128M) 310.332ms
[2.802s][info][gc] GC(1) Pause Young (Normal) (G1 Evacuation Pause) 373M->176M(5128M) 202.461ms
[3.875s][info][gc] GC(2) Pause Young (Normal) (G1 Evacuation Pause) 408M->180M(5128M) 60.453ms
[5.109s][info][gc] GC(3) Pause Young (Normal) (G1 Evacuation Pause) 432M->180M(5128M) 12.214ms
[6.336s][info][gc] GC(4) Pause Young (Normal) (G1 Evacuation Pause) 432M->180M(5128M) 13.429ms
[7.587s][info][gc] GC(5) Pause Young (Normal) (G1 Evacuation Pause) 432M->180M(5128M) 12.317ms
[8.650s][info][gc] GC(6) Pause Young (Normal) (G1 Evacuation Pause) 448M->348M(5128M) 313.115ms
[9.995s][info][gc] GC(7) Pause Young (Normal) (G1 Evacuation Pause) 576M->510M(9744M) 473.730ms
[13.060s][info][gc] GC(8) Pause Young (Normal) (G1 Evacuation Pause) 978M->732M(9744M) 712.208ms
[15.590s][info][gc] GC(9) Pause Young (Normal) (G1 Evacuation Pause) 1152M->840M(9744M) 549.165ms
[18.418s][info][gc] GC(10) Pause Young (Normal) (G1 Evacuation Pause) 1260M->944M(9744M) 619.988ms
[21.693s][info][gc] GC(11) Pause Young (Normal) (G1 Evacuation Pause) 1364M->1046M(14040M) 724.805ms
[27.199s][info][gc] GC(12) Pause Young (Normal) (G1 Evacuation Pause) 1682M->1198M(14040M) 993.551ms
[32.581s][info][gc] GC(13) Pause Young (Normal) (G1 Evacuation Pause) 1810M->1344M(14040M) 1097.137ms
[38.315s][info][gc] GC(14) Pause Young (Normal) (G1 Evacuation Pause) 1956M->1490M(14040M) 1150.917ms
[44.331s][info][gc] GC(15) Pause Young (Normal) (G1 Evacuation Pause) 2102M->1636M(16616M) 1215.267ms
Start benchmark
[51.357s][info][gc] GC(16) Pause Young (Normal) (G1 Evacuation Pause) 2436M->1880M(16616M) 1439.693ms
[55.163s][info][gc] GC(17) Pause Young (Normal) (G1 Evacuation Pause) 2604M->1932M(16616M) 916.384ms
[58.376s][info][gc] GC(18) Pause Young (Normal) (G1 Evacuation Pause) 2696M->1994M(16616M) 489.462ms
[61.420s][info][gc] GC(19) Pause Young (Normal) (G1 Evacuation Pause) 2742M->2048M(17652M) 515.298ms
[64.795s][info][gc] GC(20) Pause Young (Normal) (G1 Evacuation Pause) 2844M->2114M(17652M) 579.075ms
[68.015s][info][gc] GC(21) Pause Young (Normal) (G1 Evacuation Pause) 2902M->2178M(17652M) 599.533ms
[71.209s][info][gc] GC(22) Pause Young (Normal) (G1 Evacuation Pause) 2962M->2256M(17652M) 615.422ms
[74.518s][info][gc] GC(23) Pause Young (Normal) (G1 Evacuation Pause) 3032M->2334M(18020M) 643.233ms
[78.019s][info][gc] GC(24) Pause Young (Normal) (G1 Evacuation Pause) 3122M->2418M(18020M) 681.693ms
End benchmark
benchmarkAvgTime : 71124
nbThread : 2
[1.768s][info][gc] GC(0) Pause Young (Normal) (G1 Evacuation Pause) 288M->149M(5128M) 313.235ms
[2.760s][info][gc] GC(1) Pause Young (Normal) (G1 Evacuation Pause) 373M->174M(5128M) 205.261ms
[3.841s][info][gc] GC(2) Pause Young (Normal) (G1 Evacuation Pause) 406M->178M(5128M) 61.312ms
[5.130s][info][gc] GC(3) Pause Young (Normal) (G1 Evacuation Pause) 430M->178M(5128M) 12.151ms
[6.375s][info][gc] GC(4) Pause Young (Normal) (G1 Evacuation Pause) 430M->178M(5128M) 12.573ms
[7.614s][info][gc] GC(5) Pause Young (Normal) (G1 Evacuation Pause) 430M->178M(5128M) 12.262ms
[8.752s][info][gc] GC(6) Pause Young (Normal) (G1 Evacuation Pause) 442M->321M(5128M) 276.104ms
[10.035s][info][gc] GC(7) Pause Young (Normal) (G1 Evacuation Pause) 553M->488M(9616M) 468.250ms
[13.056s][info][gc] GC(8) Pause Young (Normal) (G1 Evacuation Pause) 952M->722M(9616M) 731.114ms
[15.766s][info][gc] GC(9) Pause Young (Normal) (G1 Evacuation Pause) 1142M->828M(9616M) 549.636ms
[18.523s][info][gc] GC(10) Pause Young (Normal) (G1 Evacuation Pause) 1248M->932M(9616M) 602.373ms
[21.696s][info][gc] GC(11) Pause Young (Normal) (G1 Evacuation Pause) 1352M->1036M(13964M) 698.861ms
[27.025s][info][gc] GC(12) Pause Young (Normal) (G1 Evacuation Pause) 1672M->1190M(13964M) 959.869ms
[32.266s][info][gc] GC(13) Pause Young (Normal) (G1 Evacuation Pause) 1798M->1336M(13964M) 1058.240ms
[37.899s][info][gc] GC(14) Pause Young (Normal) (G1 Evacuation Pause) 1944M->1482M(13964M) 1131.144ms
[43.829s][info][gc] GC(15) Pause Young (Normal) (G1 Evacuation Pause) 2090M->1626M(16572M) 1196.347ms
Start benchmark
[51.312s][info][gc] GC(16) Pause Young (Normal) (G1 Evacuation Pause) 2426M->1874M(16572M) 1493.574ms
[55.082s][info][gc] GC(17) Pause Young (Normal) (G1 Evacuation Pause) 2598M->1938M(16572M) 928.392ms
[57.931s][info][gc] GC(18) Pause Young (Normal) (G1 Evacuation Pause) 2694M->1990M(16572M) 477.928ms
[60.703s][info][gc] GC(19) Pause Young (Normal) (G1 Evacuation Pause) 2734M->2028M(17640M) 468.187ms
[63.906s][info][gc] GC(20) Pause Young (Normal) (G1 Evacuation Pause) 2836M->2090M(17640M) 530.836ms
[66.963s][info][gc] GC(21) Pause Young (Normal) (G1 Evacuation Pause) 2886M->2160M(17640M) 583.504ms
[70.055s][info][gc] GC(22) Pause Young (Normal) (G1 Evacuation Pause) 2944M->2222M(17640M) 580.777ms
[73.102s][info][gc] GC(23) Pause Young (Normal) (G1 Evacuation Pause) 3006M->2304M(17968M) 628.400ms
[76.212s][info][gc] GC(24) Pause Young (Normal) (G1 Evacuation Pause) 3092M->2382M(17968M) 642.480ms
End benchmark
benchmarkAvgTime : 70826
nbThread : 2
[1.766s][info][gc] GC(0) Pause Young (Normal) (G1 Evacuation Pause) 288M->149M(5128M) 310.992ms
[2.734s][info][gc] GC(1) Pause Young (Normal) (G1 Evacuation Pause) 373M->176M(5128M) 202.968ms
[3.806s][info][gc] GC(2) Pause Young (Normal) (G1 Evacuation Pause) 404M->178M(5128M) 60.229ms
[5.072s][info][gc] GC(3) Pause Young (Normal) (G1 Evacuation Pause) 430M->178M(5128M) 12.291ms
[6.330s][info][gc] GC(4) Pause Young (Normal) (G1 Evacuation Pause) 430M->178M(5128M) 13.672ms
[7.586s][info][gc] GC(5) Pause Young (Normal) (G1 Evacuation Pause) 430M->178M(5128M) 12.079ms
[8.717s][info][gc] GC(6) Pause Young (Normal) (G1 Evacuation Pause) 442M->315M(5128M) 259.937ms
[10.027s][info][gc] GC(7) Pause Young (Normal) (G1 Evacuation Pause) 547M->482M(9536M) 460.453ms
[13.253s][info][gc] GC(8) Pause Young (Normal) (G1 Evacuation Pause) 942M->720M(9536M) 728.668ms
[15.737s][info][gc] GC(9) Pause Young (Normal) (G1 Evacuation Pause) 1136M->826M(9536M) 541.083ms
[18.434s][info][gc] GC(10) Pause Young (Normal) (G1 Evacuation Pause) 1242M->928M(9536M) 596.572ms
[21.537s][info][gc] GC(11) Pause Young (Normal) (G1 Evacuation Pause) 1344M->1030M(13916M) 693.641ms
[26.880s][info][gc] GC(12) Pause Young (Normal) (G1 Evacuation Pause) 1662M->1182M(13916M) 949.839ms
[32.137s][info][gc] GC(13) Pause Young (Normal) (G1 Evacuation Pause) 1786M->1326M(13916M) 1075.261ms
[37.720s][info][gc] GC(14) Pause Young (Normal) (G1 Evacuation Pause) 1930M->1470M(13916M) 1136.590ms
[43.619s][info][gc] GC(15) Pause Young (Normal) (G1 Evacuation Pause) 2074M->1614M(16544M) 1198.660ms
Start benchmark
[51.088s][info][gc] GC(16) Pause Young (Normal) (G1 Evacuation Pause) 2410M->1870M(16544M) 1486.975ms
[54.795s][info][gc] GC(17) Pause Young (Normal) (G1 Evacuation Pause) 2590M->1934M(16544M) 924.645ms
[57.469s][info][gc] GC(18) Pause Young (Normal) (G1 Evacuation Pause) 2682M->1970M(16544M) 421.061ms
[60.407s][info][gc] GC(19) Pause Young (Normal) (G1 Evacuation Pause) 2726M->2016M(17608M) 446.909ms
[63.694s][info][gc] GC(20) Pause Young (Normal) (G1 Evacuation Pause) 2824M->2084M(17608M) 553.880ms
[66.985s][info][gc] GC(21) Pause Young (Normal) (G1 Evacuation Pause) 2872M->2146M(17608M) 587.318ms
[70.134s][info][gc] GC(22) Pause Young (Normal) (G1 Evacuation Pause) 2930M->2222M(17608M) 613.416ms
[73.484s][info][gc] GC(23) Pause Young (Normal) (G1 Evacuation Pause) 2998M->2290M(17956M) 638.461ms
[76.735s][info][gc] GC(24) Pause Young (Normal) (G1 Evacuation Pause) 3082M->2376M(17956M) 664.412ms
End benchmark
benchmarkAvgTime : 70870
nbThread : 4
[1.354s][info][gc] GC(0) Pause Young (Normal) (G1 Evacuation Pause) 280M->145M(5128M) 215.403ms
[2.093s][info][gc] GC(1) Pause Young (Normal) (G1 Evacuation Pause) 369M->182M(5128M) 145.614ms
[2.834s][info][gc] GC(2) Pause Young (Normal) (G1 Evacuation Pause) 406M->188M(5128M) 46.074ms
[3.581s][info][gc] GC(3) Pause Young (Normal) (G1 Evacuation Pause) 436M->186M(5128M) 8.458ms
[4.310s][info][gc] GC(4) Pause Young (Normal) (G1 Evacuation Pause) 438M->186M(5128M) 7.085ms
[5.095s][info][gc] GC(5) Pause Young (Normal) (G1 Evacuation Pause) 438M->247M(5128M) 73.461ms
[5.566s][info][gc] GC(6) Pause Young (Normal) (G1 Evacuation Pause) 483M->416M(8624M) 215.889ms
[6.966s][info][gc] GC(7) Pause Young (Normal) (G1 Evacuation Pause) 828M->688M(8624M) 394.233ms
[8.025s][info][gc] GC(8) Pause Young (Normal) (G1 Evacuation Pause) 1060M->784M(8624M) 227.139ms
[9.156s][info][gc] GC(9) Pause Young (Normal) (G1 Evacuation Pause) 1156M->880M(8624M) 256.708ms
[10.434s][info][gc] GC(10) Pause Young (Normal) (G1 Evacuation Pause) 1252M->972M(13368M) 304.717ms
[12.892s][info][gc] GC(11) Pause Young (Normal) (G1 Evacuation Pause) 1584M->1120M(13368M) 439.491ms
[15.294s][info][gc] GC(12) Pause Young (Normal) (G1 Evacuation Pause) 1704M->1262M(13368M) 509.435ms
[17.906s][info][gc] GC(13) Pause Young (Normal) (G1 Evacuation Pause) 1846M->1402M(13368M) 536.718ms
[20.652s][info][gc] GC(14) Pause Young (Normal) (G1 Evacuation Pause) 1986M->1542M(16216M) 577.504ms
[24.314s][info][gc] GC(15) Pause Young (Normal) (G1 Evacuation Pause) 2266M->1716M(16216M) 682.863ms
Start benchmark
[27.973s][info][gc] GC(16) Pause Young (Normal) (G1 Evacuation Pause) 2480M->1924M(16216M) 703.923ms
[30.160s][info][gc] GC(17) Pause Young (Normal) (G1 Evacuation Pause) 2628M->2002M(16216M) 409.495ms
[32.541s][info][gc] GC(18) Pause Young (Normal) (G1 Evacuation Pause) 2722M->2102M(17668M) 416.547ms
[35.096s][info][gc] GC(19) Pause Young (Normal) (G1 Evacuation Pause) 2878M->2202M(17668M) 458.910ms
[37.487s][info][gc] GC(20) Pause Young (Normal) (G1 Evacuation Pause) 2970M->2312M(17668M) 471.045ms
[39.750s][info][gc] GC(21) Pause Young (Normal) (G1 Evacuation Pause) 3080M->2426M(17668M) 459.189ms
[41.991s][info][gc] GC(22) Pause Young (Normal) (G1 Evacuation Pause) 3194M->2552M(18232M) 477.966ms
[44.681s][info][gc] GC(23) Pause Young (Normal) (G1 Evacuation Pause) 3348M->2688M(18232M) 520.154ms
[47.115s][info][gc] GC(24) Pause Young (Normal) (G1 Evacuation Pause) 3480M->2830M(18232M) 504.983ms
[49.412s][info][gc] GC(25) Pause Young (Normal) (G1 Evacuation Pause) 3622M->2974M(18232M) 505.642ms
[51.650s][info][gc] GC(26) Pause Young (Normal) (G1 Evacuation Pause) 3766M->3112M(18684M) 489.268ms
[54.344s][info][gc] GC(27) Pause Young (Normal) (G1 Evacuation Pause) 3988M->3306M(18684M) 547.267ms
End benchmark
benchmarkAvgTime : 51136
nbThread : 4
[1.327s][info][gc] GC(0) Pause Young (Normal) (G1 Evacuation Pause) 280M->146M(5128M) 173.249ms
[1.953s][info][gc] GC(1) Pause Young (Normal) (G1 Evacuation Pause) 370M->182M(5128M) 122.293ms
[2.598s][info][gc] GC(2) Pause Young (Normal) (G1 Evacuation Pause) 406M->189M(5128M) 36.235ms
[3.293s][info][gc] GC(3) Pause Young (Normal) (G1 Evacuation Pause) 437M->188M(5128M) 8.649ms
[4.002s][info][gc] GC(4) Pause Young (Normal) (G1 Evacuation Pause) 440M->188M(5128M) 7.763ms
[4.708s][info][gc] GC(5) Pause Young (Normal) (G1 Evacuation Pause) 440M->188M(5128M) 8.308ms
[5.367s][info][gc] GC(6) Pause Young (Normal) (G1 Evacuation Pause) 452M->350M(5128M) 158.474ms
[5.991s][info][gc] GC(7) Pause Young (Normal) (G1 Evacuation Pause) 574M->510M(8860M) 245.184ms
[7.510s][info][gc] GC(8) Pause Young (Normal) (G1 Evacuation Pause) 934M->724M(8860M) 357.733ms
[8.623s][info][gc] GC(9) Pause Young (Normal) (G1 Evacuation Pause) 1108M->824M(8860M) 263.606ms
[9.873s][info][gc] GC(10) Pause Young (Normal) (G1 Evacuation Pause) 1208M->922M(8860M) 278.529ms
[11.304s][info][gc] GC(11) Pause Young (Normal) (G1 Evacuation Pause) 1306M->1016M(13508M) 324.009ms
[13.857s][info][gc] GC(12) Pause Young (Normal) (G1 Evacuation Pause) 1632M->1166M(13508M) 458.744ms
[16.347s][info][gc] GC(13) Pause Young (Normal) (G1 Evacuation Pause) 1754M->1310M(13508M) 515.245ms
[19.002s][info][gc] GC(14) Pause Young (Normal) (G1 Evacuation Pause) 1898M->1452M(13508M) 547.195ms
[21.834s][info][gc] GC(15) Pause Young (Normal) (G1 Evacuation Pause) 2040M->1594M(16300M) 595.205ms
Start benchmark
[26.502s][info][gc] GC(16) Pause Young (Normal) (G1 Evacuation Pause) 2382M->1860M(16300M) 770.595ms
[29.347s][info][gc] GC(17) Pause Young (Normal) (G1 Evacuation Pause) 2568M->1958M(16300M) 513.537ms
[31.469s][info][gc] GC(18) Pause Young (Normal) (G1 Evacuation Pause) 2674M->2034M(16300M) 354.386ms
[33.838s][info][gc] GC(19) Pause Young (Normal) (G1 Evacuation Pause) 2754M->2132M(17560M) 422.339ms
[36.332s][info][gc] GC(20) Pause Young (Normal) (G1 Evacuation Pause) 2904M->2232M(17560M) 456.904ms
[38.732s][info][gc] GC(21) Pause Young (Normal) (G1 Evacuation Pause) 2996M->2336M(17560M) 463.532ms
[41.108s][info][gc] GC(22) Pause Young (Normal) (G1 Evacuation Pause) 3100M->2450M(17560M) 468.606ms
[43.345s][info][gc] GC(23) Pause Young (Normal) (G1 Evacuation Pause) 3214M->2578M(18144M) 478.626ms
[45.864s][info][gc] GC(24) Pause Young (Normal) (G1 Evacuation Pause) 3370M->2714M(18144M) 492.897ms
[48.073s][info][gc] GC(25) Pause Young (Normal) (G1 Evacuation Pause) 3502M->2864M(18144M) 503.900ms
[50.510s][info][gc] GC(26) Pause Young (Normal) (G1 Evacuation Pause) 3652M->2986M(18144M) 468.125ms
[52.819s][info][gc] GC(27) Pause Young (Normal) (G1 Evacuation Pause) 3774M->3124M(18612M) 491.387ms
[55.582s][info][gc] GC(28) Pause Young (Normal) (G1 Evacuation Pause) 3996M->3316M(18612M) 529.920ms
End benchmark
benchmarkAvgTime : 51336
nbThread : 4
[1.411s][info][gc] GC(0) Pause Young (Normal) (G1 Evacuation Pause) 280M->145M(5128M) 187.589ms
[2.075s][info][gc] GC(1) Pause Young (Normal) (G1 Evacuation Pause) 369M->184M(5128M) 120.925ms
[2.715s][info][gc] GC(2) Pause Young (Normal) (G1 Evacuation Pause) 408M->187M(5128M) 36.218ms
[3.413s][info][gc] GC(3) Pause Young (Normal) (G1 Evacuation Pause) 435M->186M(5128M) 7.722ms
[4.118s][info][gc] GC(4) Pause Young (Normal) (G1 Evacuation Pause) 438M->186M(5128M) 7.241ms
[4.820s][info][gc] GC(5) Pause Young (Normal) (G1 Evacuation Pause) 438M->185M(5128M) 7.501ms
[5.524s][info][gc] GC(6) Pause Young (Normal) (G1 Evacuation Pause) 437M->185M(5128M) 7.312ms
[6.138s][info][gc] GC(7) Pause Young (Normal) (G1 Evacuation Pause) 449M->332M(5128M) 146.336ms
[6.731s][info][gc] GC(8) Pause Young (Normal) (G1 Evacuation Pause) 556M->496M(8696M) 235.291ms
[8.239s][info][gc] GC(9) Pause Young (Normal) (G1 Evacuation Pause) 912M->718M(8696M) 360.547ms
[9.317s][info][gc] GC(10) Pause Young (Normal) (G1 Evacuation Pause) 1094M->814M(8696M) 246.014ms
[10.515s][info][gc] GC(11) Pause Young (Normal) (G1 Evacuation Pause) 1190M->908M(8696M) 267.791ms
[12.037s][info][gc] GC(12) Pause Young (Normal) (G1 Evacuation Pause) 1284M->1002M(13412M) 315.616ms
[14.610s][info][gc] GC(13) Pause Young (Normal) (G1 Evacuation Pause) 1614M->1152M(13412M) 454.760ms
[16.997s][info][gc] GC(14) Pause Young (Normal) (G1 Evacuation Pause) 1736M->1294M(13412M) 501.908ms
[19.656s][info][gc] GC(15) Pause Young (Normal) (G1 Evacuation Pause) 1878M->1434M(13412M) 534.222ms
[22.434s][info][gc] GC(16) Pause Young (Normal) (G1 Evacuation Pause) 2018M->1576M(16240M) 576.395ms
[26.337s][info][gc] GC(17) Pause Young (Normal) (G1 Evacuation Pause) 2304M->1748M(16240M) 669.317ms
Start benchmark
[29.427s][info][gc] GC(18) Pause Young (Normal) (G1 Evacuation Pause) 2516M->1940M(16240M) 647.393ms
[31.319s][info][gc] GC(19) Pause Young (Normal) (G1 Evacuation Pause) 2648M->2006M(16240M) 362.225ms
[33.523s][info][gc] GC(20) Pause Young (Normal) (G1 Evacuation Pause) 2738M->2088M(17564M) 363.433ms
[36.098s][info][gc] GC(21) Pause Young (Normal) (G1 Evacuation Pause) 2864M->2186M(17564M) 444.904ms
[38.652s][info][gc] GC(22) Pause Young (Normal) (G1 Evacuation Pause) 2950M->2292M(17564M) 476.342ms
[41.067s][info][gc] GC(23) Pause Young (Normal) (G1 Evacuation Pause) 3056M->2410M(17564M) 470.836ms
[43.336s][info][gc] GC(24) Pause Young (Normal) (G1 Evacuation Pause) 3174M->2536M(18148M) 484.194ms
[45.827s][info][gc] GC(25) Pause Young (Normal) (G1 Evacuation Pause) 3328M->2684M(18148M) 506.590ms
[48.188s][info][gc] GC(26) Pause Young (Normal) (G1 Evacuation Pause) 3472M->2820M(18148M) 490.693ms
[50.503s][info][gc] GC(27) Pause Young (Normal) (G1 Evacuation Pause) 3608M->2958M(18148M) 487.839ms
[52.838s][info][gc] GC(28) Pause Young (Normal) (G1 Evacuation Pause) 3746M->3090M(18616M) 484.683ms
[55.589s][info][gc] GC(29) Pause Young (Normal) (G1 Evacuation Pause) 3962M->3284M(18616M) 537.426ms
End benchmark
benchmarkAvgTime : 51572
nbThread : 4
[1.323s][info][gc] GC(0) Pause Young (Normal) (G1 Evacuation Pause) 280M->145M(5128M) 174.358ms
[2.033s][info][gc] GC(1) Pause Young (Normal) (G1 Evacuation Pause) 369M->181M(5128M) 122.497ms
[2.680s][info][gc] GC(2) Pause Young (Normal) (G1 Evacuation Pause) 405M->187M(5128M) 36.720ms
[3.412s][info][gc] GC(3) Pause Young (Normal) (G1 Evacuation Pause) 435M->186M(5128M) 7.495ms
[4.152s][info][gc] GC(4) Pause Young (Normal) (G1 Evacuation Pause) 438M->186M(5128M) 7.246ms
[4.889s][info][gc] GC(5) Pause Young (Normal) (G1 Evacuation Pause) 438M->186M(5128M) 7.432ms
[5.532s][info][gc] GC(6) Pause Young (Normal) (G1 Evacuation Pause) 450M->334M(5128M) 147.829ms
[6.153s][info][gc] GC(7) Pause Young (Normal) (G1 Evacuation Pause) 562M->498M(8716M) 242.893ms
[7.599s][info][gc] GC(8) Pause Young (Normal) (G1 Evacuation Pause) 910M->714M(8716M) 363.027ms
[8.667s][info][gc] GC(9) Pause Young (Normal) (G1 Evacuation Pause) 1090M->810M(8716M) 249.104ms
[9.863s][info][gc] GC(10) Pause Young (Normal) (G1 Evacuation Pause) 1186M->902M(8716M) 273.108ms
[11.236s][info][gc] GC(11) Pause Young (Normal) (G1 Evacuation Pause) 1278M->994M(13424M) 316.935ms
[13.747s][info][gc] GC(12) Pause Young (Normal) (G1 Evacuation Pause) 1606M->1142M(13424M) 451.183ms
[16.194s][info][gc] GC(13) Pause Young (Normal) (G1 Evacuation Pause) 1726M->1284M(13424M) 508.432ms
[18.762s][info][gc] GC(14) Pause Young (Normal) (G1 Evacuation Pause) 1868M->1424M(13424M) 534.769ms
[21.536s][info][gc] GC(15) Pause Young (Normal) (G1 Evacuation Pause) 2008M->1562M(16248M) 579.397ms
[25.275s][info][gc] GC(16) Pause Young (Normal) (G1 Evacuation Pause) 2290M->1734M(16248M) 678.051ms
Start benchmark
[28.508s][info][gc] GC(17) Pause Young (Normal) (G1 Evacuation Pause) 2502M->1930M(16248M) 657.109ms
[30.680s][info][gc] GC(18) Pause Young (Normal) (G1 Evacuation Pause) 2638M->2014M(16248M) 398.290ms
[32.849s][info][gc] GC(19) Pause Young (Normal) (G1 Evacuation Pause) 2734M->2100M(17632M) 379.815ms
[35.484s][info][gc] GC(20) Pause Young (Normal) (G1 Evacuation Pause) 2876M->2196M(17632M) 451.599ms
[37.841s][info][gc] GC(21) Pause Young (Normal) (G1 Evacuation Pause) 2964M->2306M(17632M) 479.316ms
[40.245s][info][gc] GC(22) Pause Young (Normal) (G1 Evacuation Pause) 3074M->2420M(17632M) 470.251ms
[42.481s][info][gc] GC(23) Pause Young (Normal) (G1 Evacuation Pause) 3188M->2548M(18204M) 479.622ms
[45.017s][info][gc] GC(24) Pause Young (Normal) (G1 Evacuation Pause) 3344M->2690M(18204M) 501.582ms
[47.314s][info][gc] GC(25) Pause Young (Normal) (G1 Evacuation Pause) 3482M->2836M(18204M) 509.447ms
[49.581s][info][gc] GC(26) Pause Young (Normal) (G1 Evacuation Pause) 3628M->2974M(18204M) 495.045ms
[51.973s][info][gc] GC(27) Pause Young (Normal) (G1 Evacuation Pause) 3766M->3102M(18664M) 489.674ms
[54.422s][info][gc] GC(28) Pause Young (Normal) (G1 Evacuation Pause) 3918M->3242M(18664M) 496.083ms
End benchmark
benchmarkAvgTime : 50966
nbThread : 4
[1.268s][info][gc] GC(0) Pause Young (Normal) (G1 Evacuation Pause) 280M->145M(5128M) 174.325ms
[1.950s][info][gc] GC(1) Pause Young (Normal) (G1 Evacuation Pause) 369M->182M(5128M) 122.679ms
[2.601s][info][gc] GC(2) Pause Young (Normal) (G1 Evacuation Pause) 406M->184M(5128M) 37.587ms
[3.349s][info][gc] GC(3) Pause Young (Normal) (G1 Evacuation Pause) 436M->184M(5128M) 7.276ms
[4.100s][info][gc] GC(4) Pause Young (Normal) (G1 Evacuation Pause) 436M->184M(5128M) 7.354ms
[4.900s][info][gc] GC(5) Pause Young (Normal) (G1 Evacuation Pause) 436M->193M(5128M) 22.611ms
[5.367s][info][gc] GC(6) Pause Young (Normal) (G1 Evacuation Pause) 445M->366M(5128M) 181.816ms
[6.039s][info][gc] GC(7) Pause Young (Normal) (G1 Evacuation Pause) 594M->532M(9116M) 256.527ms
[7.602s][info][gc] GC(8) Pause Young (Normal) (G1 Evacuation Pause) 964M->730M(9116M) 353.639ms
[8.759s][info][gc] GC(9) Pause Young (Normal) (G1 Evacuation Pause) 1122M->832M(9116M) 267.046ms
[10.029s][info][gc] GC(10) Pause Young (Normal) (G1 Evacuation Pause) 1224M->930M(9116M) 292.376ms
[11.496s][info][gc] GC(11) Pause Young (Normal) (G1 Evacuation Pause) 1322M->1028M(13664M) 335.137ms
[14.074s][info][gc] GC(12) Pause Young (Normal) (G1 Evacuation Pause) 1648M->1180M(13664M) 470.543ms
[16.582s][info][gc] GC(13) Pause Young (Normal) (G1 Evacuation Pause) 1772M->1324M(13664M) 528.073ms
[19.253s][info][gc] GC(14) Pause Young (Normal) (G1 Evacuation Pause) 1916M->1466M(13664M) 552.823ms
[22.113s][info][gc] GC(15) Pause Young (Normal) (G1 Evacuation Pause) 2058M->1608M(16392M) 595.373ms
Start benchmark
[26.580s][info][gc] GC(16) Pause Young (Normal) (G1 Evacuation Pause) 2396M->1872M(16392M) 805.752ms
[29.251s][info][gc] GC(17) Pause Young (Normal) (G1 Evacuation Pause) 2584M->1964M(16392M) 562.635ms
[31.546s][info][gc] GC(18) Pause Young (Normal) (G1 Evacuation Pause) 2688M->2044M(16392M) 376.723ms
[33.587s][info][gc] GC(19) Pause Young (Normal) (G1 Evacuation Pause) 2764M->2126M(17684M) 396.121ms
[36.270s][info][gc] GC(20) Pause Young (Normal) (G1 Evacuation Pause) 2914M->2228M(17684M) 450.834ms
[38.537s][info][gc] GC(21) Pause Young (Normal) (G1 Evacuation Pause) 3000M->2332M(17684M) 458.902ms
[41.185s][info][gc] GC(22) Pause Young (Normal) (G1 Evacuation Pause) 3104M->2450M(17684M) 483.754ms
[43.540s][info][gc] GC(23) Pause Young (Normal) (G1 Evacuation Pause) 3222M->2584M(18244M) 498.998ms
[46.119s][info][gc] GC(24) Pause Young (Normal) (G1 Evacuation Pause) 3384M->2720M(18244M) 496.189ms
[48.564s][info][gc] GC(25) Pause Young (Normal) (G1 Evacuation Pause) 3516M->2860M(18244M) 503.168ms
[50.990s][info][gc] GC(26) Pause Young (Normal) (G1 Evacuation Pause) 3656M->2994M(18244M) 495.929ms
[53.336s][info][gc] GC(27) Pause Young (Normal) (G1 Evacuation Pause) 3790M->3132M(18692M) 489.108ms
End benchmark
benchmarkAvgTime : 50930
nbThread : 4
[1.428s][info][gc] GC(0) Pause Young (Normal) (G1 Evacuation Pause) 280M->146M(5128M) 196.623ms
[2.088s][info][gc] GC(1) Pause Young (Normal) (G1 Evacuation Pause) 370M->180M(5128M) 122.413ms
[2.735s][info][gc] GC(2) Pause Young (Normal) (G1 Evacuation Pause) 404M->185M(5128M) 36.626ms
[3.483s][info][gc] GC(3) Pause Young (Normal) (G1 Evacuation Pause) 433M->184M(5128M) 8.496ms
[4.237s][info][gc] GC(4) Pause Young (Normal) (G1 Evacuation Pause) 436M->184M(5128M) 7.212ms
[4.977s][info][gc] GC(5) Pause Young (Normal) (G1 Evacuation Pause) 436M->184M(5128M) 7.432ms
[5.712s][info][gc] GC(6) Pause Young (Normal) (G1 Evacuation Pause) 436M->184M(5128M) 7.446ms
[6.463s][info][gc] GC(7) Pause Young (Normal) (G1 Evacuation Pause) 436M->184M(5128M) 8.543ms
[7.211s][info][gc] GC(8) Pause Young (Normal) (G1 Evacuation Pause) 436M->184M(5128M) 7.402ms
[7.822s][info][gc] GC(9) Pause Young (Normal) (G1 Evacuation Pause) 448M->345M(5128M) 176.998ms
[8.439s][info][gc] GC(10) Pause Young (Normal) (G1 Evacuation Pause) 573M->512M(8804M) 248.923ms
[9.920s][info][gc] GC(11) Pause Young (Normal) (G1 Evacuation Pause) 932M->720M(8804M) 359.107ms
[11.049s][info][gc] GC(12) Pause Young (Normal) (G1 Evacuation Pause) 1104M->820M(8804M) 254.455ms
[12.304s][info][gc] GC(13) Pause Young (Normal) (G1 Evacuation Pause) 1204M->918M(8804M) 282.332ms
[13.871s][info][gc] GC(14) Pause Young (Normal) (G1 Evacuation Pause) 1302M->1010M(13476M) 325.198ms
[16.428s][info][gc] GC(15) Pause Young (Normal) (G1 Evacuation Pause) 1626M->1160M(13476M) 459.551ms
[18.822s][info][gc] GC(16) Pause Young (Normal) (G1 Evacuation Pause) 1748M->1304M(13476M) 515.820ms
[21.502s][info][gc] GC(17) Pause Young (Normal) (G1 Evacuation Pause) 1892M->1448M(13476M) 544.684ms
[24.225s][info][gc] GC(18) Pause Young (Normal) (G1 Evacuation Pause) 2036M->1588M(16280M) 590.520ms
Start benchmark
[28.430s][info][gc] GC(19) Pause Young (Normal) (G1 Evacuation Pause) 2364M->1842M(16280M) 738.845ms
[31.398s][info][gc] GC(20) Pause Young (Normal) (G1 Evacuation Pause) 2562M->1956M(16280M) 587.265ms
[33.742s][info][gc] GC(21) Pause Young (Normal) (G1 Evacuation Pause) 2668M->2042M(16280M) 404.986ms
[35.934s][info][gc] GC(22) Pause Young (Normal) (G1 Evacuation Pause) 2750M->2126M(17616M) 401.845ms
[38.436s][info][gc] GC(23) Pause Young (Normal) (G1 Evacuation Pause) 2902M->2220M(17616M) 440.617ms
[41.057s][info][gc] GC(24) Pause Young (Normal) (G1 Evacuation Pause) 2988M->2330M(17616M) 493.034ms
[43.347s][info][gc] GC(25) Pause Young (Normal) (G1 Evacuation Pause) 3098M->2454M(17616M) 478.135ms
[45.548s][info][gc] GC(26) Pause Young (Normal) (G1 Evacuation Pause) 3222M->2590M(18192M) 489.878ms
[48.157s][info][gc] GC(27) Pause Young (Normal) (G1 Evacuation Pause) 3386M->2728M(18192M) 487.244ms
[50.657s][info][gc] GC(28) Pause Young (Normal) (G1 Evacuation Pause) 3520M->2860M(18192M) 492.521ms
[53.055s][info][gc] GC(29) Pause Young (Normal) (G1 Evacuation Pause) 3652M->2994M(18192M) 498.526ms
[55.228s][info][gc] GC(30) Pause Young (Normal) (G1 Evacuation Pause) 3786M->3138M(18652M) 497.484ms
[57.918s][info][gc] GC(31) Pause Young (Normal) (G1 Evacuation Pause) 4014M->3330M(18652M) 529.183ms
End benchmark
benchmarkAvgTime : 51163
nbThread : 4
[1.334s][info][gc] GC(0) Pause Young (Normal) (G1 Evacuation Pause) 280M->145M(5128M) 173.194ms
[1.969s][info][gc] GC(1) Pause Young (Normal) (G1 Evacuation Pause) 369M->179M(5128M) 119.347ms
[2.595s][info][gc] GC(2) Pause Young (Normal) (G1 Evacuation Pause) 403M->188M(5128M) 36.127ms
[3.310s][info][gc] GC(3) Pause Young (Normal) (G1 Evacuation Pause) 436M->187M(5128M) 7.403ms
[4.033s][info][gc] GC(4) Pause Young (Normal) (G1 Evacuation Pause) 435M->186M(5128M) 7.087ms
[4.758s][info][gc] GC(5) Pause Young (Normal) (G1 Evacuation Pause) 438M->186M(5128M) 7.404ms
[5.552s][info][gc] GC(6) Pause Young (Normal) (G1 Evacuation Pause) 438M->207M(5128M) 30.132ms
[6.038s][info][gc] GC(7) Pause Young (Normal) (G1 Evacuation Pause) 447M->373M(8200M) 191.643ms
[7.248s][info][gc] GC(8) Pause Young (Normal) (G1 Evacuation Pause) 765M->654M(8200M) 378.428ms
[8.467s][info][gc] GC(9) Pause Young (Normal) (G1 Evacuation Pause) 1010M->754M(8200M) 230.642ms
[9.504s][info][gc] GC(10) Pause Young (Normal) (G1 Evacuation Pause) 1110M->844M(8200M) 235.483ms
[10.703s][info][gc] GC(11) Pause Young (Normal) (G1 Evacuation Pause) 1200M->934M(13112M) 278.242ms
[13.013s][info][gc] GC(12) Pause Young (Normal) (G1 Evacuation Pause) 1534M->1080M(13112M) 418.839ms
[15.301s][info][gc] GC(13) Pause Young (Normal) (G1 Evacuation Pause) 1648M->1218M(13112M) 485.525ms
[17.767s][info][gc] GC(14) Pause Young (Normal) (G1 Evacuation Pause) 1786M->1356M(13112M) 517.811ms
[20.336s][info][gc] GC(15) Pause Young (Normal) (G1 Evacuation Pause) 1924M->1494M(16060M) 551.932ms
[23.974s][info][gc] GC(16) Pause Young (Normal) (G1 Evacuation Pause) 2210M->1666M(16060M) 670.421ms
Start benchmark
[27.628s][info][gc] GC(17) Pause Young (Normal) (G1 Evacuation Pause) 2426M->1894M(16060M) 733.627ms
[29.713s][info][gc] GC(18) Pause Young (Normal) (G1 Evacuation Pause) 2594M->1964M(16060M) 435.889ms
[32.120s][info][gc] GC(19) Pause Young (Normal) (G1 Evacuation Pause) 2688M->2054M(17640M) 382.480ms
[34.492s][info][gc] GC(20) Pause Young (Normal) (G1 Evacuation Pause) 2834M->2148M(17640M) 421.494ms
[37.068s][info][gc] GC(21) Pause Young (Normal) (G1 Evacuation Pause) 2920M->2254M(17640M) 475.810ms
[39.166s][info][gc] GC(22) Pause Young (Normal) (G1 Evacuation Pause) 3022M->2356M(17640M) 442.768ms
[41.507s][info][gc] GC(23) Pause Young (Normal) (G1 Evacuation Pause) 3124M->2472M(18208M) 461.868ms
[44.049s][info][gc] GC(24) Pause Young (Normal) (G1 Evacuation Pause) 3268M->2604M(18208M) 486.575ms
[46.349s][info][gc] GC(25) Pause Young (Normal) (G1 Evacuation Pause) 3396M->2752M(18208M) 511.860ms
[48.711s][info][gc] GC(26) Pause Young (Normal) (G1 Evacuation Pause) 3544M->2890M(18208M) 492.126ms
[51.049s][info][gc] GC(27) Pause Young (Normal) (G1 Evacuation Pause) 3682M->3024M(18664M) 483.872ms
[53.540s][info][gc] GC(28) Pause Young (Normal) (G1 Evacuation Pause) 3840M->3156M(18664M) 484.931ms
[56.095s][info][gc] GC(29) Pause Young (Normal) (G1 Evacuation Pause) 4028M->3358M(18664M) 552.135ms
End benchmark
benchmarkAvgTime : 51237
nbThread : 4
[1.368s][info][gc] GC(0) Pause Young (Normal) (G1 Evacuation Pause) 280M->146M(5128M) 213.946ms
[2.113s][info][gc] GC(1) Pause Young (Normal) (G1 Evacuation Pause) 370M->181M(5128M) 141.031ms
[2.790s][info][gc] GC(2) Pause Young (Normal) (G1 Evacuation Pause) 405M->186M(5128M) 38.577ms
[3.520s][info][gc] GC(3) Pause Young (Normal) (G1 Evacuation Pause) 438M->186M(5128M) 7.465ms
[4.251s][info][gc] GC(4) Pause Young (Normal) (G1 Evacuation Pause) 438M->186M(5128M) 7.162ms
[4.981s][info][gc] GC(5) Pause Young (Normal) (G1 Evacuation Pause) 438M->185M(5128M) 7.507ms
[5.702s][info][gc] GC(6) Pause Young (Normal) (G1 Evacuation Pause) 449M->334M(5128M) 146.637ms
[6.320s][info][gc] GC(7) Pause Young (Normal) (G1 Evacuation Pause) 562M->496M(9036M) 240.171ms
[7.894s][info][gc] GC(8) Pause Young (Normal) (G1 Evacuation Pause) 924M->716M(9036M) 366.576ms
[9.046s][info][gc] GC(9) Pause Young (Normal) (G1 Evacuation Pause) 1108M->814M(9036M) 255.220ms
[10.310s][info][gc] GC(10) Pause Young (Normal) (G1 Evacuation Pause) 1206M->912M(9036M) 280.942ms
[11.752s][info][gc] GC(11) Pause Young (Normal) (G1 Evacuation Pause) 1304M->1008M(13616M) 324.862ms
[14.296s][info][gc] GC(12) Pause Young (Normal) (G1 Evacuation Pause) 1632M->1160M(13616M) 458.498ms
[16.771s][info][gc] GC(13) Pause Young (Normal) (G1 Evacuation Pause) 1752M->1302M(13616M) 513.791ms
[19.435s][info][gc] GC(14) Pause Young (Normal) (G1 Evacuation Pause) 1894M->1446M(13616M) 548.630ms
[22.275s][info][gc] GC(15) Pause Young (Normal) (G1 Evacuation Pause) 2038M->1588M(16364M) 585.953ms
Start benchmark
[26.352s][info][gc] GC(16) Pause Young (Normal) (G1 Evacuation Pause) 2376M->1856M(16364M) 771.336ms
[29.256s][info][gc] GC(17) Pause Young (Normal) (G1 Evacuation Pause) 2568M->1950M(16364M) 584.502ms
[31.416s][info][gc] GC(18) Pause Young (Normal) (G1 Evacuation Pause) 2674M->2032M(16364M) 367.367ms
[33.582s][info][gc] GC(19) Pause Young (Normal) (G1 Evacuation Pause) 2752M->2116M(17664M) 395.730ms
[36.304s][info][gc] GC(20) Pause Young (Normal) (G1 Evacuation Pause) 2896M->2220M(17664M) 465.526ms
[38.606s][info][gc] GC(21) Pause Young (Normal) (G1 Evacuation Pause) 2988M->2326M(17664M) 470.452ms
[40.764s][info][gc] GC(22) Pause Young (Normal) (G1 Evacuation Pause) 3094M->2436M(17664M) 446.344ms
[43.130s][info][gc] GC(23) Pause Young (Normal) (G1 Evacuation Pause) 3204M->2560M(18228M) 475.187ms
[45.710s][info][gc] GC(24) Pause Young (Normal) (G1 Evacuation Pause) 3356M->2702M(18228M) 503.073ms
[48.183s][info][gc] GC(25) Pause Young (Normal) (G1 Evacuation Pause) 3494M->2846M(18228M) 509.556ms
[50.667s][info][gc] GC(26) Pause Young (Normal) (G1 Evacuation Pause) 3638M->2970M(18228M) 494.375ms
[52.901s][info][gc] GC(27) Pause Young (Normal) (G1 Evacuation Pause) 3762M->3112M(18684M) 500.378ms
End benchmark
[55.718s][info][gc] GC(28) Pause Young (Normal) (G1 Evacuation Pause) 3988M->3302M(18684M) 539.208ms
benchmarkAvgTime : 51048
nbThread : 4
[1.256s][info][gc] GC(0) Pause Young (Normal) (G1 Evacuation Pause) 280M->145M(5128M) 173.710ms
[1.919s][info][gc] GC(1) Pause Young (Normal) (G1 Evacuation Pause) 369M->182M(5128M) 122.292ms
[2.557s][info][gc] GC(2) Pause Young (Normal) (G1 Evacuation Pause) 406M->185M(5128M) 35.655ms
[3.281s][info][gc] GC(3) Pause Young (Normal) (G1 Evacuation Pause) 433M->184M(5128M) 7.357ms
[4.025s][info][gc] GC(4) Pause Young (Normal) (G1 Evacuation Pause) 436M->184M(5128M) 7.668ms
[4.827s][info][gc] GC(5) Pause Young (Normal) (G1 Evacuation Pause) 436M->225M(5128M) 50.815ms
[5.281s][info][gc] GC(6) Pause Young (Normal) (G1 Evacuation Pause) 461M->391M(8200M) 203.063ms
[6.457s][info][gc] GC(7) Pause Young (Normal) (G1 Evacuation Pause) 783M->670M(8200M) 378.804ms
[7.622s][info][gc] GC(8) Pause Young (Normal) (G1 Evacuation Pause) 1026M->762M(8200M) 212.955ms
[8.681s][info][gc] GC(9) Pause Young (Normal) (G1 Evacuation Pause) 1118M->854M(8200M) 245.201ms
[9.941s][info][gc] GC(10) Pause Young (Normal) (G1 Evacuation Pause) 1210M->944M(13112M) 292.504ms
[12.294s][info][gc] GC(11) Pause Young (Normal) (G1 Evacuation Pause) 1544M->1088M(13112M) 422.886ms
[14.663s][info][gc] GC(12) Pause Young (Normal) (G1 Evacuation Pause) 1656M->1226M(13112M) 520.334ms
[17.168s][info][gc] GC(13) Pause Young (Normal) (G1 Evacuation Pause) 1794M->1364M(13112M) 526.893ms
[19.850s][info][gc] GC(14) Pause Young (Normal) (G1 Evacuation Pause) 1932M->1502M(16060M) 562.034ms
[23.515s][info][gc] GC(15) Pause Young (Normal) (G1 Evacuation Pause) 2218M->1672M(16060M) 675.614ms
Start benchmark
[27.049s][info][gc] GC(16) Pause Young (Normal) (G1 Evacuation Pause) 2432M->1900M(16060M) 745.604ms
[29.543s][info][gc] GC(17) Pause Young (Normal) (G1 Evacuation Pause) 2600M->1988M(16060M) 475.642ms
[31.795s][info][gc] GC(18) Pause Young (Normal) (G1 Evacuation Pause) 2692M->2072M(17660M) 386.058ms
[34.372s][info][gc] GC(19) Pause Young (Normal) (G1 Evacuation Pause) 2852M->2168M(17660M) 441.252ms
[36.798s][info][gc] GC(20) Pause Young (Normal) (G1 Evacuation Pause) 2936M->2272M(17660M) 467.636ms
[39.118s][info][gc] GC(21) Pause Young (Normal) (G1 Evacuation Pause) 3040M->2382M(17660M) 455.714ms
[41.389s][info][gc] GC(22) Pause Young (Normal) (G1 Evacuation Pause) 3150M->2504M(18224M) 469.538ms
[44.149s][info][gc] GC(23) Pause Young (Normal) (G1 Evacuation Pause) 3300M->2638M(18224M) 498.074ms
[46.680s][info][gc] GC(24) Pause Young (Normal) (G1 Evacuation Pause) 3430M->2776M(18224M) 503.069ms
[49.039s][info][gc] GC(25) Pause Young (Normal) (G1 Evacuation Pause) 3568M->2918M(18224M) 503.670ms
[51.363s][info][gc] GC(26) Pause Young (Normal) (G1 Evacuation Pause) 3710M->3056M(18676M) 494.156ms
[54.199s][info][gc] GC(27) Pause Young (Normal) (G1 Evacuation Pause) 3932M->3248M(18676M) 537.136ms
End benchmark
benchmarkAvgTime : 50965
nbThread : 4
[1.427s][info][gc] GC(0) Pause Young (Normal) (G1 Evacuation Pause) 280M->145M(5128M) 198.340ms
[2.049s][info][gc] GC(1) Pause Young (Normal) (G1 Evacuation Pause) 369M->183M(5128M) 119.168ms
[2.657s][info][gc] GC(2) Pause Young (Normal) (G1 Evacuation Pause) 407M->186M(5128M) 35.120ms
[3.354s][info][gc] GC(3) Pause Young (Normal) (G1 Evacuation Pause) 434M->184M(5128M) 7.222ms
[4.060s][info][gc] GC(4) Pause Young (Normal) (G1 Evacuation Pause) 436M->183M(5128M) 7.373ms
[4.764s][info][gc] GC(5) Pause Young (Normal) (G1 Evacuation Pause) 435M->183M(5128M) 7.638ms
[5.557s][info][gc] GC(6) Pause Young (Normal) (G1 Evacuation Pause) 435M->207M(5128M) 26.141ms
[6.068s][info][gc] GC(7) Pause Young (Normal) (G1 Evacuation Pause) 447M->372M(5128M) 189.948ms
[6.721s][info][gc] GC(8) Pause Young (Normal) (G1 Evacuation Pause) 600M->538M(9088M) 252.332ms
[8.267s][info][gc] GC(9) Pause Young (Normal) (G1 Evacuation Pause) 970M->734M(9088M) 349.116ms
[9.418s][info][gc] GC(10) Pause Young (Normal) (G1 Evacuation Pause) 1126M->832M(9088M) 266.616ms
[10.737s][info][gc] GC(11) Pause Young (Normal) (G1 Evacuation Pause) 1224M->930M(9088M) 291.851ms
[12.231s][info][gc] GC(12) Pause Young (Normal) (G1 Evacuation Pause) 1322M->1028M(13648M) 340.096ms
[14.826s][info][gc] GC(13) Pause Young (Normal) (G1 Evacuation Pause) 1648M->1178M(13648M) 472.998ms
[17.350s][info][gc] GC(14) Pause Young (Normal) (G1 Evacuation Pause) 1770M->1322M(13648M) 530.036ms
[20.068s][info][gc] GC(15) Pause Young (Normal) (G1 Evacuation Pause) 1914M->1464M(13648M) 549.756ms
[22.879s][info][gc] GC(16) Pause Young (Normal) (G1 Evacuation Pause) 2056M->1606M(16384M) 587.025ms
Start benchmark
[27.303s][info][gc] GC(17) Pause Young (Normal) (G1 Evacuation Pause) 2394M->1868M(16384M) 845.474ms
[29.860s][info][gc] GC(18) Pause Young (Normal) (G1 Evacuation Pause) 2580M->1958M(16384M) 542.754ms
[32.141s][info][gc] GC(19) Pause Young (Normal) (G1 Evacuation Pause) 2686M->2040M(16384M) 369.416ms
[34.386s][info][gc] GC(20) Pause Young (Normal) (G1 Evacuation Pause) 2760M->2132M(17680M) 410.345ms
[37.189s][info][gc] GC(21) Pause Young (Normal) (G1 Evacuation Pause) 2912M->2238M(17680M) 489.233ms
[39.847s][info][gc] GC(22) Pause Young (Normal) (G1 Evacuation Pause) 3010M->2356M(17680M) 512.554ms
[42.399s][info][gc] GC(23) Pause Young (Normal) (G1 Evacuation Pause) 3128M->2486M(17680M) 504.785ms
[44.729s][info][gc] GC(24) Pause Young (Normal) (G1 Evacuation Pause) 3258M->2636M(18240M) 517.098ms
[47.132s][info][gc] GC(25) Pause Young (Normal) (G1 Evacuation Pause) 3436M->2780M(18240M) 500.347ms
[49.449s][info][gc] GC(26) Pause Young (Normal) (G1 Evacuation Pause) 3576M->2922M(18240M) 497.345ms
[51.739s][info][gc] GC(27) Pause Young (Normal) (G1 Evacuation Pause) 3718M->3060M(18240M) 488.674ms
[54.101s][info][gc] GC(28) Pause Young (Normal) (G1 Evacuation Pause) 3856M->3188M(18688M) 477.313ms
End benchmark
benchmarkAvgTime : 50943
nbThread : 8
[1.155s][info][gc] GC(0) Pause Young (Normal) (G1 Evacuation Pause) 280M->145M(5128M) 113.743ms
[1.766s][info][gc] GC(1) Pause Young (Normal) (G1 Evacuation Pause) 369M->183M(5128M) 73.299ms
[2.363s][info][gc] GC(2) Pause Young (Normal) (G1 Evacuation Pause) 407M->191M(5128M) 27.024ms
[3.063s][info][gc] GC(3) Pause Young (Normal) (G1 Evacuation Pause) 439M->189M(5128M) 4.994ms
[3.775s][info][gc] GC(4) Pause Young (Normal) (G1 Evacuation Pause) 441M->189M(5128M) 8.684ms
[4.444s][info][gc] GC(5) Pause Young (Normal) (G1 Evacuation Pause) 441M->189M(5128M) 4.792ms
[5.063s][info][gc] GC(6) Pause Young (Normal) (G1 Evacuation Pause) 441M->277M(5128M) 55.953ms
[5.337s][info][gc] GC(7) Pause Young (Normal) (G1 Evacuation Pause) 513M->447M(8176M) 123.759ms
[6.047s][info][gc] GC(8) Pause Young (Normal) (G1 Evacuation Pause) 823M->690M(8176M) 194.073ms
[6.574s][info][gc] GC(9) Pause Young (Normal) (G1 Evacuation Pause) 1046M->782M(8176M) 114.935ms
[7.106s][info][gc] GC(10) Pause Young (Normal) (G1 Evacuation Pause) 1138M->876M(8176M) 124.246ms
[7.730s][info][gc] GC(11) Pause Young (Normal) (G1 Evacuation Pause) 1232M->968M(11472M) 150.646ms
[8.777s][info][gc] GC(12) Pause Young (Normal) (G1 Evacuation Pause) 1488M->1100M(11472M) 216.913ms
[9.790s][info][gc] GC(13) Pause Young (Normal) (G1 Evacuation Pause) 1600M->1224M(11472M) 227.555ms
[10.887s][info][gc] GC(14) Pause Young (Normal) (G1 Evacuation Pause) 1724M->1350M(11472M) 241.383ms
[12.050s][info][gc] GC(15) Pause Young (Normal) (G1 Evacuation Pause) 1850M->1474M(14736M) 262.880ms
[13.714s][info][gc] GC(16) Pause Young (Normal) (G1 Evacuation Pause) 2138M->1638M(14736M) 317.833ms
Start benchmark
[15.854s][info][gc] GC(17) Pause Young (Normal) (G1 Evacuation Pause) 2342M->1888M(14736M) 390.643ms
[17.407s][info][gc] GC(18) Pause Young (Normal) (G1 Evacuation Pause) 2532M->1998M(14736M) 310.724ms
[18.557s][info][gc] GC(19) Pause Young (Normal) (G1 Evacuation Pause) 2642M->2096M(16984M) 211.880ms
[20.052s][info][gc] GC(20) Pause Young (Normal) (G1 Evacuation Pause) 2852M->2220M(16984M) 268.346ms
[21.426s][info][gc] GC(21) Pause Young (Normal) (G1 Evacuation Pause) 2960M->2344M(16984M) 273.715ms
[22.789s][info][gc] GC(22) Pause Young (Normal) (G1 Evacuation Pause) 3084M->2478M(16984M) 270.471ms
[24.153s][info][gc] GC(23) Pause Young (Normal) (G1 Evacuation Pause) 3218M->2606M(17692M) 267.286ms
[25.553s][info][gc] GC(24) Pause Young (Normal) (G1 Evacuation Pause) 3382M->2748M(17692M) 267.843ms
[26.941s][info][gc] GC(25) Pause Young (Normal) (G1 Evacuation Pause) 3580M->2944M(17692M) 286.390ms
[28.249s][info][gc] GC(26) Pause Young (Normal) (G1 Evacuation Pause) 3716M->3074M(17692M) 285.699ms
[29.516s][info][gc] GC(27) Pause Young (Normal) (G1 Evacuation Pause) 3846M->3202M(18252M) 254.111ms
[30.880s][info][gc] GC(28) Pause Young (Normal) (G1 Evacuation Pause) 4002M->3334M(18252M) 256.727ms
[32.158s][info][gc] GC(29) Pause Young (Normal) (G1 Evacuation Pause) 4130M->3460M(18252M) 262.158ms
[33.430s][info][gc] GC(30) Pause Young (Normal) (G1 Evacuation Pause) 4256M->3586M(18252M) 258.516ms
[34.722s][info][gc] GC(31) Pause Young (Normal) (G1 Evacuation Pause) 4382M->3706M(18700M) 247.061ms
[36.092s][info][gc] GC(32) Pause Young (Normal) (G1 Evacuation Pause) 4522M->3828M(18700M) 249.752ms
[37.332s][info][gc] GC(33) Pause Young (Normal) (G1 Evacuation Pause) 4640M->3948M(18700M) 251.444ms
[38.561s][info][gc] GC(34) Pause Young (Normal) (G1 Evacuation Pause) 4760M->4072M(18700M) 250.155ms
[39.835s][info][gc] GC(35) Pause Young (Normal) (G1 Evacuation Pause) 4884M->4188M(19056M) 246.801ms
[41.156s][info][gc] GC(36) Pause Young (Normal) (G1 Evacuation Pause) 5024M->4302M(19056M) 243.615ms
[42.420s][info][gc] GC(37) Pause Young (Normal) (G1 Evacuation Pause) 5134M->4416M(19056M) 238.555ms
[43.656s][info][gc] GC(38) Pause Young (Normal) (G1 Evacuation Pause) 5252M->4528M(19056M) 236.255ms
[44.861s][info][gc] GC(39) Pause Young (Normal) (G1 Evacuation Pause) 5360M->4638M(19344M) 230.488ms
End benchmark
benchmarkAvgTime : 40835
nbThread : 8
[1.097s][info][gc] GC(0) Pause Young (Normal) (G1 Evacuation Pause) 280M->145M(5128M) 104.414ms
[1.704s][info][gc] GC(1) Pause Young (Normal) (G1 Evacuation Pause) 369M->184M(5128M) 73.388ms
[2.303s][info][gc] GC(2) Pause Young (Normal) (G1 Evacuation Pause) 408M->191M(5128M) 20.571ms
[2.962s][info][gc] GC(3) Pause Young (Normal) (G1 Evacuation Pause) 439M->189M(5128M) 4.886ms
[3.633s][info][gc] GC(4) Pause Young (Normal) (G1 Evacuation Pause) 441M->189M(5128M) 4.795ms
[4.349s][info][gc] GC(5) Pause Young (Normal) (G1 Evacuation Pause) 441M->217M(5128M) 17.662ms
[4.581s][info][gc] GC(6) Pause Young (Normal) (G1 Evacuation Pause) 453M->380M(5128M) 96.927ms
[4.918s][info][gc] GC(7) Pause Young (Normal) (G1 Evacuation Pause) 604M->544M(5128M) 131.535ms
[5.373s][info][gc] GC(8) Pause Young (Normal) (G1 Evacuation Pause) 768M->686M(8796M) 149.240ms
[6.050s][info][gc] GC(9) Pause Young (Normal) (G1 Evacuation Pause) 1090M->786M(8796M) 116.304ms
[6.616s][info][gc] GC(10) Pause Young (Normal) (G1 Evacuation Pause) 1166M->878M(8796M) 132.635ms
[7.269s][info][gc] GC(11) Pause Young (Normal) (G1 Evacuation Pause) 1258M->976M(8796M) 154.348ms
[7.975s][info][gc] GC(12) Pause Young (Normal) (G1 Evacuation Pause) 1356M->1068M(12132M) 170.468ms
[9.093s][info][gc] GC(13) Pause Young (Normal) (G1 Evacuation Pause) 1616M->1200M(12132M) 220.456ms
[10.196s][info][gc] GC(14) Pause Young (Normal) (G1 Evacuation Pause) 1728M->1328M(12132M) 243.952ms
[11.358s][info][gc] GC(15) Pause Young (Normal) (G1 Evacuation Pause) 1856M->1452M(12132M) 255.604ms
[12.594s][info][gc] GC(16) Pause Young (Normal) (G1 Evacuation Pause) 1980M->1574M(15472M) 279.419ms
[14.362s][info][gc] GC(17) Pause Young (Normal) (G1 Evacuation Pause) 2270M->1738M(15472M) 330.868ms
Start benchmark
[16.607s][info][gc] GC(18) Pause Young (Normal) (G1 Evacuation Pause) 2470M->1958M(15472M) 382.073ms
[17.919s][info][gc] GC(19) Pause Young (Normal) (G1 Evacuation Pause) 2630M->2062M(15472M) 266.612ms
[19.220s][info][gc] GC(20) Pause Young (Normal) (G1 Evacuation Pause) 2734M->2174M(17280M) 236.897ms
[20.726s][info][gc] GC(21) Pause Young (Normal) (G1 Evacuation Pause) 2938M->2298M(17280M) 269.989ms
[22.102s][info][gc] GC(22) Pause Young (Normal) (G1 Evacuation Pause) 3054M->2426M(17280M) 273.996ms
[23.375s][info][gc] GC(23) Pause Young (Normal) (G1 Evacuation Pause) 3182M->2554M(17280M) 257.107ms
[24.624s][info][gc] GC(24) Pause Young (Normal) (G1 Evacuation Pause) 3310M->2670M(17920M) 248.444ms
[25.955s][info][gc] GC(25) Pause Young (Normal) (G1 Evacuation Pause) 3458M->2792M(17920M) 250.458ms
[27.292s][info][gc] GC(26) Pause Young (Normal) (G1 Evacuation Pause) 3636M->2982M(17920M) 295.534ms
[28.467s][info][gc] GC(27) Pause Young (Normal) (G1 Evacuation Pause) 3766M->3106M(17920M) 275.915ms
[29.650s][info][gc] GC(28) Pause Young (Normal) (G1 Evacuation Pause) 3890M->3216M(18432M) 234.767ms
[30.889s][info][gc] GC(29) Pause Young (Normal) (G1 Evacuation Pause) 4024M->3334M(18432M) 244.772ms
[32.076s][info][gc] GC(30) Pause Young (Normal) (G1 Evacuation Pause) 4138M->3450M(18432M) 232.051ms
[33.233s][info][gc] GC(31) Pause Young (Normal) (G1 Evacuation Pause) 4254M->3554M(18432M) 227.845ms
[34.329s][info][gc] GC(32) Pause Young (Normal) (G1 Evacuation Pause) 4358M->3660M(18844M) 235.562ms
[35.545s][info][gc] GC(33) Pause Young (Normal) (G1 Evacuation Pause) 4484M->3776M(18844M) 225.584ms
[36.693s][info][gc] GC(34) Pause Young (Normal) (G1 Evacuation Pause) 4600M->3882M(18844M) 230.674ms
[37.812s][info][gc] GC(35) Pause Young (Normal) (G1 Evacuation Pause) 4702M->3988M(18844M) 231.932ms
[38.880s][info][gc] GC(36) Pause Young (Normal) (G1 Evacuation Pause) 4808M->4092M(19172M) 230.517ms
[40.036s][info][gc] GC(37) Pause Young (Normal) (G1 Evacuation Pause) 4932M->4188M(19172M) 219.590ms
[41.125s][info][gc] GC(38) Pause Young (Normal) (G1 Evacuation Pause) 5044M->4306M(19172M) 228.705ms
[42.219s][info][gc] GC(39) Pause Young (Normal) (G1 Evacuation Pause) 5142M->4402M(19172M) 216.877ms
[43.288s][info][gc] GC(40) Pause Young (Normal) (G1 Evacuation Pause) 5254M->4512M(19440M) 216.040ms
[44.361s][info][gc] GC(41) Pause Young (Normal) (G1 Evacuation Pause) 5372M->4614M(19440M) 217.428ms
End benchmark
benchmarkAvgTime : 41244
nbThread : 8
[1.197s][info][gc] GC(0) Pause Young (Normal) (G1 Evacuation Pause) 280M->145M(5128M) 111.620ms
[1.818s][info][gc] GC(1) Pause Young (Normal) (G1 Evacuation Pause) 369M->182M(5128M) 74.825ms
[2.458s][info][gc] GC(2) Pause Young (Normal) (G1 Evacuation Pause) 406M->189M(5128M) 21.738ms
[3.179s][info][gc] GC(3) Pause Young (Normal) (G1 Evacuation Pause) 437M->188M(5128M) 7.856ms
[3.906s][info][gc] GC(4) Pause Young (Normal) (G1 Evacuation Pause) 440M->187M(5128M) 4.826ms
[4.673s][info][gc] GC(5) Pause Young (Normal) (G1 Evacuation Pause) 439M->200M(5128M) 13.037ms
[5.133s][info][gc] GC(6) Pause Young (Normal) (G1 Evacuation Pause) 448M->369M(5128M) 105.216ms
[5.505s][info][gc] GC(7) Pause Young (Normal) (G1 Evacuation Pause) 593M->534M(5128M) 132.425ms
[5.988s][info][gc] GC(8) Pause Young (Normal) (G1 Evacuation Pause) 758M->682M(8604M) 159.841ms
[6.672s][info][gc] GC(9) Pause Young (Normal) (G1 Evacuation Pause) 1078M->782M(8604M) 117.813ms
[7.247s][info][gc] GC(10) Pause Young (Normal) (G1 Evacuation Pause) 1154M->880M(8604M) 137.710ms
[7.909s][info][gc] GC(11) Pause Young (Normal) (G1 Evacuation Pause) 1252M->976M(8604M) 150.960ms
[8.651s][info][gc] GC(12) Pause Young (Normal) (G1 Evacuation Pause) 1348M->1068M(11756M) 176.651ms
[9.802s][info][gc] GC(13) Pause Young (Normal) (G1 Evacuation Pause) 1596M->1200M(11756M) 224.024ms
[10.923s][info][gc] GC(14) Pause Young (Normal) (G1 Evacuation Pause) 1708M->1324M(11756M) 250.197ms
[12.049s][info][gc] GC(15) Pause Young (Normal) (G1 Evacuation Pause) 1832M->1452M(11756M) 268.286ms
[13.279s][info][gc] GC(16) Pause Young (Normal) (G1 Evacuation Pause) 1960M->1580M(15132M) 278.565ms
[15.071s][info][gc] GC(17) Pause Young (Normal) (G1 Evacuation Pause) 2260M->1746M(15132M) 334.432ms
Start benchmark
[17.263s][info][gc] GC(18) Pause Young (Normal) (G1 Evacuation Pause) 2466M->1962M(15132M) 370.844ms
[18.588s][info][gc] GC(19) Pause Young (Normal) (G1 Evacuation Pause) 2622M->2070M(15132M) 259.571ms
[19.861s][info][gc] GC(20) Pause Young (Normal) (G1 Evacuation Pause) 2730M->2186M(17020M) 239.489ms
[21.282s][info][gc] GC(21) Pause Young (Normal) (G1 Evacuation Pause) 2938M->2304M(17020M) 257.108ms
[22.738s][info][gc] GC(22) Pause Young (Normal) (G1 Evacuation Pause) 3044M->2434M(17020M) 275.667ms
[24.075s][info][gc] GC(23) Pause Young (Normal) (G1 Evacuation Pause) 3174M->2570M(17020M) 265.965ms
[25.387s][info][gc] GC(24) Pause Young (Normal) (G1 Evacuation Pause) 3310M->2702M(17712M) 261.066ms
[26.723s][info][gc] GC(25) Pause Young (Normal) (G1 Evacuation Pause) 3478M->2846M(17712M) 263.964ms
[28.177s][info][gc] GC(26) Pause Young (Normal) (G1 Evacuation Pause) 3678M->3030M(17712M) 285.615ms
[29.553s][info][gc] GC(27) Pause Young (Normal) (G1 Evacuation Pause) 3802M->3154M(17712M) 279.683ms
[30.822s][info][gc] GC(28) Pause Young (Normal) (G1 Evacuation Pause) 3926M->3290M(18268M) 262.510ms
[32.203s][info][gc] GC(29) Pause Young (Normal) (G1 Evacuation Pause) 4090M->3414M(18268M) 250.541ms
[33.517s][info][gc] GC(30) Pause Young (Normal) (G1 Evacuation Pause) 4210M->3534M(18268M) 247.596ms
[34.728s][info][gc] GC(31) Pause Young (Normal) (G1 Evacuation Pause) 4330M->3662M(18268M) 252.230ms
[36.056s][info][gc] GC(32) Pause Young (Normal) (G1 Evacuation Pause) 4458M->3774M(18712M) 237.569ms
[37.395s][info][gc] GC(33) Pause Young (Normal) (G1 Evacuation Pause) 4590M->3898M(18712M) 255.749ms
[38.676s][info][gc] GC(34) Pause Young (Normal) (G1 Evacuation Pause) 4710M->4020M(18712M) 246.115ms
[39.940s][info][gc] GC(35) Pause Young (Normal) (G1 Evacuation Pause) 4832M->4138M(18712M) 245.926ms
[41.193s][info][gc] GC(36) Pause Young (Normal) (G1 Evacuation Pause) 4950M->4258M(19068M) 244.575ms
[42.474s][info][gc] GC(37) Pause Young (Normal) (G1 Evacuation Pause) 5090M->4376M(19068M) 246.145ms
[43.704s][info][gc] GC(38) Pause Young (Normal) (G1 Evacuation Pause) 5208M->4494M(19068M) 242.731ms
[44.922s][info][gc] GC(39) Pause Young (Normal) (G1 Evacuation Pause) 5326M->4610M(19068M) 244.135ms
End benchmark
[47.719s][info][gc] GC(40) Pause Young (Normal) (G1 Evacuation Pause) 5442M->4716M(19352M) 256.104ms
benchmarkAvgTime : 41582
nbThread : 8
[1.151s][info][gc] GC(0) Pause Young (Normal) (G1 Evacuation Pause) 280M->145M(5128M) 106.063ms
[1.740s][info][gc] GC(1) Pause Young (Normal) (G1 Evacuation Pause) 369M->185M(5128M) 72.302ms
[2.326s][info][gc] GC(2) Pause Young (Normal) (G1 Evacuation Pause) 409M->193M(5128M) 22.949ms
[3.018s][info][gc] GC(3) Pause Young (Normal) (G1 Evacuation Pause) 441M->190M(5128M) 8.596ms
[3.659s][info][gc] GC(4) Pause Young (Normal) (G1 Evacuation Pause) 442M->190M(5128M) 4.808ms
[4.300s][info][gc] GC(5) Pause Young (Normal) (G1 Evacuation Pause) 442M->190M(5128M) 4.877ms
[4.812s][info][gc] GC(6) Pause Young (Normal) (G1 Evacuation Pause) 454M->309M(5128M) 66.212ms
[5.098s][info][gc] GC(7) Pause Young (Normal) (G1 Evacuation Pause) 533M->471M(8200M) 124.574ms
[5.850s][info][gc] GC(8) Pause Young (Normal) (G1 Evacuation Pause) 847M->692M(8200M) 194.145ms
[6.386s][info][gc] GC(9) Pause Young (Normal) (G1 Evacuation Pause) 1048M->788M(8200M) 115.352ms
[6.927s][info][gc] GC(10) Pause Young (Normal) (G1 Evacuation Pause) 1144M->876M(8200M) 128.689ms
[7.562s][info][gc] GC(11) Pause Young (Normal) (G1 Evacuation Pause) 1232M->966M(11652M) 156.856ms
[8.628s][info][gc] GC(12) Pause Young (Normal) (G1 Evacuation Pause) 1494M->1098M(11652M) 209.409ms
[9.654s][info][gc] GC(13) Pause Young (Normal) (G1 Evacuation Pause) 1602M->1222M(11652M) 231.802ms
[10.767s][info][gc] GC(14) Pause Young (Normal) (G1 Evacuation Pause) 1726M->1346M(11652M) 246.472ms
[11.895s][info][gc] GC(15) Pause Young (Normal) (G1 Evacuation Pause) 1850M->1472M(14936M) 272.752ms
[13.568s][info][gc] GC(16) Pause Young (Normal) (G1 Evacuation Pause) 2140M->1636M(14936M) 321.709ms
Start benchmark
[15.765s][info][gc] GC(17) Pause Young (Normal) (G1 Evacuation Pause) 2344M->1886M(14936M) 380.613ms
[17.306s][info][gc] GC(18) Pause Young (Normal) (G1 Evacuation Pause) 2534M->1990M(14936M) 291.344ms
[18.568s][info][gc] GC(19) Pause Young (Normal) (G1 Evacuation Pause) 2638M->2096M(17072M) 240.291ms
[20.133s][info][gc] GC(20) Pause Young (Normal) (G1 Evacuation Pause) 2852M->2220M(17072M) 279.742ms
[21.584s][info][gc] GC(21) Pause Young (Normal) (G1 Evacuation Pause) 2964M->2350M(17072M) 287.235ms
[22.899s][info][gc] GC(22) Pause Young (Normal) (G1 Evacuation Pause) 3094M->2486M(17072M) 269.270ms
[24.183s][info][gc] GC(23) Pause Young (Normal) (G1 Evacuation Pause) 3230M->2614M(17792M) 260.151ms
[25.632s][info][gc] GC(24) Pause Young (Normal) (G1 Evacuation Pause) 3394M->2746M(17792M) 261.619ms
[27.147s][info][gc] GC(25) Pause Young (Normal) (G1 Evacuation Pause) 3582M->2934M(17792M) 301.167ms
[28.464s][info][gc] GC(26) Pause Young (Normal) (G1 Evacuation Pause) 3710M->3062M(17792M) 287.042ms
[29.699s][info][gc] GC(27) Pause Young (Normal) (G1 Evacuation Pause) 3838M->3190M(18332M) 254.528ms
[31.108s][info][gc] GC(28) Pause Young (Normal) (G1 Evacuation Pause) 3994M->3308M(18332M) 250.223ms
[32.428s][info][gc] GC(29) Pause Young (Normal) (G1 Evacuation Pause) 4108M->3432M(18332M) 253.034ms
[33.688s][info][gc] GC(30) Pause Young (Normal) (G1 Evacuation Pause) 4232M->3562M(18332M) 257.081ms
[34.963s][info][gc] GC(31) Pause Young (Normal) (G1 Evacuation Pause) 4362M->3680M(18764M) 244.648ms
[36.299s][info][gc] GC(32) Pause Young (Normal) (G1 Evacuation Pause) 4500M->3802M(18764M) 256.340ms
[37.609s][info][gc] GC(33) Pause Young (Normal) (G1 Evacuation Pause) 4618M->3920M(18764M) 248.826ms
[38.849s][info][gc] GC(34) Pause Young (Normal) (G1 Evacuation Pause) 4736M->4040M(18764M) 253.139ms
[40.112s][info][gc] GC(35) Pause Young (Normal) (G1 Evacuation Pause) 4856M->4158M(19108M) 245.572ms
[41.412s][info][gc] GC(36) Pause Young (Normal) (G1 Evacuation Pause) 4990M->4276M(19108M) 242.990ms
[42.660s][info][gc] GC(37) Pause Young (Normal) (G1 Evacuation Pause) 5108M->4394M(19108M) 259.179ms
[43.902s][info][gc] GC(38) Pause Young (Normal) (G1 Evacuation Pause) 5226M->4508M(19108M) 246.276ms
[45.159s][info][gc] GC(39) Pause Young (Normal) (G1 Evacuation Pause) 5344M->4612M(19384M) 241.038ms
End benchmark
benchmarkAvgTime : 41014
nbThread : 8
[1.105s][info][gc] GC(0) Pause Young (Normal) (G1 Evacuation Pause) 280M->145M(5128M) 108.040ms
[1.754s][info][gc] GC(1) Pause Young (Normal) (G1 Evacuation Pause) 369M->183M(5128M) 76.280ms
[2.388s][info][gc] GC(2) Pause Young (Normal) (G1 Evacuation Pause) 407M->189M(5128M) 20.356ms
[3.062s][info][gc] GC(3) Pause Young (Normal) (G1 Evacuation Pause) 437M->188M(5128M) 4.879ms
[3.721s][info][gc] GC(4) Pause Young (Normal) (G1 Evacuation Pause) 436M->188M(5128M) 4.898ms
[4.391s][info][gc] GC(5) Pause Young (Normal) (G1 Evacuation Pause) 440M->188M(5128M) 5.032ms
[4.891s][info][gc] GC(6) Pause Young (Normal) (G1 Evacuation Pause) 452M->326M(5128M) 70.097ms
[5.197s][info][gc] GC(7) Pause Young (Normal) (G1 Evacuation Pause) 550M->490M(5128M) 128.923ms
[5.566s][info][gc] GC(8) Pause Young (Normal) (G1 Evacuation Pause) 714M->656M(8460M) 150.518ms
[6.427s][info][gc] GC(9) Pause Young (Normal) (G1 Evacuation Pause) 1044M->762M(8460M) 128.751ms
[7.152s][info][gc] GC(10) Pause Young (Normal) (G1 Evacuation Pause) 1126M->856M(8460M) 128.063ms
[7.972s][info][gc] GC(11) Pause Young (Normal) (G1 Evacuation Pause) 1220M->950M(8460M) 144.334ms
[8.895s][info][gc] GC(12) Pause Young (Normal) (G1 Evacuation Pause) 1314M->1042M(11648M) 168.911ms
[10.311s][info][gc] GC(13) Pause Young (Normal) (G1 Evacuation Pause) 1566M->1172M(11648M) 220.990ms
[11.661s][info][gc] GC(14) Pause Young (Normal) (G1 Evacuation Pause) 1676M->1300M(11648M) 246.953ms
[12.852s][info][gc] GC(15) Pause Young (Normal) (G1 Evacuation Pause) 1804M->1424M(11648M) 258.258ms
[14.098s][info][gc] GC(16) Pause Young (Normal) (G1 Evacuation Pause) 1928M->1548M(14596M) 284.477ms
[15.881s][info][gc] GC(17) Pause Young (Normal) (G1 Evacuation Pause) 2200M->1706M(14596M) 330.473ms
Start benchmark
[18.073s][info][gc] GC(18) Pause Young (Normal) (G1 Evacuation Pause) 2402M->1928M(14596M) 396.474ms
[19.451s][info][gc] GC(19) Pause Young (Normal) (G1 Evacuation Pause) 2564M->2032M(14596M) 256.790ms
[20.576s][info][gc] GC(20) Pause Young (Normal) (G1 Evacuation Pause) 2668M->2128M(16468M) 206.856ms
[22.125s][info][gc] GC(21) Pause Young (Normal) (G1 Evacuation Pause) 2856M->2252M(16468M) 268.347ms
[23.451s][info][gc] GC(22) Pause Young (Normal) (G1 Evacuation Pause) 2968M->2374M(16468M) 266.896ms
[24.715s][info][gc] GC(23) Pause Young (Normal) (G1 Evacuation Pause) 3090M->2504M(16468M) 254.808ms
[25.907s][info][gc] GC(24) Pause Young (Normal) (G1 Evacuation Pause) 3220M->2636M(17272M) 250.815ms
[27.255s][info][gc] GC(25) Pause Young (Normal) (G1 Evacuation Pause) 3392M->2768M(17272M) 256.930ms
[28.607s][info][gc] GC(26) Pause Young (Normal) (G1 Evacuation Pause) 3580M->2958M(17272M) 276.812ms
[29.879s][info][gc] GC(27) Pause Young (Normal) (G1 Evacuation Pause) 3710M->3082M(17272M) 271.385ms
[31.158s][info][gc] GC(28) Pause Young (Normal) (G1 Evacuation Pause) 3834M->3204M(17916M) 248.444ms
[32.458s][info][gc] GC(29) Pause Young (Normal) (G1 Evacuation Pause) 3988M->3338M(17916M) 253.524ms
[33.670s][info][gc] GC(30) Pause Young (Normal) (G1 Evacuation Pause) 4118M->3470M(17916M) 251.507ms
[34.855s][info][gc] GC(31) Pause Young (Normal) (G1 Evacuation Pause) 4250M->3596M(17916M) 247.689ms
[36.078s][info][gc] GC(32) Pause Young (Normal) (G1 Evacuation Pause) 4376M->3712M(18432M) 239.880ms
[37.367s][info][gc] GC(33) Pause Young (Normal) (G1 Evacuation Pause) 4520M->3838M(18432M) 251.630ms
[38.643s][info][gc] GC(34) Pause Young (Normal) (G1 Evacuation Pause) 4642M->3956M(18432M) 249.190ms
[39.863s][info][gc] GC(35) Pause Young (Normal) (G1 Evacuation Pause) 4760M->4074M(18432M) 248.249ms
[41.065s][info][gc] GC(36) Pause Young (Normal) (G1 Evacuation Pause) 4878M->4192M(18852M) 247.312ms
[42.316s][info][gc] GC(37) Pause Young (Normal) (G1 Evacuation Pause) 5016M->4312M(18852M) 245.426ms
[43.552s][info][gc] GC(38) Pause Young (Normal) (G1 Evacuation Pause) 5132M->4430M(18852M) 250.825ms
[44.802s][info][gc] GC(39) Pause Young (Normal) (G1 Evacuation Pause) 5250M->4546M(18852M) 266.035ms
[45.989s][info][gc] GC(40) Pause Young (Normal) (G1 Evacuation Pause) 5366M->4662M(19204M) 237.626ms
End benchmark
benchmarkAvgTime : 42641
nbThread : 8
[1.150s][info][gc] GC(0) Pause Young (Normal) (G1 Evacuation Pause) 280M->145M(5128M) 105.698ms
[1.787s][info][gc] GC(1) Pause Young (Normal) (G1 Evacuation Pause) 369M->183M(5128M) 78.677ms
[2.396s][info][gc] GC(2) Pause Young (Normal) (G1 Evacuation Pause) 407M->189M(5128M) 29.924ms
[3.064s][info][gc] GC(3) Pause Young (Normal) (G1 Evacuation Pause) 437M->186M(5128M) 8.735ms
[3.735s][info][gc] GC(4) Pause Young (Normal) (G1 Evacuation Pause) 438M->186M(5128M) 4.683ms
[4.502s][info][gc] GC(5) Pause Young (Normal) (G1 Evacuation Pause) 438M->211M(5128M) 27.879ms
[4.793s][info][gc] GC(6) Pause Young (Normal) (G1 Evacuation Pause) 447M->372M(7716M) 111.680ms
[5.325s][info][gc] GC(7) Pause Young (Normal) (G1 Evacuation Pause) 724M->630M(7716M) 181.184ms
[5.945s][info][gc] GC(8) Pause Young (Normal) (G1 Evacuation Pause) 966M->742M(7716M) 132.534ms
[6.438s][info][gc] GC(9) Pause Young (Normal) (G1 Evacuation Pause) 1078M->828M(7716M) 116.893ms
[7.008s][info][gc] GC(10) Pause Young (Normal) (G1 Evacuation Pause) 1164M->914M(11128M) 137.815ms
[7.985s][info][gc] GC(11) Pause Young (Normal) (G1 Evacuation Pause) 1422M->1040M(11128M) 182.861ms
[8.947s][info][gc] GC(12) Pause Young (Normal) (G1 Evacuation Pause) 1524M->1164M(11128M) 214.290ms
[9.978s][info][gc] GC(13) Pause Young (Normal) (G1 Evacuation Pause) 1648M->1286M(11128M) 228.792ms
[11.097s][info][gc] GC(14) Pause Young (Normal) (G1 Evacuation Pause) 1770M->1406M(14272M) 251.237ms
[12.710s][info][gc] GC(15) Pause Young (Normal) (G1 Evacuation Pause) 2046M->1564M(14272M) 300.085ms
[14.241s][info][gc] GC(16) Pause Young (Normal) (G1 Evacuation Pause) 2184M->1716M(14272M) 328.001ms
Start benchmark
[16.165s][info][gc] GC(17) Pause Young (Normal) (G1 Evacuation Pause) 2396M->1936M(14272M) 365.447ms
[17.320s][info][gc] GC(18) Pause Young (Normal) (G1 Evacuation Pause) 2556M->2024M(16756M) 249.076ms
[18.837s][info][gc] GC(19) Pause Young (Normal) (G1 Evacuation Pause) 2768M->2140M(16756M) 247.113ms
[20.271s][info][gc] GC(20) Pause Young (Normal) (G1 Evacuation Pause) 2868M->2268M(16756M) 281.712ms
[21.670s][info][gc] GC(21) Pause Young (Normal) (G1 Evacuation Pause) 2996M->2398M(16756M) 272.435ms
[23.042s][info][gc] GC(22) Pause Young (Normal) (G1 Evacuation Pause) 3126M->2530M(17576M) 271.332ms
[24.425s][info][gc] GC(23) Pause Young (Normal) (G1 Evacuation Pause) 3298M->2668M(17576M) 271.074ms
[25.759s][info][gc] GC(24) Pause Young (Normal) (G1 Evacuation Pause) 3432M->2794M(17576M) 251.877ms
[27.188s][info][gc] GC(25) Pause Young (Normal) (G1 Evacuation Pause) 3618M->2990M(17576M) 288.477ms
[28.503s][info][gc] GC(26) Pause Young (Normal) (G1 Evacuation Pause) 3754M->3118M(18160M) 284.968ms
[29.826s][info][gc] GC(27) Pause Young (Normal) (G1 Evacuation Pause) 3914M->3254M(18160M) 258.156ms
[31.080s][info][gc] GC(28) Pause Young (Normal) (G1 Evacuation Pause) 4046M->3382M(18160M) 254.340ms
[32.378s][info][gc] GC(29) Pause Young (Normal) (G1 Evacuation Pause) 4174M->3502M(18160M) 258.962ms
[33.655s][info][gc] GC(30) Pause Young (Normal) (G1 Evacuation Pause) 4294M->3622M(18624M) 249.514ms
[35.024s][info][gc] GC(31) Pause Young (Normal) (G1 Evacuation Pause) 4434M->3740M(18624M) 251.859ms
[36.337s][info][gc] GC(32) Pause Young (Normal) (G1 Evacuation Pause) 4552M->3860M(18624M) 251.639ms
[37.638s][info][gc] GC(33) Pause Young (Normal) (G1 Evacuation Pause) 4672M->3976M(18624M) 245.173ms
[38.943s][info][gc] GC(34) Pause Young (Normal) (G1 Evacuation Pause) 4788M->4094M(18996M) 249.537ms
[40.212s][info][gc] GC(35) Pause Young (Normal) (G1 Evacuation Pause) 4926M->4218M(18996M) 249.570ms
[41.439s][info][gc] GC(36) Pause Young (Normal) (G1 Evacuation Pause) 5046M->4336M(18996M) 245.331ms
[42.645s][info][gc] GC(37) Pause Young (Normal) (G1 Evacuation Pause) 5164M->4452M(18996M) 240.118ms
[43.857s][info][gc] GC(38) Pause Young (Normal) (G1 Evacuation Pause) 5280M->4572M(19296M) 236.065ms
[45.129s][info][gc] GC(39) Pause Young (Normal) (G1 Evacuation Pause) 5416M->4684M(19296M) 237.850ms
End benchmark
benchmarkAvgTime : 41221
nbThread : 8
[1.171s][info][gc] GC(0) Pause Young (Normal) (G1 Evacuation Pause) 280M->145M(5128M) 93.367ms
[1.776s][info][gc] GC(1) Pause Young (Normal) (G1 Evacuation Pause) 369M->185M(5128M) 67.656ms
[2.384s][info][gc] GC(2) Pause Young (Normal) (G1 Evacuation Pause) 409M->192M(5128M) 19.274ms
[3.067s][info][gc] GC(3) Pause Young (Normal) (G1 Evacuation Pause) 440M->190M(5128M) 4.127ms
[3.757s][info][gc] GC(4) Pause Young (Normal) (G1 Evacuation Pause) 442M->190M(5128M) 4.162ms
[4.446s][info][gc] GC(5) Pause Young (Normal) (G1 Evacuation Pause) 442M->190M(5128M) 4.144ms
[4.937s][info][gc] GC(6) Pause Young (Normal) (G1 Evacuation Pause) 454M->341M(5128M) 77.797ms
[5.245s][info][gc] GC(7) Pause Young (Normal) (G1 Evacuation Pause) 565M->506M(5128M) 121.012ms
[5.614s][info][gc] GC(8) Pause Young (Normal) (G1 Evacuation Pause) 730M->672M(8200M) 151.479ms
[6.401s][info][gc] GC(9) Pause Young (Normal) (G1 Evacuation Pause) 1048M->770M(8200M) 108.368ms
[6.940s][info][gc] GC(10) Pause Young (Normal) (G1 Evacuation Pause) 1126M->860M(8200M) 121.973ms
[7.547s][info][gc] GC(11) Pause Young (Normal) (G1 Evacuation Pause) 1216M->948M(8200M) 134.630ms
[8.230s][info][gc] GC(12) Pause Young (Normal) (G1 Evacuation Pause) 1304M->1038M(11364M) 161.496ms
[9.314s][info][gc] GC(13) Pause Young (Normal) (G1 Evacuation Pause) 1554M->1166M(11364M) 207.928ms
[10.337s][info][gc] GC(14) Pause Young (Normal) (G1 Evacuation Pause) 1662M->1288M(11364M) 228.642ms
[11.605s][info][gc] GC(15) Pause Young (Normal) (G1 Evacuation Pause) 1784M->1414M(11364M) 243.104ms
[13.042s][info][gc] GC(16) Pause Young (Normal) (G1 Evacuation Pause) 1910M->1536M(14748M) 270.336ms
[15.299s][info][gc] GC(17) Pause Young (Normal) (G1 Evacuation Pause) 2200M->1696M(14748M) 316.998ms
Start benchmark
[17.820s][info][gc] GC(18) Pause Young (Normal) (G1 Evacuation Pause) 2400M->1922M(14748M) 386.680ms
[19.133s][info][gc] GC(19) Pause Young (Normal) (G1 Evacuation Pause) 2566M->2012M(14748M) 260.137ms
[20.390s][info][gc] GC(20) Pause Young (Normal) (G1 Evacuation Pause) 2656M->2120M(16644M) 232.459ms
[21.936s][info][gc] GC(21) Pause Young (Normal) (G1 Evacuation Pause) 2860M->2246M(16644M) 274.874ms
[23.338s][info][gc] GC(22) Pause Young (Normal) (G1 Evacuation Pause) 2974M->2378M(16644M) 285.533ms
[24.667s][info][gc] GC(23) Pause Young (Normal) (G1 Evacuation Pause) 3106M->2512M(16644M) 267.518ms
[25.915s][info][gc] GC(24) Pause Young (Normal) (G1 Evacuation Pause) 3240M->2642M(17412M) 258.312ms
[27.238s][info][gc] GC(25) Pause Young (Normal) (G1 Evacuation Pause) 3406M->2780M(17412M) 258.748ms
[28.694s][info][gc] GC(26) Pause Young (Normal) (G1 Evacuation Pause) 3596M->2958M(17412M) 277.752ms
[30.014s][info][gc] GC(27) Pause Young (Normal) (G1 Evacuation Pause) 3714M->3084M(17412M) 285.108ms
[31.253s][info][gc] GC(28) Pause Young (Normal) (G1 Evacuation Pause) 3840M->3208M(18028M) 254.178ms
[32.562s][info][gc] GC(29) Pause Young (Normal) (G1 Evacuation Pause) 3996M->3332M(18028M) 247.461ms
[33.848s][info][gc] GC(30) Pause Young (Normal) (G1 Evacuation Pause) 4116M->3454M(18028M) 249.722ms
[35.119s][info][gc] GC(31) Pause Young (Normal) (G1 Evacuation Pause) 4238M->3576M(18028M) 251.612ms
[36.404s][info][gc] GC(32) Pause Young (Normal) (G1 Evacuation Pause) 4360M->3694M(18520M) 242.677ms
[37.688s][info][gc] GC(33) Pause Young (Normal) (G1 Evacuation Pause) 4502M->3820M(18520M) 257.062ms
[38.927s][info][gc] GC(34) Pause Young (Normal) (G1 Evacuation Pause) 4628M->3936M(18520M) 249.355ms
[40.230s][info][gc] GC(35) Pause Young (Normal) (G1 Evacuation Pause) 4744M->4052M(18520M) 237.866ms
[41.461s][info][gc] GC(36) Pause Young (Normal) (G1 Evacuation Pause) 4860M->4168M(18912M) 248.046ms
[42.724s][info][gc] GC(37) Pause Young (Normal) (G1 Evacuation Pause) 4996M->4292M(18912M) 249.887ms
[43.939s][info][gc] GC(38) Pause Young (Normal) (G1 Evacuation Pause) 5116M->4410M(18912M) 240.609ms
[45.165s][info][gc] GC(39) Pause Young (Normal) (G1 Evacuation Pause) 5234M->4524M(18912M) 232.900ms
[46.378s][info][gc] GC(40) Pause Young (Normal) (G1 Evacuation Pause) 5352M->4638M(19228M) 233.827ms
End benchmark
benchmarkAvgTime : 42520
nbThread : 8
[1.103s][info][gc] GC(0) Pause Young (Normal) (G1 Evacuation Pause) 280M->145M(5128M) 106.866ms
[1.702s][info][gc] GC(1) Pause Young (Normal) (G1 Evacuation Pause) 369M->185M(5128M) 74.678ms
[2.319s][info][gc] GC(2) Pause Young (Normal) (G1 Evacuation Pause) 409M->189M(5128M) 20.330ms
[3.012s][info][gc] GC(3) Pause Young (Normal) (G1 Evacuation Pause) 437M->188M(5128M) 4.335ms
[3.745s][info][gc] GC(4) Pause Young (Normal) (G1 Evacuation Pause) 440M->188M(5128M) 4.724ms
[4.446s][info][gc] GC(5) Pause Young (Normal) (G1 Evacuation Pause) 440M->188M(5128M) 4.082ms
[5.104s][info][gc] GC(6) Pause Young (Normal) (G1 Evacuation Pause) 452M->306M(5128M) 87.313ms
[5.399s][info][gc] GC(7) Pause Young (Normal) (G1 Evacuation Pause) 530M->468M(5128M) 113.985ms
[5.753s][info][gc] GC(8) Pause Young (Normal) (G1 Evacuation Pause) 692M->636M(8404M) 151.725ms
[6.527s][info][gc] GC(9) Pause Young (Normal) (G1 Evacuation Pause) 1024M->754M(8404M) 131.154ms
[7.027s][info][gc] GC(10) Pause Young (Normal) (G1 Evacuation Pause) 1118M->842M(8404M) 118.705ms
[7.601s][info][gc] GC(11) Pause Young (Normal) (G1 Evacuation Pause) 1206M->928M(8404M) 138.466ms
[8.224s][info][gc] GC(12) Pause Young (Normal) (G1 Evacuation Pause) 1292M->1016M(11552M) 153.232ms
[9.218s][info][gc] GC(13) Pause Young (Normal) (G1 Evacuation Pause) 1536M->1132M(11552M) 195.876ms
[10.184s][info][gc] GC(14) Pause Young (Normal) (G1 Evacuation Pause) 1636M->1246M(11552M) 219.700ms
[11.222s][info][gc] GC(15) Pause Young (Normal) (G1 Evacuation Pause) 1750M->1360M(11552M) 230.153ms
[12.337s][info][gc] GC(16) Pause Young (Normal) (G1 Evacuation Pause) 1864M->1472M(14752M) 257.110ms
[13.895s][info][gc] GC(17) Pause Young (Normal) (G1 Evacuation Pause) 2136M->1622M(14752M) 300.089ms
[15.415s][info][gc] GC(18) Pause Young (Normal) (G1 Evacuation Pause) 2266M->1764M(14752M) 319.361ms
Start benchmark
[17.449s][info][gc] GC(19) Pause Young (Normal) (G1 Evacuation Pause) 2468M->1974M(14752M) 340.394ms
[18.505s][info][gc] GC(20) Pause Young (Normal) (G1 Evacuation Pause) 2618M->2076M(16980M) 245.728ms
[20.062s][info][gc] GC(21) Pause Young (Normal) (G1 Evacuation Pause) 2832M->2200M(16980M) 250.187ms
[21.437s][info][gc] GC(22) Pause Young (Normal) (G1 Evacuation Pause) 2940M->2320M(16980M) 267.654ms
[22.737s][info][gc] GC(23) Pause Young (Normal) (G1 Evacuation Pause) 3060M->2442M(16980M) 257.429ms
[24.017s][info][gc] GC(24) Pause Young (Normal) (G1 Evacuation Pause) 3182M->2562M(17724M) 250.798ms
[25.304s][info][gc] GC(25) Pause Young (Normal) (G1 Evacuation Pause) 3338M->2692M(17724M) 254.110ms
[26.476s][info][gc] GC(26) Pause Young (Normal) (G1 Evacuation Pause) 3464M->2824M(17724M) 248.835ms
[27.818s][info][gc] GC(27) Pause Young (Normal) (G1 Evacuation Pause) 3656M->2996M(17724M) 270.950ms
[29.071s][info][gc] GC(28) Pause Young (Normal) (G1 Evacuation Pause) 3768M->3110M(18276M) 268.493ms
[30.290s][info][gc] GC(29) Pause Young (Normal) (G1 Evacuation Pause) 3910M->3230M(18276M) 246.231ms
[31.457s][info][gc] GC(30) Pause Young (Normal) (G1 Evacuation Pause) 4026M->3350M(18276M) 239.827ms
[32.626s][info][gc] GC(31) Pause Young (Normal) (G1 Evacuation Pause) 4146M->3462M(18276M) 234.012ms
[33.767s][info][gc] GC(32) Pause Young (Normal) (G1 Evacuation Pause) 4258M->3576M(18720M) 234.994ms
[35.011s][info][gc] GC(33) Pause Young (Normal) (G1 Evacuation Pause) 4396M->3686M(18720M) 242.778ms
[36.208s][info][gc] GC(34) Pause Young (Normal) (G1 Evacuation Pause) 4506M->3794M(18720M) 232.341ms
[37.331s][info][gc] GC(35) Pause Young (Normal) (G1 Evacuation Pause) 4618M->3902M(18720M) 231.441ms
[38.445s][info][gc] GC(36) Pause Young (Normal) (G1 Evacuation Pause) 4718M->4014M(19076M) 235.220ms
[39.633s][info][gc] GC(37) Pause Young (Normal) (G1 Evacuation Pause) 4846M->4120M(19076M) 225.854ms
[40.758s][info][gc] GC(38) Pause Young (Normal) (G1 Evacuation Pause) 4956M->4224M(19076M) 221.259ms
[41.846s][info][gc] GC(39) Pause Young (Normal) (G1 Evacuation Pause) 5060M->4322M(19076M) 222.695ms
[42.945s][info][gc] GC(40) Pause Young (Normal) (G1 Evacuation Pause) 5162M->4432M(19360M) 222.446ms
[44.058s][info][gc] GC(41) Pause Young (Normal) (G1 Evacuation Pause) 5280M->4526M(19360M) 224.158ms
[45.141s][info][gc] GC(42) Pause Young (Normal) (G1 Evacuation Pause) 5382M->4628M(19360M) 220.312ms
End benchmark
[47.992s][info][gc] GC(43) Pause Young (Normal) (G1 Evacuation Pause) 5480M->4716M(19360M) 206.680ms
benchmarkAvgTime : 41541
nbThread : 8
[1.110s][info][gc] GC(0) Pause Young (Normal) (G1 Evacuation Pause) 280M->145M(5128M) 97.387ms
[1.699s][info][gc] GC(1) Pause Young (Normal) (G1 Evacuation Pause) 369M->186M(5128M) 68.093ms
[2.303s][info][gc] GC(2) Pause Young (Normal) (G1 Evacuation Pause) 410M->193M(5128M) 18.563ms
[2.971s][info][gc] GC(3) Pause Young (Normal) (G1 Evacuation Pause) 441M->192M(5128M) 4.279ms
[3.634s][info][gc] GC(4) Pause Young (Normal) (G1 Evacuation Pause) 440M->191M(5128M) 4.192ms
[4.333s][info][gc] GC(5) Pause Young (Normal) (G1 Evacuation Pause) 443M->191M(5128M) 4.217ms
[4.788s][info][gc] GC(6) Pause Young (Normal) (G1 Evacuation Pause) 455M->318M(5128M) 65.983ms
[5.074s][info][gc] GC(7) Pause Young (Normal) (G1 Evacuation Pause) 542M->482M(5128M) 119.375ms
[5.434s][info][gc] GC(8) Pause Young (Normal) (G1 Evacuation Pause) 706M->650M(8232M) 154.790ms
[6.222s][info][gc] GC(9) Pause Young (Normal) (G1 Evacuation Pause) 1026M->762M(8232M) 125.495ms
[6.710s][info][gc] GC(10) Pause Young (Normal) (G1 Evacuation Pause) 1118M->848M(8232M) 115.518ms
[7.249s][info][gc] GC(11) Pause Young (Normal) (G1 Evacuation Pause) 1204M->934M(8232M) 124.143ms
[7.856s][info][gc] GC(12) Pause Young (Normal) (G1 Evacuation Pause) 1290M->1020M(11516M) 158.526ms
[8.826s][info][gc] GC(13) Pause Young (Normal) (G1 Evacuation Pause) 1540M->1138M(11516M) 192.698ms
[9.776s][info][gc] GC(14) Pause Young (Normal) (G1 Evacuation Pause) 1638M->1252M(11516M) 215.148ms
[10.765s][info][gc] GC(15) Pause Young (Normal) (G1 Evacuation Pause) 1752M->1364M(11516M) 228.886ms
[11.830s][info][gc] GC(16) Pause Young (Normal) (G1 Evacuation Pause) 1864M->1478M(14916M) 252.031ms
[13.403s][info][gc] GC(17) Pause Young (Normal) (G1 Evacuation Pause) 2150M->1626M(14916M) 306.323ms
[15.009s][info][gc] GC(18) Pause Young (Normal) (G1 Evacuation Pause) 2274M->1770M(14916M) 330.011ms
Start benchmark
[17.079s][info][gc] GC(19) Pause Young (Normal) (G1 Evacuation Pause) 2478M->1980M(14916M) 356.817ms
[18.265s][info][gc] GC(20) Pause Young (Normal) (G1 Evacuation Pause) 2628M->2078M(17144M) 250.679ms
[19.600s][info][gc] GC(21) Pause Young (Normal) (G1 Evacuation Pause) 2838M->2186M(17144M) 234.237ms
[20.968s][info][gc] GC(22) Pause Young (Normal) (G1 Evacuation Pause) 2934M->2302M(17144M) 264.435ms
[22.279s][info][gc] GC(23) Pause Young (Normal) (G1 Evacuation Pause) 3050M->2428M(17144M) 266.829ms
[23.674s][info][gc] GC(24) Pause Young (Normal) (G1 Evacuation Pause) 3176M->2556M(17852M) 279.974ms
[25.055s][info][gc] GC(25) Pause Young (Normal) (G1 Evacuation Pause) 3340M->2682M(17852M) 258.623ms
[26.302s][info][gc] GC(26) Pause Young (Normal) (G1 Evacuation Pause) 3462M->2802M(17852M) 244.173ms
[27.633s][info][gc] GC(27) Pause Young (Normal) (G1 Evacuation Pause) 3642M->2980M(17852M) 270.397ms
[28.847s][info][gc] GC(28) Pause Young (Normal) (G1 Evacuation Pause) 3760M->3098M(18380M) 272.752ms
[30.048s][info][gc] GC(29) Pause Young (Normal) (G1 Evacuation Pause) 3902M->3218M(18380M) 245.570ms
[31.210s][info][gc] GC(30) Pause Young (Normal) (G1 Evacuation Pause) 4018M->3334M(18380M) 236.820ms
[32.374s][info][gc] GC(31) Pause Young (Normal) (G1 Evacuation Pause) 4134M->3450M(18380M) 233.842ms
[33.522s][info][gc] GC(32) Pause Young (Normal) (G1 Evacuation Pause) 4250M->3562M(18800M) 239.709ms
[34.744s][info][gc] GC(33) Pause Young (Normal) (G1 Evacuation Pause) 4386M->3672M(18800M) 234.521ms
[35.903s][info][gc] GC(34) Pause Young (Normal) (G1 Evacuation Pause) 4492M->3776M(18800M) 226.987ms
[37.050s][info][gc] GC(35) Pause Young (Normal) (G1 Evacuation Pause) 4600M->3878M(18800M) 230.319ms
[38.150s][info][gc] GC(36) Pause Young (Normal) (G1 Evacuation Pause) 4702M->3994M(19136M) 235.972ms
[39.328s][info][gc] GC(37) Pause Young (Normal) (G1 Evacuation Pause) 4830M->4106M(19136M) 235.617ms
[40.461s][info][gc] GC(38) Pause Young (Normal) (G1 Evacuation Pause) 4946M->4196M(19136M) 218.181ms
[41.579s][info][gc] GC(39) Pause Young (Normal) (G1 Evacuation Pause) 5048M->4308M(19136M) 224.746ms
[42.668s][info][gc] GC(40) Pause Young (Normal) (G1 Evacuation Pause) 5148M->4414M(19412M) 226.542ms
[43.781s][info][gc] GC(41) Pause Young (Normal) (G1 Evacuation Pause) 5266M->4508M(19412M) 218.303ms
[44.834s][info][gc] GC(42) Pause Young (Normal) (G1 Evacuation Pause) 5368M->4612M(19412M) 221.687ms
End benchmark
[47.694s][info][gc] GC(43) Pause Young (Normal) (G1 Evacuation Pause) 5468M->4690M(19412M) 200.241ms
benchmarkAvgTime : 41421
nbThread : 8
[1.129s][info][gc] GC(0) Pause Young (Normal) (G1 Evacuation Pause) 280M->145M(5128M) 106.660ms
[1.727s][info][gc] GC(1) Pause Young (Normal) (G1 Evacuation Pause) 369M->184M(5128M) 73.224ms
[2.330s][info][gc] GC(2) Pause Young (Normal) (G1 Evacuation Pause) 408M->190M(5128M) 21.745ms
[2.997s][info][gc] GC(3) Pause Young (Normal) (G1 Evacuation Pause) 438M->188M(5128M) 4.779ms
[3.723s][info][gc] GC(4) Pause Young (Normal) (G1 Evacuation Pause) 440M->188M(5128M) 4.925ms
[4.448s][info][gc] GC(5) Pause Young (Normal) (G1 Evacuation Pause) 440M->188M(5128M) 4.722ms
[5.136s][info][gc] GC(6) Pause Young (Normal) (G1 Evacuation Pause) 440M->188M(5128M) 4.305ms
[5.538s][info][gc] GC(7) Pause Young (Normal) (G1 Evacuation Pause) 452M->363M(5128M) 94.694ms
[5.854s][info][gc] GC(8) Pause Young (Normal) (G1 Evacuation Pause) 587M->528M(5128M) 126.973ms
[6.300s][info][gc] GC(9) Pause Young (Normal) (G1 Evacuation Pause) 752M->678M(8584M) 157.820ms
[6.979s][info][gc] GC(10) Pause Young (Normal) (G1 Evacuation Pause) 1074M->776M(8584M) 107.531ms
[7.478s][info][gc] GC(11) Pause Young (Normal) (G1 Evacuation Pause) 1148M->864M(8584M) 124.244ms
[8.064s][info][gc] GC(12) Pause Young (Normal) (G1 Evacuation Pause) 1236M->950M(8584M) 144.231ms
[8.720s][info][gc] GC(13) Pause Young (Normal) (G1 Evacuation Pause) 1322M->1038M(11672M) 161.052ms
[9.745s][info][gc] GC(14) Pause Young (Normal) (G1 Evacuation Pause) 1562M->1154M(11672M) 205.364ms
[10.728s][info][gc] GC(15) Pause Young (Normal) (G1 Evacuation Pause) 1658M->1268M(11672M) 227.138ms
[11.765s][info][gc] GC(16) Pause Young (Normal) (G1 Evacuation Pause) 1772M->1380M(11672M) 242.186ms
[12.832s][info][gc] GC(17) Pause Young (Normal) (G1 Evacuation Pause) 1884M->1494M(15096M) 258.231ms
[14.411s][info][gc] GC(18) Pause Young (Normal) (G1 Evacuation Pause) 2170M->1644M(15096M) 312.152ms
Start benchmark
[16.298s][info][gc] GC(19) Pause Young (Normal) (G1 Evacuation Pause) 2348M->1870M(15096M) 368.033ms
[17.860s][info][gc] GC(20) Pause Young (Normal) (G1 Evacuation Pause) 2538M->1994M(15096M) 293.229ms
[19.072s][info][gc] GC(21) Pause Young (Normal) (G1 Evacuation Pause) 2650M->2098M(17200M) 233.291ms
[20.578s][info][gc] GC(22) Pause Young (Normal) (G1 Evacuation Pause) 2862M->2218M(17200M) 280.880ms
[22.008s][info][gc] GC(23) Pause Young (Normal) (G1 Evacuation Pause) 2970M->2340M(17200M) 274.675ms
[23.261s][info][gc] GC(24) Pause Young (Normal) (G1 Evacuation Pause) 3092M->2462M(17200M) 269.230ms
[24.517s][info][gc] GC(25) Pause Young (Normal) (G1 Evacuation Pause) 3214M->2590M(17924M) 257.374ms
[25.868s][info][gc] GC(26) Pause Young (Normal) (G1 Evacuation Pause) 3378M->2712M(17924M) 251.154ms
[27.252s][info][gc] GC(27) Pause Young (Normal) (G1 Evacuation Pause) 3556M->2886M(17924M) 268.974ms
[28.519s][info][gc] GC(28) Pause Young (Normal) (G1 Evacuation Pause) 3670M->3002M(17924M) 272.145ms
[29.729s][info][gc] GC(29) Pause Young (Normal) (G1 Evacuation Pause) 3786M->3116M(18436M) 240.570ms
[30.969s][info][gc] GC(30) Pause Young (Normal) (G1 Evacuation Pause) 3924M->3238M(18436M) 247.739ms
[32.110s][info][gc] GC(31) Pause Young (Normal) (G1 Evacuation Pause) 4042M->3356M(18436M) 248.688ms
[33.260s][info][gc] GC(32) Pause Young (Normal) (G1 Evacuation Pause) 4160M->3472M(18436M) 230.418ms
[34.378s][info][gc] GC(33) Pause Young (Normal) (G1 Evacuation Pause) 4276M->3580M(18848M) 233.262ms
[35.595s][info][gc] GC(34) Pause Young (Normal) (G1 Evacuation Pause) 4404M->3692M(18848M) 228.357ms
[36.733s][info][gc] GC(35) Pause Young (Normal) (G1 Evacuation Pause) 4520M->3796M(18848M) 226.487ms
[37.851s][info][gc] GC(36) Pause Young (Normal) (G1 Evacuation Pause) 4620M->3898M(18848M) 227.360ms
[38.968s][info][gc] GC(37) Pause Young (Normal) (G1 Evacuation Pause) 4722M->4008M(19176M) 230.118ms
[40.136s][info][gc] GC(38) Pause Young (Normal) (G1 Evacuation Pause) 4848M->4108M(19176M) 220.276ms
[41.275s][info][gc] GC(39) Pause Young (Normal) (G1 Evacuation Pause) 4960M->4212M(19176M) 212.124ms
[42.366s][info][gc] GC(40) Pause Young (Normal) (G1 Evacuation Pause) 5060M->4318M(19176M) 222.996ms
[43.437s][info][gc] GC(41) Pause Young (Normal) (G1 Evacuation Pause) 5162M->4422M(19440M) 222.493ms
[44.525s][info][gc] GC(42) Pause Young (Normal) (G1 Evacuation Pause) 5278M->4520M(19440M) 220.132ms
[45.597s][info][gc] GC(43) Pause Young (Normal) (G1 Evacuation Pause) 5376M->4608M(19440M) 210.480ms
End benchmark
benchmarkAvgTime : 40991
nbThread : 16
[1.021s][info][gc] GC(0) Pause Young (Normal) (G1 Evacuation Pause) 280M->145M(5128M) 59.915ms
[1.600s][info][gc] GC(1) Pause Young (Normal) (G1 Evacuation Pause) 369M->179M(5128M) 42.036ms
[2.197s][info][gc] GC(2) Pause Young (Normal) (G1 Evacuation Pause) 407M->185M(5128M) 12.947ms
[2.855s][info][gc] GC(3) Pause Young (Normal) (G1 Evacuation Pause) 433M->183M(5128M) 3.362ms
[3.510s][info][gc] GC(4) Pause Young (Normal) (G1 Evacuation Pause) 431M->183M(5128M) 3.693ms
[4.207s][info][gc] GC(5) Pause Young (Normal) (G1 Evacuation Pause) 435M->198M(5128M) 8.406ms
[4.546s][info][gc] GC(6) Pause Young (Normal) (G1 Evacuation Pause) 446M->366M(5128M) 58.485ms
[4.722s][info][gc] GC(7) Pause Young (Normal) (G1 Evacuation Pause) 590M->532M(5128M) 75.628ms
[5.018s][info][gc] GC(8) Pause Young (Normal) (G1 Evacuation Pause) 756M->685M(8044M) 95.001ms
[5.440s][info][gc] GC(9) Pause Young (Normal) (G1 Evacuation Pause) 1053M->784M(8044M) 64.733ms
[5.714s][info][gc] GC(10) Pause Young (Normal) (G1 Evacuation Pause) 1132M->875M(8044M) 74.477ms
[6.030s][info][gc] GC(11) Pause Young (Normal) (G1 Evacuation Pause) 1223M->964M(8044M) 79.656ms
[6.391s][info][gc] GC(12) Pause Young (Normal) (G1 Evacuation Pause) 1312M->1052M(10532M) 110.725ms
[6.974s][info][gc] GC(13) Pause Young (Normal) (G1 Evacuation Pause) 1524M->1167M(10532M) 125.838ms
[7.463s][info][gc] GC(14) Pause Young (Normal) (G1 Evacuation Pause) 1623M->1283M(10532M) 136.795ms
[7.999s][info][gc] GC(15) Pause Young (Normal) (G1 Evacuation Pause) 1739M->1398M(10532M) 137.111ms
[8.563s][info][gc] GC(16) Pause Young (Normal) (G1 Evacuation Pause) 1854M->1511M(14164M) 153.979ms
[9.340s][info][gc] GC(17) Pause Young (Normal) (G1 Evacuation Pause) 2151M->1668M(14164M) 200.122ms
Start benchmark
[10.484s][info][gc] GC(18) Pause Young (Normal) (G1 Evacuation Pause) 2344M->1912M(14164M) 213.136ms
[11.367s][info][gc] GC(19) Pause Young (Normal) (G1 Evacuation Pause) 2528M->2030M(14164M) 179.942ms
[11.946s][info][gc] GC(20) Pause Young (Normal) (G1 Evacuation Pause) 2646M->2152M(16692M) 148.557ms
[12.765s][info][gc] GC(21) Pause Young (Normal) (G1 Evacuation Pause) 2892M->2296M(16692M) 174.067ms
[13.491s][info][gc] GC(22) Pause Young (Normal) (G1 Evacuation Pause) 3024M->2444M(16692M) 179.276ms
[14.181s][info][gc] GC(23) Pause Young (Normal) (G1 Evacuation Pause) 3172M->2584M(16692M) 170.081ms
[14.930s][info][gc] GC(24) Pause Young (Normal) (G1 Evacuation Pause) 3372M->2766M(17716M) 173.057ms
[15.669s][info][gc] GC(25) Pause Young (Normal) (G1 Evacuation Pause) 3546M->2888M(17716M) 170.797ms
[16.323s][info][gc] GC(26) Pause Young (Normal) (G1 Evacuation Pause) 3660M->3010M(17716M) 159.854ms
[16.969s][info][gc] GC(27) Pause Young (Normal) (G1 Evacuation Pause) 3782M->3132M(17716M) 148.655ms
[17.632s][info][gc] GC(28) Pause Young (Normal) (G1 Evacuation Pause) 3904M->3246M(18348M) 143.475ms
[18.324s][info][gc] GC(29) Pause Young (Normal) (G1 Evacuation Pause) 4050M->3362M(18348M) 153.466ms
[18.986s][info][gc] GC(30) Pause Young (Normal) (G1 Evacuation Pause) 4162M->3478M(18348M) 148.615ms
[19.656s][info][gc] GC(31) Pause Young (Normal) (G1 Evacuation Pause) 4278M->3586M(18348M) 145.188ms
[20.341s][info][gc] GC(32) Pause Young (Normal) (G1 Evacuation Pause) 4434M->3698M(18828M) 141.632ms
[21.442s][info][gc] GC(33) Pause Young (Normal) (G1 Evacuation Pause) 5166M->3882M(18828M) 187.583ms
[22.201s][info][gc] GC(34) Pause Young (Normal) (G1 Evacuation Pause) 4834M->4007M(18828M) 187.747ms
[22.878s][info][gc] GC(35) Pause Young (Normal) (G1 Evacuation Pause) 4867M->4108M(18828M) 146.813ms
[23.793s][info][gc] GC(36) Pause Young (Normal) (G1 Evacuation Pause) 5156M->4234M(19244M) 151.147ms
[24.568s][info][gc] GC(37) Pause Young (Normal) (G1 Evacuation Pause) 5202M->4341M(19244M) 167.536ms
[25.555s][info][gc] GC(38) Pause Young (Normal) (G1 Evacuation Pause) 5761M->4492M(19244M) 183.355ms
[26.204s][info][gc] GC(39) Pause Young (Normal) (G1 Evacuation Pause) 5296M->4575M(19244M) 177.696ms
[26.979s][info][gc] GC(40) Pause Young (Normal) (G1 Evacuation Pause) 5679M->4676M(19536M) 147.448ms
[27.667s][info][gc] GC(41) Pause Young (Normal) (G1 Evacuation Pause) 5500M->4765M(19536M) 208.380ms
[28.307s][info][gc] GC(42) Pause Young (Normal) (G1 Evacuation Pause) 5665M->4860M(19536M) 137.377ms
[28.968s][info][gc] GC(43) Pause Young (Normal) (G1 Evacuation Pause) 5740M->4955M(19536M) 182.862ms
[29.599s][info][gc] GC(44) Pause Young (Normal) (G1 Evacuation Pause) 5831M->5043M(19756M) 156.182ms
[30.270s][info][gc] GC(45) Pause Young (Normal) (G1 Evacuation Pause) 5975M->5133M(19756M) 157.166ms
[30.930s][info][gc] GC(46) Pause Young (Normal) (G1 Evacuation Pause) 6021M->5212M(19756M) 171.314ms
[31.608s][info][gc] GC(47) Pause Young (Normal) (G1 Evacuation Pause) 6116M->5299M(19756M) 203.599ms
[32.258s][info][gc] GC(48) Pause Young (Normal) (G1 Evacuation Pause) 6191M->5378M(19944M) 183.688ms
[32.936s][info][gc] GC(49) Pause Young (Normal) (G1 Evacuation Pause) 6290M->5455M(19944M) 184.751ms
[33.634s][info][gc] GC(50) Pause Young (Normal) (G1 Evacuation Pause) 6371M->5526M(19944M) 211.335ms
[34.345s][info][gc] GC(51) Pause Young (Normal) (G1 Evacuation Pause) 6446M->5608M(19944M) 232.686ms
[35.017s][info][gc] GC(52) Pause Young (Normal) (G1 Evacuation Pause) 6520M->5691M(20132M) 202.654ms
[36.127s][info][gc] GC(53) Pause Young (Normal) (G1 Evacuation Pause) 6719M->5877M(20132M) 239.333ms
[37.086s][info][gc] GC(54) Pause Young (Normal) (G1 Evacuation Pause) 6797M->5956M(20132M) 210.401ms
[37.956s][info][gc] GC(55) Pause Young (Normal) (G1 Evacuation Pause) 6876M->6036M(20132M) 185.523ms
[38.803s][info][gc] GC(56) Pause Young (Normal) (G1 Evacuation Pause) 6956M->6118M(20248M) 182.362ms
[39.675s][info][gc] GC(57) Pause Young (Normal) (G1 Evacuation Pause) 7042M->6206M(20248M) 212.001ms
End benchmark
benchmarkAvgTime : 36211
nbThread : 16
[1.022s][info][gc] GC(0) Pause Young (Normal) (G1 Evacuation Pause) 280M->145M(5128M) 60.454ms
[1.597s][info][gc] GC(1) Pause Young (Normal) (G1 Evacuation Pause) 369M->178M(5128M) 40.525ms
[2.207s][info][gc] GC(2) Pause Young (Normal) (G1 Evacuation Pause) 406M->185M(5128M) 12.638ms
[2.884s][info][gc] GC(3) Pause Young (Normal) (G1 Evacuation Pause) 433M->183M(5128M) 4.021ms
[3.565s][info][gc] GC(4) Pause Young (Normal) (G1 Evacuation Pause) 435M->183M(5128M) 3.550ms
[4.213s][info][gc] GC(5) Pause Young (Normal) (G1 Evacuation Pause) 435M->183M(5128M) 3.182ms
[4.527s][info][gc] GC(6) Pause Young (Normal) (G1 Evacuation Pause) 447M->357M(5128M) 53.069ms
[4.698s][info][gc] GC(7) Pause Young (Normal) (G1 Evacuation Pause) 581M->523M(5128M) 74.232ms
[4.970s][info][gc] GC(8) Pause Young (Normal) (G1 Evacuation Pause) 747M->684M(7904M) 93.392ms
[5.390s][info][gc] GC(9) Pause Young (Normal) (G1 Evacuation Pause) 1044M->776M(7904M) 62.285ms
[5.639s][info][gc] GC(10) Pause Young (Normal) (G1 Evacuation Pause) 1116M->856M(7904M) 67.036ms
[5.911s][info][gc] GC(11) Pause Young (Normal) (G1 Evacuation Pause) 1196M->935M(7904M) 70.893ms
[6.215s][info][gc] GC(12) Pause Young (Normal) (G1 Evacuation Pause) 1275M->1014M(10420M) 87.084ms
[6.663s][info][gc] GC(13) Pause Young (Normal) (G1 Evacuation Pause) 1482M->1120M(10420M) 105.982ms
[7.092s][info][gc] GC(14) Pause Young (Normal) (G1 Evacuation Pause) 1572M->1223M(10420M) 116.407ms
[7.537s][info][gc] GC(15) Pause Young (Normal) (G1 Evacuation Pause) 1675M->1327M(10420M) 123.811ms
[8.012s][info][gc] GC(16) Pause Young (Normal) (G1 Evacuation Pause) 1779M->1432M(13840M) 145.129ms
[8.742s][info][gc] GC(17) Pause Young (Normal) (G1 Evacuation Pause) 2056M->1572M(13840M) 172.416ms
[9.420s][info][gc] GC(18) Pause Young (Normal) (G1 Evacuation Pause) 2176M->1707M(13840M) 188.695ms
Start benchmark
[10.508s][info][gc] GC(19) Pause Young (Normal) (G1 Evacuation Pause) 2371M->1936M(13840M) 210.533ms
[11.212s][info][gc] GC(20) Pause Young (Normal) (G1 Evacuation Pause) 2540M->2050M(16496M) 175.106ms
[11.922s][info][gc] GC(21) Pause Young (Normal) (G1 Evacuation Pause) 2786M->2178M(16496M) 146.101ms
[12.595s][info][gc] GC(22) Pause Young (Normal) (G1 Evacuation Pause) 2898M->2304M(16496M) 160.697ms
[13.270s][info][gc] GC(23) Pause Young (Normal) (G1 Evacuation Pause) 3024M->2432M(16496M) 157.749ms
[13.899s][info][gc] GC(24) Pause Young (Normal) (G1 Evacuation Pause) 3152M->2550M(17656M) 151.412ms
[14.607s][info][gc] GC(25) Pause Young (Normal) (G1 Evacuation Pause) 3326M->2670M(17656M) 152.296ms
[15.300s][info][gc] GC(26) Pause Young (Normal) (G1 Evacuation Pause) 3498M->2844M(17656M) 169.841ms
[15.910s][info][gc] GC(27) Pause Young (Normal) (G1 Evacuation Pause) 3612M->2947M(17656M) 152.278ms
[16.502s][info][gc] GC(28) Pause Young (Normal) (G1 Evacuation Pause) 3723M->3054M(18328M) 134.737ms
[17.162s][info][gc] GC(29) Pause Young (Normal) (G1 Evacuation Pause) 3858M->3153M(18328M) 143.085ms
[17.924s][info][gc] GC(30) Pause Young (Normal) (G1 Evacuation Pause) 4233M->3287M(18328M) 151.533ms
[18.623s][info][gc] GC(31) Pause Young (Normal) (G1 Evacuation Pause) 4259M->3403M(18328M) 159.183ms
[19.348s][info][gc] GC(32) Pause Young (Normal) (G1 Evacuation Pause) 4435M->3527M(18828M) 164.964ms
[20.068s][info][gc] GC(33) Pause Young (Normal) (G1 Evacuation Pause) 4539M->3649M(18828M) 154.011ms
[20.909s][info][gc] GC(34) Pause Young (Normal) (G1 Evacuation Pause) 4869M->3784M(18828M) 168.239ms
[21.700s][info][gc] GC(35) Pause Young (Normal) (G1 Evacuation Pause) 4972M->3900M(18828M) 168.071ms
[22.796s][info][gc] GC(36) Pause Young (Normal) (G1 Evacuation Pause) 5684M->4068M(19256M) 193.007ms
[23.598s][info][gc] GC(37) Pause Young (Normal) (G1 Evacuation Pause) 5200M->4190M(19256M) 203.121ms
[24.293s][info][gc] GC(38) Pause Young (Normal) (G1 Evacuation Pause) 5306M->4294M(19256M) 145.638ms
[25.194s][info][gc] GC(39) Pause Young (Normal) (G1 Evacuation Pause) 5610M->4424M(19256M) 149.759ms
[25.988s][info][gc] GC(40) Pause Young (Normal) (G1 Evacuation Pause) 5776M->4549M(19552M) 166.952ms
[26.577s][info][gc] GC(41) Pause Young (Normal) (G1 Evacuation Pause) 5425M->4622M(19552M) 149.429ms
[27.492s][info][gc] GC(42) Pause Young (Normal) (G1 Evacuation Pause) 6270M->4737M(19552M) 159.673ms
[28.150s][info][gc] GC(43) Pause Young (Normal) (G1 Evacuation Pause) 5677M->4813M(19552M) 218.005ms
[29.010s][info][gc] GC(44) Pause Young (Normal) (G1 Evacuation Pause) 6365M->4921M(19768M) 157.995ms
[29.643s][info][gc] GC(45) Pause Young (Normal) (G1 Evacuation Pause) 5825M->4997M(19768M) 204.840ms
[30.472s][info][gc] GC(46) Pause Young (Normal) (G1 Evacuation Pause) 6537M->5092M(19768M) 147.511ms
[31.017s][info][gc] GC(47) Pause Young (Normal) (G1 Evacuation Pause) 5900M->5153M(19768M) 172.872ms
[31.926s][info][gc] GC(48) Pause Young (Normal) (G1 Evacuation Pause) 6905M->5267M(19936M) 154.978ms
[32.521s][info][gc] GC(49) Pause Young (Normal) (G1 Evacuation Pause) 6079M->5335M(19936M) 212.363ms
[33.177s][info][gc] GC(50) Pause Young (Normal) (G1 Evacuation Pause) 6559M->5407M(19936M) 130.889ms
[33.764s][info][gc] GC(51) Pause Young (Normal) (G1 Evacuation Pause) 6255M->5475M(19936M) 206.235ms
[34.299s][info][gc] GC(52) Pause Young (Normal) (G1 Evacuation Pause) 6395M->5528M(20080M) 146.245ms
[34.850s][info][gc] GC(53) Pause Young (Normal) (G1 Evacuation Pause) 6404M->5589M(20080M) 154.789ms
[35.398s][info][gc] GC(54) Pause Young (Normal) (G1 Evacuation Pause) 6573M->5760M(20080M) 159.440ms
[36.686s][info][gc] GC(55) Pause Young (Normal) (G1 Evacuation Pause) 6636M->5840M(20080M) 200.383ms
[37.678s][info][gc] GC(56) Pause Young (Normal) (G1 Evacuation Pause) 6716M->5942M(20188M) 160.747ms
[38.566s][info][gc] GC(57) Pause Young (Normal) (G1 Evacuation Pause) 6846M->6023M(20188M) 111.671ms
[39.459s][info][gc] GC(58) Pause Young (Normal) (G1 Evacuation Pause) 6939M->6114M(20188M) 116.999ms
End benchmark
benchmarkAvgTime : 36006
nbThread : 16
[1.029s][info][gc] GC(0) Pause Young (Normal) (G1 Evacuation Pause) 280M->145M(5128M) 59.028ms
[1.608s][info][gc] GC(1) Pause Young (Normal) (G1 Evacuation Pause) 369M->179M(5128M) 43.612ms
[2.224s][info][gc] GC(2) Pause Young (Normal) (G1 Evacuation Pause) 407M->185M(5128M) 13.240ms
[2.933s][info][gc] GC(3) Pause Young (Normal) (G1 Evacuation Pause) 433M->184M(5128M) 3.897ms
[3.593s][info][gc] GC(4) Pause Young (Normal) (G1 Evacuation Pause) 432M->183M(5128M) 3.769ms
[4.265s][info][gc] GC(5) Pause Young (Normal) (G1 Evacuation Pause) 435M->183M(5128M) 4.379ms
[4.764s][info][gc] GC(6) Pause Young (Normal) (G1 Evacuation Pause) 447M->288M(5128M) 32.832ms
[4.930s][info][gc] GC(7) Pause Young (Normal) (G1 Evacuation Pause) 512M->448M(5128M) 65.209ms
[5.128s][info][gc] GC(8) Pause Young (Normal) (G1 Evacuation Pause) 672M->620M(7308M) 87.263ms
[5.594s][info][gc] GC(9) Pause Young (Normal) (G1 Evacuation Pause) 952M->746M(7308M) 81.351ms
[5.824s][info][gc] GC(10) Pause Young (Normal) (G1 Evacuation Pause) 1062M->823M(7308M) 62.087ms
[6.063s][info][gc] GC(11) Pause Young (Normal) (G1 Evacuation Pause) 1139M->897M(7308M) 63.988ms
[6.351s][info][gc] GC(12) Pause Young (Normal) (G1 Evacuation Pause) 1213M->972M(9944M) 80.764ms
[6.771s][info][gc] GC(13) Pause Young (Normal) (G1 Evacuation Pause) 1420M->1072M(9944M) 96.546ms
[7.179s][info][gc] GC(14) Pause Young (Normal) (G1 Evacuation Pause) 1504M->1168M(9944M) 115.318ms
[7.605s][info][gc] GC(15) Pause Young (Normal) (G1 Evacuation Pause) 1600M->1268M(9944M) 129.609ms
[8.060s][info][gc] GC(16) Pause Young (Normal) (G1 Evacuation Pause) 1700M->1366M(13408M) 148.304ms
[8.747s][info][gc] GC(17) Pause Young (Normal) (G1 Evacuation Pause) 1970M->1502M(13408M) 179.192ms
[9.388s][info][gc] GC(18) Pause Young (Normal) (G1 Evacuation Pause) 2086M->1634M(13408M) 186.587ms
[10.084s][info][gc] GC(19) Pause Young (Normal) (G1 Evacuation Pause) 2218M->1764M(13408M) 189.342ms
Start benchmark
[11.154s][info][gc] GC(20) Pause Young (Normal) (G1 Evacuation Pause) 2408M->1980M(16240M) 217.634ms
[11.948s][info][gc] GC(21) Pause Young (Normal) (G1 Evacuation Pause) 2708M->2118M(16240M) 167.993ms
[12.598s][info][gc] GC(22) Pause Young (Normal) (G1 Evacuation Pause) 2826M->2248M(16240M) 157.731ms
[13.246s][info][gc] GC(23) Pause Young (Normal) (G1 Evacuation Pause) 2956M->2372M(16240M) 156.544ms
[13.906s][info][gc] GC(24) Pause Young (Normal) (G1 Evacuation Pause) 3080M->2494M(17668M) 159.445ms
[14.615s][info][gc] GC(25) Pause Young (Normal) (G1 Evacuation Pause) 3270M->2618M(17668M) 157.309ms
[15.287s][info][gc] GC(26) Pause Young (Normal) (G1 Evacuation Pause) 3446M->2800M(17668M) 165.753ms
[15.911s][info][gc] GC(27) Pause Young (Normal) (G1 Evacuation Pause) 3568M->2912M(17668M) 162.987ms
[16.506s][info][gc] GC(28) Pause Young (Normal) (G1 Evacuation Pause) 3680M->3023M(18368M) 139.164ms
[17.149s][info][gc] GC(29) Pause Young (Normal) (G1 Evacuation Pause) 3827M->3129M(18368M) 140.338ms
[17.746s][info][gc] GC(30) Pause Young (Normal) (G1 Evacuation Pause) 3933M->3234M(18368M) 140.719ms
[18.374s][info][gc] GC(31) Pause Young (Normal) (G1 Evacuation Pause) 4118M->3349M(18368M) 141.958ms
[19.159s][info][gc] GC(32) Pause Young (Normal) (G1 Evacuation Pause) 4505M->3488M(18832M) 161.742ms
[19.914s][info][gc] GC(33) Pause Young (Normal) (G1 Evacuation Pause) 4532M->3616M(18832M) 166.157ms
[20.654s][info][gc] GC(34) Pause Young (Normal) (G1 Evacuation Pause) 4668M->3732M(18832M) 164.676ms
[21.446s][info][gc] GC(35) Pause Young (Normal) (G1 Evacuation Pause) 4848M->3848M(18832M) 155.476ms
[22.347s][info][gc] GC(36) Pause Young (Normal) (G1 Evacuation Pause) 5284M->4001M(19268M) 184.491ms
[23.175s][info][gc] GC(37) Pause Young (Normal) (G1 Evacuation Pause) 5185M->4122M(19268M) 174.020ms
[23.966s][info][gc] GC(38) Pause Young (Normal) (G1 Evacuation Pause) 5406M->4244M(19268M) 156.528ms
[24.797s][info][gc] GC(39) Pause Young (Normal) (G1 Evacuation Pause) 5624M->4368M(19268M) 158.405ms
[25.368s][info][gc] GC(40) Pause Young (Normal) (G1 Evacuation Pause) 5200M->4448M(19572M) 169.987ms
[26.253s][info][gc] GC(41) Pause Young (Normal) (G1 Evacuation Pause) 6032M->4571M(19572M) 148.404ms
[26.893s][info][gc] GC(42) Pause Young (Normal) (G1 Evacuation Pause) 5519M->4655M(19572M) 194.265ms
[27.740s][info][gc] GC(43) Pause Young (Normal) (G1 Evacuation Pause) 6215M->4769M(19572M) 153.717ms
[28.500s][info][gc] GC(44) Pause Young (Normal) (G1 Evacuation Pause) 5537M->4839M(19780M) 221.940ms
[29.197s][info][gc] GC(45) Pause Young (Normal) (G1 Evacuation Pause) 6087M->4940M(19780M) 136.655ms
[29.747s][info][gc] GC(46) Pause Young (Normal) (G1 Evacuation Pause) 5760M->5014M(19780M) 171.530ms
[30.373s][info][gc] GC(47) Pause Young (Normal) (G1 Evacuation Pause) 6090M->5092M(19780M) 160.178ms
[30.935s][info][gc] GC(48) Pause Young (Normal) (G1 Evacuation Pause) 5936M->5168M(19956M) 185.029ms
[31.507s][info][gc] GC(49) Pause Young (Normal) (G1 Evacuation Pause) 6148M->5230M(19956M) 146.250ms
[32.072s][info][gc] GC(50) Pause Young (Normal) (G1 Evacuation Pause) 6194M->5302M(19956M) 155.139ms
[32.654s][info][gc] GC(51) Pause Young (Normal) (G1 Evacuation Pause) 6338M->5376M(19956M) 153.330ms
[33.225s][info][gc] GC(52) Pause Young (Normal) (G1 Evacuation Pause) 6232M->5450M(20096M) 204.802ms
[33.745s][info][gc] GC(53) Pause Young (Normal) (G1 Evacuation Pause) 6378M->5512M(20096M) 122.546ms
[34.291s][info][gc] GC(54) Pause Young (Normal) (G1 Evacuation Pause) 6388M->5582M(20096M) 180.681ms
[34.815s][info][gc] GC(55) Pause Young (Normal) (G1 Evacuation Pause) 6514M->5642M(20096M) 133.651ms
[35.370s][info][gc] GC(56) Pause Young (Normal) (G1 Evacuation Pause) 6518M->5711M(20212M) 181.709ms
[35.916s][info][gc] GC(57) Pause Young (Normal) (G1 Evacuation Pause) 6643M->5761M(20212M) 155.534ms
[37.035s][info][gc] GC(58) Pause Young (Normal) (G1 Evacuation Pause) 6753M->5933M(20212M) 209.678ms
[38.041s][info][gc] GC(59) Pause Young (Normal) (G1 Evacuation Pause) 6813M->6021M(20212M) 172.791ms
[38.951s][info][gc] GC(60) Pause Young (Normal) (G1 Evacuation Pause) 6937M->6113M(20308M) 116.333ms
[39.843s][info][gc] GC(61) Pause Young (Normal) (G1 Evacuation Pause) 7029M->6199M(20308M) 116.252ms
End benchmark
benchmarkAvgTime : 36092
nbThread : 16
[1.022s][info][gc] GC(0) Pause Young (Normal) (G1 Evacuation Pause) 280M->145M(5128M) 58.933ms
[1.599s][info][gc] GC(1) Pause Young (Normal) (G1 Evacuation Pause) 369M->179M(5128M) 44.802ms
[2.229s][info][gc] GC(2) Pause Young (Normal) (G1 Evacuation Pause) 407M->186M(5128M) 13.382ms
[2.902s][info][gc] GC(3) Pause Young (Normal) (G1 Evacuation Pause) 434M->184M(5128M) 3.972ms
[3.569s][info][gc] GC(4) Pause Young (Normal) (G1 Evacuation Pause) 432M->183M(5128M) 3.752ms
[4.247s][info][gc] GC(5) Pause Young (Normal) (G1 Evacuation Pause) 435M->183M(5128M) 3.823ms
[4.714s][info][gc] GC(6) Pause Young (Normal) (G1 Evacuation Pause) 435M->258M(5128M) 27.045ms
[4.864s][info][gc] GC(7) Pause Young (Normal) (G1 Evacuation Pause) 494M->423M(5128M) 64.716ms
[5.046s][info][gc] GC(8) Pause Young (Normal) (G1 Evacuation Pause) 647M->592M(7256M) 88.004ms
[5.488s][info][gc] GC(9) Pause Young (Normal) (G1 Evacuation Pause) 920M->734M(7256M) 89.038ms
[5.718s][info][gc] GC(10) Pause Young (Normal) (G1 Evacuation Pause) 1046M->822M(7256M) 63.519ms
[5.972s][info][gc] GC(11) Pause Young (Normal) (G1 Evacuation Pause) 1134M->903M(7256M) 68.148ms
[6.269s][info][gc] GC(12) Pause Young (Normal) (G1 Evacuation Pause) 1215M->984M(9904M) 90.147ms
[6.717s][info][gc] GC(13) Pause Young (Normal) (G1 Evacuation Pause) 1428M->1094M(9904M) 106.132ms
[7.163s][info][gc] GC(14) Pause Young (Normal) (G1 Evacuation Pause) 1522M->1203M(9904M) 119.521ms
[7.621s][info][gc] GC(15) Pause Young (Normal) (G1 Evacuation Pause) 1631M->1311M(9904M) 135.646ms
[8.127s][info][gc] GC(16) Pause Young (Normal) (G1 Evacuation Pause) 1739M->1419M(13656M) 159.750ms
[8.866s][info][gc] GC(17) Pause Young (Normal) (G1 Evacuation Pause) 2035M->1568M(13656M) 181.066ms
[9.571s][info][gc] GC(18) Pause Young (Normal) (G1 Evacuation Pause) 2160M->1716M(13656M) 190.883ms
Start benchmark
[10.743s][info][gc] GC(19) Pause Young (Normal) (G1 Evacuation Pause) 2368M->1946M(13656M) 208.299ms
[11.517s][info][gc] GC(20) Pause Young (Normal) (G1 Evacuation Pause) 2538M->2058M(16388M) 177.341ms
[12.218s][info][gc] GC(21) Pause Young (Normal) (G1 Evacuation Pause) 2786M->2186M(16388M) 154.186ms
[12.849s][info][gc] GC(22) Pause Young (Normal) (G1 Evacuation Pause) 2898M->2308M(16388M) 158.549ms
[13.498s][info][gc] GC(23) Pause Young (Normal) (G1 Evacuation Pause) 3020M->2436M(16388M) 154.736ms
[14.126s][info][gc] GC(24) Pause Young (Normal) (G1 Evacuation Pause) 3148M->2556M(17544M) 161.252ms
[14.814s][info][gc] GC(25) Pause Young (Normal) (G1 Evacuation Pause) 3328M->2674M(17544M) 153.116ms
[15.516s][info][gc] GC(26) Pause Young (Normal) (G1 Evacuation Pause) 3498M->2850M(17544M) 177.288ms
[16.123s][info][gc] GC(27) Pause Young (Normal) (G1 Evacuation Pause) 3614M->2960M(17544M) 156.843ms
[16.709s][info][gc] GC(28) Pause Young (Normal) (G1 Evacuation Pause) 3724M->3051M(18260M) 134.339ms
[17.340s][info][gc] GC(29) Pause Young (Normal) (G1 Evacuation Pause) 3863M->3163M(18260M) 136.562ms
[17.937s][info][gc] GC(30) Pause Young (Normal) (G1 Evacuation Pause) 3991M->3261M(18260M) 136.351ms
[18.703s][info][gc] GC(31) Pause Young (Normal) (G1 Evacuation Pause) 4365M->3391M(18260M) 153.922ms
[19.445s][info][gc] GC(32) Pause Young (Normal) (G1 Evacuation Pause) 4467M->3525M(18760M) 169.636ms
[20.191s][info][gc] GC(33) Pause Young (Normal) (G1 Evacuation Pause) 4569M->3654M(18760M) 165.321ms
[20.987s][info][gc] GC(34) Pause Young (Normal) (G1 Evacuation Pause) 4682M->3776M(18760M) 158.408ms
[21.874s][info][gc] GC(35) Pause Young (Normal) (G1 Evacuation Pause) 5156M->3914M(18760M) 169.619ms
[22.765s][info][gc] GC(36) Pause Young (Normal) (G1 Evacuation Pause) 5230M->4044M(19220M) 173.265ms
[23.664s][info][gc] GC(37) Pause Young (Normal) (G1 Evacuation Pause) 5384M->4172M(19220M) 168.959ms
[24.554s][info][gc] GC(38) Pause Young (Normal) (G1 Evacuation Pause) 5636M->4310M(19220M) 171.109ms
[25.441s][info][gc] GC(39) Pause Young (Normal) (G1 Evacuation Pause) 5806M->4436M(19220M) 172.236ms
[26.265s][info][gc] GC(40) Pause Young (Normal) (G1 Evacuation Pause) 5808M->4556M(19524M) 178.224ms
[27.197s][info][gc] GC(41) Pause Young (Normal) (G1 Evacuation Pause) 6164M->4690M(19524M) 169.272ms
[27.776s][info][gc] GC(42) Pause Young (Normal) (G1 Evacuation Pause) 5530M->4768M(19524M) 176.653ms
[28.801s][info][gc] GC(43) Pause Young (Normal) (G1 Evacuation Pause) 6672M->4900M(19524M) 169.502ms
[29.362s][info][gc] GC(44) Pause Young (Normal) (G1 Evacuation Pause) 5660M->4962M(19732M) 206.562ms
[30.089s][info][gc] GC(45) Pause Young (Normal) (G1 Evacuation Pause) 6282M->5058M(19732M) 129.737ms
[30.663s][info][gc] GC(46) Pause Young (Normal) (G1 Evacuation Pause) 5946M->5126M(19732M) 176.117ms
[31.413s][info][gc] GC(47) Pause Young (Normal) (G1 Evacuation Pause) 6530M->5219M(19732M) 152.322ms
[31.960s][info][gc] GC(48) Pause Young (Normal) (G1 Evacuation Pause) 6031M->5284M(19896M) 188.470ms
[32.728s][info][gc] GC(49) Pause Young (Normal) (G1 Evacuation Pause) 6796M->5382M(19896M) 122.819ms
[33.292s][info][gc] GC(50) Pause Young (Normal) (G1 Evacuation Pause) 6202M->5445M(19896M) 200.049ms
[33.817s][info][gc] GC(51) Pause Young (Normal) (G1 Evacuation Pause) 6365M->5499M(19896M) 114.486ms
[34.385s][info][gc] GC(52) Pause Young (Normal) (G1 Evacuation Pause) 6367M->5551M(20036M) 182.348ms
[34.968s][info][gc] GC(53) Pause Young (Normal) (G1 Evacuation Pause) 6431M->5609M(20036M) 198.603ms
[35.519s][info][gc] GC(54) Pause Young (Normal) (G1 Evacuation Pause) 6493M->5676M(20036M) 172.862ms
[36.380s][info][gc] GC(55) Pause Young (Normal) (G1 Evacuation Pause) 6656M->5839M(20036M) 202.157ms
[36.959s][info][gc] GC(56) Pause Young (Normal) (G1 Evacuation Pause) 6715M->5902M(20188M) 193.796ms
[37.541s][info][gc] GC(57) Pause Young (Normal) (G1 Evacuation Pause) 6786M->5954M(20188M) 181.459ms
[38.082s][info][gc] GC(58) Pause Young (Normal) (G1 Evacuation Pause) 6846M->6016M(20188M) 171.096ms
[38.630s][info][gc] GC(59) Pause Young (Normal) (G1 Evacuation Pause) 6904M->6071M(20188M) 162.061ms
[39.201s][info][gc] GC(60) Pause Young (Normal) (G1 Evacuation Pause) 6959M->6133M(20284M) 193.297ms
[39.734s][info][gc] GC(61) Pause Young (Normal) (G1 Evacuation Pause) 7025M->6192M(20284M) 153.662ms
[40.275s][info][gc] GC(62) Pause Young (Normal) (G1 Evacuation Pause) 7080M->6253M(20284M) 160.666ms
End benchmark
benchmarkAvgTime : 35977
nbThread : 16
[1.035s][info][gc] GC(0) Pause Young (Normal) (G1 Evacuation Pause) 280M->145M(5128M) 59.059ms
[1.608s][info][gc] GC(1) Pause Young (Normal) (G1 Evacuation Pause) 369M->179M(5128M) 42.354ms
[2.208s][info][gc] GC(2) Pause Young (Normal) (G1 Evacuation Pause) 407M->186M(5128M) 13.373ms
[2.875s][info][gc] GC(3) Pause Young (Normal) (G1 Evacuation Pause) 434M->185M(5128M) 3.826ms
[3.535s][info][gc] GC(4) Pause Young (Normal) (G1 Evacuation Pause) 433M->185M(5128M) 3.691ms
[4.135s][info][gc] GC(5) Pause Young (Normal) (G1 Evacuation Pause) 437M->224M(5128M) 14.454ms
[4.325s][info][gc] GC(6) Pause Young (Normal) (G1 Evacuation Pause) 460M->386M(5128M) 59.085ms
[4.515s][info][gc] GC(7) Pause Young (Normal) (G1 Evacuation Pause) 610M->556M(5128M) 78.221ms
[4.829s][info][gc] GC(8) Pause Young (Normal) (G1 Evacuation Pause) 780M->694M(8196M) 92.980ms
[5.243s][info][gc] GC(9) Pause Young (Normal) (G1 Evacuation Pause) 1070M->786M(8196M) 63.351ms
[5.493s][info][gc] GC(10) Pause Young (Normal) (G1 Evacuation Pause) 1142M->873M(8196M) 68.893ms
[5.783s][info][gc] GC(11) Pause Young (Normal) (G1 Evacuation Pause) 1229M->956M(8196M) 80.957ms
[6.099s][info][gc] GC(12) Pause Young (Normal) (G1 Evacuation Pause) 1312M->1039M(10656M) 90.299ms
[6.593s][info][gc] GC(13) Pause Young (Normal) (G1 Evacuation Pause) 1519M->1147M(10656M) 113.319ms
[7.025s][info][gc] GC(14) Pause Young (Normal) (G1 Evacuation Pause) 1611M->1255M(10656M) 146.382ms
[7.511s][info][gc] GC(15) Pause Young (Normal) (G1 Evacuation Pause) 1719M->1363M(10656M) 151.261ms
[8.021s][info][gc] GC(16) Pause Young (Normal) (G1 Evacuation Pause) 1827M->1470M(14588M) 158.753ms
[8.760s][info][gc] GC(17) Pause Young (Normal) (G1 Evacuation Pause) 2130M->1618M(14588M) 195.428ms
[9.533s][info][gc] GC(18) Pause Young (Normal) (G1 Evacuation Pause) 2254M->1760M(14588M) 193.259ms
Start benchmark
[10.913s][info][gc] GC(19) Pause Young (Normal) (G1 Evacuation Pause) 2456M->1988M(14588M) 219.064ms
[11.527s][info][gc] GC(20) Pause Young (Normal) (G1 Evacuation Pause) 2624M->2098M(16948M) 162.583ms
[12.250s][info][gc] GC(21) Pause Young (Normal) (G1 Evacuation Pause) 2850M->2224M(16948M) 150.216ms
[12.928s][info][gc] GC(22) Pause Young (Normal) (G1 Evacuation Pause) 2960M->2350M(16948M) 168.966ms
[13.589s][info][gc] GC(23) Pause Young (Normal) (G1 Evacuation Pause) 3086M->2482M(16948M) 161.840ms
[14.150s][info][gc] GC(24) Pause Young (Normal) (G1 Evacuation Pause) 3218M->2606M(17900M) 163.868ms
[14.905s][info][gc] GC(25) Pause Young (Normal) (G1 Evacuation Pause) 3450M->2780M(17900M) 163.814ms
[15.556s][info][gc] GC(26) Pause Young (Normal) (G1 Evacuation Pause) 3560M->2891M(17900M) 161.393ms
[16.155s][info][gc] GC(27) Pause Young (Normal) (G1 Evacuation Pause) 3671M->2997M(17900M) 135.620ms
[16.753s][info][gc] GC(28) Pause Young (Normal) (G1 Evacuation Pause) 3777M->3099M(18484M) 134.714ms
[17.386s][info][gc] GC(29) Pause Young (Normal) (G1 Evacuation Pause) 3911M->3206M(18484M) 135.180ms
[18.122s][info][gc] GC(30) Pause Young (Normal) (G1 Evacuation Pause) 4238M->3318M(18484M) 145.978ms
[18.808s][info][gc] GC(31) Pause Young (Normal) (G1 Evacuation Pause) 4270M->3442M(18484M) 157.604ms
[19.525s][info][gc] GC(32) Pause Young (Normal) (G1 Evacuation Pause) 4430M->3553M(18940M) 158.177ms
[20.290s][info][gc] GC(33) Pause Young (Normal) (G1 Evacuation Pause) 4605M->3666M(18940M) 151.284ms
[21.214s][info][gc] GC(34) Pause Young (Normal) (G1 Evacuation Pause) 5062M->3801M(18940M) 168.146ms
[22.194s][info][gc] GC(35) Pause Young (Normal) (G1 Evacuation Pause) 5085M->3932M(18940M) 179.048ms
[23.043s][info][gc] GC(36) Pause Young (Normal) (G1 Evacuation Pause) 5240M->4066M(19340M) 171.858ms
[23.928s][info][gc] GC(37) Pause Young (Normal) (G1 Evacuation Pause) 5426M->4192M(19340M) 165.944ms
[25.090s][info][gc] GC(38) Pause Young (Normal) (G1 Evacuation Pause) 6148M->4348M(19340M) 186.790ms
[26.052s][info][gc] GC(39) Pause Young (Normal) (G1 Evacuation Pause) 5820M->4474M(19340M) 228.243ms
[26.902s][info][gc] GC(40) Pause Young (Normal) (G1 Evacuation Pause) 5878M->4594M(19628M) 180.020ms
[27.708s][info][gc] GC(41) Pause Young (Normal) (G1 Evacuation Pause) 5942M->4694M(19628M) 141.406ms
[28.331s][info][gc] GC(42) Pause Young (Normal) (G1 Evacuation Pause) 5650M->4768M(19628M) 160.660ms
[29.240s][info][gc] GC(43) Pause Young (Normal) (G1 Evacuation Pause) 6404M->4892M(19628M) 165.236ms
[29.806s][info][gc] GC(44) Pause Young (Normal) (G1 Evacuation Pause) 5672M->4963M(19800M) 193.600ms
[30.586s][info][gc] GC(45) Pause Young (Normal) (G1 Evacuation Pause) 6343M->5043M(19800M) 147.131ms
[31.185s][info][gc] GC(46) Pause Young (Normal) (G1 Evacuation Pause) 5871M->5116M(19800M) 210.902ms
[31.748s][info][gc] GC(47) Pause Young (Normal) (G1 Evacuation Pause) 6056M->5166M(19800M) 129.644ms
[32.344s][info][gc] GC(48) Pause Young (Normal) (G1 Evacuation Pause) 6118M->5237M(19952M) 164.835ms
[32.950s][info][gc] GC(49) Pause Young (Normal) (G1 Evacuation Pause) 6197M->5299M(19952M) 157.341ms
[33.585s][info][gc] GC(50) Pause Young (Normal) (G1 Evacuation Pause) 6371M->5372M(19952M) 156.247ms
[34.264s][info][gc] GC(51) Pause Young (Normal) (G1 Evacuation Pause) 6492M->5454M(19952M) 184.633ms
[34.906s][info][gc] GC(52) Pause Young (Normal) (G1 Evacuation Pause) 6494M->5532M(20096M) 184.687ms
[35.449s][info][gc] GC(53) Pause Young (Normal) (G1 Evacuation Pause) 6448M->5592M(20096M) 142.711ms
[36.203s][info][gc] GC(54) Pause Young (Normal) (G1 Evacuation Pause) 6640M->5756M(20096M) 206.910ms
[36.865s][info][gc] GC(55) Pause Young (Normal) (G1 Evacuation Pause) 6640M->5813M(20096M) 274.881ms
[37.445s][info][gc] GC(56) Pause Young (Normal) (G1 Evacuation Pause) 6693M->5879M(20236M) 189.253ms
[38.001s][info][gc] GC(57) Pause Young (Normal) (G1 Evacuation Pause) 6763M->5930M(20236M) 157.161ms
[38.551s][info][gc] GC(58) Pause Young (Normal) (G1 Evacuation Pause) 6818M->5983M(20236M) 164.513ms
[39.102s][info][gc] GC(59) Pause Young (Normal) (G1 Evacuation Pause) 6883M->6043M(20236M) 170.622ms
[39.650s][info][gc] GC(60) Pause Young (Normal) (G1 Evacuation Pause) 6935M->6106M(20312M) 161.808ms
[40.198s][info][gc] GC(61) Pause Young (Normal) (G1 Evacuation Pause) 6990M->6163M(20312M) 171.342ms
End benchmark
benchmarkAvgTime : 36434
nbThread : 16
[1.021s][info][gc] GC(0) Pause Young (Normal) (G1 Evacuation Pause) 280M->145M(5128M) 59.099ms
[1.590s][info][gc] GC(1) Pause Young (Normal) (G1 Evacuation Pause) 369M->184M(5128M) 45.335ms
[2.187s][info][gc] GC(2) Pause Young (Normal) (G1 Evacuation Pause) 412M->190M(5128M) 14.157ms
[2.849s][info][gc] GC(3) Pause Young (Normal) (G1 Evacuation Pause) 438M->189M(5128M) 3.844ms
[3.515s][info][gc] GC(4) Pause Young (Normal) (G1 Evacuation Pause) 441M->189M(5128M) 3.767ms
[4.095s][info][gc] GC(5) Pause Young (Normal) (G1 Evacuation Pause) 441M->189M(5128M) 3.214ms
[4.441s][info][gc] GC(6) Pause Young (Normal) (G1 Evacuation Pause) 453M->363M(5128M) 52.970ms
[4.611s][info][gc] GC(7) Pause Young (Normal) (G1 Evacuation Pause) 587M->532M(5128M) 75.186ms
[4.884s][info][gc] GC(8) Pause Young (Normal) (G1 Evacuation Pause) 756M->692M(8044M) 91.873ms
[5.221s][info][gc] GC(9) Pause Young (Normal) (G1 Evacuation Pause) 1060M->780M(8044M) 61.779ms
[5.462s][info][gc] GC(10) Pause Young (Normal) (G1 Evacuation Pause) 1128M->864M(8044M) 66.755ms
[5.729s][info][gc] GC(11) Pause Young (Normal) (G1 Evacuation Pause) 1212M->948M(8044M) 72.763ms
[6.041s][info][gc] GC(12) Pause Young (Normal) (G1 Evacuation Pause) 1296M->1029M(10532M) 90.320ms
[6.521s][info][gc] GC(13) Pause Young (Normal) (G1 Evacuation Pause) 1501M->1136M(10532M) 110.075ms
[6.977s][info][gc] GC(14) Pause Young (Normal) (G1 Evacuation Pause) 1592M->1239M(10532M) 122.915ms
[7.425s][info][gc] GC(15) Pause Young (Normal) (G1 Evacuation Pause) 1695M->1343M(10532M) 128.060ms
[7.919s][info][gc] GC(16) Pause Young (Normal) (G1 Evacuation Pause) 1799M->1446M(14152M) 151.108ms
[8.647s][info][gc] GC(17) Pause Young (Normal) (G1 Evacuation Pause) 2082M->1590M(14152M) 185.344ms
[9.328s][info][gc] GC(18) Pause Young (Normal) (G1 Evacuation Pause) 2206M->1728M(14152M) 199.551ms
Start benchmark
[10.395s][info][gc] GC(19) Pause Young (Normal) (G1 Evacuation Pause) 2404M->1956M(14152M) 209.621ms
[11.084s][info][gc] GC(20) Pause Young (Normal) (G1 Evacuation Pause) 2572M->2068M(16684M) 174.105ms
[11.865s][info][gc] GC(21) Pause Young (Normal) (G1 Evacuation Pause) 2812M->2200M(16684M) 154.238ms
[12.508s][info][gc] GC(22) Pause Young (Normal) (G1 Evacuation Pause) 2928M->2324M(16684M) 162.747ms
[13.193s][info][gc] GC(23) Pause Young (Normal) (G1 Evacuation Pause) 3052M->2462M(16684M) 168.755ms
[13.842s][info][gc] GC(24) Pause Young (Normal) (G1 Evacuation Pause) 3190M->2588M(17812M) 166.778ms
[14.555s][info][gc] GC(25) Pause Young (Normal) (G1 Evacuation Pause) 3372M->2708M(17812M) 160.408ms
[15.259s][info][gc] GC(26) Pause Young (Normal) (G1 Evacuation Pause) 3544M->2882M(17812M) 166.189ms
[15.861s][info][gc] GC(27) Pause Young (Normal) (G1 Evacuation Pause) 3658M->2985M(17812M) 152.309ms
[16.453s][info][gc] GC(28) Pause Young (Normal) (G1 Evacuation Pause) 3765M->3092M(18464M) 142.594ms
[17.085s][info][gc] GC(29) Pause Young (Normal) (G1 Evacuation Pause) 3900M->3195M(18464M) 134.538ms
[17.695s][info][gc] GC(30) Pause Young (Normal) (G1 Evacuation Pause) 4007M->3294M(18464M) 138.881ms
[18.464s][info][gc] GC(31) Pause Young (Normal) (G1 Evacuation Pause) 4402M->3434M(18464M) 153.275ms
[19.190s][info][gc] GC(32) Pause Young (Normal) (G1 Evacuation Pause) 4466M->3563M(18916M) 166.639ms
[19.918s][info][gc] GC(33) Pause Young (Normal) (G1 Evacuation Pause) 4567M->3684M(18916M) 163.407ms
[20.673s][info][gc] GC(34) Pause Young (Normal) (G1 Evacuation Pause) 4752M->3796M(18916M) 150.128ms
[21.593s][info][gc] GC(35) Pause Young (Normal) (G1 Evacuation Pause) 5196M->3946M(18916M) 178.155ms
[22.378s][info][gc] GC(36) Pause Young (Normal) (G1 Evacuation Pause) 5118M->4066M(19332M) 168.335ms
[23.217s][info][gc] GC(37) Pause Young (Normal) (G1 Evacuation Pause) 5322M->4188M(19332M) 156.436ms
[24.106s][info][gc] GC(38) Pause Young (Normal) (G1 Evacuation Pause) 5624M->4328M(19332M) 178.725ms
[25.002s][info][gc] GC(39) Pause Young (Normal) (G1 Evacuation Pause) 5776M->4454M(19332M) 175.406ms
[25.851s][info][gc] GC(40) Pause Young (Normal) (G1 Evacuation Pause) 5866M->4572M(19612M) 172.305ms
[26.853s][info][gc] GC(41) Pause Young (Normal) (G1 Evacuation Pause) 6036M->4694M(19612M) 176.975ms
[27.433s][info][gc] GC(42) Pause Young (Normal) (G1 Evacuation Pause) 5546M->4772M(19612M) 166.059ms
[28.216s][info][gc] GC(43) Pause Young (Normal) (G1 Evacuation Pause) 6164M->4867M(19612M) 145.210ms
[28.855s][info][gc] GC(44) Pause Young (Normal) (G1 Evacuation Pause) 5803M->4947M(19796M) 192.710ms
[29.414s][info][gc] GC(45) Pause Young (Normal) (G1 Evacuation Pause) 5847M->5018M(19796M) 136.815ms
[30.337s][info][gc] GC(46) Pause Young (Normal) (G1 Evacuation Pause) 6734M->5140M(19796M) 165.908ms
[30.948s][info][gc] GC(47) Pause Young (Normal) (G1 Evacuation Pause) 5932M->5193M(19796M) 236.623ms
[31.475s][info][gc] GC(48) Pause Young (Normal) (G1 Evacuation Pause) 6117M->5258M(19968M) 120.845ms
[32.018s][info][gc] GC(49) Pause Young (Normal) (G1 Evacuation Pause) 6130M->5328M(19968M) 147.996ms
[32.616s][info][gc] GC(50) Pause Young (Normal) (G1 Evacuation Pause) 6424M->5395M(19968M) 120.854ms
[33.258s][info][gc] GC(51) Pause Young (Normal) (G1 Evacuation Pause) 6399M->5465M(19968M) 200.076ms
[33.816s][info][gc] GC(52) Pause Young (Normal) (G1 Evacuation Pause) 6405M->5536M(20088M) 156.490ms
[34.424s][info][gc] GC(53) Pause Young (Normal) (G1 Evacuation Pause) 6580M->5605M(20088M) 165.810ms
[35.063s][info][gc] GC(54) Pause Young (Normal) (G1 Evacuation Pause) 6585M->5669M(20088M) 212.356ms
[36.040s][info][gc] GC(55) Pause Young (Normal) (G1 Evacuation Pause) 6709M->5831M(20088M) 203.294ms
[36.918s][info][gc] GC(56) Pause Young (Normal) (G1 Evacuation Pause) 6711M->5901M(20220M) 206.019ms
[37.702s][info][gc] GC(57) Pause Young (Normal) (G1 Evacuation Pause) 6781M->5982M(20220M) 125.899ms
[38.468s][info][gc] GC(58) Pause Young (Normal) (G1 Evacuation Pause) 6910M->6057M(20220M) 129.867ms
[39.250s][info][gc] GC(59) Pause Young (Normal) (G1 Evacuation Pause) 6977M->6130M(20220M) 154.354ms
End benchmark
[42.026s][info][gc] GC(60) Pause Young (Normal) (G1 Evacuation Pause) 7058M->6198M(20284M) 187.669ms
benchmarkAvgTime : 36029
nbThread : 16
[1.012s][info][gc] GC(0) Pause Young (Normal) (G1 Evacuation Pause) 280M->145M(5128M) 61.062ms
[1.590s][info][gc] GC(1) Pause Young (Normal) (G1 Evacuation Pause) 369M->179M(5128M) 44.978ms
[2.198s][info][gc] GC(2) Pause Young (Normal) (G1 Evacuation Pause) 407M->186M(5128M) 13.704ms
[2.870s][info][gc] GC(3) Pause Young (Normal) (G1 Evacuation Pause) 434M->185M(5128M) 3.255ms
[3.538s][info][gc] GC(4) Pause Young (Normal) (G1 Evacuation Pause) 433M->185M(5128M) 3.515ms
[4.215s][info][gc] GC(5) Pause Young (Normal) (G1 Evacuation Pause) 437M->185M(5128M) 3.597ms
[4.892s][info][gc] GC(6) Pause Young (Normal) (G1 Evacuation Pause) 437M->184M(5128M) 3.724ms
[5.532s][info][gc] GC(7) Pause Young (Normal) (G1 Evacuation Pause) 436M->217M(5128M) 13.146ms
[5.678s][info][gc] GC(8) Pause Young (Normal) (G1 Evacuation Pause) 453M->378M(5128M) 57.840ms
[5.858s][info][gc] GC(9) Pause Young (Normal) (G1 Evacuation Pause) 602M->540M(5128M) 76.328ms
[6.150s][info][gc] GC(10) Pause Young (Normal) (G1 Evacuation Pause) 764M->687M(7976M) 92.001ms
[6.611s][info][gc] GC(11) Pause Young (Normal) (G1 Evacuation Pause) 1051M->776M(7976M) 60.631ms
[6.916s][info][gc] GC(12) Pause Young (Normal) (G1 Evacuation Pause) 1120M->857M(7976M) 68.051ms
[7.238s][info][gc] GC(13) Pause Young (Normal) (G1 Evacuation Pause) 1201M->940M(7976M) 73.085ms
[7.582s][info][gc] GC(14) Pause Young (Normal) (G1 Evacuation Pause) 1284M->1021M(10480M) 89.847ms
[8.103s][info][gc] GC(15) Pause Young (Normal) (G1 Evacuation Pause) 1493M->1132M(10480M) 110.327ms
[8.614s][info][gc] GC(16) Pause Young (Normal) (G1 Evacuation Pause) 1588M->1237M(10480M) 126.906ms
[9.141s][info][gc] GC(17) Pause Young (Normal) (G1 Evacuation Pause) 1693M->1344M(10480M) 126.386ms
[9.690s][info][gc] GC(18) Pause Young (Normal) (G1 Evacuation Pause) 1800M->1450M(13872M) 153.693ms
[10.469s][info][gc] GC(19) Pause Young (Normal) (G1 Evacuation Pause) 2074M->1591M(13872M) 183.076ms
[12.001s][info][gc] GC(20) Pause Young (Normal) (G1 Evacuation Pause) 2195M->1736M(13872M) 184.743ms
Start benchmark
[13.657s][info][gc] GC(21) Pause Young (Normal) (G1 Evacuation Pause) 2400M->1964M(13872M) 226.503ms
[14.234s][info][gc] GC(22) Pause Young (Normal) (G1 Evacuation Pause) 2568M->2074M(16516M) 149.736ms
[14.984s][info][gc] GC(23) Pause Young (Normal) (G1 Evacuation Pause) 2810M->2202M(16516M) 149.005ms
[15.665s][info][gc] GC(24) Pause Young (Normal) (G1 Evacuation Pause) 2922M->2334M(16516M) 165.863ms
[16.322s][info][gc] GC(25) Pause Young (Normal) (G1 Evacuation Pause) 3054M->2462M(16516M) 159.442ms
[16.940s][info][gc] GC(26) Pause Young (Normal) (G1 Evacuation Pause) 3182M->2584M(17344M) 159.774ms
[17.587s][info][gc] GC(27) Pause Young (Normal) (G1 Evacuation Pause) 3344M->2700M(17344M) 147.236ms
[18.265s][info][gc] GC(28) Pause Young (Normal) (G1 Evacuation Pause) 3516M->2870M(17344M) 161.309ms
[18.880s][info][gc] GC(29) Pause Young (Normal) (G1 Evacuation Pause) 3626M->2979M(17344M) 154.368ms
[19.468s][info][gc] GC(30) Pause Young (Normal) (G1 Evacuation Pause) 3735M->3078M(17972M) 140.944ms
[20.085s][info][gc] GC(31) Pause Young (Normal) (G1 Evacuation Pause) 3874M->3188M(17972M) 137.643ms
[20.771s][info][gc] GC(32) Pause Young (Normal) (G1 Evacuation Pause) 4164M->3310M(17972M) 146.523ms
[21.466s][info][gc] GC(33) Pause Young (Normal) (G1 Evacuation Pause) 4258M->3419M(17972M) 147.696ms
[22.170s][info][gc] GC(34) Pause Young (Normal) (G1 Evacuation Pause) 4431M->3548M(18544M) 155.152ms
[22.953s][info][gc] GC(35) Pause Young (Normal) (G1 Evacuation Pause) 4604M->3664M(18544M) 158.562ms
[23.862s][info][gc] GC(36) Pause Young (Normal) (G1 Evacuation Pause) 5016M->3804M(18544M) 178.546ms
[24.697s][info][gc] GC(37) Pause Young (Normal) (G1 Evacuation Pause) 5024M->3934M(18544M) 174.718ms
[25.512s][info][gc] GC(38) Pause Young (Normal) (G1 Evacuation Pause) 5162M->4054M(19068M) 166.237ms
[26.451s][info][gc] GC(39) Pause Young (Normal) (G1 Evacuation Pause) 5498M->4204M(19068M) 181.894ms
[27.324s][info][gc] GC(40) Pause Young (Normal) (G1 Evacuation Pause) 5608M->4338M(19068M) 180.328ms
[28.206s][info][gc] GC(41) Pause Young (Normal) (G1 Evacuation Pause) 5782M->4468M(19068M) 176.125ms
[29.111s][info][gc] GC(42) Pause Young (Normal) (G1 Evacuation Pause) 6008M->4606M(19420M) 176.302ms
[29.687s][info][gc] GC(43) Pause Young (Normal) (G1 Evacuation Pause) 5430M->4692M(19420M) 160.186ms
[31.239s][info][gc] GC(44) Pause Young (Normal) (G1 Evacuation Pause) 7616M->4905M(19420M) 200.331ms
[31.884s][info][gc] GC(45) Pause Young (Normal) (G1 Evacuation Pause) 5689M->4960M(19420M) 245.399ms
[32.415s][info][gc] GC(46) Pause Young (Normal) (G1 Evacuation Pause) 5864M->5024M(19680M) 116.396ms
[32.981s][info][gc] GC(47) Pause Young (Normal) (G1 Evacuation Pause) 5884M->5087M(19680M) 147.361ms
[33.542s][info][gc] GC(48) Pause Young (Normal) (G1 Evacuation Pause) 6003M->5142M(19680M) 140.896ms
[34.099s][info][gc] GC(49) Pause Young (Normal) (G1 Evacuation Pause) 6002M->5200M(19680M) 163.086ms
[34.701s][info][gc] GC(50) Pause Young (Normal) (G1 Evacuation Pause) 6200M->5274M(19840M) 151.075ms
[35.284s][info][gc] GC(51) Pause Young (Normal) (G1 Evacuation Pause) 6130M->5331M(19840M) 179.574ms
[36.120s][info][gc] GC(52) Pause Young (Normal) (G1 Evacuation Pause) 6843M->5434M(19840M) 172.760ms
[36.738s][info][gc] GC(53) Pause Young (Normal) (G1 Evacuation Pause) 6254M->5498M(19840M) 239.884ms
[37.255s][info][gc] GC(54) Pause Young (Normal) (G1 Evacuation Pause) 6418M->5546M(20028M) 108.172ms
[37.833s][info][gc] GC(55) Pause Young (Normal) (G1 Evacuation Pause) 6426M->5609M(20028M) 179.845ms
[38.382s][info][gc] GC(56) Pause Young (Normal) (G1 Evacuation Pause) 6481M->5666M(20028M) 163.630ms
[38.923s][info][gc] GC(57) Pause Young (Normal) (G1 Evacuation Pause) 6650M->5827M(20028M) 141.129ms
[39.734s][info][gc] GC(58) Pause Young (Normal) (G1 Evacuation Pause) 6711M->5890M(20152M) 192.962ms
[40.356s][info][gc] GC(59) Pause Young (Normal) (G1 Evacuation Pause) 6774M->5952M(20152M) 219.030ms
[40.954s][info][gc] GC(60) Pause Young (Normal) (G1 Evacuation Pause) 6828M->6002M(20152M) 193.159ms
[41.480s][info][gc] GC(61) Pause Young (Normal) (G1 Evacuation Pause) 6886M->6070M(20152M) 138.276ms
[42.037s][info][gc] GC(62) Pause Young (Normal) (G1 Evacuation Pause) 6950M->6124M(20264M) 168.563ms
[42.582s][info][gc] GC(63) Pause Young (Normal) (G1 Evacuation Pause) 7072M->6177M(20264M) 134.641ms
End benchmark
benchmarkAvgTime : 37750
nbThread : 16
[1.048s][info][gc] GC(0) Pause Young (Normal) (G1 Evacuation Pause) 280M->145M(5128M) 61.790ms
[1.628s][info][gc] GC(1) Pause Young (Normal) (G1 Evacuation Pause) 369M->179M(5128M) 45.358ms
[2.228s][info][gc] GC(2) Pause Young (Normal) (G1 Evacuation Pause) 407M->185M(5128M) 14.134ms
[2.893s][info][gc] GC(3) Pause Young (Normal) (G1 Evacuation Pause) 433M->183M(5128M) 3.727ms
[3.566s][info][gc] GC(4) Pause Young (Normal) (G1 Evacuation Pause) 435M->183M(5128M) 5.200ms
[4.237s][info][gc] GC(5) Pause Young (Normal) (G1 Evacuation Pause) 435M->183M(5128M) 4.239ms
[4.831s][info][gc] GC(6) Pause Young (Normal) (G1 Evacuation Pause) 435M->183M(5128M) 3.245ms
[5.184s][info][gc] GC(7) Pause Young (Normal) (G1 Evacuation Pause) 443M->359M(5128M) 65.887ms
[5.355s][info][gc] GC(8) Pause Young (Normal) (G1 Evacuation Pause) 583M->523M(5128M) 76.593ms
[5.636s][info][gc] GC(9) Pause Young (Normal) (G1 Evacuation Pause) 747M->682M(8192M) 92.719ms
[6.070s][info][gc] GC(10) Pause Young (Normal) (G1 Evacuation Pause) 1058M->776M(8192M) 64.737ms
[6.333s][info][gc] GC(11) Pause Young (Normal) (G1 Evacuation Pause) 1132M->860M(8192M) 69.825ms
[6.625s][info][gc] GC(12) Pause Young (Normal) (G1 Evacuation Pause) 1216M->948M(8192M) 82.789ms
[6.939s][info][gc] GC(13) Pause Young (Normal) (G1 Evacuation Pause) 1304M->1032M(10652M) 94.774ms
[7.427s][info][gc] GC(14) Pause Young (Normal) (G1 Evacuation Pause) 1512M->1144M(10652M) 114.124ms
[7.867s][info][gc] GC(15) Pause Young (Normal) (G1 Evacuation Pause) 1608M->1255M(10652M) 130.142ms
[8.363s][info][gc] GC(16) Pause Young (Normal) (G1 Evacuation Pause) 1719M->1366M(10652M) 129.515ms
[8.867s][info][gc] GC(17) Pause Young (Normal) (G1 Evacuation Pause) 1830M->1476M(14168M) 155.674ms
[9.715s][info][gc] GC(18) Pause Young (Normal) (G1 Evacuation Pause) 2116M->1626M(14168M) 174.802ms
[10.549s][info][gc] GC(19) Pause Young (Normal) (G1 Evacuation Pause) 2242M->1766M(14168M) 183.587ms
Start benchmark
[11.963s][info][gc] GC(20) Pause Young (Normal) (G1 Evacuation Pause) 2442M->1986M(14168M) 209.724ms
[12.696s][info][gc] GC(21) Pause Young (Normal) (G1 Evacuation Pause) 2602M->2102M(16696M) 157.196ms
[13.453s][info][gc] GC(22) Pause Young (Normal) (G1 Evacuation Pause) 2842M->2240M(16696M) 162.097ms
[14.156s][info][gc] GC(23) Pause Young (Normal) (G1 Evacuation Pause) 2968M->2376M(16696M) 167.679ms
[14.823s][info][gc] GC(24) Pause Young (Normal) (G1 Evacuation Pause) 3104M->2510M(16696M) 159.242ms
[15.462s][info][gc] GC(25) Pause Young (Normal) (G1 Evacuation Pause) 3238M->2632M(17656M) 155.171ms
[16.201s][info][gc] GC(26) Pause Young (Normal) (G1 Evacuation Pause) 3468M->2812M(17656M) 165.577ms
[16.803s][info][gc] GC(27) Pause Young (Normal) (G1 Evacuation Pause) 3580M->2926M(17656M) 163.119ms
[17.372s][info][gc] GC(28) Pause Young (Normal) (G1 Evacuation Pause) 3694M->3038M(17656M) 140.508ms
[17.946s][info][gc] GC(29) Pause Young (Normal) (G1 Evacuation Pause) 3806M->3142M(18256M) 136.378ms
[18.575s][info][gc] GC(30) Pause Young (Normal) (G1 Evacuation Pause) 3942M->3232M(18256M) 134.577ms
[19.387s][info][gc] GC(31) Pause Young (Normal) (G1 Evacuation Pause) 4404M->3371M(18256M) 165.077ms
[20.087s][info][gc] GC(32) Pause Young (Normal) (G1 Evacuation Pause) 4347M->3491M(18256M) 164.963ms
[20.797s][info][gc] GC(33) Pause Young (Normal) (G1 Evacuation Pause) 4511M->3616M(18784M) 159.939ms
[21.588s][info][gc] GC(34) Pause Young (Normal) (G1 Evacuation Pause) 4672M->3731M(18784M) 155.329ms
[22.516s][info][gc] GC(35) Pause Young (Normal) (G1 Evacuation Pause) 5191M->3890M(18784M) 180.494ms
[23.393s][info][gc] GC(36) Pause Young (Normal) (G1 Evacuation Pause) 5214M->4015M(18784M) 186.856ms
[24.212s][info][gc] GC(37) Pause Young (Normal) (G1 Evacuation Pause) 5295M->4162M(19244M) 171.573ms
[25.060s][info][gc] GC(38) Pause Young (Normal) (G1 Evacuation Pause) 5478M->4292M(19244M) 165.677ms
[25.872s][info][gc] GC(39) Pause Young (Normal) (G1 Evacuation Pause) 5652M->4416M(19244M) 166.709ms
[26.697s][info][gc] GC(40) Pause Young (Normal) (G1 Evacuation Pause) 5840M->4546M(19244M) 161.417ms
[27.688s][info][gc] GC(41) Pause Young (Normal) (G1 Evacuation Pause) 6006M->4680M(19528M) 174.548ms
[28.561s][info][gc] GC(42) Pause Young (Normal) (G1 Evacuation Pause) 6176M->4802M(19528M) 178.285ms
[29.417s][info][gc] GC(43) Pause Young (Normal) (G1 Evacuation Pause) 6330M->4936M(19528M) 173.768ms
[29.986s][info][gc] GC(44) Pause Young (Normal) (G1 Evacuation Pause) 5776M->5012M(19528M) 176.391ms
[30.538s][info][gc] GC(45) Pause Young (Normal) (G1 Evacuation Pause) 5948M->5072M(19740M) 137.068ms
[31.098s][info][gc] GC(46) Pause Young (Normal) (G1 Evacuation Pause) 5928M->5146M(19740M) 173.482ms
[31.619s][info][gc] GC(47) Pause Young (Normal) (G1 Evacuation Pause) 6054M->5218M(19740M) 127.746ms
[32.174s][info][gc] GC(48) Pause Young (Normal) (G1 Evacuation Pause) 6126M->5282M(19740M) 162.612ms
[32.720s][info][gc] GC(49) Pause Young (Normal) (G1 Evacuation Pause) 6198M->5342M(19896M) 150.887ms
[33.309s][info][gc] GC(50) Pause Young (Normal) (G1 Evacuation Pause) 6210M->5409M(19896M) 199.795ms
[33.853s][info][gc] GC(51) Pause Young (Normal) (G1 Evacuation Pause) 6329M->5471M(19896M) 146.311ms
[34.419s][info][gc] GC(52) Pause Young (Normal) (G1 Evacuation Pause) 6339M->5540M(19896M) 189.037ms
[34.949s][info][gc] GC(53) Pause Young (Normal) (G1 Evacuation Pause) 6460M->5602M(20076M) 146.923ms
[35.505s][info][gc] GC(54) Pause Young (Normal) (G1 Evacuation Pause) 6478M->5666M(20076M) 162.640ms
[36.027s][info][gc] GC(55) Pause Young (Normal) (G1 Evacuation Pause) 6538M->5730M(20076M) 146.981ms
[36.539s][info][gc] GC(56) Pause Young (Normal) (G1 Evacuation Pause) 6602M->5796M(20076M) 137.588ms
[37.559s][info][gc] GC(57) Pause Young (Normal) (G1 Evacuation Pause) 6776M->5972M(20200M) 190.263ms
[38.332s][info][gc] GC(58) Pause Young (Normal) (G1 Evacuation Pause) 6852M->6056M(20200M) 156.560ms
[39.104s][info][gc] GC(59) Pause Young (Normal) (G1 Evacuation Pause) 6980M->6134M(20200M) 117.254ms
[39.874s][info][gc] GC(60) Pause Young (Normal) (G1 Evacuation Pause) 7058M->6209M(20200M) 139.554ms
[40.703s][info][gc] GC(61) Pause Young (Normal) (G1 Evacuation Pause) 7137M->6282M(20276M) 166.283ms
End benchmark
benchmarkAvgTime : 36566
nbThread : 16
[1.001s][info][gc] GC(0) Pause Young (Normal) (G1 Evacuation Pause) 280M->145M(5128M) 59.672ms
[1.566s][info][gc] GC(1) Pause Young (Normal) (G1 Evacuation Pause) 369M->181M(5128M) 44.091ms
[2.165s][info][gc] GC(2) Pause Young (Normal) (G1 Evacuation Pause) 409M->188M(5128M) 13.712ms
[2.831s][info][gc] GC(3) Pause Young (Normal) (G1 Evacuation Pause) 436M->186M(5128M) 3.699ms
[3.492s][info][gc] GC(4) Pause Young (Normal) (G1 Evacuation Pause) 434M->185M(5128M) 3.752ms
[4.131s][info][gc] GC(5) Pause Young (Normal) (G1 Evacuation Pause) 437M->185M(5128M) 3.095ms
[4.377s][info][gc] GC(6) Pause Young (Normal) (G1 Evacuation Pause) 449M->356M(5128M) 51.379ms
[4.546s][info][gc] GC(7) Pause Young (Normal) (G1 Evacuation Pause) 580M->523M(5128M) 74.159ms
[4.821s][info][gc] GC(8) Pause Young (Normal) (G1 Evacuation Pause) 747M->684M(8052M) 92.739ms
[5.260s][info][gc] GC(9) Pause Young (Normal) (G1 Evacuation Pause) 1052M->774M(8052M) 62.863ms
[5.513s][info][gc] GC(10) Pause Young (Normal) (G1 Evacuation Pause) 1122M->856M(8052M) 66.467ms
[5.818s][info][gc] GC(11) Pause Young (Normal) (G1 Evacuation Pause) 1204M->936M(8052M) 74.560ms
[6.126s][info][gc] GC(12) Pause Young (Normal) (G1 Evacuation Pause) 1284M->1016M(10540M) 87.282ms
[6.586s][info][gc] GC(13) Pause Young (Normal) (G1 Evacuation Pause) 1488M->1124M(10540M) 106.411ms
[7.033s][info][gc] GC(14) Pause Young (Normal) (G1 Evacuation Pause) 1580M->1228M(10540M) 119.438ms
[7.503s][info][gc] GC(15) Pause Young (Normal) (G1 Evacuation Pause) 1684M->1334M(10540M) 120.934ms
[7.997s][info][gc] GC(16) Pause Young (Normal) (G1 Evacuation Pause) 1790M->1438M(13916M) 148.224ms
[8.693s][info][gc] GC(17) Pause Young (Normal) (G1 Evacuation Pause) 2062M->1578M(13916M) 185.925ms
[9.342s][info][gc] GC(18) Pause Young (Normal) (G1 Evacuation Pause) 2182M->1714M(13916M) 193.385ms
Start benchmark
[10.410s][info][gc] GC(19) Pause Young (Normal) (G1 Evacuation Pause) 2378M->1942M(13916M) 215.861ms
[11.181s][info][gc] GC(20) Pause Young (Normal) (G1 Evacuation Pause) 2546M->2054M(16544M) 167.137ms
[11.921s][info][gc] GC(21) Pause Young (Normal) (G1 Evacuation Pause) 2790M->2192M(16544M) 162.737ms
[12.715s][info][gc] GC(22) Pause Young (Normal) (G1 Evacuation Pause) 2912M->2324M(16544M) 168.379ms
[13.349s][info][gc] GC(23) Pause Young (Normal) (G1 Evacuation Pause) 3044M->2458M(16544M) 161.181ms
[14.013s][info][gc] GC(24) Pause Young (Normal) (G1 Evacuation Pause) 3178M->2580M(17700M) 152.556ms
[14.702s][info][gc] GC(25) Pause Young (Normal) (G1 Evacuation Pause) 3360M->2706M(17700M) 161.461ms
[15.406s][info][gc] GC(26) Pause Young (Normal) (G1 Evacuation Pause) 3538M->2886M(17700M) 169.326ms
[16.008s][info][gc] GC(27) Pause Young (Normal) (G1 Evacuation Pause) 3658M->3002M(17700M) 158.170ms
[16.604s][info][gc] GC(28) Pause Young (Normal) (G1 Evacuation Pause) 3774M->3108M(18364M) 133.003ms
[17.258s][info][gc] GC(29) Pause Young (Normal) (G1 Evacuation Pause) 3916M->3202M(18364M) 133.364ms
[17.893s][info][gc] GC(30) Pause Young (Normal) (G1 Evacuation Pause) 4062M->3313M(18364M) 136.297ms
[18.671s][info][gc] GC(31) Pause Young (Normal) (G1 Evacuation Pause) 4397M->3449M(18364M) 161.377ms
[19.393s][info][gc] GC(32) Pause Young (Normal) (G1 Evacuation Pause) 4441M->3563M(18824M) 157.757ms
[20.190s][info][gc] GC(33) Pause Young (Normal) (G1 Evacuation Pause) 4679M->3694M(18824M) 156.871ms
[21.013s][info][gc] GC(34) Pause Young (Normal) (G1 Evacuation Pause) 4830M->3820M(18824M) 172.743ms
[21.901s][info][gc] GC(35) Pause Young (Normal) (G1 Evacuation Pause) 5116M->3956M(18824M) 168.941ms
[22.713s][info][gc] GC(36) Pause Young (Normal) (G1 Evacuation Pause) 5212M->4094M(19252M) 172.279ms
[23.657s][info][gc] GC(37) Pause Young (Normal) (G1 Evacuation Pause) 5266M->4218M(19252M) 160.187ms
[24.585s][info][gc] GC(38) Pause Young (Normal) (G1 Evacuation Pause) 5690M->4360M(19252M) 186.662ms
[25.151s][info][gc] GC(39) Pause Young (Normal) (G1 Evacuation Pause) 5164M->4436M(19252M) 164.173ms
[26.226s][info][gc] GC(40) Pause Young (Normal) (G1 Evacuation Pause) 6312M->4596M(19548M) 176.535ms
[27.040s][info][gc] GC(41) Pause Young (Normal) (G1 Evacuation Pause) 5764M->4687M(19548M) 212.079ms
[27.850s][info][gc] GC(42) Pause Young (Normal) (G1 Evacuation Pause) 6047M->4786M(19548M) 145.310ms
[28.507s][info][gc] GC(43) Pause Young (Normal) (G1 Evacuation Pause) 5742M->4875M(19548M) 190.741ms
[29.161s][info][gc] GC(44) Pause Young (Normal) (G1 Evacuation Pause) 5975M->4963M(19764M) 133.840ms
[29.763s][info][gc] GC(45) Pause Young (Normal) (G1 Evacuation Pause) 5863M->5041M(19764M) 166.877ms
[30.450s][info][gc] GC(46) Pause Young (Normal) (G1 Evacuation Pause) 6181M->5120M(19764M) 153.312ms
[31.120s][info][gc] GC(47) Pause Young (Normal) (G1 Evacuation Pause) 6192M->5201M(19764M) 168.996ms
[31.714s][info][gc] GC(48) Pause Young (Normal) (G1 Evacuation Pause) 6101M->5274M(19916M) 177.790ms
[32.310s][info][gc] GC(49) Pause Young (Normal) (G1 Evacuation Pause) 6190M->5344M(19916M) 178.259ms
[32.879s][info][gc] GC(50) Pause Young (Normal) (G1 Evacuation Pause) 6264M->5413M(19916M) 158.459ms
[33.451s][info][gc] GC(51) Pause Young (Normal) (G1 Evacuation Pause) 6333M->5485M(19916M) 170.231ms
[34.029s][info][gc] GC(52) Pause Young (Normal) (G1 Evacuation Pause) 6401M->5541M(20072M) 178.132ms
[34.639s][info][gc] GC(53) Pause Young (Normal) (G1 Evacuation Pause) 6481M->5608M(20072M) 188.315ms
[35.235s][info][gc] GC(54) Pause Young (Normal) (G1 Evacuation Pause) 6484M->5669M(20072M) 205.985ms
[35.817s][info][gc] GC(55) Pause Young (Normal) (G1 Evacuation Pause) 6601M->5731M(20072M) 177.685ms
[36.817s][info][gc] GC(56) Pause Young (Normal) (G1 Evacuation Pause) 6711M->5905M(20216M) 236.713ms
[37.832s][info][gc] GC(57) Pause Young (Normal) (G1 Evacuation Pause) 6837M->5987M(20216M) 196.082ms
[38.680s][info][gc] GC(58) Pause Young (Normal) (G1 Evacuation Pause) 6867M->6070M(20216M) 190.344ms
[39.451s][info][gc] GC(59) Pause Young (Normal) (G1 Evacuation Pause) 6994M->6154M(20216M) 113.839ms
End benchmark
benchmarkAvgTime : 35984
nbThread : 16
[1.035s][info][gc] GC(0) Pause Young (Normal) (G1 Evacuation Pause) 280M->145M(5128M) 61.053ms
[1.606s][info][gc] GC(1) Pause Young (Normal) (G1 Evacuation Pause) 369M->180M(5128M) 41.409ms
[2.211s][info][gc] GC(2) Pause Young (Normal) (G1 Evacuation Pause) 408M->185M(5128M) 12.999ms
[2.884s][info][gc] GC(3) Pause Young (Normal) (G1 Evacuation Pause) 433M->184M(5128M) 3.426ms
[3.560s][info][gc] GC(4) Pause Young (Normal) (G1 Evacuation Pause) 436M->183M(5128M) 3.432ms
[4.235s][info][gc] GC(5) Pause Young (Normal) (G1 Evacuation Pause) 435M->183M(5128M) 3.349ms
[4.911s][info][gc] GC(6) Pause Young (Normal) (G1 Evacuation Pause) 435M->183M(5128M) 3.457ms
[5.425s][info][gc] GC(7) Pause Young (Normal) (G1 Evacuation Pause) 435M->336M(5128M) 58.445ms
[5.620s][info][gc] GC(8) Pause Young (Normal) (G1 Evacuation Pause) 580M->515M(5128M) 75.736ms
[5.811s][info][gc] GC(9) Pause Young (Normal) (G1 Evacuation Pause) 739M->682M(7872M) 86.693ms
[6.305s][info][gc] GC(10) Pause Young (Normal) (G1 Evacuation Pause) 1042M->774M(7872M) 62.079ms
[6.591s][info][gc] GC(11) Pause Young (Normal) (G1 Evacuation Pause) 1114M->856M(7872M) 69.471ms
[6.859s][info][gc] GC(12) Pause Young (Normal) (G1 Evacuation Pause) 1196M->936M(7872M) 73.244ms
[7.152s][info][gc] GC(13) Pause Young (Normal) (G1 Evacuation Pause) 1276M->1016M(10396M) 87.945ms
[7.602s][info][gc] GC(14) Pause Young (Normal) (G1 Evacuation Pause) 1480M->1122M(10396M) 105.645ms
[8.028s][info][gc] GC(15) Pause Young (Normal) (G1 Evacuation Pause) 1570M->1224M(10396M) 124.389ms
[8.478s][info][gc] GC(16) Pause Young (Normal) (G1 Evacuation Pause) 1672M->1328M(10396M) 130.268ms
[8.945s][info][gc] GC(17) Pause Young (Normal) (G1 Evacuation Pause) 1776M->1435M(13696M) 147.632ms
[9.636s][info][gc] GC(18) Pause Young (Normal) (G1 Evacuation Pause) 2051M->1574M(13696M) 179.168ms
[10.299s][info][gc] GC(19) Pause Young (Normal) (G1 Evacuation Pause) 2170M->1706M(13696M) 197.012ms
Start benchmark
[11.512s][info][gc] GC(20) Pause Young (Normal) (G1 Evacuation Pause) 2354M->1916M(13696M) 204.902ms
[12.385s][info][gc] GC(21) Pause Young (Normal) (G1 Evacuation Pause) 2512M->2034M(16412M) 188.490ms
[13.099s][info][gc] GC(22) Pause Young (Normal) (G1 Evacuation Pause) 2766M->2160M(16412M) 146.043ms
[13.789s][info][gc] GC(23) Pause Young (Normal) (G1 Evacuation Pause) 2876M->2286M(16412M) 166.638ms
[14.460s][info][gc] GC(24) Pause Young (Normal) (G1 Evacuation Pause) 3002M->2414M(16412M) 157.686ms
[15.080s][info][gc] GC(25) Pause Young (Normal) (G1 Evacuation Pause) 3130M->2538M(17584M) 160.922ms
[15.794s][info][gc] GC(26) Pause Young (Normal) (G1 Evacuation Pause) 3310M->2660M(17584M) 161.128ms
[16.505s][info][gc] GC(27) Pause Young (Normal) (G1 Evacuation Pause) 3484M->2839M(17584M) 173.059ms
[17.110s][info][gc] GC(28) Pause Young (Normal) (G1 Evacuation Pause) 3603M->2948M(17584M) 156.973ms
[17.708s][info][gc] GC(29) Pause Young (Normal) (G1 Evacuation Pause) 3712M->3055M(18276M) 138.979ms
[18.350s][info][gc] GC(30) Pause Young (Normal) (G1 Evacuation Pause) 3859M->3165M(18276M) 139.657ms
[18.943s][info][gc] GC(31) Pause Young (Normal) (G1 Evacuation Pause) 3981M->3270M(18276M) 139.349ms
[19.760s][info][gc] GC(32) Pause Young (Normal) (G1 Evacuation Pause) 4422M->3406M(18276M) 159.204ms
[20.482s][info][gc] GC(33) Pause Young (Normal) (G1 Evacuation Pause) 4426M->3532M(18772M) 167.405ms
[21.227s][info][gc] GC(34) Pause Young (Normal) (G1 Evacuation Pause) 4524M->3656M(18772M) 158.305ms
[21.969s][info][gc] GC(35) Pause Young (Normal) (G1 Evacuation Pause) 4728M->3770M(18772M) 153.500ms
[23.026s][info][gc] GC(36) Pause Young (Normal) (G1 Evacuation Pause) 5086M->3918M(18772M) 174.549ms
[23.811s][info][gc] GC(37) Pause Young (Normal) (G1 Evacuation Pause) 5086M->4042M(19216M) 174.519ms
[24.649s][info][gc] GC(38) Pause Young (Normal) (G1 Evacuation Pause) 5278M->4168M(19216M) 163.573ms
[25.450s][info][gc] GC(39) Pause Young (Normal) (G1 Evacuation Pause) 5440M->4298M(19216M) 169.755ms
[26.348s][info][gc] GC(40) Pause Young (Normal) (G1 Evacuation Pause) 5782M->4440M(19216M) 187.467ms
[26.929s][info][gc] GC(41) Pause Young (Normal) (G1 Evacuation Pause) 5292M->4526M(19528M) 164.658ms
[27.880s][info][gc] GC(42) Pause Young (Normal) (G1 Evacuation Pause) 6190M->4668M(19528M) 157.401ms
[28.811s][info][gc] GC(43) Pause Young (Normal) (G1 Evacuation Pause) 6200M->4801M(19528M) 214.650ms
[29.389s][info][gc] GC(44) Pause Young (Normal) (G1 Evacuation Pause) 5637M->4886M(19528M) 165.525ms
[29.943s][info][gc] GC(45) Pause Young (Normal) (G1 Evacuation Pause) 5782M->4954M(19748M) 141.765ms
[30.828s][info][gc] GC(46) Pause Young (Normal) (G1 Evacuation Pause) 6486M->5086M(19748M) 175.606ms
[31.393s][info][gc] GC(47) Pause Young (Normal) (G1 Evacuation Pause) 5870M->5162M(19748M) 190.687ms
[32.260s][info][gc] GC(48) Pause Young (Normal) (G1 Evacuation Pause) 6826M->5277M(19748M) 139.651ms
[32.857s][info][gc] GC(49) Pause Young (Normal) (G1 Evacuation Pause) 6093M->5348M(19912M) 218.226ms
[33.561s][info][gc] GC(50) Pause Young (Normal) (G1 Evacuation Pause) 6632M->5431M(19912M) 141.693ms
[34.138s][info][gc] GC(51) Pause Young (Normal) (G1 Evacuation Pause) 6259M->5484M(19912M) 195.591ms
[34.674s][info][gc] GC(52) Pause Young (Normal) (G1 Evacuation Pause) 6412M->5550M(19912M) 130.938ms
[35.282s][info][gc] GC(53) Pause Young (Normal) (G1 Evacuation Pause) 6426M->5613M(20060M) 213.308ms
[35.861s][info][gc] GC(54) Pause Young (Normal) (G1 Evacuation Pause) 6545M->5669M(20060M) 166.594ms
[36.443s][info][gc] GC(55) Pause Young (Normal) (G1 Evacuation Pause) 6545M->5730M(20060M) 196.588ms
[36.984s][info][gc] GC(56) Pause Young (Normal) (G1 Evacuation Pause) 6602M->5794M(20060M) 158.529ms
[37.504s][info][gc] GC(57) Pause Young (Normal) (G1 Evacuation Pause) 6666M->5860M(20196M) 136.787ms
[39.049s][info][gc] GC(58) Pause Young (Normal) (G1 Evacuation Pause) 6848M->6034M(20196M) 197.022ms
[39.630s][info][gc] GC(59) Pause Young (Normal) (G1 Evacuation Pause) 6914M->6101M(20196M) 181.007ms
[40.164s][info][gc] GC(60) Pause Young (Normal) (G1 Evacuation Pause) 7037M->6162M(20196M) 137.682ms
[40.741s][info][gc] GC(61) Pause Young (Normal) (G1 Evacuation Pause) 7042M->6225M(20276M) 188.654ms
End benchmark
benchmarkAvgTime : 36394
nbThread : 32
[0.996s][info][gc] GC(0) Pause Young (Normal) (G1 Evacuation Pause) 280M->145M(5128M) 45.334ms
[1.551s][info][gc] GC(1) Pause Young (Normal) (G1 Evacuation Pause) 369M->180M(5128M) 29.367ms
[2.152s][info][gc] GC(2) Pause Young (Normal) (G1 Evacuation Pause) 408M->186M(5128M) 9.288ms
[2.813s][info][gc] GC(3) Pause Young (Normal) (G1 Evacuation Pause) 434M->185M(5128M) 2.902ms
[3.478s][info][gc] GC(4) Pause Young (Normal) (G1 Evacuation Pause) 437M->185M(5128M) 3.000ms
[4.142s][info][gc] GC(5) Pause Young (Normal) (G1 Evacuation Pause) 437M->185M(5128M) 3.126ms
[4.467s][info][gc] GC(6) Pause Young (Normal) (G1 Evacuation Pause) 449M->339M(5128M) 27.880ms
[4.555s][info][gc] GC(7) Pause Young (Normal) (G1 Evacuation Pause) 563M->502M(5128M) 44.094ms
[4.678s][info][gc] GC(8) Pause Young (Normal) (G1 Evacuation Pause) 726M->669M(6408M) 51.961ms
[4.989s][info][gc] GC(9) Pause Young (Normal) (G1 Evacuation Pause) 957M->752M(6408M) 33.272ms
[5.153s][info][gc] GC(10) Pause Young (Normal) (G1 Evacuation Pause) 1032M->818M(6408M) 32.985ms
[5.272s][info][gc] GC(11) Pause Young (Normal) (G1 Evacuation Pause) 1098M->884M(6408M) 36.293ms
[5.402s][info][gc] GC(12) Pause Young (Normal) (G1 Evacuation Pause) 1164M->949M(7896M) 46.558ms
[5.618s][info][gc] GC(13) Pause Young (Normal) (G1 Evacuation Pause) 1301M->1027M(7896M) 51.295ms
[5.785s][info][gc] GC(14) Pause Young (Normal) (G1 Evacuation Pause) 1367M->1104M(7896M) 58.293ms
[6.027s][info][gc] GC(15) Pause Young (Normal) (G1 Evacuation Pause) 1444M->1182M(7896M) 59.178ms
[6.216s][info][gc] GC(16) Pause Young (Normal) (G1 Evacuation Pause) 1522M->1261M(11204M) 72.463ms
[6.585s][info][gc] GC(17) Pause Young (Normal) (G1 Evacuation Pause) 1769M->1374M(11204M) 86.164ms
[6.856s][info][gc] GC(18) Pause Young (Normal) (G1 Evacuation Pause) 1874M->1487M(11204M) 96.243ms
[7.134s][info][gc] GC(19) Pause Young (Normal) (G1 Evacuation Pause) 1975M->1597M(11204M) 100.119ms
[7.438s][info][gc] GC(20) Pause Young (Normal) (G1 Evacuation Pause) 2085M->1710M(14916M) 116.373ms
Start benchmark
[8.145s][info][gc] GC(21) Pause Young (Normal) (G1 Evacuation Pause) 2442M->1953M(14916M) 128.795ms
[8.631s][info][gc] GC(22) Pause Young (Normal) (G1 Evacuation Pause) 2601M->2076M(14916M) 114.366ms
[9.023s][info][gc] GC(23) Pause Young (Normal) (G1 Evacuation Pause) 2724M->2202M(14916M) 96.247ms
[9.337s][info][gc] GC(24) Pause Young (Normal) (G1 Evacuation Pause) 2850M->2329M(17144M) 106.990ms
[9.724s][info][gc] GC(25) Pause Young (Normal) (G1 Evacuation Pause) 3089M->2475M(17144M) 105.857ms
[10.047s][info][gc] GC(26) Pause Young (Normal) (G1 Evacuation Pause) 3223M->2601M(17144M) 101.793ms
[10.392s][info][gc] GC(27) Pause Young (Normal) (G1 Evacuation Pause) 3409M->2779M(17144M) 107.123ms
[10.710s][info][gc] GC(28) Pause Young (Normal) (G1 Evacuation Pause) 3539M->2893M(18208M) 108.856ms
[11.040s][info][gc] GC(29) Pause Young (Normal) (G1 Evacuation Pause) 3705M->3002M(18208M) 92.060ms
[11.835s][info][gc] GC(30) Pause Young (Normal) (G1 Evacuation Pause) 5470M->3272M(18208M) 157.049ms
[12.433s][info][gc] GC(31) Pause Young (Normal) (G1 Evacuation Pause) 4572M->3434M(18208M) 159.247ms
[12.905s][info][gc] GC(32) Pause Young (Normal) (G1 Evacuation Pause) 4754M->3565M(19016M) 115.019ms
[13.429s][info][gc] GC(33) Pause Young (Normal) (G1 Evacuation Pause) 5181M->3731M(19016M) 129.142ms
[13.938s][info][gc] GC(34) Pause Young (Normal) (G1 Evacuation Pause) 5391M->3891M(19016M) 130.987ms
[14.494s][info][gc] GC(35) Pause Young (Normal) (G1 Evacuation Pause) 5819M->4056M(19016M) 132.886ms
[15.093s][info][gc] GC(36) Pause Young (Normal) (G1 Evacuation Pause) 6148M->4233M(19480M) 144.065ms
[15.784s][info][gc] GC(37) Pause Young (Normal) (G1 Evacuation Pause) 6761M->4418M(19480M) 142.134ms
[16.338s][info][gc] GC(38) Pause Young (Normal) (G1 Evacuation Pause) 6182M->4567M(19480M) 177.537ms
[16.889s][info][gc] GC(39) Pause Young (Normal) (G1 Evacuation Pause) 6715M->4687M(19480M) 122.893ms
[17.220s][info][gc] GC(40) Pause Young (Normal) (G1 Evacuation Pause) 5555M->4766M(19780M) 150.780ms
[18.816s][info][gc] GC(41) Pause Young (Normal) (G1 Evacuation Pause) 10742M->5225M(19780M) 197.767ms
[19.428s][info][gc] GC(42) Pause Young (Normal) (G1 Evacuation Pause) 6833M->5328M(19780M) 243.917ms
[19.680s][info][gc] GC(43) Pause Young (Normal) (G1 Evacuation Pause) 6200M->5396M(19780M) 79.219ms
[19.902s][info][gc] GC(44) Pause Young (Normal) (G1 Evacuation Pause) 6312M->5438M(19996M) 51.788ms
[20.194s][info][gc] GC(45) Pause Young (Normal) (G1 Evacuation Pause) 6362M->5494M(19996M) 107.489ms
[20.673s][info][gc] GC(46) Pause Young (Normal) (G1 Evacuation Pause) 7430M->5611M(19996M) 113.982ms
[21.186s][info][gc] GC(47) Pause Young (Normal) (G1 Evacuation Pause) 7251M->5707M(19996M) 196.090ms
[21.461s][info][gc] GC(48) Pause Young (Normal) (G1 Evacuation Pause) 6479M->5761M(20108M) 122.018ms
[21.684s][info][gc] GC(49) Pause Young (Normal) (G1 Evacuation Pause) 6697M->5801M(20108M) 50.453ms
[21.928s][info][gc] GC(50) Pause Young (Normal) (G1 Evacuation Pause) 6697M->5857M(20108M) 74.193ms
[22.171s][info][gc] GC(51) Pause Young (Normal) (G1 Evacuation Pause) 6745M->5907M(20108M) 77.255ms
[22.681s][info][gc] GC(52) Pause Young (Normal) (G1 Evacuation Pause) 7863M->6011M(20184M) 149.536ms
[22.961s][info][gc] GC(53) Pause Young (Normal) (G1 Evacuation Pause) 6807M->6058M(20184M) 127.537ms
[23.714s][info][gc] GC(54) Pause Young (Normal) (G1 Evacuation Pause) 9650M->6238M(20184M) 105.021ms
[24.253s][info][gc] GC(55) Pause Young (Normal) (G1 Evacuation Pause) 7986M->6336M(20184M) 216.301ms
[24.471s][info][gc] GC(56) Pause Young (Normal) (G1 Evacuation Pause) 7240M->6390M(20304M) 55.773ms
[24.686s][info][gc] GC(57) Pause Young (Normal) (G1 Evacuation Pause) 7346M->6434M(20304M) 44.343ms
[24.951s][info][gc] GC(58) Pause Young (Normal) (G1 Evacuation Pause) 7346M->6480M(20304M) 102.576ms
[25.160s][info][gc] GC(59) Pause Young (Normal) (G1 Evacuation Pause) 7392M->6527M(20304M) 50.805ms
[25.368s][info][gc] GC(60) Pause Young (Normal) (G1 Evacuation Pause) 7443M->6578M(20340M) 49.915ms
[25.578s][info][gc] GC(61) Pause Young (Normal) (G1 Evacuation Pause) 7494M->6621M(20340M) 50.105ms
[26.211s][info][gc] GC(62) Pause Young (Normal) (G1 Evacuation Pause) 9313M->6747M(20340M) 155.135ms
[26.494s][info][gc] GC(63) Pause Young (Normal) (G1 Evacuation Pause) 7539M->6793M(20340M) 132.822ms
[26.702s][info][gc] GC(64) Pause Young (Normal) (G1 Evacuation Pause) 7753M->6826M(20384M) 41.351ms
[26.916s][info][gc] GC(65) Pause Young (Normal) (G1 Evacuation Pause) 7754M->6873M(20384M) 50.446ms
[27.122s][info][gc] GC(66) Pause Young (Normal) (G1 Evacuation Pause) 7797M->6919M(20384M) 47.785ms
[27.428s][info][gc] GC(67) Pause Young (Normal) (G1 Evacuation Pause) 8351M->6981M(20384M) 57.045ms
[27.902s][info][gc] GC(68) Pause Young (Normal) (G1 Evacuation Pause) 8989M->7062M(20404M) 116.053ms
[28.330s][info][gc] GC(69) Pause Young (Normal) (G1 Evacuation Pause) 8478M->7132M(20404M) 170.576ms
[28.550s][info][gc] GC(70) Pause Young (Normal) (G1 Evacuation Pause) 7992M->7174M(20404M) 65.815ms
[28.764s][info][gc] GC(71) Pause Young (Normal) (G1 Evacuation Pause) 8078M->7214M(20404M) 54.908ms
[28.970s][info][gc] GC(72) Pause Young (Normal) (G1 Evacuation Pause) 8146M->7258M(20436M) 47.167ms
[29.178s][info][gc] GC(73) Pause Young (Normal) (G1 Evacuation Pause) 8190M->7303M(20436M) 46.636ms
[30.282s][info][gc] GC(74) Pause Young (Normal) (G1 Evacuation Pause) 12863M->7537M(20436M) 138.164ms
[30.807s][info][gc] GC(75) Pause Young (Normal) (G1 Evacuation Pause) 9233M->7620M(20436M) 220.748ms
[31.012s][info][gc] GC(76) Pause Young (Normal) (G1 Evacuation Pause) 8548M->7671M(20456M) 46.526ms
[31.210s][info][gc] GC(77) Pause Young (Normal) (G1 Evacuation Pause) 8639M->7702M(20456M) 35.208ms
[31.409s][info][gc] GC(78) Pause Young (Normal) (G1 Evacuation Pause) 8638M->7744M(20456M) 41.525ms
[31.934s][info][gc] GC(79) Pause Young (Normal) (G1 Evacuation Pause) 10416M->7846M(20456M) 72.049ms
[32.594s][info][gc] GC(80) Pause Young (Normal) (G1 Evacuation Pause) 10642M->7961M(20460M) 178.876ms
[32.839s][info][gc] GC(81) Pause Young (Normal) (G1 Evacuation Pause) 8681M->7991M(20460M) 111.688ms
[33.104s][info][gc] GC(82) Pause Young (Normal) (G1 Evacuation Pause) 9323M->8029M(20460M) 40.830ms
[33.310s][info][gc] GC(83) Pause Young (Normal) (G1 Evacuation Pause) 8961M->8065M(20460M) 46.703ms
[33.701s][info][gc] GC(84) Pause Young (Normal) (G1 Evacuation Pause) 10013M->8132M(20468M) 60.877ms
[34.359s][info][gc] GC(85) Pause Young (Normal) (G1 Evacuation Pause) 10968M->8233M(20468M) 168.408ms
[34.588s][info][gc] GC(86) Pause Young (Normal) (G1 Evacuation Pause) 8997M->8268M(20468M) 90.443ms
[34.782s][info][gc] GC(87) Pause Young (Normal) (G1 Evacuation Pause) 9240M->8290M(20468M) 32.381ms
[34.981s][info][gc] GC(88) Pause Young (Normal) (G1 Evacuation Pause) 9242M->8321M(20472M) 40.120ms
[35.329s][info][gc] GC(89) Pause Young (Normal) (G1 Evacuation Pause) 9241M->8364M(20472M) 54.065ms
[35.746s][info][gc] GC(90) Pause Young (Normal) (G1 Evacuation Pause) 10556M->8437M(20472M) 57.067ms
[36.524s][info][gc] GC(91) Pause Young (Normal) (G1 Evacuation Pause) 12301M->8565M(20472M) 130.459ms
[36.970s][info][gc] GC(92) Pause Young (Normal) (G1 Evacuation Pause) 10333M->8636M(20476M) 136.267ms
[37.527s][info][gc] GC(93) Pause Young (Normal) (G1 Evacuation Pause) 11332M->8730M(20476M) 98.153ms
End benchmark
benchmarkAvgTime : 33793
nbThread : 32
[0.991s][info][gc] GC(0) Pause Young (Normal) (G1 Evacuation Pause) 280M->145M(5128M) 44.877ms
[1.551s][info][gc] GC(1) Pause Young (Normal) (G1 Evacuation Pause) 369M->177M(5128M) 30.237ms
[2.156s][info][gc] GC(2) Pause Young (Normal) (G1 Evacuation Pause) 405M->184M(5128M) 9.208ms
[2.822s][info][gc] GC(3) Pause Young (Normal) (G1 Evacuation Pause) 432M->182M(5128M) 3.100ms
[3.490s][info][gc] GC(4) Pause Young (Normal) (G1 Evacuation Pause) 434M->182M(5128M) 2.848ms
[4.075s][info][gc] GC(5) Pause Young (Normal) (G1 Evacuation Pause) 434M->182M(5128M) 2.739ms
[4.393s][info][gc] GC(6) Pause Young (Normal) (G1 Evacuation Pause) 446M->350M(5128M) 30.202ms
[4.486s][info][gc] GC(7) Pause Young (Normal) (G1 Evacuation Pause) 574M->515M(5128M) 44.967ms
[4.675s][info][gc] GC(8) Pause Young (Normal) (G1 Evacuation Pause) 739M->677M(6520M) 55.912ms
[4.946s][info][gc] GC(9) Pause Young (Normal) (G1 Evacuation Pause) 969M->756M(6520M) 30.845ms
[5.091s][info][gc] GC(10) Pause Young (Normal) (G1 Evacuation Pause) 1036M->823M(6520M) 32.341ms
[5.209s][info][gc] GC(11) Pause Young (Normal) (G1 Evacuation Pause) 1103M->890M(6520M) 36.086ms
[5.338s][info][gc] GC(12) Pause Young (Normal) (G1 Evacuation Pause) 1170M->956M(8008M) 44.104ms
[5.548s][info][gc] GC(13) Pause Young (Normal) (G1 Evacuation Pause) 1312M->1037M(8008M) 52.135ms
[5.708s][info][gc] GC(14) Pause Young (Normal) (G1 Evacuation Pause) 1385M->1121M(8008M) 59.164ms
[5.889s][info][gc] GC(15) Pause Young (Normal) (G1 Evacuation Pause) 1469M->1206M(8008M) 64.218ms
[6.086s][info][gc] GC(16) Pause Young (Normal) (G1 Evacuation Pause) 1554M->1290M(11508M) 72.783ms
[6.457s][info][gc] GC(17) Pause Young (Normal) (G1 Evacuation Pause) 1810M->1406M(11508M) 83.554ms
[6.729s][info][gc] GC(18) Pause Young (Normal) (G1 Evacuation Pause) 1906M->1518M(11508M) 94.475ms
[7.012s][info][gc] GC(19) Pause Young (Normal) (G1 Evacuation Pause) 2018M->1633M(11508M) 103.641ms
[7.305s][info][gc] GC(20) Pause Young (Normal) (G1 Evacuation Pause) 2133M->1749M(15100M) 112.404ms
Start benchmark
[8.167s][info][gc] GC(21) Pause Young (Normal) (G1 Evacuation Pause) 2489M->1990M(15100M) 132.700ms
[8.671s][info][gc] GC(22) Pause Young (Normal) (G1 Evacuation Pause) 2646M->2116M(15100M) 113.741ms
[8.974s][info][gc] GC(23) Pause Young (Normal) (G1 Evacuation Pause) 2772M->2250M(15100M) 94.217ms
[9.288s][info][gc] GC(24) Pause Young (Normal) (G1 Evacuation Pause) 2906M->2381M(17252M) 107.425ms
[9.657s][info][gc] GC(25) Pause Young (Normal) (G1 Evacuation Pause) 3145M->2528M(17252M) 105.582ms
[9.986s][info][gc] GC(26) Pause Young (Normal) (G1 Evacuation Pause) 3280M->2659M(17252M) 103.433ms
[10.331s][info][gc] GC(27) Pause Young (Normal) (G1 Evacuation Pause) 3475M->2841M(17252M) 105.892ms
[10.649s][info][gc] GC(28) Pause Young (Normal) (G1 Evacuation Pause) 3629M->2959M(18264M) 100.703ms
[11.006s][info][gc] GC(29) Pause Young (Normal) (G1 Evacuation Pause) 3811M->3072M(18264M) 93.867ms
[11.358s][info][gc] GC(30) Pause Young (Normal) (G1 Evacuation Pause) 4132M->3200M(18264M) 96.477ms
[11.874s][info][gc] GC(31) Pause Young (Normal) (G1 Evacuation Pause) 4852M->3384M(18264M) 121.183ms
[12.422s][info][gc] GC(32) Pause Young (Normal) (G1 Evacuation Pause) 5100M->3575M(18916M) 142.425ms
[13.016s][info][gc] GC(33) Pause Young (Normal) (G1 Evacuation Pause) 5359M->3751M(18916M) 137.874ms
[13.740s][info][gc] GC(34) Pause Young (Normal) (G1 Evacuation Pause) 5671M->3940M(18916M) 138.406ms
[14.514s][info][gc] GC(35) Pause Young (Normal) (G1 Evacuation Pause) 6712M->4176M(18916M) 165.944ms
[15.238s][info][gc] GC(36) Pause Young (Normal) (G1 Evacuation Pause) 6672M->4383M(19536M) 194.410ms
[15.928s][info][gc] GC(37) Pause Young (Normal) (G1 Evacuation Pause) 6883M->4584M(19536M) 152.180ms
[16.600s][info][gc] GC(38) Pause Young (Normal) (G1 Evacuation Pause) 7180M->4770M(19536M) 142.779ms
[17.033s][info][gc] GC(39) Pause Young (Normal) (G1 Evacuation Pause) 6230M->4879M(19536M) 129.242ms
[17.298s][info][gc] GC(40) Pause Young (Normal) (G1 Evacuation Pause) 5747M->4933M(19828M) 92.607ms
[18.184s][info][gc] GC(41) Pause Young (Normal) (G1 Evacuation Pause) 8913M->5169M(19828M) 122.969ms
[18.711s][info][gc] GC(42) Pause Young (Normal) (G1 Evacuation Pause) 6337M->5360M(19828M) 215.170ms
[19.232s][info][gc] GC(43) Pause Young (Normal) (G1 Evacuation Pause) 6256M->5428M(19828M) 92.733ms
[19.459s][info][gc] GC(44) Pause Young (Normal) (G1 Evacuation Pause) 6344M->5489M(19976M) 55.233ms
[19.732s][info][gc] GC(45) Pause Young (Normal) (G1 Evacuation Pause) 6421M->5542M(19976M) 90.242ms
[20.035s][info][gc] GC(46) Pause Young (Normal) (G1 Evacuation Pause) 6418M->5598M(19976M) 130.774ms
[20.270s][info][gc] GC(47) Pause Young (Normal) (G1 Evacuation Pause) 6478M->5653M(19976M) 67.809ms
[20.503s][info][gc] GC(48) Pause Young (Normal) (G1 Evacuation Pause) 6537M->5711M(20080M) 65.651ms
[20.736s][info][gc] GC(49) Pause Young (Normal) (G1 Evacuation Pause) 6599M->5766M(20080M) 61.695ms
[20.975s][info][gc] GC(50) Pause Young (Normal) (G1 Evacuation Pause) 6658M->5821M(20080M) 72.476ms
[21.395s][info][gc] GC(51) Pause Young (Normal) (G1 Evacuation Pause) 7425M->5910M(20080M) 117.613ms
[21.745s][info][gc] GC(52) Pause Young (Normal) (G1 Evacuation Pause) 6846M->5967M(20180M) 166.109ms
[21.963s][info][gc] GC(53) Pause Young (Normal) (G1 Evacuation Pause) 6907M->6009M(20180M) 45.471ms
[22.207s][info][gc] GC(54) Pause Young (Normal) (G1 Evacuation Pause) 6905M->6059M(20180M) 75.467ms
[22.642s][info][gc] GC(55) Pause Young (Normal) (G1 Evacuation Pause) 7783M->6153M(20180M) 118.576ms
[22.976s][info][gc] GC(56) Pause Young (Normal) (G1 Evacuation Pause) 7017M->6207M(20300M) 165.199ms
[23.326s][info][gc] GC(57) Pause Young (Normal) (G1 Evacuation Pause) 7799M->6279M(20300M) 59.031ms
[23.667s][info][gc] GC(58) Pause Young (Normal) (G1 Evacuation Pause) 7251M->6329M(20300M) 155.192ms
[23.885s][info][gc] GC(59) Pause Young (Normal) (G1 Evacuation Pause) 7285M->6374M(20300M) 45.592ms
[24.121s][info][gc] GC(60) Pause Young (Normal) (G1 Evacuation Pause) 7282M->6420M(20372M) 66.391ms
[24.340s][info][gc] GC(61) Pause Young (Normal) (G1 Evacuation Pause) 7340M->6468M(20372M) 52.298ms
[24.551s][info][gc] GC(62) Pause Young (Normal) (G1 Evacuation Pause) 7388M->6512M(20372M) 49.357ms
[24.767s][info][gc] GC(63) Pause Young (Normal) (G1 Evacuation Pause) 7432M->6559M(20372M) 50.643ms
[25.351s][info][gc] GC(64) Pause Young (Normal) (G1 Evacuation Pause) 9171M->6669M(20396M) 107.678ms
[25.719s][info][gc] GC(65) Pause Young (Normal) (G1 Evacuation Pause) 7713M->6724M(20396M) 174.646ms
[25.932s][info][gc] GC(66) Pause Young (Normal) (G1 Evacuation Pause) 7676M->6762M(20396M) 43.291ms
[26.150s][info][gc] GC(67) Pause Young (Normal) (G1 Evacuation Pause) 7674M->6809M(20396M) 54.891ms
[26.365s][info][gc] GC(68) Pause Young (Normal) (G1 Evacuation Pause) 7725M->6856M(20428M) 51.984ms
[26.739s][info][gc] GC(69) Pause Young (Normal) (G1 Evacuation Pause) 8580M->6932M(20428M) 65.668ms
[27.276s][info][gc] GC(70) Pause Young (Normal) (G1 Evacuation Pause) 8636M->7013M(20428M) 222.638ms
[27.525s][info][gc] GC(71) Pause Young (Normal) (G1 Evacuation Pause) 7865M->7054M(20428M) 85.421ms
[27.733s][info][gc] GC(72) Pause Young (Normal) (G1 Evacuation Pause) 8026M->7086M(20452M) 38.782ms
[27.948s][info][gc] GC(73) Pause Young (Normal) (G1 Evacuation Pause) 8026M->7130M(20452M) 47.798ms
[28.163s][info][gc] GC(74) Pause Young (Normal) (G1 Evacuation Pause) 8062M->7177M(20452M) 48.141ms
[29.011s][info][gc] GC(75) Pause Young (Normal) (G1 Evacuation Pause) 9181M->7289M(20452M) 92.211ms
[29.916s][info][gc] GC(76) Pause Young (Normal) (G1 Evacuation Pause) 9085M->7389M(20460M) 156.328ms
[30.601s][info][gc] GC(77) Pause Young (Normal) (G1 Evacuation Pause) 8969M->7474M(20460M) 90.521ms
[31.387s][info][gc] GC(78) Pause Young (Normal) (G1 Evacuation Pause) 9346M->7574M(20460M) 91.260ms
[32.490s][info][gc] GC(79) Pause Young (Normal) (G1 Evacuation Pause) 10254M->7696M(20460M) 135.026ms
[33.606s][info][gc] GC(80) Pause Young (Normal) (G1 Evacuation Pause) 10280M->7836M(20468M) 157.041ms
[34.787s][info][gc] GC(81) Pause Young (Normal) (G1 Evacuation Pause) 10628M->7963M(20468M) 148.729ms
[36.109s][info][gc] GC(82) Pause Young (Normal) (G1 Evacuation Pause) 11207M->8130M(20468M) 148.221ms
[37.642s][info][gc] GC(83) Pause Young (Normal) (G1 Evacuation Pause) 11982M->8318M(20468M) 154.496ms
End benchmark
benchmarkAvgTime : 33819
nbThread : 32
[0.999s][info][gc] GC(0) Pause Young (Normal) (G1 Evacuation Pause) 280M->145M(5128M) 43.516ms
[1.555s][info][gc] GC(1) Pause Young (Normal) (G1 Evacuation Pause) 369M->178M(5128M) 30.044ms
[2.159s][info][gc] GC(2) Pause Young (Normal) (G1 Evacuation Pause) 406M->185M(5128M) 9.097ms
[2.825s][info][gc] GC(3) Pause Young (Normal) (G1 Evacuation Pause) 433M->183M(5128M) 2.783ms
[3.485s][info][gc] GC(4) Pause Young (Normal) (G1 Evacuation Pause) 431M->183M(5128M) 3.030ms
[4.154s][info][gc] GC(5) Pause Young (Normal) (G1 Evacuation Pause) 435M->183M(5128M) 2.731ms
[4.763s][info][gc] GC(6) Pause Young (Normal) (G1 Evacuation Pause) 435M->265M(5128M) 21.568ms
[4.952s][info][gc] GC(7) Pause Young (Normal) (G1 Evacuation Pause) 509M->435M(5128M) 40.142ms
[5.061s][info][gc] GC(8) Pause Young (Normal) (G1 Evacuation Pause) 659M->600M(5128M) 46.287ms
[5.350s][info][gc] GC(9) Pause Young (Normal) (G1 Evacuation Pause) 824M->720M(6672M) 45.781ms
[5.562s][info][gc] GC(10) Pause Young (Normal) (G1 Evacuation Pause) 1020M->794M(6672M) 32.534ms
[5.668s][info][gc] GC(11) Pause Young (Normal) (G1 Evacuation Pause) 1082M->863M(6672M) 33.706ms
[5.785s][info][gc] GC(12) Pause Young (Normal) (G1 Evacuation Pause) 1151M->932M(6672M) 36.521ms
[5.906s][info][gc] GC(13) Pause Young (Normal) (G1 Evacuation Pause) 1220M->1002M(7920M) 44.660ms
[6.124s][info][gc] GC(14) Pause Young (Normal) (G1 Evacuation Pause) 1354M->1084M(7920M) 50.192ms
[6.286s][info][gc] GC(15) Pause Young (Normal) (G1 Evacuation Pause) 1428M->1164M(7920M) 56.099ms
[6.458s][info][gc] GC(16) Pause Young (Normal) (G1 Evacuation Pause) 1520M->1247M(7920M) 61.134ms
[6.759s][info][gc] GC(17) Pause Young (Normal) (G1 Evacuation Pause) 1787M->1368M(11488M) 86.173ms
[7.063s][info][gc] GC(18) Pause Young (Normal) (G1 Evacuation Pause) 1864M->1481M(11488M) 91.271ms
[7.334s][info][gc] GC(19) Pause Young (Normal) (G1 Evacuation Pause) 1981M->1596M(11488M) 95.834ms
[7.614s][info][gc] GC(20) Pause Young (Normal) (G1 Evacuation Pause) 2096M->1712M(11488M) 98.697ms
[7.982s][info][gc] GC(21) Pause Young (Normal) (G1 Evacuation Pause) 2216M->1827M(15088M) 97.817ms
Start benchmark
[8.897s][info][gc] GC(22) Pause Young (Normal) (G1 Evacuation Pause) 2559M->2040M(15088M) 119.771ms
[9.190s][info][gc] GC(23) Pause Young (Normal) (G1 Evacuation Pause) 2696M->2168M(15088M) 87.365ms
[9.491s][info][gc] GC(24) Pause Young (Normal) (G1 Evacuation Pause) 2824M->2301M(15088M) 94.474ms
[9.815s][info][gc] GC(25) Pause Young (Normal) (G1 Evacuation Pause) 3001M->2442M(17192M) 107.360ms
[10.268s][info][gc] GC(26) Pause Young (Normal) (G1 Evacuation Pause) 3482M->2621M(17192M) 114.557ms
[10.688s][info][gc] GC(27) Pause Young (Normal) (G1 Evacuation Pause) 3705M->2839M(17192M) 128.023ms
[11.061s][info][gc] GC(28) Pause Young (Normal) (G1 Evacuation Pause) 3803M->2980M(17192M) 116.445ms
[11.431s][info][gc] GC(29) Pause Young (Normal) (G1 Evacuation Pause) 4024M->3116M(18336M) 105.091ms
[12.087s][info][gc] GC(30) Pause Young (Normal) (G1 Evacuation Pause) 5136M->3329M(18336M) 135.917ms
[12.628s][info][gc] GC(31) Pause Young (Normal) (G1 Evacuation Pause) 4865M->3523M(18336M) 159.179ms
[13.107s][info][gc] GC(32) Pause Young (Normal) (G1 Evacuation Pause) 5059M->3673M(18336M) 123.017ms
[13.645s][info][gc] GC(33) Pause Young (Normal) (G1 Evacuation Pause) 5325M->3839M(19064M) 125.971ms
[14.211s][info][gc] GC(34) Pause Young (Normal) (G1 Evacuation Pause) 5723M->4016M(19064M) 131.926ms
[14.803s][info][gc] GC(35) Pause Young (Normal) (G1 Evacuation Pause) 6112M->4208M(19064M) 144.464ms
[15.704s][info][gc] GC(36) Pause Young (Normal) (G1 Evacuation Pause) 6780M->4428M(19064M) 152.516ms
[16.387s][info][gc] GC(37) Pause Young (Normal) (G1 Evacuation Pause) 7024M->4632M(19516M) 161.126ms
[17.125s][info][gc] GC(38) Pause Young (Normal) (G1 Evacuation Pause) 7484M->4842M(19516M) 152.908ms
[17.857s][info][gc] GC(39) Pause Young (Normal) (G1 Evacuation Pause) 7790M->5024M(19516M) 147.169ms
[18.344s][info][gc] GC(40) Pause Young (Normal) (G1 Evacuation Pause) 6516M->5121M(19516M) 181.399ms
[19.823s][info][gc] GC(41) Pause Young (Normal) (G1 Evacuation Pause) 10005M->5515M(19800M) 182.629ms
[20.337s][info][gc] GC(42) Pause Young (Normal) (G1 Evacuation Pause) 6875M->5614M(19800M) 224.468ms
[20.576s][info][gc] GC(43) Pause Young (Normal) (G1 Evacuation Pause) 6490M->5687M(19800M) 65.248ms
[20.800s][info][gc] GC(44) Pause Young (Normal) (G1 Evacuation Pause) 6603M->5736M(19800M) 52.157ms
[21.029s][info][gc] GC(45) Pause Young (Normal) (G1 Evacuation Pause) 6604M->5786M(19936M) 64.765ms
[21.261s][info][gc] GC(46) Pause Young (Normal) (G1 Evacuation Pause) 6670M->5842M(19936M) 63.878ms
[21.582s][info][gc] GC(47) Pause Young (Normal) (G1 Evacuation Pause) 7070M->5913M(19936M) 85.915ms
[22.015s][info][gc] GC(48) Pause Young (Normal) (G1 Evacuation Pause) 7501M->6006M(19936M) 130.336ms
[22.462s][info][gc] GC(49) Pause Young (Normal) (G1 Evacuation Pause) 7666M->6102M(20048M) 138.913ms
[22.720s][info][gc] GC(50) Pause Young (Normal) (G1 Evacuation Pause) 6910M->6153M(20048M) 94.707ms
[22.936s][info][gc] GC(51) Pause Young (Normal) (G1 Evacuation Pause) 7089M->6190M(20048M) 46.339ms
[23.372s][info][gc] GC(52) Pause Young (Normal) (G1 Evacuation Pause) 7818M->6270M(20048M) 133.491ms
[23.640s][info][gc] GC(53) Pause Young (Normal) (G1 Evacuation Pause) 7090M->6324M(20184M) 111.307ms
[23.863s][info][gc] GC(54) Pause Young (Normal) (G1 Evacuation Pause) 7268M->6357M(20184M) 42.856ms
[24.098s][info][gc] GC(55) Pause Young (Normal) (G1 Evacuation Pause) 7269M->6410M(20184M) 65.380ms
[24.578s][info][gc] GC(56) Pause Young (Normal) (G1 Evacuation Pause) 8470M->6511M(20184M) 111.103ms
[24.983s][info][gc] GC(57) Pause Young (Normal) (G1 Evacuation Pause) 7839M->6586M(20272M) 155.182ms
[25.200s][info][gc] GC(58) Pause Young (Normal) (G1 Evacuation Pause) 7514M->6628M(20272M) 48.305ms
[25.406s][info][gc] GC(59) Pause Young (Normal) (G1 Evacuation Pause) 7588M->6668M(20272M) 38.708ms
[25.616s][info][gc] GC(60) Pause Young (Normal) (G1 Evacuation Pause) 7588M->6714M(20272M) 48.444ms
[25.913s][info][gc] GC(61) Pause Young (Normal) (G1 Evacuation Pause) 8022M->6776M(20324M) 61.553ms
[26.347s][info][gc] GC(62) Pause Young (Normal) (G1 Evacuation Pause) 8436M->6855M(20324M) 130.663ms
[26.574s][info][gc] GC(63) Pause Young (Normal) (G1 Evacuation Pause) 7679M->6901M(20324M) 75.393ms
[26.786s][info][gc] GC(64) Pause Young (Normal) (G1 Evacuation Pause) 7861M->6935M(20324M) 42.496ms
[27.111s][info][gc] GC(65) Pause Young (Normal) (G1 Evacuation Pause) 8239M->6994M(20372M) 85.044ms
[27.381s][info][gc] GC(66) Pause Young (Normal) (G1 Evacuation Pause) 7858M->7034M(20372M) 108.787ms
[28.017s][info][gc] GC(67) Pause Young (Normal) (G1 Evacuation Pause) 9658M->7147M(20372M) 165.896ms
[28.461s][info][gc] GC(68) Pause Young (Normal) (G1 Evacuation Pause) 8555M->7219M(20372M) 183.793ms
[28.672s][info][gc] GC(69) Pause Young (Normal) (G1 Evacuation Pause) 8151M->7250M(20416M) 47.600ms
[28.929s][info][gc] GC(70) Pause Young (Normal) (G1 Evacuation Pause) 8154M->7296M(20416M) 85.231ms
[29.144s][info][gc] GC(71) Pause Young (Normal) (G1 Evacuation Pause) 8220M->7344M(20416M) 51.718ms
[29.350s][info][gc] GC(72) Pause Young (Normal) (G1 Evacuation Pause) 8268M->7385M(20416M) 47.145ms
[29.561s][info][gc] GC(73) Pause Young (Normal) (G1 Evacuation Pause) 8317M->7428M(20432M) 47.636ms
[30.092s][info][gc] GC(74) Pause Young (Normal) (G1 Evacuation Pause) 9720M->7524M(20432M) 126.470ms
[30.376s][info][gc] GC(75) Pause Young (Normal) (G1 Evacuation Pause) 8484M->7575M(20432M) 110.715ms
[31.192s][info][gc] GC(76) Pause Young (Normal) (G1 Evacuation Pause) 11727M->7726M(20432M) 89.419ms
[31.691s][info][gc] GC(77) Pause Young (Normal) (G1 Evacuation Pause) 9482M->7807M(20448M) 180.711ms
[31.895s][info][gc] GC(78) Pause Young (Normal) (G1 Evacuation Pause) 8739M->7847M(20448M) 44.253ms
[32.096s][info][gc] GC(79) Pause Young (Normal) (G1 Evacuation Pause) 8823M->7880M(20448M) 34.090ms
[32.388s][info][gc] GC(80) Pause Young (Normal) (G1 Evacuation Pause) 9284M->7937M(20448M) 50.496ms
[33.028s][info][gc] GC(81) Pause Young (Normal) (G1 Evacuation Pause) 10873M->8052M(20456M) 121.146ms
[33.478s][info][gc] GC(82) Pause Young (Normal) (G1 Evacuation Pause) 9744M->8123M(20456M) 146.982ms
[33.812s][info][gc] GC(83) Pause Young (Normal) (G1 Evacuation Pause) 9515M->8177M(20456M) 85.229ms
[34.318s][info][gc] GC(84) Pause Young (Normal) (G1 Evacuation Pause) 10573M->8266M(20456M) 82.946ms
[34.928s][info][gc] GC(85) Pause Young (Normal) (G1 Evacuation Pause) 11026M->8369M(20464M) 123.997ms
[35.520s][info][gc] GC(86) Pause Young (Normal) (G1 Evacuation Pause) 11073M->8471M(20464M) 118.958ms
[36.173s][info][gc] GC(87) Pause Young (Normal) (G1 Evacuation Pause) 11567M->8565M(20464M) 111.202ms
[36.969s][info][gc] GC(88) Pause Young (Normal) (G1 Evacuation Pause) 12225M->8684M(20464M) 154.982ms
[37.792s][info][gc] GC(89) Pause Young (Normal) (G1 Evacuation Pause) 12500M->8810M(20472M) 156.286ms
[38.265s][info][gc] GC(90) Pause Young (Normal) (G1 Evacuation Pause) 10506M->8873M(20472M) 165.565ms
End benchmark
benchmarkAvgTime : 34092
nbThread : 32
[0.993s][info][gc] GC(0) Pause Young (Normal) (G1 Evacuation Pause) 280M->145M(5128M) 43.607ms
[1.562s][info][gc] GC(1) Pause Young (Normal) (G1 Evacuation Pause) 369M->179M(5128M) 32.292ms
[2.173s][info][gc] GC(2) Pause Young (Normal) (G1 Evacuation Pause) 407M->188M(5128M) 9.086ms
[2.848s][info][gc] GC(3) Pause Young (Normal) (G1 Evacuation Pause) 436M->186M(5128M) 3.036ms
[3.527s][info][gc] GC(4) Pause Young (Normal) (G1 Evacuation Pause) 438M->186M(5128M) 3.098ms
[4.207s][info][gc] GC(5) Pause Young (Normal) (G1 Evacuation Pause) 438M->186M(5128M) 3.702ms
[4.640s][info][gc] GC(6) Pause Young (Normal) (G1 Evacuation Pause) 438M->266M(5128M) 18.085ms
[4.912s][info][gc] GC(7) Pause Young (Normal) (G1 Evacuation Pause) 494M->425M(5128M) 46.524ms
[5.181s][info][gc] GC(8) Pause Young (Normal) (G1 Evacuation Pause) 681M->617M(5128M) 56.957ms
[5.412s][info][gc] GC(9) Pause Young (Normal) (G1 Evacuation Pause) 841M->760M(7024M) 43.727ms
[5.681s][info][gc] GC(10) Pause Young (Normal) (G1 Evacuation Pause) 1076M->840M(7024M) 31.328ms
[5.843s][info][gc] GC(11) Pause Young (Normal) (G1 Evacuation Pause) 1144M->916M(7024M) 37.069ms
[5.988s][info][gc] GC(12) Pause Young (Normal) (G1 Evacuation Pause) 1220M->991M(7024M) 41.181ms
[6.137s][info][gc] GC(13) Pause Young (Normal) (G1 Evacuation Pause) 1295M->1066M(8168M) 50.105ms
[6.364s][info][gc] GC(14) Pause Young (Normal) (G1 Evacuation Pause) 1430M->1152M(8168M) 56.723ms
[6.550s][info][gc] GC(15) Pause Young (Normal) (G1 Evacuation Pause) 1508M->1239M(8168M) 64.404ms
[6.745s][info][gc] GC(16) Pause Young (Normal) (G1 Evacuation Pause) 1595M->1324M(8168M) 70.902ms
[6.943s][info][gc] GC(17) Pause Young (Normal) (G1 Evacuation Pause) 1680M->1409M(11656M) 83.775ms
[7.350s][info][gc] GC(18) Pause Young (Normal) (G1 Evacuation Pause) 1937M->1530M(11656M) 95.471ms
[7.629s][info][gc] GC(19) Pause Young (Normal) (G1 Evacuation Pause) 2034M->1645M(11656M) 104.056ms
[7.919s][info][gc] GC(20) Pause Young (Normal) (G1 Evacuation Pause) 2149M->1761M(11656M) 104.026ms
Start benchmark
[8.542s][info][gc] GC(21) Pause Young (Normal) (G1 Evacuation Pause) 2301M->1912M(15188M) 106.931ms
[9.127s][info][gc] GC(22) Pause Young (Normal) (G1 Evacuation Pause) 2592M->2052M(15188M) 117.927ms
[9.471s][info][gc] GC(23) Pause Young (Normal) (G1 Evacuation Pause) 2712M->2183M(15188M) 86.338ms
[9.786s][info][gc] GC(24) Pause Young (Normal) (G1 Evacuation Pause) 2867M->2321M(15188M) 100.525ms
[10.102s][info][gc] GC(25) Pause Young (Normal) (G1 Evacuation Pause) 3005M->2457M(17200M) 107.908ms
[10.464s][info][gc] GC(26) Pause Young (Normal) (G1 Evacuation Pause) 3217M->2591M(17200M) 102.148ms
[10.821s][info][gc] GC(27) Pause Young (Normal) (G1 Evacuation Pause) 3447M->2778M(17200M) 107.338ms
[11.153s][info][gc] GC(28) Pause Young (Normal) (G1 Evacuation Pause) 3610M->2908M(17200M) 113.847ms
[11.470s][info][gc] GC(29) Pause Young (Normal) (G1 Evacuation Pause) 3760M->3027M(18268M) 96.990ms
[11.850s][info][gc] GC(30) Pause Young (Normal) (G1 Evacuation Pause) 3959M->3141M(18268M) 99.948ms
[12.285s][info][gc] GC(31) Pause Young (Normal) (G1 Evacuation Pause) 4513M->3308M(18268M) 109.664ms
[12.810s][info][gc] GC(32) Pause Young (Normal) (G1 Evacuation Pause) 5004M->3494M(18268M) 131.268ms
[13.499s][info][gc] GC(33) Pause Young (Normal) (G1 Evacuation Pause) 5598M->3710M(18988M) 155.602ms
[14.086s][info][gc] GC(34) Pause Young (Normal) (G1 Evacuation Pause) 5550M->3890M(18988M) 144.986ms
[14.844s][info][gc] GC(35) Pause Young (Normal) (G1 Evacuation Pause) 6138M->4109M(18988M) 148.712ms
[15.532s][info][gc] GC(36) Pause Young (Normal) (G1 Evacuation Pause) 6621M->4319M(18988M) 166.431ms
[16.193s][info][gc] GC(37) Pause Young (Normal) (G1 Evacuation Pause) 6763M->4524M(19576M) 159.279ms
[16.928s][info][gc] GC(38) Pause Young (Normal) (G1 Evacuation Pause) 7332M->4710M(19576M) 150.424ms
[17.704s][info][gc] GC(39) Pause Young (Normal) (G1 Evacuation Pause) 7594M->4923M(19576M) 196.337ms
[18.153s][info][gc] GC(40) Pause Young (Normal) (G1 Evacuation Pause) 6219M->5015M(19576M) 169.237ms
[18.789s][info][gc] GC(41) Pause Young (Normal) (G1 Evacuation Pause) 7687M->5183M(19868M) 114.022ms
[19.266s][info][gc] GC(42) Pause Young (Normal) (G1 Evacuation Pause) 6423M->5378M(19868M) 166.428ms
[20.365s][info][gc] GC(43) Pause Young (Normal) (G1 Evacuation Pause) 8498M->5559M(19868M) 144.568ms
[20.867s][info][gc] GC(44) Pause Young (Normal) (G1 Evacuation Pause) 7055M->5658M(19868M) 194.857ms
[21.297s][info][gc] GC(45) Pause Young (Normal) (G1 Evacuation Pause) 7422M->5751M(20024M) 89.624ms
[21.776s][info][gc] GC(46) Pause Young (Normal) (G1 Evacuation Pause) 7255M->5845M(20024M) 177.509ms
[22.061s][info][gc] GC(47) Pause Young (Normal) (G1 Evacuation Pause) 6641M->5902M(20024M) 128.394ms
[22.282s][info][gc] GC(48) Pause Young (Normal) (G1 Evacuation Pause) 6830M->5940M(20024M) 48.293ms
[22.540s][info][gc] GC(49) Pause Young (Normal) (G1 Evacuation Pause) 6832M->5997M(20116M) 88.132ms
[22.772s][info][gc] GC(50) Pause Young (Normal) (G1 Evacuation Pause) 6889M->6049M(20116M) 62.367ms
[23.000s][info][gc] GC(51) Pause Young (Normal) (G1 Evacuation Pause) 6941M->6106M(20116M) 63.235ms
[23.239s][info][gc] GC(52) Pause Young (Normal) (G1 Evacuation Pause) 6998M->6159M(20116M) 72.073ms
[23.712s][info][gc] GC(53) Pause Young (Normal) (G1 Evacuation Pause) 8043M->6261M(20192M) 129.230ms
[24.007s][info][gc] GC(54) Pause Young (Normal) (G1 Evacuation Pause) 7057M->6308M(20192M) 136.397ms
[24.231s][info][gc] GC(55) Pause Young (Normal) (G1 Evacuation Pause) 7260M->6352M(20192M) 49.293ms
[24.456s][info][gc] GC(56) Pause Young (Normal) (G1 Evacuation Pause) 7256M->6399M(20192M) 58.779ms
[24.679s][info][gc] GC(57) Pause Young (Normal) (G1 Evacuation Pause) 7303M->6451M(20292M) 60.098ms
[24.909s][info][gc] GC(58) Pause Young (Normal) (G1 Evacuation Pause) 7359M->6499M(20292M) 59.990ms
[25.279s][info][gc] GC(59) Pause Young (Normal) (G1 Evacuation Pause) 7799M->6566M(20292M) 129.582ms
[25.512s][info][gc] GC(60) Pause Young (Normal) (G1 Evacuation Pause) 7458M->6618M(20292M) 66.613ms
[25.735s][info][gc] GC(61) Pause Young (Normal) (G1 Evacuation Pause) 7510M->6666M(20356M) 59.303ms
[25.950s][info][gc] GC(62) Pause Young (Normal) (G1 Evacuation Pause) 7578M->6714M(20356M) 52.376ms
[26.169s][info][gc] GC(63) Pause Young (Normal) (G1 Evacuation Pause) 7630M->6763M(20356M) 53.243ms
[26.600s][info][gc] GC(64) Pause Young (Normal) (G1 Evacuation Pause) 8523M->6843M(20356M) 116.046ms
[26.922s][info][gc] GC(65) Pause Young (Normal) (G1 Evacuation Pause) 7799M->6893M(20396M) 138.349ms
[27.132s][info][gc] GC(66) Pause Young (Normal) (G1 Evacuation Pause) 7845M->6926M(20396M) 40.690ms
[27.706s][info][gc] GC(67) Pause Young (Normal) (G1 Evacuation Pause) 9406M->7031M(20396M) 126.303ms
[28.154s][info][gc] GC(68) Pause Young (Normal) (G1 Evacuation Pause) 7847M->7087M(20396M) 170.525ms
[28.871s][info][gc] GC(69) Pause Young (Normal) (G1 Evacuation Pause) 8035M->7155M(20432M) 50.091ms
[29.558s][info][gc] GC(70) Pause Young (Normal) (G1 Evacuation Pause) 8047M->7231M(20432M) 63.622ms
[30.253s][info][gc] GC(71) Pause Young (Normal) (G1 Evacuation Pause) 8171M->7316M(20432M) 51.916ms
[30.967s][info][gc] GC(72) Pause Young (Normal) (G1 Evacuation Pause) 8252M->7395M(20432M) 49.655ms
[31.665s][info][gc] GC(73) Pause Young (Normal) (G1 Evacuation Pause) 8331M->7472M(20440M) 51.497ms
[32.351s][info][gc] GC(74) Pause Young (Normal) (G1 Evacuation Pause) 8412M->7550M(20440M) 49.229ms
[33.267s][info][gc] GC(75) Pause Young (Normal) (G1 Evacuation Pause) 8810M->7641M(20440M) 55.036ms
[34.627s][info][gc] GC(76) Pause Young (Normal) (G1 Evacuation Pause) 9477M->7788M(20440M) 92.951ms
[36.369s][info][gc] GC(77) Pause Young (Normal) (G1 Evacuation Pause) 10192M->7972M(20444M) 159.541ms
[36.877s][info][gc] GC(78) Pause Young (Normal) (G1 Evacuation Pause) 8660M->8030M(20444M) 90.075ms
[37.798s][info][gc] GC(79) Pause Young (Normal) (G1 Evacuation Pause) 9482M->8120M(20444M) 60.866ms
End benchmark
benchmarkAvgTime : 34099
nbThread : 32
[1.028s][info][gc] GC(0) Pause Young (Normal) (G1 Evacuation Pause) 280M->145M(5128M) 45.692ms
[1.593s][info][gc] GC(1) Pause Young (Normal) (G1 Evacuation Pause) 369M->178M(5128M) 30.680ms
[2.204s][info][gc] GC(2) Pause Young (Normal) (G1 Evacuation Pause) 406M->186M(5128M) 10.115ms
[2.880s][info][gc] GC(3) Pause Young (Normal) (G1 Evacuation Pause) 434M->184M(5128M) 3.361ms
[3.560s][info][gc] GC(4) Pause Young (Normal) (G1 Evacuation Pause) 436M->184M(5128M) 3.280ms
[4.239s][info][gc] GC(5) Pause Young (Normal) (G1 Evacuation Pause) 436M->184M(5128M) 3.961ms
[4.705s][info][gc] GC(6) Pause Young (Normal) (G1 Evacuation Pause) 436M->258M(5128M) 16.171ms
[4.882s][info][gc] GC(7) Pause Young (Normal) (G1 Evacuation Pause) 494M->416M(5128M) 36.303ms
[4.988s][info][gc] GC(8) Pause Young (Normal) (G1 Evacuation Pause) 640M->586M(5128M) 49.789ms
[5.223s][info][gc] GC(9) Pause Young (Normal) (G1 Evacuation Pause) 810M->712M(6688M) 52.684ms
[5.430s][info][gc] GC(10) Pause Young (Normal) (G1 Evacuation Pause) 1012M->785M(6688M) 31.368ms
[5.543s][info][gc] GC(11) Pause Young (Normal) (G1 Evacuation Pause) 1073M->857M(6688M) 32.586ms
[5.725s][info][gc] GC(12) Pause Young (Normal) (G1 Evacuation Pause) 1145M->926M(6688M) 36.135ms
[5.854s][info][gc] GC(13) Pause Young (Normal) (G1 Evacuation Pause) 1214M->992M(8088M) 46.135ms
[6.075s][info][gc] GC(14) Pause Young (Normal) (G1 Evacuation Pause) 1352M->1074M(8088M) 52.508ms
[6.245s][info][gc] GC(15) Pause Young (Normal) (G1 Evacuation Pause) 1426M->1154M(8088M) 60.188ms
[6.430s][info][gc] GC(16) Pause Young (Normal) (G1 Evacuation Pause) 1522M->1239M(8088M) 63.909ms
[6.649s][info][gc] GC(17) Pause Young (Normal) (G1 Evacuation Pause) 1623M->1327M(11892M) 90.752ms
[6.955s][info][gc] GC(18) Pause Young (Normal) (G1 Evacuation Pause) 1863M->1449M(11892M) 90.732ms
[7.236s][info][gc] GC(19) Pause Young (Normal) (G1 Evacuation Pause) 1965M->1566M(11892M) 102.298ms
[7.535s][info][gc] GC(20) Pause Young (Normal) (G1 Evacuation Pause) 2086M->1684M(11892M) 103.745ms
[7.989s][info][gc] GC(21) Pause Young (Normal) (G1 Evacuation Pause) 2240M->1810M(15328M) 105.353ms
Start benchmark
[8.839s][info][gc] GC(22) Pause Young (Normal) (G1 Evacuation Pause) 2554M->2042M(15328M) 124.133ms
[9.135s][info][gc] GC(23) Pause Young (Normal) (G1 Evacuation Pause) 2710M->2176M(15328M) 85.914ms
[9.463s][info][gc] GC(24) Pause Young (Normal) (G1 Evacuation Pause) 2868M->2314M(15328M) 94.756ms
[9.799s][info][gc] GC(25) Pause Young (Normal) (G1 Evacuation Pause) 3066M->2460M(17368M) 109.926ms
[10.163s][info][gc] GC(26) Pause Young (Normal) (G1 Evacuation Pause) 3248M->2592M(17368M) 102.456ms
[10.781s][info][gc] GC(27) Pause Young (Normal) (G1 Evacuation Pause) 4180M->2872M(17368M) 137.118ms
[11.204s][info][gc] GC(28) Pause Young (Normal) (G1 Evacuation Pause) 3984M->3026M(17368M) 139.285ms
[11.507s][info][gc] GC(29) Pause Young (Normal) (G1 Evacuation Pause) 3858M->3143M(18472M) 99.518ms
[11.955s][info][gc] GC(30) Pause Young (Normal) (G1 Evacuation Pause) 4371M->3281M(18472M) 100.342ms
[12.483s][info][gc] GC(31) Pause Young (Normal) (G1 Evacuation Pause) 4817M->3444M(18472M) 114.248ms
[13.052s][info][gc] GC(32) Pause Young (Normal) (G1 Evacuation Pause) 5304M->3637M(18472M) 136.019ms
[13.869s][info][gc] GC(33) Pause Young (Normal) (G1 Evacuation Pause) 6513M->3888M(19048M) 165.849ms
[14.551s][info][gc] GC(34) Pause Young (Normal) (G1 Evacuation Pause) 6068M->4090M(19048M) 187.640ms
[15.293s][info][gc] GC(35) Pause Young (Normal) (G1 Evacuation Pause) 6450M->4288M(19048M) 146.275ms
[16.011s][info][gc] GC(36) Pause Young (Normal) (G1 Evacuation Pause) 7104M->4488M(19048M) 144.231ms
[16.609s][info][gc] GC(37) Pause Young (Normal) (G1 Evacuation Pause) 6480M->4638M(19552M) 184.945ms
[17.705s][info][gc] GC(38) Pause Young (Normal) (G1 Evacuation Pause) 9282M->4936M(19552M) 170.336ms
[18.374s][info][gc] GC(39) Pause Young (Normal) (G1 Evacuation Pause) 7220M->5078M(19552M) 206.250ms
[19.011s][info][gc] GC(40) Pause Young (Normal) (G1 Evacuation Pause) 6002M->5254M(19552M) 147.154ms
[20.116s][info][gc] GC(41) Pause Young (Normal) (G1 Evacuation Pause) 10222M->5513M(19836M) 168.402ms
[20.414s][info][gc] GC(42) Pause Young (Normal) (G1 Evacuation Pause) 6169M->5555M(19836M) 157.703ms
[21.502s][info][gc] GC(43) Pause Young (Normal) (G1 Evacuation Pause) 10719M->5831M(19836M) 134.135ms
[22.059s][info][gc] GC(44) Pause Young (Normal) (G1 Evacuation Pause) 7491M->5936M(19836M) 239.437ms
[22.292s][info][gc] GC(45) Pause Young (Normal) (G1 Evacuation Pause) 6812M->5994M(20000M) 64.956ms
[22.513s][info][gc] GC(46) Pause Young (Normal) (G1 Evacuation Pause) 6930M->6036M(20000M) 47.843ms
[22.735s][info][gc] GC(47) Pause Young (Normal) (G1 Evacuation Pause) 6932M->6085M(20000M) 59.849ms
[22.972s][info][gc] GC(48) Pause Young (Normal) (G1 Evacuation Pause) 6981M->6134M(20000M) 74.144ms
[23.186s][info][gc] GC(49) Pause Young (Normal) (G1 Evacuation Pause) 7034M->6178M(20000M) 53.783ms
[23.407s][info][gc] GC(50) Pause Young (Normal) (G1 Evacuation Pause) 7134M->6228M(20044M) 52.609ms
[23.775s][info][gc] GC(51) Pause Young (Normal) (G1 Evacuation Pause) 7864M->6297M(20044M) 77.798ms
[24.050s][info][gc] GC(52) Pause Young (Normal) (G1 Evacuation Pause) 7161M->6342M(20044M) 111.034ms
[24.645s][info][gc] GC(53) Pause Young (Normal) (G1 Evacuation Pause) 9242M->6466M(20044M) 83.227ms
[25.013s][info][gc] GC(54) Pause Young (Normal) (G1 Evacuation Pause) 7526M->6525M(20152M) 170.149ms
[25.219s][info][gc] GC(55) Pause Young (Normal) (G1 Evacuation Pause) 7465M->6556M(20152M) 42.057ms
[25.432s][info][gc] GC(56) Pause Young (Normal) (G1 Evacuation Pause) 7464M->6599M(20152M) 52.273ms
[25.634s][info][gc] GC(57) Pause Young (Normal) (G1 Evacuation Pause) 7511M->6642M(20152M) 46.747ms
[26.492s][info][gc] GC(58) Pause Young (Normal) (G1 Evacuation Pause) 10886M->6831M(20252M) 114.087ms
[26.798s][info][gc] GC(59) Pause Young (Normal) (G1 Evacuation Pause) 7655M->6875M(20252M) 151.144ms
[27.392s][info][gc] GC(60) Pause Young (Normal) (G1 Evacuation Pause) 9875M->6992M(20252M) 76.312ms
[27.694s][info][gc] GC(61) Pause Young (Normal) (G1 Evacuation Pause) 7864M->7037M(20252M) 146.096ms
[27.894s][info][gc] GC(62) Pause Young (Normal) (G1 Evacuation Pause) 7997M->7068M(20340M) 38.004ms
[28.523s][info][gc] GC(63) Pause Young (Normal) (G1 Evacuation Pause) 9972M->7187M(20340M) 125.411ms
[28.801s][info][gc] GC(64) Pause Young (Normal) (G1 Evacuation Pause) 8003M->7224M(20340M) 127.512ms
[29.004s][info][gc] GC(65) Pause Young (Normal) (G1 Evacuation Pause) 8196M->7256M(20340M) 36.377ms
[29.209s][info][gc] GC(66) Pause Young (Normal) (G1 Evacuation Pause) 8196M->7297M(20372M) 43.828ms
[29.411s][info][gc] GC(67) Pause Young (Normal) (G1 Evacuation Pause) 8225M->7337M(20372M) 43.719ms
[31.331s][info][gc] GC(68) Pause Young (Normal) (G1 Evacuation Pause) 10829M->7547M(20372M) 108.794ms
[33.070s][info][gc] GC(69) Pause Young (Normal) (G1 Evacuation Pause) 10763M->7743M(20372M) 161.264ms
[34.506s][info][gc] GC(70) Pause Young (Normal) (G1 Evacuation Pause) 10379M->7902M(20396M) 152.860ms
[35.579s][info][gc] GC(71) Pause Young (Normal) (G1 Evacuation Pause) 9842M->8015M(20396M) 125.644ms
[38.030s][info][gc] GC(72) Pause Young (Normal) (G1 Evacuation Pause) 12795M->8266M(20396M) 129.670ms
End benchmark
benchmarkAvgTime : 33765
nbThread : 32
[1.011s][info][gc] GC(0) Pause Young (Normal) (G1 Evacuation Pause) 280M->145M(5128M) 44.984ms
[1.577s][info][gc] GC(1) Pause Young (Normal) (G1 Evacuation Pause) 369M->179M(5128M) 31.642ms
[2.187s][info][gc] GC(2) Pause Young (Normal) (G1 Evacuation Pause) 407M->186M(5128M) 10.176ms
[2.862s][info][gc] GC(3) Pause Young (Normal) (G1 Evacuation Pause) 434M->184M(5128M) 3.896ms
[3.540s][info][gc] GC(4) Pause Young (Normal) (G1 Evacuation Pause) 436M->184M(5128M) 3.519ms
[4.219s][info][gc] GC(5) Pause Young (Normal) (G1 Evacuation Pause) 436M->184M(5128M) 4.891ms
[4.810s][info][gc] GC(6) Pause Young (Normal) (G1 Evacuation Pause) 436M->219M(5128M) 11.101ms
[4.914s][info][gc] GC(7) Pause Young (Normal) (G1 Evacuation Pause) 455M->373M(5128M) 31.230ms
[5.013s][info][gc] GC(8) Pause Young (Normal) (G1 Evacuation Pause) 597M->539M(5128M) 44.564ms
[5.250s][info][gc] GC(9) Pause Young (Normal) (G1 Evacuation Pause) 763M->689M(6516M) 54.310ms
[5.458s][info][gc] GC(10) Pause Young (Normal) (G1 Evacuation Pause) 981M->765M(6516M) 31.336ms
[5.602s][info][gc] GC(11) Pause Young (Normal) (G1 Evacuation Pause) 1045M->833M(6516M) 32.398ms
[5.709s][info][gc] GC(12) Pause Young (Normal) (G1 Evacuation Pause) 1113M->903M(6516M) 34.021ms
[5.828s][info][gc] GC(13) Pause Young (Normal) (G1 Evacuation Pause) 1183M->973M(7924M) 42.248ms
[6.031s][info][gc] GC(14) Pause Young (Normal) (G1 Evacuation Pause) 1325M->1052M(7924M) 46.698ms
[6.194s][info][gc] GC(15) Pause Young (Normal) (G1 Evacuation Pause) 1396M->1131M(7924M) 53.476ms
[6.372s][info][gc] GC(16) Pause Young (Normal) (G1 Evacuation Pause) 1491M->1214M(7924M) 60.099ms
[6.583s][info][gc] GC(17) Pause Young (Normal) (G1 Evacuation Pause) 1606M->1303M(11600M) 77.678ms
[6.941s][info][gc] GC(18) Pause Young (Normal) (G1 Evacuation Pause) 1827M->1420M(11600M) 86.767ms
[7.198s][info][gc] GC(19) Pause Young (Normal) (G1 Evacuation Pause) 1924M->1534M(11600M) 96.281ms
[7.474s][info][gc] GC(20) Pause Young (Normal) (G1 Evacuation Pause) 2038M->1648M(11600M) 104.055ms
[7.782s][info][gc] GC(21) Pause Young (Normal) (G1 Evacuation Pause) 2152M->1763M(15152M) 108.029ms
Start benchmark
[8.613s][info][gc] GC(22) Pause Young (Normal) (G1 Evacuation Pause) 2503M->2000M(15152M) 135.356ms
[9.045s][info][gc] GC(23) Pause Young (Normal) (G1 Evacuation Pause) 2660M->2129M(15152M) 108.848ms
[9.353s][info][gc] GC(24) Pause Young (Normal) (G1 Evacuation Pause) 2789M->2263M(15152M) 89.087ms
[9.698s][info][gc] GC(25) Pause Young (Normal) (G1 Evacuation Pause) 2947M->2400M(17284M) 116.692ms
[10.058s][info][gc] GC(26) Pause Young (Normal) (G1 Evacuation Pause) 3164M->2544M(17284M) 108.640ms
[10.360s][info][gc] GC(27) Pause Young (Normal) (G1 Evacuation Pause) 3300M->2668M(17284M) 103.356ms
[10.726s][info][gc] GC(28) Pause Young (Normal) (G1 Evacuation Pause) 3484M->2843M(17284M) 103.174ms
[11.028s][info][gc] GC(29) Pause Young (Normal) (G1 Evacuation Pause) 3639M->2959M(18344M) 102.073ms
[11.515s][info][gc] GC(30) Pause Young (Normal) (G1 Evacuation Pause) 4291M->3119M(18344M) 108.503ms
[12.072s][info][gc] GC(31) Pause Young (Normal) (G1 Evacuation Pause) 4859M->3323M(18344M) 133.977ms
[12.599s][info][gc] GC(32) Pause Young (Normal) (G1 Evacuation Pause) 4939M->3501M(18344M) 141.214ms
[13.121s][info][gc] GC(33) Pause Young (Normal) (G1 Evacuation Pause) 5201M->3682M(19072M) 130.584ms
[13.985s][info][gc] GC(34) Pause Young (Normal) (G1 Evacuation Pause) 6458M->3926M(19072M) 174.973ms
[14.768s][info][gc] GC(35) Pause Young (Normal) (G1 Evacuation Pause) 6122M->4138M(19072M) 193.755ms
[15.382s][info][gc] GC(36) Pause Young (Normal) (G1 Evacuation Pause) 6346M->4328M(19072M) 134.381ms
[16.035s][info][gc] GC(37) Pause Young (Normal) (G1 Evacuation Pause) 6744M->4496M(19612M) 140.349ms
[16.712s][info][gc] GC(38) Pause Young (Normal) (G1 Evacuation Pause) 6784M->4668M(19612M) 175.586ms
[17.391s][info][gc] GC(39) Pause Young (Normal) (G1 Evacuation Pause) 7312M->4839M(19612M) 142.062ms
[17.882s][info][gc] GC(40) Pause Young (Normal) (G1 Evacuation Pause) 6307M->4938M(19612M) 182.450ms
[18.578s][info][gc] GC(41) Pause Young (Normal) (G1 Evacuation Pause) 7870M->5120M(19868M) 120.018ms
[19.064s][info][gc] GC(42) Pause Young (Normal) (G1 Evacuation Pause) 6252M->5304M(19868M) 159.558ms
[20.664s][info][gc] GC(43) Pause Young (Normal) (G1 Evacuation Pause) 11200M->5640M(19868M) 205.575ms
[21.279s][info][gc] GC(44) Pause Young (Normal) (G1 Evacuation Pause) 7384M->5748M(19868M) 261.169ms
[21.518s][info][gc] GC(45) Pause Young (Normal) (G1 Evacuation Pause) 6624M->5805M(20052M) 68.320ms
[21.746s][info][gc] GC(46) Pause Young (Normal) (G1 Evacuation Pause) 6741M->5850M(20052M) 48.656ms
[22.109s][info][gc] GC(47) Pause Young (Normal) (G1 Evacuation Pause) 7086M->5925M(20052M) 129.496ms
[22.340s][info][gc] GC(48) Pause Young (Normal) (G1 Evacuation Pause) 6793M->5977M(20052M) 66.924ms
[22.560s][info][gc] GC(49) Pause Young (Normal) (G1 Evacuation Pause) 6917M->6026M(20052M) 46.319ms
[22.980s][info][gc] GC(50) Pause Young (Normal) (G1 Evacuation Pause) 7402M->6105M(20112M) 158.155ms
[23.212s][info][gc] GC(51) Pause Young (Normal) (G1 Evacuation Pause) 6973M->6157M(20112M) 67.007ms
[23.430s][info][gc] GC(52) Pause Young (Normal) (G1 Evacuation Pause) 7105M->6205M(20112M) 47.188ms
[23.704s][info][gc] GC(53) Pause Young (Normal) (G1 Evacuation Pause) 7105M->6256M(20112M) 105.839ms
[23.966s][info][gc] GC(54) Pause Young (Normal) (G1 Evacuation Pause) 7152M->6300M(20204M) 96.844ms
[24.187s][info][gc] GC(55) Pause Young (Normal) (G1 Evacuation Pause) 7208M->6350M(20204M) 53.967ms
[24.407s][info][gc] GC(56) Pause Young (Normal) (G1 Evacuation Pause) 7262M->6401M(20204M) 54.013ms
[24.661s][info][gc] GC(57) Pause Young (Normal) (G1 Evacuation Pause) 7305M->6453M(20204M) 85.747ms
[25.003s][info][gc] GC(58) Pause Young (Normal) (G1 Evacuation Pause) 7885M->6524M(20292M) 80.213ms
[25.265s][info][gc] GC(59) Pause Young (Normal) (G1 Evacuation Pause) 7408M->6574M(20292M) 95.997ms
[25.942s][info][gc] GC(60) Pause Young (Normal) (G1 Evacuation Pause) 9878M->6718M(20292M) 89.032ms
[26.259s][info][gc] GC(61) Pause Young (Normal) (G1 Evacuation Pause) 7526M->6765M(20292M) 169.607ms
[26.469s][info][gc] GC(62) Pause Young (Normal) (G1 Evacuation Pause) 7721M->6800M(20368M) 41.805ms
[26.897s][info][gc] GC(63) Pause Young (Normal) (G1 Evacuation Pause) 8388M->6873M(20368M) 135.804ms
[27.181s][info][gc] GC(64) Pause Young (Normal) (G1 Evacuation Pause) 7725M->6917M(20368M) 124.852ms
[27.393s][info][gc] GC(65) Pause Young (Normal) (G1 Evacuation Pause) 7881M->6953M(20368M) 39.979ms
[27.644s][info][gc] GC(66) Pause Young (Normal) (G1 Evacuation Pause) 7881M->7000M(20404M) 78.382ms
[27.854s][info][gc] GC(67) Pause Young (Normal) (G1 Evacuation Pause) 7924M->7045M(20404M) 47.072ms
[28.064s][info][gc] GC(68) Pause Young (Normal) (G1 Evacuation Pause) 7973M->7089M(20404M) 47.599ms
[28.428s][info][gc] GC(69) Pause Young (Normal) (G1 Evacuation Pause) 8749M->7162M(20404M) 64.985ms
[28.688s][info][gc] GC(70) Pause Young (Normal) (G1 Evacuation Pause) 8018M->7207M(20420M) 102.791ms
[29.267s][info][gc] GC(71) Pause Young (Normal) (G1 Evacuation Pause) 10083M->7319M(20420M) 72.865ms
[29.582s][info][gc] GC(72) Pause Young (Normal) (G1 Evacuation Pause) 8375M->7374M(20420M) 126.619ms
[30.203s][info][gc] GC(73) Pause Young (Normal) (G1 Evacuation Pause) 10446M->7491M(20420M) 80.778ms
[30.524s][info][gc] GC(74) Pause Young (Normal) (G1 Evacuation Pause) 8339M->7536M(20444M) 166.219ms
[30.729s][info][gc] GC(75) Pause Young (Normal) (G1 Evacuation Pause) 8508M->7565M(20444M) 37.285ms
[30.995s][info][gc] GC(76) Pause Young (Normal) (G1 Evacuation Pause) 8789M->7618M(20444M) 50.728ms
[31.479s][info][gc] GC(77) Pause Young (Normal) (G1 Evacuation Pause) 9714M->7701M(20444M) 113.260ms
[32.048s][info][gc] GC(78) Pause Young (Normal) (G1 Evacuation Pause) 10009M->7804M(20456M) 147.780ms
[32.714s][info][gc] GC(79) Pause Young (Normal) (G1 Evacuation Pause) 10840M->7927M(20456M) 121.675ms
[33.174s][info][gc] GC(80) Pause Young (Normal) (G1 Evacuation Pause) 9727M->8004M(20456M) 131.731ms
[33.490s][info][gc] GC(81) Pause Young (Normal) (G1 Evacuation Pause) 9316M->8056M(20456M) 79.867ms
[34.345s][info][gc] GC(82) Pause Young (Normal) (G1 Evacuation Pause) 12356M->8200M(20464M) 102.938ms
[34.845s][info][gc] GC(83) Pause Young (Normal) (G1 Evacuation Pause) 10160M->8279M(20464M) 148.901ms
[35.780s][info][gc] GC(84) Pause Young (Normal) (G1 Evacuation Pause) 13115M->8429M(20464M) 101.049ms
[36.083s][info][gc] GC(85) Pause Young (Normal) (G1 Evacuation Pause) 9205M->8465M(20464M) 164.482ms
[36.279s][info][gc] GC(86) Pause Young (Normal) (G1 Evacuation Pause) 9441M->8483M(20472M) 33.540ms
[36.744s][info][gc] GC(87) Pause Young (Normal) (G1 Evacuation Pause) 10863M->8561M(20472M) 58.554ms
[37.228s][info][gc] GC(88) Pause Young (Normal) (G1 Evacuation Pause) 10645M->8633M(20472M) 127.325ms
[37.802s][info][gc] GC(89) Pause Young (Normal) (G1 Evacuation Pause) 11349M->8725M(20472M) 101.636ms
End benchmark
benchmarkAvgTime : 33661
nbThread : 32
[1.016s][info][gc] GC(0) Pause Young (Normal) (G1 Evacuation Pause) 280M->145M(5128M) 45.005ms
[1.583s][info][gc] GC(1) Pause Young (Normal) (G1 Evacuation Pause) 369M->179M(5128M) 29.600ms
[2.191s][info][gc] GC(2) Pause Young (Normal) (G1 Evacuation Pause) 407M->186M(5128M) 9.385ms
[2.863s][info][gc] GC(3) Pause Young (Normal) (G1 Evacuation Pause) 434M->184M(5128M) 3.009ms
[3.528s][info][gc] GC(4) Pause Young (Normal) (G1 Evacuation Pause) 432M->184M(5128M) 3.407ms
[4.167s][info][gc] GC(5) Pause Young (Normal) (G1 Evacuation Pause) 436M->184M(5128M) 3.461ms
[4.468s][info][gc] GC(6) Pause Young (Normal) (G1 Evacuation Pause) 436M->339M(5128M) 31.283ms
[4.663s][info][gc] GC(7) Pause Young (Normal) (G1 Evacuation Pause) 583M->515M(5128M) 44.594ms
[4.759s][info][gc] GC(8) Pause Young (Normal) (G1 Evacuation Pause) 739M->681M(6436M) 52.414ms
[5.089s][info][gc] GC(9) Pause Young (Normal) (G1 Evacuation Pause) 969M->773M(6436M) 38.287ms
[5.287s][info][gc] GC(10) Pause Young (Normal) (G1 Evacuation Pause) 1053M->840M(6436M) 33.916ms
[5.400s][info][gc] GC(11) Pause Young (Normal) (G1 Evacuation Pause) 1120M->908M(6436M) 35.697ms
[5.525s][info][gc] GC(12) Pause Young (Normal) (G1 Evacuation Pause) 1188M->975M(7944M) 43.607ms
[5.740s][info][gc] GC(13) Pause Young (Normal) (G1 Evacuation Pause) 1331M->1056M(7944M) 49.743ms
[5.907s][info][gc] GC(14) Pause Young (Normal) (G1 Evacuation Pause) 1400M->1136M(7944M) 58.970ms
[6.119s][info][gc] GC(15) Pause Young (Normal) (G1 Evacuation Pause) 1480M->1216M(7944M) 65.485ms
[6.351s][info][gc] GC(16) Pause Young (Normal) (G1 Evacuation Pause) 1560M->1293M(11208M) 72.456ms
[6.696s][info][gc] GC(17) Pause Young (Normal) (G1 Evacuation Pause) 1801M->1407M(11208M) 88.711ms
[6.957s][info][gc] GC(18) Pause Young (Normal) (G1 Evacuation Pause) 1895M->1520M(11208M) 95.119ms
[7.224s][info][gc] GC(19) Pause Young (Normal) (G1 Evacuation Pause) 2008M->1633M(11208M) 100.929ms
[7.513s][info][gc] GC(20) Pause Young (Normal) (G1 Evacuation Pause) 2121M->1744M(14920M) 111.391ms
Start benchmark
[8.317s][info][gc] GC(21) Pause Young (Normal) (G1 Evacuation Pause) 2468M->1966M(14920M) 127.576ms
[8.891s][info][gc] GC(22) Pause Young (Normal) (G1 Evacuation Pause) 2614M->2090M(14920M) 108.806ms
[9.188s][info][gc] GC(23) Pause Young (Normal) (G1 Evacuation Pause) 2738M->2219M(14920M) 89.437ms
[9.516s][info][gc] GC(24) Pause Young (Normal) (G1 Evacuation Pause) 2899M->2355M(17144M) 109.730ms
[9.912s][info][gc] GC(25) Pause Young (Normal) (G1 Evacuation Pause) 3175M->2513M(17144M) 113.846ms
[10.238s][info][gc] GC(26) Pause Young (Normal) (G1 Evacuation Pause) 3253M->2646M(17144M) 102.719ms
[10.596s][info][gc] GC(27) Pause Young (Normal) (G1 Evacuation Pause) 3474M->2828M(17144M) 104.617ms
[10.936s][info][gc] GC(28) Pause Young (Normal) (G1 Evacuation Pause) 3632M->2953M(18212M) 112.841ms
[11.281s][info][gc] GC(29) Pause Young (Normal) (G1 Evacuation Pause) 3793M->3067M(18212M) 99.772ms
[11.622s][info][gc] GC(30) Pause Young (Normal) (G1 Evacuation Pause) 4007M->3182M(18212M) 96.294ms
[12.033s][info][gc] GC(31) Pause Young (Normal) (G1 Evacuation Pause) 4430M->3328M(18212M) 104.754ms
[12.680s][info][gc] GC(32) Pause Young (Normal) (G1 Evacuation Pause) 5268M->3540M(18872M) 147.761ms
[13.285s][info][gc] GC(33) Pause Young (Normal) (G1 Evacuation Pause) 5344M->3727M(18872M) 155.898ms
[13.805s][info][gc] GC(34) Pause Young (Normal) (G1 Evacuation Pause) 5375M->3878M(18872M) 130.730ms
[14.567s][info][gc] GC(35) Pause Young (Normal) (G1 Evacuation Pause) 6650M->4104M(18872M) 156.849ms
[15.372s][info][gc] GC(36) Pause Young (Normal) (G1 Evacuation Pause) 6128M->4296M(19516M) 194.400ms
[15.986s][info][gc] GC(37) Pause Young (Normal) (G1 Evacuation Pause) 6456M->4490M(19516M) 140.538ms
[16.625s][info][gc] GC(38) Pause Young (Normal) (G1 Evacuation Pause) 6950M->4674M(19516M) 141.379ms
[17.138s][info][gc] GC(39) Pause Young (Normal) (G1 Evacuation Pause) 6430M->4814M(19516M) 150.659ms
[17.410s][info][gc] GC(40) Pause Young (Normal) (G1 Evacuation Pause) 5642M->4879M(19828M) 108.725ms
[18.233s][info][gc] GC(41) Pause Young (Normal) (G1 Evacuation Pause) 8523M->5105M(19828M) 119.353ms
[18.748s][info][gc] GC(42) Pause Young (Normal) (G1 Evacuation Pause) 6613M->5204M(19828M) 211.262ms
[19.298s][info][gc] GC(43) Pause Young (Normal) (G1 Evacuation Pause) 6192M->5394M(19828M) 125.982ms
[19.584s][info][gc] GC(44) Pause Young (Normal) (G1 Evacuation Pause) 6306M->5461M(19996M) 102.867ms
[19.829s][info][gc] GC(45) Pause Young (Normal) (G1 Evacuation Pause) 6481M->5521M(19996M) 53.212ms
[20.191s][info][gc] GC(46) Pause Young (Normal) (G1 Evacuation Pause) 6629M->5584M(19996M) 147.905ms
[20.505s][info][gc] GC(47) Pause Young (Normal) (G1 Evacuation Pause) 6448M->5640M(19996M) 140.924ms
[20.738s][info][gc] GC(48) Pause Young (Normal) (G1 Evacuation Pause) 6512M->5692M(20116M) 67.138ms
[20.981s][info][gc] GC(49) Pause Young (Normal) (G1 Evacuation Pause) 6588M->5746M(20116M) 67.296ms
[21.235s][info][gc] GC(50) Pause Young (Normal) (G1 Evacuation Pause) 6638M->5804M(20116M) 83.333ms
[21.472s][info][gc] GC(51) Pause Young (Normal) (G1 Evacuation Pause) 6696M->5865M(20116M) 66.763ms
[21.913s][info][gc] GC(52) Pause Young (Normal) (G1 Evacuation Pause) 7353M->5956M(20192M) 156.428ms
[22.220s][info][gc] GC(53) Pause Young (Normal) (G1 Evacuation Pause) 6812M->6013M(20192M) 134.977ms
[22.438s][info][gc] GC(54) Pause Young (Normal) (G1 Evacuation Pause) 6957M->6061M(20192M) 47.596ms
[22.719s][info][gc] GC(55) Pause Young (Normal) (G1 Evacuation Pause) 6957M->6115M(20192M) 111.186ms
[22.948s][info][gc] GC(56) Pause Young (Normal) (G1 Evacuation Pause) 7011M->6164M(20308M) 61.183ms
[23.170s][info][gc] GC(57) Pause Young (Normal) (G1 Evacuation Pause) 7072M->6211M(20308M) 53.854ms
[23.425s][info][gc] GC(58) Pause Young (Normal) (G1 Evacuation Pause) 7123M->6262M(20308M) 88.099ms
[23.661s][info][gc] GC(59) Pause Young (Normal) (G1 Evacuation Pause) 7174M->6310M(20308M) 67.663ms
[24.032s][info][gc] GC(60) Pause Young (Normal) (G1 Evacuation Pause) 7646M->6383M(20356M) 126.581ms
[24.270s][info][gc] GC(61) Pause Young (Normal) (G1 Evacuation Pause) 7271M->6434M(20356M) 69.167ms
[24.493s][info][gc] GC(62) Pause Young (Normal) (G1 Evacuation Pause) 7394M->6483M(20356M) 49.632ms
[24.785s][info][gc] GC(63) Pause Young (Normal) (G1 Evacuation Pause) 7391M->6534M(20356M) 122.328ms
[25.011s][info][gc] GC(64) Pause Young (Normal) (G1 Evacuation Pause) 7442M->6586M(20408M) 59.555ms
[25.231s][info][gc] GC(65) Pause Young (Normal) (G1 Evacuation Pause) 7502M->6633M(20408M) 54.400ms
[25.467s][info][gc] GC(66) Pause Young (Normal) (G1 Evacuation Pause) 7557M->6683M(20408M) 63.648ms
[25.813s][info][gc] GC(67) Pause Young (Normal) (G1 Evacuation Pause) 7919M->6743M(20408M) 124.784ms
[26.085s][info][gc] GC(68) Pause Young (Normal) (G1 Evacuation Pause) 7647M->6792M(20432M) 103.980ms
[26.320s][info][gc] GC(69) Pause Young (Normal) (G1 Evacuation Pause) 7696M->6835M(20432M) 73.306ms
[26.695s][info][gc] GC(70) Pause Young (Normal) (G1 Evacuation Pause) 8391M->6907M(20432M) 95.071ms
[27.184s][info][gc] GC(71) Pause Young (Normal) (G1 Evacuation Pause) 8555M->6991M(20432M) 184.986ms
[27.456s][info][gc] GC(72) Pause Young (Normal) (G1 Evacuation Pause) 7843M->7044M(20452M) 108.953ms
[27.666s][info][gc] GC(73) Pause Young (Normal) (G1 Evacuation Pause) 8000M->7076M(20452M) 41.998ms
[27.880s][info][gc] GC(74) Pause Young (Normal) (G1 Evacuation Pause) 8000M->7120M(20452M) 52.471ms
[28.118s][info][gc] GC(75) Pause Young (Normal) (G1 Evacuation Pause) 8196M->7172M(20452M) 51.850ms
[29.106s][info][gc] GC(76) Pause Young (Normal) (G1 Evacuation Pause) 11900M->7374M(20460M) 152.602ms
[29.688s][info][gc] GC(77) Pause Young (Normal) (G1 Evacuation Pause) 8998M->7456M(20460M) 277.240ms
[29.900s][info][gc] GC(78) Pause Young (Normal) (G1 Evacuation Pause) 8384M->7509M(20460M) 48.851ms
[30.104s][info][gc] GC(79) Pause Young (Normal) (G1 Evacuation Pause) 8473M->7546M(20460M) 38.000ms
[30.320s][info][gc] GC(80) Pause Young (Normal) (G1 Evacuation Pause) 8474M->7591M(20468M) 52.606ms
[30.522s][info][gc] GC(81) Pause Young (Normal) (G1 Evacuation Pause) 8515M->7629M(20468M) 43.800ms
[30.722s][info][gc] GC(82) Pause Young (Normal) (G1 Evacuation Pause) 8561M->7673M(20468M) 42.638ms
[31.038s][info][gc] GC(83) Pause Young (Normal) (G1 Evacuation Pause) 9197M->7735M(20468M) 54.761ms
[31.690s][info][gc] GC(84) Pause Young (Normal) (G1 Evacuation Pause) 10531M->7850M(20472M) 165.794ms
[32.102s][info][gc] GC(85) Pause Young (Normal) (G1 Evacuation Pause) 9130M->7898M(20472M) 175.122ms
[32.302s][info][gc] GC(86) Pause Young (Normal) (G1 Evacuation Pause) 8858M->7928M(20472M) 39.661ms
[32.508s][info][gc] GC(87) Pause Young (Normal) (G1 Evacuation Pause) 8856M->7967M(20472M) 46.815ms
[32.706s][info][gc] GC(88) Pause Young (Normal) (G1 Evacuation Pause) 8903M->8008M(20476M) 41.363ms
[33.459s][info][gc] GC(89) Pause Young (Normal) (G1 Evacuation Pause) 10828M->8122M(20476M) 80.366ms
[33.918s][info][gc] GC(90) Pause Young (Normal) (G1 Evacuation Pause) 8946M->8174M(20476M) 133.795ms
[34.344s][info][gc] GC(91) Pause Young (Normal) (G1 Evacuation Pause) 9134M->8205M(20476M) 37.363ms
[34.751s][info][gc] GC(92) Pause Young (Normal) (G1 Evacuation Pause) 9133M->8253M(20480M) 42.367ms
[36.473s][info][gc] GC(93) Pause Young (Normal) (G1 Evacuation Pause) 12161M->8429M(20480M) 140.438ms
[36.932s][info][gc] GC(94) Pause Young (Normal) (G1 Evacuation Pause) 9177M->8467M(20480M) 163.298ms
[37.350s][info][gc] GC(95) Pause Young (Normal) (G1 Evacuation Pause) 9443M->8505M(20480M) 35.001ms
[37.765s][info][gc] GC(96) Pause Young (Normal) (G1 Evacuation Pause) 9441M->8555M(20480M) 40.803ms
End benchmark
benchmarkAvgTime : 33971
nbThread : 32
[1.028s][info][gc] GC(0) Pause Young (Normal) (G1 Evacuation Pause) 280M->145M(5128M) 44.222ms
[1.598s][info][gc] GC(1) Pause Young (Normal) (G1 Evacuation Pause) 369M->177M(5128M) 32.303ms
[2.205s][info][gc] GC(2) Pause Young (Normal) (G1 Evacuation Pause) 405M->185M(5128M) 9.305ms
[2.875s][info][gc] GC(3) Pause Young (Normal) (G1 Evacuation Pause) 433M->184M(5128M) 4.303ms
[3.538s][info][gc] GC(4) Pause Young (Normal) (G1 Evacuation Pause) 432M->183M(5128M) 4.344ms
[4.110s][info][gc] GC(5) Pause Young (Normal) (G1 Evacuation Pause) 435M->183M(5128M) 2.881ms
[4.421s][info][gc] GC(6) Pause Young (Normal) (G1 Evacuation Pause) 447M->351M(5128M) 29.963ms
[4.519s][info][gc] GC(7) Pause Young (Normal) (G1 Evacuation Pause) 575M->519M(5128M) 43.695ms
[4.703s][info][gc] GC(8) Pause Young (Normal) (G1 Evacuation Pause) 743M->681M(6448M) 56.204ms
[4.988s][info][gc] GC(9) Pause Young (Normal) (G1 Evacuation Pause) 969M->760M(6448M) 30.029ms
[5.121s][info][gc] GC(10) Pause Young (Normal) (G1 Evacuation Pause) 1040M->828M(6448M) 34.347ms
[5.237s][info][gc] GC(11) Pause Young (Normal) (G1 Evacuation Pause) 1108M->895M(6448M) 36.521ms
[5.367s][info][gc] GC(12) Pause Young (Normal) (G1 Evacuation Pause) 1175M->962M(8004M) 45.662ms
[5.617s][info][gc] GC(13) Pause Young (Normal) (G1 Evacuation Pause) 1322M->1043M(8004M) 48.990ms
[5.785s][info][gc] GC(14) Pause Young (Normal) (G1 Evacuation Pause) 1391M->1123M(8004M) 57.741ms
[5.964s][info][gc] GC(15) Pause Young (Normal) (G1 Evacuation Pause) 1471M->1202M(8004M) 63.231ms
[6.145s][info][gc] GC(16) Pause Young (Normal) (G1 Evacuation Pause) 1550M->1283M(11384M) 78.057ms
[6.521s][info][gc] GC(17) Pause Young (Normal) (G1 Evacuation Pause) 1799M->1399M(11384M) 88.026ms
[6.786s][info][gc] GC(18) Pause Young (Normal) (G1 Evacuation Pause) 1895M->1512M(11384M) 100.026ms
[7.045s][info][gc] GC(19) Pause Young (Normal) (G1 Evacuation Pause) 2008M->1628M(11384M) 97.941ms
[7.350s][info][gc] GC(20) Pause Young (Normal) (G1 Evacuation Pause) 2124M->1742M(15024M) 107.643ms
Start benchmark
[8.267s][info][gc] GC(21) Pause Young (Normal) (G1 Evacuation Pause) 2478M->1984M(15024M) 135.184ms
[8.800s][info][gc] GC(22) Pause Young (Normal) (G1 Evacuation Pause) 2636M->2112M(15024M) 109.619ms
[9.107s][info][gc] GC(23) Pause Young (Normal) (G1 Evacuation Pause) 2764M->2239M(15024M) 90.434ms
[9.421s][info][gc] GC(24) Pause Young (Normal) (G1 Evacuation Pause) 2899M->2373M(17208M) 106.639ms
[9.792s][info][gc] GC(25) Pause Young (Normal) (G1 Evacuation Pause) 3137M->2518M(17208M) 104.729ms
[10.102s][info][gc] GC(26) Pause Young (Normal) (G1 Evacuation Pause) 3270M->2644M(17208M) 105.187ms
[10.438s][info][gc] GC(27) Pause Young (Normal) (G1 Evacuation Pause) 3464M->2826M(17208M) 100.119ms
[10.755s][info][gc] GC(28) Pause Young (Normal) (G1 Evacuation Pause) 3634M->2944M(18204M) 104.569ms
[11.111s][info][gc] GC(29) Pause Young (Normal) (G1 Evacuation Pause) 3844M->3065M(18204M) 93.920ms
[11.519s][info][gc] GC(30) Pause Young (Normal) (G1 Evacuation Pause) 4289M->3213M(18204M) 102.676ms
[12.158s][info][gc] GC(31) Pause Young (Normal) (G1 Evacuation Pause) 5141M->3417M(18204M) 135.561ms
[12.763s][info][gc] GC(32) Pause Young (Normal) (G1 Evacuation Pause) 5297M->3614M(18896M) 148.760ms
[13.318s][info][gc] GC(33) Pause Young (Normal) (G1 Evacuation Pause) 5338M->3798M(18896M) 136.901ms
[14.160s][info][gc] GC(34) Pause Young (Normal) (G1 Evacuation Pause) 6814M->4039M(18896M) 168.231ms
[14.867s][info][gc] GC(35) Pause Young (Normal) (G1 Evacuation Pause) 6375M->4244M(18896M) 195.986ms
[15.623s][info][gc] GC(36) Pause Young (Normal) (G1 Evacuation Pause) 6628M->4444M(19532M) 152.687ms
[16.299s][info][gc] GC(37) Pause Young (Normal) (G1 Evacuation Pause) 6900M->4639M(19532M) 144.799ms
[16.974s][info][gc] GC(38) Pause Young (Normal) (G1 Evacuation Pause) 7291M->4815M(19532M) 137.206ms
[17.451s][info][gc] GC(39) Pause Young (Normal) (G1 Evacuation Pause) 6267M->4924M(19532M) 169.519ms
[17.987s][info][gc] GC(40) Pause Young (Normal) (G1 Evacuation Pause) 7092M->5060M(19800M) 108.265ms
[18.452s][info][gc] GC(41) Pause Young (Normal) (G1 Evacuation Pause) 6524M->5162M(19800M) 160.389ms
[19.018s][info][gc] GC(42) Pause Young (Normal) (G1 Evacuation Pause) 6262M->5343M(19800M) 122.228ms
[19.656s][info][gc] GC(43) Pause Young (Normal) (G1 Evacuation Pause) 7699M->5486M(19800M) 143.421ms
[19.993s][info][gc] GC(44) Pause Young (Normal) (G1 Evacuation Pause) 6250M->5551M(19956M) 179.650ms
[20.366s][info][gc] GC(45) Pause Young (Normal) (G1 Evacuation Pause) 7111M->5629M(19956M) 72.485ms
[20.690s][info][gc] GC(46) Pause Young (Normal) (G1 Evacuation Pause) 6477M->5687M(19956M) 157.114ms
[20.916s][info][gc] GC(47) Pause Young (Normal) (G1 Evacuation Pause) 6619M->5737M(19956M) 52.165ms
[21.211s][info][gc] GC(48) Pause Young (Normal) (G1 Evacuation Pause) 6621M->5789M(20080M) 125.555ms
[21.442s][info][gc] GC(49) Pause Young (Normal) (G1 Evacuation Pause) 6681M->5844M(20080M) 62.282ms
[21.683s][info][gc] GC(50) Pause Young (Normal) (G1 Evacuation Pause) 6736M->5901M(20080M) 73.438ms
[21.911s][info][gc] GC(51) Pause Young (Normal) (G1 Evacuation Pause) 6789M->5952M(20080M) 62.069ms
[22.142s][info][gc] GC(52) Pause Young (Normal) (G1 Evacuation Pause) 6848M->6008M(20168M) 65.954ms
[22.374s][info][gc] GC(53) Pause Young (Normal) (G1 Evacuation Pause) 6904M->6064M(20168M) 63.406ms
[22.662s][info][gc] GC(54) Pause Young (Normal) (G1 Evacuation Pause) 6960M->6116M(20168M) 116.360ms
[22.907s][info][gc] GC(55) Pause Young (Normal) (G1 Evacuation Pause) 7012M->6172M(20168M) 76.700ms
[23.136s][info][gc] GC(56) Pause Young (Normal) (G1 Evacuation Pause) 7072M->6230M(20276M) 62.260ms
[23.400s][info][gc] GC(57) Pause Young (Normal) (G1 Evacuation Pause) 7290M->6292M(20276M) 63.929ms
[23.919s][info][gc] GC(58) Pause Young (Normal) (G1 Evacuation Pause) 8120M->6388M(20276M) 179.083ms
[24.212s][info][gc] GC(59) Pause Young (Normal) (G1 Evacuation Pause) 7184M->6435M(20276M) 142.873ms
[24.426s][info][gc] GC(60) Pause Young (Normal) (G1 Evacuation Pause) 7387M->6480M(20360M) 44.162ms
[24.652s][info][gc] GC(61) Pause Young (Normal) (G1 Evacuation Pause) 7392M->6528M(20360M) 57.647ms
[25.009s][info][gc] GC(62) Pause Young (Normal) (G1 Evacuation Pause) 7436M->6583M(20360M) 55.404ms
[25.224s][info][gc] GC(63) Pause Young (Normal) (G1 Evacuation Pause) 7491M->6632M(20360M) 53.233ms
[25.435s][info][gc] GC(64) Pause Young (Normal) (G1 Evacuation Pause) 7540M->6679M(20384M) 52.358ms
[26.207s][info][gc] GC(65) Pause Young (Normal) (G1 Evacuation Pause) 10291M->6850M(20384M) 123.445ms
[26.742s][info][gc] GC(66) Pause Young (Normal) (G1 Evacuation Pause) 8470M->6936M(20384M) 230.470ms
[26.954s][info][gc] GC(67) Pause Young (Normal) (G1 Evacuation Pause) 7856M->6985M(20384M) 48.977ms
[27.160s][info][gc] GC(68) Pause Young (Normal) (G1 Evacuation Pause) 7945M->7023M(20424M) 38.602ms
[27.369s][info][gc] GC(69) Pause Young (Normal) (G1 Evacuation Pause) 7951M->7068M(20424M) 46.721ms
[27.661s][info][gc] GC(70) Pause Young (Normal) (G1 Evacuation Pause) 8444M->7124M(20424M) 53.119ms
[28.160s][info][gc] GC(71) Pause Young (Normal) (G1 Evacuation Pause) 9088M->7216M(20424M) 146.458ms
[28.388s][info][gc] GC(72) Pause Young (Normal) (G1 Evacuation Pause) 8040M->7264M(20440M) 74.776ms
[28.598s][info][gc] GC(73) Pause Young (Normal) (G1 Evacuation Pause) 8224M->7294M(20440M) 42.310ms
[29.256s][info][gc] GC(74) Pause Young (Normal) (G1 Evacuation Pause) 10250M->7409M(20440M) 124.450ms
[29.789s][info][gc] GC(75) Pause Young (Normal) (G1 Evacuation Pause) 9241M->7497M(20440M) 195.126ms
[30.019s][info][gc] GC(76) Pause Young (Normal) (G1 Evacuation Pause) 8305M->7537M(20456M) 79.325ms
[30.226s][info][gc] GC(77) Pause Young (Normal) (G1 Evacuation Pause) 8505M->7568M(20456M) 39.525ms
[30.450s][info][gc] GC(78) Pause Young (Normal) (G1 Evacuation Pause) 8504M->7611M(20456M) 52.617ms
[30.815s][info][gc] GC(79) Pause Young (Normal) (G1 Evacuation Pause) 9151M->7672M(20456M) 75.679ms
[31.408s][info][gc] GC(80) Pause Young (Normal) (G1 Evacuation Pause) 10160M->7776M(20464M) 151.254ms
[31.640s][info][gc] GC(81) Pause Young (Normal) (G1 Evacuation Pause) 8544M->7810M(20464M) 89.196ms
[31.901s][info][gc] GC(82) Pause Young (Normal) (G1 Evacuation Pause) 9094M->7852M(20464M) 41.129ms
[32.295s][info][gc] GC(83) Pause Young (Normal) (G1 Evacuation Pause) 9776M->7928M(20464M) 63.068ms
[32.782s][info][gc] GC(84) Pause Young (Normal) (G1 Evacuation Pause) 9816M->8008M(20472M) 150.838ms
[33.125s][info][gc] GC(85) Pause Young (Normal) (G1 Evacuation Pause) 9372M->8060M(20472M) 97.201ms
[33.834s][info][gc] GC(86) Pause Young (Normal) (G1 Evacuation Pause) 11464M->8187M(20472M) 114.384ms
[34.602s][info][gc] GC(87) Pause Young (Normal) (G1 Evacuation Pause) 11615M->8322M(20472M) 162.360ms
[35.413s][info][gc] GC(88) Pause Young (Normal) (G1 Evacuation Pause) 12034M->8463M(20476M) 160.986ms
[36.182s][info][gc] GC(89) Pause Young (Normal) (G1 Evacuation Pause) 11747M->8565M(20476M) 178.236ms
[36.930s][info][gc] GC(90) Pause Young (Normal) (G1 Evacuation Pause) 12101M->8688M(20476M) 125.744ms
[37.553s][info][gc] GC(91) Pause Young (Normal) (G1 Evacuation Pause) 11292M->8784M(20476M) 163.695ms
End benchmark
benchmarkAvgTime : 33903
nbThread : 32
[0.986s][info][gc] GC(0) Pause Young (Normal) (G1 Evacuation Pause) 280M->145M(5128M) 44.377ms
[1.558s][info][gc] GC(1) Pause Young (Normal) (G1 Evacuation Pause) 369M->180M(5128M) 28.422ms
[2.172s][info][gc] GC(2) Pause Young (Normal) (G1 Evacuation Pause) 408M->185M(5128M) 9.013ms
[2.851s][info][gc] GC(3) Pause Young (Normal) (G1 Evacuation Pause) 433M->184M(5128M) 3.090ms
[3.522s][info][gc] GC(4) Pause Young (Normal) (G1 Evacuation Pause) 432M->183M(5128M) 2.927ms
[4.195s][info][gc] GC(5) Pause Young (Normal) (G1 Evacuation Pause) 435M->183M(5128M) 4.703ms
[4.417s][info][gc] GC(6) Pause Young (Normal) (G1 Evacuation Pause) 443M->334M(5128M) 31.726ms
[4.513s][info][gc] GC(7) Pause Young (Normal) (G1 Evacuation Pause) 570M->505M(5128M) 45.801ms
[4.624s][info][gc] GC(8) Pause Young (Normal) (G1 Evacuation Pause) 729M->668M(6508M) 51.744ms
[4.946s][info][gc] GC(9) Pause Young (Normal) (G1 Evacuation Pause) 960M->760M(6508M) 34.847ms
[5.063s][info][gc] GC(10) Pause Young (Normal) (G1 Evacuation Pause) 1040M->836M(6508M) 34.557ms
[5.184s][info][gc] GC(11) Pause Young (Normal) (G1 Evacuation Pause) 1116M->911M(6508M) 37.794ms
[5.322s][info][gc] GC(12) Pause Young (Normal) (G1 Evacuation Pause) 1191M->985M(8108M) 46.538ms
[5.556s][info][gc] GC(13) Pause Young (Normal) (G1 Evacuation Pause) 1345M->1077M(8108M) 52.325ms
[5.746s][info][gc] GC(14) Pause Young (Normal) (G1 Evacuation Pause) 1429M->1168M(8108M) 63.686ms
[5.952s][info][gc] GC(15) Pause Young (Normal) (G1 Evacuation Pause) 1520M->1258M(8108M) 68.511ms
[6.163s][info][gc] GC(16) Pause Young (Normal) (G1 Evacuation Pause) 1610M->1348M(11836M) 84.819ms
[6.511s][info][gc] GC(17) Pause Young (Normal) (G1 Evacuation Pause) 1884M->1482M(11836M) 98.268ms
[6.818s][info][gc] GC(18) Pause Young (Normal) (G1 Evacuation Pause) 1994M->1611M(11836M) 112.203ms
[7.128s][info][gc] GC(19) Pause Young (Normal) (G1 Evacuation Pause) 2123M->1744M(11836M) 109.928ms
Start benchmark
[7.777s][info][gc] GC(20) Pause Young (Normal) (G1 Evacuation Pause) 2308M->1948M(15296M) 126.134ms
[8.369s][info][gc] GC(21) Pause Young (Normal) (G1 Evacuation Pause) 2636M->2085M(15296M) 114.256ms
[8.659s][info][gc] GC(22) Pause Young (Normal) (G1 Evacuation Pause) 2753M->2217M(15296M) 94.606ms
[8.972s][info][gc] GC(23) Pause Young (Normal) (G1 Evacuation Pause) 2885M->2351M(15296M) 102.450ms
[9.308s][info][gc] GC(24) Pause Young (Normal) (G1 Evacuation Pause) 3019M->2483M(17372M) 102.507ms
[9.663s][info][gc] GC(25) Pause Young (Normal) (G1 Evacuation Pause) 3255M->2620M(17372M) 100.312ms
[10.025s][info][gc] GC(26) Pause Young (Normal) (G1 Evacuation Pause) 3436M->2800M(17372M) 109.227ms
[10.324s][info][gc] GC(27) Pause Young (Normal) (G1 Evacuation Pause) 3556M->2916M(17372M) 102.159ms
[10.618s][info][gc] GC(28) Pause Young (Normal) (G1 Evacuation Pause) 3704M->3024M(18336M) 89.589ms
[11.073s][info][gc] GC(29) Pause Young (Normal) (G1 Evacuation Pause) 4312M->3174M(18336M) 103.938ms
[11.688s][info][gc] GC(30) Pause Young (Normal) (G1 Evacuation Pause) 5106M->3390M(18336M) 144.962ms
[12.236s][info][gc] GC(31) Pause Young (Normal) (G1 Evacuation Pause) 4990M->3563M(18336M) 143.579ms
[12.781s][info][gc] GC(32) Pause Young (Normal) (G1 Evacuation Pause) 5255M->3735M(19096M) 134.760ms
[13.443s][info][gc] GC(33) Pause Young (Normal) (G1 Evacuation Pause) 5935M->3938M(19096M) 145.838ms
[14.251s][info][gc] GC(34) Pause Young (Normal) (G1 Evacuation Pause) 6282M->4163M(19096M) 158.181ms
[15.130s][info][gc] GC(35) Pause Young (Normal) (G1 Evacuation Pause) 7419M->4392M(19096M) 172.798ms
[15.937s][info][gc] GC(36) Pause Young (Normal) (G1 Evacuation Pause) 7196M->4596M(19608M) 211.820ms
[16.688s][info][gc] GC(37) Pause Young (Normal) (G1 Evacuation Pause) 7400M->4798M(19608M) 153.339ms
[17.138s][info][gc] GC(38) Pause Young (Normal) (G1 Evacuation Pause) 6222M->4912M(19608M) 145.881ms
[17.950s][info][gc] GC(39) Pause Young (Normal) (G1 Evacuation Pause) 8368M->5103M(19608M) 138.870ms
[18.454s][info][gc] GC(40) Pause Young (Normal) (G1 Evacuation Pause) 5887M->5273M(19856M) 179.333ms
[19.235s][info][gc] GC(41) Pause Young (Normal) (G1 Evacuation Pause) 7581M->5401M(19856M) 115.712ms
[19.581s][info][gc] GC(42) Pause Young (Normal) (G1 Evacuation Pause) 6193M->5459M(19856M) 184.331ms
[19.807s][info][gc] GC(43) Pause Young (Normal) (G1 Evacuation Pause) 6387M->5506M(19856M) 51.641ms
[20.081s][info][gc] GC(44) Pause Young (Normal) (G1 Evacuation Pause) 6386M->5563M(19984M) 106.274ms
[20.314s][info][gc] GC(45) Pause Young (Normal) (G1 Evacuation Pause) 6443M->5618M(19984M) 64.582ms
[20.543s][info][gc] GC(46) Pause Young (Normal) (G1 Evacuation Pause) 6502M->5678M(19984M) 64.500ms
[20.775s][info][gc] GC(47) Pause Young (Normal) (G1 Evacuation Pause) 6558M->5728M(19984M) 64.554ms
[21.030s][info][gc] GC(48) Pause Young (Normal) (G1 Evacuation Pause) 6612M->5784M(20080M) 92.263ms
[21.291s][info][gc] GC(49) Pause Young (Normal) (G1 Evacuation Pause) 6680M->5835M(20080M) 89.803ms
[21.566s][info][gc] GC(50) Pause Young (Normal) (G1 Evacuation Pause) 6731M->5881M(20080M) 108.866ms
[21.983s][info][gc] GC(51) Pause Young (Normal) (G1 Evacuation Pause) 7545M->5969M(20080M) 114.247ms
[22.564s][info][gc] GC(52) Pause Young (Normal) (G1 Evacuation Pause) 7909M->6082M(20228M) 214.731ms
[22.876s][info][gc] GC(53) Pause Young (Normal) (G1 Evacuation Pause) 6838M->6124M(20228M) 160.267ms
[23.091s][info][gc] GC(54) Pause Young (Normal) (G1 Evacuation Pause) 7076M->6167M(20228M) 45.817ms
[23.330s][info][gc] GC(55) Pause Young (Normal) (G1 Evacuation Pause) 7075M->6216M(20228M) 71.972ms
[23.612s][info][gc] GC(56) Pause Young (Normal) (G1 Evacuation Pause) 7120M->6267M(20332M) 118.222ms
[23.833s][info][gc] GC(57) Pause Young (Normal) (G1 Evacuation Pause) 7179M->6319M(20332M) 55.664ms
[24.076s][info][gc] GC(58) Pause Young (Normal) (G1 Evacuation Pause) 7231M->6367M(20332M) 74.944ms
[24.292s][info][gc] GC(59) Pause Young (Normal) (G1 Evacuation Pause) 7283M->6412M(20332M) 53.052ms
[24.511s][info][gc] GC(60) Pause Young (Normal) (G1 Evacuation Pause) 7332M->6457M(20376M) 54.473ms
[24.765s][info][gc] GC(61) Pause Young (Normal) (G1 Evacuation Pause) 7381M->6506M(20376M) 85.756ms
[25.037s][info][gc] GC(62) Pause Young (Normal) (G1 Evacuation Pause) 7422M->6551M(20376M) 105.641ms
[25.250s][info][gc] GC(63) Pause Young (Normal) (G1 Evacuation Pause) 7471M->6600M(20376M) 51.286ms
[25.458s][info][gc] GC(64) Pause Young (Normal) (G1 Evacuation Pause) 7520M->6646M(20412M) 48.960ms
[25.675s][info][gc] GC(65) Pause Young (Normal) (G1 Evacuation Pause) 7566M->6690M(20412M) 52.158ms
[26.189s][info][gc] GC(66) Pause Young (Normal) (G1 Evacuation Pause) 8862M->6789M(20412M) 127.271ms
[26.524s][info][gc] GC(67) Pause Young (Normal) (G1 Evacuation Pause) 7741M->6843M(20412M) 162.128ms
[26.735s][info][gc] GC(68) Pause Young (Normal) (G1 Evacuation Pause) 7799M->6878M(20440M) 42.987ms
[26.951s][info][gc] GC(69) Pause Young (Normal) (G1 Evacuation Pause) 7802M->6921M(20440M) 52.869ms
[27.160s][info][gc] GC(70) Pause Young (Normal) (G1 Evacuation Pause) 7849M->6964M(20440M) 48.858ms
[28.864s][info][gc] GC(71) Pause Young (Normal) (G1 Evacuation Pause) 9644M->7153M(20440M) 124.877ms
[29.617s][info][gc] GC(72) Pause Young (Normal) (G1 Evacuation Pause) 8141M->7234M(20452M) 149.304ms
[31.307s][info][gc] GC(73) Pause Young (Normal) (G1 Evacuation Pause) 10322M->7417M(20452M) 101.268ms
[31.805s][info][gc] GC(74) Pause Young (Normal) (G1 Evacuation Pause) 8161M->7469M(20452M) 159.536ms
[32.800s][info][gc] GC(75) Pause Young (Normal) (G1 Evacuation Pause) 9493M->7585M(20452M) 68.214ms
[33.887s][info][gc] GC(76) Pause Young (Normal) (G1 Evacuation Pause) 9769M->7716M(20460M) 97.867ms
[34.784s][info][gc] GC(77) Pause Young (Normal) (G1 Evacuation Pause) 9284M->7801M(20460M) 169.483ms
[35.244s][info][gc] GC(78) Pause Young (Normal) (G1 Evacuation Pause) 8725M->7858M(20460M) 48.743ms
[35.671s][info][gc] GC(79) Pause Young (Normal) (G1 Evacuation Pause) 8814M->7904M(20460M) 38.573ms
[36.460s][info][gc] GC(80) Pause Young (Normal) (G1 Evacuation Pause) 9636M->8004M(20460M) 65.589ms
[37.501s][info][gc] GC(81) Pause Young (Normal) (G1 Evacuation Pause) 10192M->8122M(20460M) 137.062ms
End benchmark
benchmarkAvgTime : 33564
nbThread : 32
[1.000s][info][gc] GC(0) Pause Young (Normal) (G1 Evacuation Pause) 280M->145M(5128M) 44.152ms
[1.571s][info][gc] GC(1) Pause Young (Normal) (G1 Evacuation Pause) 369M->179M(5128M) 30.452ms
[2.179s][info][gc] GC(2) Pause Young (Normal) (G1 Evacuation Pause) 407M->186M(5128M) 9.007ms
[2.852s][info][gc] GC(3) Pause Young (Normal) (G1 Evacuation Pause) 434M->184M(5128M) 2.714ms
[3.519s][info][gc] GC(4) Pause Young (Normal) (G1 Evacuation Pause) 432M->184M(5128M) 2.832ms
[4.195s][info][gc] GC(5) Pause Young (Normal) (G1 Evacuation Pause) 436M->184M(5128M) 3.297ms
[4.790s][info][gc] GC(6) Pause Young (Normal) (G1 Evacuation Pause) 436M->220M(5128M) 11.145ms
[4.883s][info][gc] GC(7) Pause Young (Normal) (G1 Evacuation Pause) 456M->372M(5128M) 31.399ms
[4.987s][info][gc] GC(8) Pause Young (Normal) (G1 Evacuation Pause) 596M->537M(5128M) 47.432ms
[5.210s][info][gc] GC(9) Pause Young (Normal) (G1 Evacuation Pause) 761M->688M(6568M) 55.289ms
[5.472s][info][gc] GC(10) Pause Young (Normal) (G1 Evacuation Pause) 984M->768M(6568M) 32.201ms
[5.614s][info][gc] GC(11) Pause Young (Normal) (G1 Evacuation Pause) 1052M->838M(6568M) 34.803ms
[5.746s][info][gc] GC(12) Pause Young (Normal) (G1 Evacuation Pause) 1122M->905M(6568M) 38.022ms
[5.899s][info][gc] GC(13) Pause Young (Normal) (G1 Evacuation Pause) 1189M->972M(8136M) 47.288ms
[6.143s][info][gc] GC(14) Pause Young (Normal) (G1 Evacuation Pause) 1332M->1056M(8136M) 53.914ms
[6.352s][info][gc] GC(15) Pause Young (Normal) (G1 Evacuation Pause) 1408M->1140M(8136M) 62.668ms
[6.563s][info][gc] GC(16) Pause Young (Normal) (G1 Evacuation Pause) 1492M->1224M(8136M) 67.959ms
[6.809s][info][gc] GC(17) Pause Young (Normal) (G1 Evacuation Pause) 1592M->1309M(11920M) 82.153ms
[7.246s][info][gc] GC(18) Pause Young (Normal) (G1 Evacuation Pause) 1849M->1432M(11920M) 96.841ms
[7.562s][info][gc] GC(19) Pause Young (Normal) (G1 Evacuation Pause) 1952M->1551M(11920M) 108.002ms
[7.941s][info][gc] GC(20) Pause Young (Normal) (G1 Evacuation Pause) 2071M->1669M(11920M) 94.632ms
[9.325s][info][gc] GC(21) Pause Young (Normal) (G1 Evacuation Pause) 2189M->1794M(15344M) 114.657ms
Start benchmark
[10.112s][info][gc] GC(22) Pause Young (Normal) (G1 Evacuation Pause) 2542M->2028M(15344M) 122.726ms
[10.410s][info][gc] GC(23) Pause Young (Normal) (G1 Evacuation Pause) 2696M->2161M(15344M) 85.537ms
[10.743s][info][gc] GC(24) Pause Young (Normal) (G1 Evacuation Pause) 2889M->2304M(15344M) 96.542ms
[11.104s][info][gc] GC(25) Pause Young (Normal) (G1 Evacuation Pause) 3112M->2458M(16740M) 108.040ms
[11.525s][info][gc] GC(26) Pause Young (Normal) (G1 Evacuation Pause) 3334M->2608M(16740M) 109.382ms
[11.923s][info][gc] GC(27) Pause Young (Normal) (G1 Evacuation Pause) 3588M->2809M(16740M) 122.517ms
[12.279s][info][gc] GC(28) Pause Young (Normal) (G1 Evacuation Pause) 3717M->2933M(16740M) 110.977ms
[12.616s][info][gc] GC(29) Pause Young (Normal) (G1 Evacuation Pause) 3869M->3050M(17656M) 99.080ms
[13.372s][info][gc] GC(30) Pause Young (Normal) (G1 Evacuation Pause) 5354M->3303M(17656M) 142.936ms
[13.893s][info][gc] GC(31) Pause Young (Normal) (G1 Evacuation Pause) 4771M->3485M(17656M) 164.923ms
[14.317s][info][gc] GC(32) Pause Young (Normal) (G1 Evacuation Pause) 4761M->3614M(17656M) 116.202ms
[15.259s][info][gc] GC(33) Pause Young (Normal) (G1 Evacuation Pause) 6226M->3854M(18524M) 152.554ms
[15.869s][info][gc] GC(34) Pause Young (Normal) (G1 Evacuation Pause) 5610M->4028M(18524M) 175.963ms
[16.407s][info][gc] GC(35) Pause Young (Normal) (G1 Evacuation Pause) 5876M->4186M(18524M) 126.578ms
[16.982s][info][gc] GC(36) Pause Young (Normal) (G1 Evacuation Pause) 6230M->4354M(18524M) 129.553ms
[17.516s][info][gc] GC(37) Pause Young (Normal) (G1 Evacuation Pause) 6218M->4498M(19148M) 137.914ms
[18.112s][info][gc] GC(38) Pause Young (Normal) (G1 Evacuation Pause) 6646M->4642M(19148M) 129.354ms
[18.825s][info][gc] GC(39) Pause Young (Normal) (G1 Evacuation Pause) 7258M->4821M(19148M) 170.855ms
[19.495s][info][gc] GC(40) Pause Young (Normal) (G1 Evacuation Pause) 7209M->4974M(19148M) 175.524ms
[20.130s][info][gc] GC(41) Pause Young (Normal) (G1 Evacuation Pause) 7218M->5128M(19528M) 176.357ms
[20.700s][info][gc] GC(42) Pause Young (Normal) (G1 Evacuation Pause) 5892M->5282M(19528M) 163.736ms
[22.483s][info][gc] GC(43) Pause Young (Normal) (G1 Evacuation Pause) 11426M->5656M(19528M) 212.665ms
[22.999s][info][gc] GC(44) Pause Young (Normal) (G1 Evacuation Pause) 6900M->5742M(19528M) 253.214ms
[23.230s][info][gc] GC(45) Pause Young (Normal) (G1 Evacuation Pause) 6622M->5806M(19852M) 56.947ms
[23.461s][info][gc] GC(46) Pause Young (Normal) (G1 Evacuation Pause) 6734M->5848M(19852M) 49.079ms
[23.694s][info][gc] GC(47) Pause Young (Normal) (G1 Evacuation Pause) 6732M->5905M(19852M) 62.819ms
[23.946s][info][gc] GC(48) Pause Young (Normal) (G1 Evacuation Pause) 6781M->5956M(19852M) 82.348ms
[24.181s][info][gc] GC(49) Pause Young (Normal) (G1 Evacuation Pause) 6836M->6007M(19852M) 64.459ms
[24.408s][info][gc] GC(50) Pause Young (Normal) (G1 Evacuation Pause) 6895M->6057M(19912M) 60.015ms
[24.635s][info][gc] GC(51) Pause Young (Normal) (G1 Evacuation Pause) 6945M->6110M(19912M) 57.420ms
[24.948s][info][gc] GC(52) Pause Young (Normal) (G1 Evacuation Pause) 7250M->6173M(19912M) 98.515ms
[25.619s][info][gc] GC(53) Pause Young (Normal) (G1 Evacuation Pause) 8865M->6305M(19912M) 166.356ms
[26.070s][info][gc] GC(54) Pause Young (Normal) (G1 Evacuation Pause) 7049M->6362M(20072M) 178.721ms
[26.286s][info][gc] GC(55) Pause Young (Normal) (G1 Evacuation Pause) 7294M->6398M(20072M) 42.860ms
[26.505s][info][gc] GC(56) Pause Young (Normal) (G1 Evacuation Pause) 7294M->6451M(20072M) 54.225ms
[26.724s][info][gc] GC(57) Pause Young (Normal) (G1 Evacuation Pause) 7343M->6502M(20072M) 54.418ms
[26.931s][info][gc] GC(58) Pause Young (Normal) (G1 Evacuation Pause) 7398M->6549M(20196M) 48.578ms
[27.150s][info][gc] GC(59) Pause Young (Normal) (G1 Evacuation Pause) 7457M->6595M(20196M) 49.368ms
[28.241s][info][gc] GC(60) Pause Young (Normal) (G1 Evacuation Pause) 11731M->6836M(20196M) 149.067ms
[28.756s][info][gc] GC(61) Pause Young (Normal) (G1 Evacuation Pause) 8432M->6925M(20196M) 210.425ms
[28.974s][info][gc] GC(62) Pause Young (Normal) (G1 Evacuation Pause) 7833M->6973M(20296M) 49.515ms
[29.185s][info][gc] GC(63) Pause Young (Normal) (G1 Evacuation Pause) 7929M->7009M(20296M) 38.102ms
[29.826s][info][gc] GC(64) Pause Young (Normal) (G1 Evacuation Pause) 9853M->7140M(20296M) 126.611ms
[30.092s][info][gc] GC(65) Pause Young (Normal) (G1 Evacuation Pause) 7932M->7179M(20296M) 112.964ms
[30.305s][info][gc] GC(66) Pause Young (Normal) (G1 Evacuation Pause) 8143M->7216M(20340M) 38.941ms
[30.630s][info][gc] GC(67) Pause Young (Normal) (G1 Evacuation Pause) 8684M->7277M(20340M) 58.106ms
[31.171s][info][gc] GC(68) Pause Young (Normal) (G1 Evacuation Pause) 9341M->7367M(20340M) 138.699ms
[31.496s][info][gc] GC(69) Pause Young (Normal) (G1 Evacuation Pause) 8603M->7426M(20340M) 93.674ms
[31.949s][info][gc] GC(70) Pause Young (Normal) (G1 Evacuation Pause) 9306M->7507M(20372M) 106.668ms
[32.414s][info][gc] GC(71) Pause Young (Normal) (G1 Evacuation Pause) 9591M->7593M(20372M) 83.862ms
[33.001s][info][gc] GC(72) Pause Young (Normal) (G1 Evacuation Pause) 9885M->7695M(20372M) 164.938ms
[33.240s][info][gc] GC(73) Pause Young (Normal) (G1 Evacuation Pause) 8507M->7734M(20372M) 79.754ms
[33.512s][info][gc] GC(74) Pause Young (Normal) (G1 Evacuation Pause) 9030M->7776M(20408M) 43.605ms
[34.013s][info][gc] GC(75) Pause Young (Normal) (G1 Evacuation Pause) 9964M->7856M(20408M) 109.540ms
[34.313s][info][gc] GC(76) Pause Young (Normal) (G1 Evacuation Pause) 8900M->7908M(20408M) 108.396ms
[35.022s][info][gc] GC(77) Pause Young (Normal) (G1 Evacuation Pause) 11460M->8030M(20408M) 82.184ms
[35.564s][info][gc] GC(78) Pause Young (Normal) (G1 Evacuation Pause) 10182M->8110M(20428M) 154.880ms
[35.786s][info][gc] GC(79) Pause Young (Normal) (G1 Evacuation Pause) 8910M->8141M(20428M) 70.858ms
[36.244s][info][gc] GC(80) Pause Young (Normal) (G1 Evacuation Pause) 10457M->8215M(20428M) 55.812ms
[37.025s][info][gc] GC(81) Pause Young (Normal) (G1 Evacuation Pause) 11703M->8334M(20428M) 165.918ms
[37.273s][info][gc] GC(82) Pause Young (Normal) (G1 Evacuation Pause) 9118M->8367M(20444M) 103.809ms
[37.473s][info][gc] GC(83) Pause Young (Normal) (G1 Evacuation Pause) 9343M->8383M(20444M) 31.210ms
[37.674s][info][gc] GC(84) Pause Young (Normal) (G1 Evacuation Pause) 9343M->8418M(20444M) 35.373ms
[37.932s][info][gc] GC(85) Pause Young (Normal) (G1 Evacuation Pause) 9614M->8462M(20444M) 48.591ms
[38.400s][info][gc] GC(86) Pause Young (Normal) (G1 Evacuation Pause) 10798M->8536M(20444M) 64.057ms
[38.955s][info][gc] GC(87) Pause Young (Normal) (G1 Evacuation Pause) 11012M->8625M(20452M) 118.158ms
End benchmark
benchmarkAvgTime : 34886
nbThread : 48
[0.997s][info][gc] GC(0) Pause Young (Normal) (G1 Evacuation Pause) 280M->145M(5128M) 42.235ms
[1.540s][info][gc] GC(1) Pause Young (Normal) (G1 Evacuation Pause) 369M->182M(5128M) 24.604ms
[2.137s][info][gc] GC(2) Pause Young (Normal) (G1 Evacuation Pause) 410M->189M(5128M) 6.764ms
[2.792s][info][gc] GC(3) Pause Young (Normal) (G1 Evacuation Pause) 437M->187M(5128M) 2.505ms
[3.443s][info][gc] GC(4) Pause Young (Normal) (G1 Evacuation Pause) 435M->187M(5128M) 2.739ms
[4.093s][info][gc] GC(5) Pause Young (Normal) (G1 Evacuation Pause) 435M->187M(5128M) 4.499ms
[4.346s][info][gc] GC(6) Pause Young (Normal) (G1 Evacuation Pause) 447M->331M(5128M) 26.201ms
[4.440s][info][gc] GC(7) Pause Young (Normal) (G1 Evacuation Pause) 555M->486M(5128M) 32.779ms
[4.544s][info][gc] GC(8) Pause Young (Normal) (G1 Evacuation Pause) 710M->652M(6032M) 41.532ms
[4.843s][info][gc] GC(9) Pause Young (Normal) (G1 Evacuation Pause) 920M->738M(6032M) 30.916ms
[4.937s][info][gc] GC(10) Pause Young (Normal) (G1 Evacuation Pause) 998M->805M(6032M) 25.222ms
[5.026s][info][gc] GC(11) Pause Young (Normal) (G1 Evacuation Pause) 1065M->875M(6032M) 27.840ms
[5.120s][info][gc] GC(12) Pause Young (Normal) (G1 Evacuation Pause) 1135M->943M(7140M) 35.945ms
[5.287s][info][gc] GC(13) Pause Young (Normal) (G1 Evacuation Pause) 1259M->1022M(7140M) 40.110ms
[5.424s][info][gc] GC(14) Pause Young (Normal) (G1 Evacuation Pause) 1330M->1100M(7140M) 43.752ms
[5.573s][info][gc] GC(15) Pause Young (Normal) (G1 Evacuation Pause) 1408M->1175M(7140M) 46.503ms
[5.773s][info][gc] GC(16) Pause Young (Normal) (G1 Evacuation Pause) 1547M->1266M(10412M) 56.061ms
[6.003s][info][gc] GC(17) Pause Young (Normal) (G1 Evacuation Pause) 1730M->1377M(10412M) 66.372ms
[6.193s][info][gc] GC(18) Pause Young (Normal) (G1 Evacuation Pause) 1829M->1488M(10412M) 74.648ms
[6.398s][info][gc] GC(19) Pause Young (Normal) (G1 Evacuation Pause) 1976M->1602M(10412M) 75.286ms
[6.645s][info][gc] GC(20) Pause Young (Normal) (G1 Evacuation Pause) 2110M->1717M(14440M) 87.132ms
Start benchmark
[7.292s][info][gc] GC(21) Pause Young (Normal) (G1 Evacuation Pause) 2421M->1956M(14440M) 97.700ms
[7.740s][info][gc] GC(22) Pause Young (Normal) (G1 Evacuation Pause) 2588M->2093M(14440M) 88.710ms
[7.952s][info][gc] GC(23) Pause Young (Normal) (G1 Evacuation Pause) 2821M->2247M(14440M) 72.670ms
[8.374s][info][gc] GC(24) Pause Young (Normal) (G1 Evacuation Pause) 3523M->2507M(16856M) 117.440ms
[8.705s][info][gc] GC(25) Pause Young (Normal) (G1 Evacuation Pause) 3543M->2705M(16856M) 108.176ms
[8.993s][info][gc] GC(26) Pause Young (Normal) (G1 Evacuation Pause) 3733M->2932M(16856M) 103.775ms
[9.263s][info][gc] GC(27) Pause Young (Normal) (G1 Evacuation Pause) 3984M->3098M(16856M) 91.034ms
[9.577s][info][gc] GC(28) Pause Young (Normal) (G1 Evacuation Pause) 4342M->3284M(18260M) 100.903ms
[9.942s][info][gc] GC(29) Pause Young (Normal) (G1 Evacuation Pause) 4656M->3474M(18260M) 100.743ms
[10.386s][info][gc] GC(30) Pause Young (Normal) (G1 Evacuation Pause) 4974M->3655M(18260M) 96.189ms
[10.995s][info][gc] GC(31) Pause Young (Normal) (G1 Evacuation Pause) 6639M->3964M(18260M) 143.240ms
[11.564s][info][gc] GC(32) Pause Young (Normal) (G1 Evacuation Pause) 6652M->4261M(19036M) 164.412ms
[12.046s][info][gc] GC(33) Pause Young (Normal) (G1 Evacuation Pause) 6585M->4486M(19036M) 125.556ms
[12.593s][info][gc] GC(34) Pause Young (Normal) (G1 Evacuation Pause) 7514M->4726M(19036M) 122.702ms
[13.061s][info][gc] GC(35) Pause Young (Normal) (G1 Evacuation Pause) 6890M->4929M(19036M) 161.108ms
[13.698s][info][gc] GC(36) Pause Young (Normal) (G1 Evacuation Pause) 8665M->5169M(19616M) 133.047ms
[14.283s][info][gc] GC(37) Pause Young (Normal) (G1 Evacuation Pause) 8169M->5383M(19616M) 170.763ms
[14.873s][info][gc] GC(38) Pause Young (Normal) (G1 Evacuation Pause) 7331M->5657M(19616M) 148.938ms
[15.485s][info][gc] GC(39) Pause Young (Normal) (G1 Evacuation Pause) 9117M->5877M(19616M) 165.331ms
[15.786s][info][gc] GC(40) Pause Young (Normal) (G1 Evacuation Pause) 6913M->5964M(19912M) 160.681ms
[16.235s][info][gc] GC(41) Pause Young (Normal) (G1 Evacuation Pause) 8872M->6124M(19912M) 80.372ms
[16.658s][info][gc] GC(42) Pause Young (Normal) (G1 Evacuation Pause) 7916M->6256M(19912M) 194.694ms
[16.810s][info][gc] GC(43) Pause Young (Normal) (G1 Evacuation Pause) 7108M->6309M(19912M) 47.104ms
[16.955s][info][gc] GC(44) Pause Young (Normal) (G1 Evacuation Pause) 7237M->6357M(20056M) 34.538ms
[17.137s][info][gc] GC(45) Pause Young (Normal) (G1 Evacuation Pause) 7245M->6406M(20056M) 40.276ms
[17.281s][info][gc] GC(46) Pause Young (Normal) (G1 Evacuation Pause) 7298M->6461M(20056M) 38.973ms
[17.429s][info][gc] GC(47) Pause Young (Normal) (G1 Evacuation Pause) 7357M->6521M(20056M) 39.989ms
[17.595s][info][gc] GC(48) Pause Young (Normal) (G1 Evacuation Pause) 7577M->6582M(20088M) 42.021ms
[18.232s][info][gc] GC(49) Pause Young (Normal) (G1 Evacuation Pause) 10778M->6812M(20088M) 131.106ms
[18.715s][info][gc] GC(50) Pause Young (Normal) (G1 Evacuation Pause) 8840M->6940M(20088M) 233.700ms
[18.859s][info][gc] GC(51) Pause Young (Normal) (G1 Evacuation Pause) 7804M->6995M(20088M) 41.757ms
[19.000s][info][gc] GC(52) Pause Young (Normal) (G1 Evacuation Pause) 7935M->7036M(20248M) 31.122ms
[19.146s][info][gc] GC(53) Pause Young (Normal) (G1 Evacuation Pause) 7944M->7088M(20248M) 35.924ms
[19.288s][info][gc] GC(54) Pause Young (Normal) (G1 Evacuation Pause) 7992M->7139M(20248M) 35.761ms
[19.430s][info][gc] GC(55) Pause Young (Normal) (G1 Evacuation Pause) 8047M->7189M(20248M) 36.113ms
[19.570s][info][gc] GC(56) Pause Young (Normal) (G1 Evacuation Pause) 8097M->7237M(20292M) 35.109ms
[19.806s][info][gc] GC(57) Pause Young (Normal) (G1 Evacuation Pause) 8865M->7318M(20292M) 46.919ms
[20.434s][info][gc] GC(58) Pause Young (Normal) (G1 Evacuation Pause) 11594M->7535M(20292M) 125.483ms
[20.838s][info][gc] GC(59) Pause Young (Normal) (G1 Evacuation Pause) 9739M->7663M(20292M) 133.927ms
[21.251s][info][gc] GC(60) Pause Young (Normal) (G1 Evacuation Pause) 10571M->7781M(20364M) 71.414ms
[21.592s][info][gc] GC(61) Pause Young (Normal) (G1 Evacuation Pause) 9877M->7889M(20364M) 86.451ms
[22.101s][info][gc] GC(62) Pause Young (Normal) (G1 Evacuation Pause) 10445M->8017M(20364M) 88.256ms
[22.792s][info][gc] GC(63) Pause Young (Normal) (G1 Evacuation Pause) 12781M->8223M(20364M) 124.012ms
[23.240s][info][gc] GC(64) Pause Young (Normal) (G1 Evacuation Pause) 10723M->8335M(20408M) 142.649ms
[24.294s][info][gc] GC(65) Pause Young (Normal) (G1 Evacuation Pause) 16043M->8610M(20408M) 125.851ms
[24.766s][info][gc] GC(66) Pause Young (Normal) (G1 Evacuation Pause) 11206M->8734M(20408M) 160.713ms
[25.650s][info][gc] GC(67) Pause Young (Normal) (G1 Evacuation Pause) 15438M->8965M(20408M) 100.856ms
[26.541s][info][gc] GC(68) Pause Young (Normal) (G1 Evacuation Pause) 15269M->9206M(20432M) 158.811ms
[27.404s][info][gc] GC(69) Pause Young (Normal) (G1 Evacuation Pause) 14970M->9408M(20432M) 180.167ms
[28.088s][info][gc] GC(70) Pause Young (Normal) (G1 Evacuation Pause) 14096M->9595M(20432M) 134.100ms
[29.161s][info][gc] GC(71) Pause Young (Concurrent Start) (G1 Evacuation Pause) 17495M->9825M(20432M) 159.228ms
[29.983s][info][gc] GC(73) Pause Young (Normal) (G1 Evacuation Pause) 12585M->9930M(20448M) 153.362ms
[31.183s][info][gc] GC(74) Pause Young (Normal) (G1 Evacuation Pause) 17686M->10168M(20448M) 103.022ms
[31.608s][info][gc] GC(75) Pause Young (Normal) (G1 Evacuation Pause) 12152M->10250M(20448M) 115.720ms
[32.832s][info][gc] GC(76) Pause Young (Normal) (G1 Evacuation Pause) 17690M->10452M(20448M) 89.161ms
[34.069s][info][gc] GC(77) Pause Young (Normal) (G1 Evacuation Pause) 17712M->10675M(20456M) 131.876ms
[35.318s][info][gc] GC(78) Pause Young (Normal) (G1 Evacuation Pause) 17743M->10881M(20456M) 157.262ms
[36.469s][info][gc] GC(79) Pause Young (Normal) (G1 Evacuation Pause) 17197M->10885M(20456M) 215.393ms
[37.057s][info][gc] GC(80) Pause Young (Normal) (G1 Evacuation Pause) 13797M->10988M(20456M) 199.343ms
End benchmark
benchmarkAvgTime : 33182
nbThread : 48
[0.995s][info][gc] GC(0) Pause Young (Normal) (G1 Evacuation Pause) 280M->145M(5128M) 41.996ms
[1.539s][info][gc] GC(1) Pause Young (Normal) (G1 Evacuation Pause) 369M->179M(5128M) 25.174ms
[2.137s][info][gc] GC(2) Pause Young (Normal) (G1 Evacuation Pause) 407M->185M(5128M) 7.480ms
[2.790s][info][gc] GC(3) Pause Young (Normal) (G1 Evacuation Pause) 433M->184M(5128M) 2.679ms
[3.437s][info][gc] GC(4) Pause Young (Normal) (G1 Evacuation Pause) 432M->184M(5128M) 2.787ms
[4.083s][info][gc] GC(5) Pause Young (Normal) (G1 Evacuation Pause) 432M->184M(5128M) 2.868ms
[4.503s][info][gc] GC(6) Pause Young (Normal) (G1 Evacuation Pause) 432M->242M(5128M) 12.126ms
[4.693s][info][gc] GC(7) Pause Young (Normal) (G1 Evacuation Pause) 478M->398M(5128M) 26.654ms
[4.779s][info][gc] GC(8) Pause Young (Normal) (G1 Evacuation Pause) 622M->562M(5128M) 37.418ms
[4.983s][info][gc] GC(9) Pause Young (Normal) (G1 Evacuation Pause) 786M->696M(6184M) 42.695ms
[5.209s][info][gc] GC(10) Pause Young (Normal) (G1 Evacuation Pause) 972M->767M(6184M) 24.686ms
[5.424s][info][gc] GC(11) Pause Young (Normal) (G1 Evacuation Pause) 1035M->828M(6184M) 24.735ms
[5.512s][info][gc] GC(12) Pause Young (Normal) (G1 Evacuation Pause) 1096M->892M(6184M) 29.330ms
[5.609s][info][gc] GC(13) Pause Young (Normal) (G1 Evacuation Pause) 1160M->955M(7196M) 35.718ms
[5.747s][info][gc] GC(14) Pause Young (Normal) (G1 Evacuation Pause) 1271M->1027M(7196M) 38.634ms
[5.882s][info][gc] GC(15) Pause Young (Normal) (G1 Evacuation Pause) 1375M->1108M(7196M) 44.977ms
[6.030s][info][gc] GC(16) Pause Young (Normal) (G1 Evacuation Pause) 1504M->1201M(7196M) 53.729ms
[6.206s][info][gc] GC(17) Pause Young (Normal) (G1 Evacuation Pause) 1645M->1304M(10788M) 70.528ms
[6.458s][info][gc] GC(18) Pause Young (Normal) (G1 Evacuation Pause) 1776M->1411M(10788M) 66.679ms
[6.717s][info][gc] GC(19) Pause Young (Normal) (G1 Evacuation Pause) 1987M->1544M(10788M) 74.210ms
[6.955s][info][gc] GC(20) Pause Young (Normal) (G1 Evacuation Pause) 2148M->1682M(10788M) 87.368ms
[7.309s][info][gc] GC(21) Pause Young (Normal) (G1 Evacuation Pause) 2310M->1825M(14668M) 94.135ms
Start benchmark
[8.029s][info][gc] GC(22) Pause Young (Normal) (G1 Evacuation Pause) 2561M->2068M(14668M) 103.080ms
[8.357s][info][gc] GC(23) Pause Young (Normal) (G1 Evacuation Pause) 2792M->2221M(14668M) 68.003ms
[8.612s][info][gc] GC(24) Pause Young (Normal) (G1 Evacuation Pause) 3077M->2400M(14668M) 85.776ms
[9.090s][info][gc] GC(25) Pause Young (Normal) (G1 Evacuation Pause) 3832M->2668M(16996M) 130.040ms
[9.447s][info][gc] GC(26) Pause Young (Normal) (G1 Evacuation Pause) 3776M->2898M(16996M) 112.102ms
[9.708s][info][gc] GC(27) Pause Young (Normal) (G1 Evacuation Pause) 3902M->3064M(16996M) 95.072ms
[9.965s][info][gc] GC(28) Pause Young (Normal) (G1 Evacuation Pause) 4164M->3229M(16996M) 86.450ms
[10.261s][info][gc] GC(29) Pause Young (Normal) (G1 Evacuation Pause) 4509M->3403M(18240M) 95.361ms
[10.625s][info][gc] GC(30) Pause Young (Normal) (G1 Evacuation Pause) 4891M->3588M(18240M) 98.555ms
[11.043s][info][gc] GC(31) Pause Young (Normal) (G1 Evacuation Pause) 5468M->3808M(18240M) 107.491ms
[11.466s][info][gc] GC(32) Pause Young (Normal) (G1 Evacuation Pause) 5888M->4027M(18240M) 117.537ms
[12.084s][info][gc] GC(33) Pause Young (Normal) (G1 Evacuation Pause) 6387M->4287M(18980M) 129.826ms
[12.725s][info][gc] GC(34) Pause Young (Normal) (G1 Evacuation Pause) 7855M->4592M(18980M) 146.160ms
[13.333s][info][gc] GC(35) Pause Young (Normal) (G1 Evacuation Pause) 8092M->4879M(18980M) 149.386ms
[13.936s][info][gc] GC(36) Pause Young (Normal) (G1 Evacuation Pause) 8427M->5141M(18980M) 144.958ms
[14.546s][info][gc] GC(37) Pause Young (Normal) (G1 Evacuation Pause) 8749M->5407M(19580M) 152.082ms
[15.144s][info][gc] GC(38) Pause Young (Normal) (G1 Evacuation Pause) 7235M->5654M(19580M) 140.470ms
[15.757s][info][gc] GC(39) Pause Young (Normal) (G1 Evacuation Pause) 9034M->5864M(19580M) 154.577ms
[16.057s][info][gc] GC(40) Pause Young (Normal) (G1 Evacuation Pause) 7004M->5946M(19580M) 152.315ms
[16.927s][info][gc] GC(41) Pause Young (Normal) (G1 Evacuation Pause) 11906M->6279M(19872M) 127.281ms
[17.446s][info][gc] GC(42) Pause Young (Normal) (G1 Evacuation Pause) 8619M->6428M(19872M) 212.760ms
[17.603s][info][gc] GC(43) Pause Young (Normal) (G1 Evacuation Pause) 7264M->6503M(19872M) 53.350ms
[17.743s][info][gc] GC(44) Pause Young (Normal) (G1 Evacuation Pause) 7423M->6544M(19872M) 32.514ms
[17.886s][info][gc] GC(45) Pause Young (Normal) (G1 Evacuation Pause) 7448M->6596M(19872M) 38.367ms
[18.362s][info][gc] GC(46) Pause Young (Normal) (G1 Evacuation Pause) 9940M->6786M(19996M) 83.351ms
[18.935s][info][gc] GC(47) Pause Young (Normal) (G1 Evacuation Pause) 8610M->6913M(19996M) 196.145ms
[19.074s][info][gc] GC(48) Pause Young (Normal) (G1 Evacuation Pause) 7773M->6973M(19996M) 40.058ms
[19.213s][info][gc] GC(49) Pause Young (Normal) (G1 Evacuation Pause) 7909M->7017M(19996M) 30.621ms
[19.351s][info][gc] GC(50) Pause Young (Normal) (G1 Evacuation Pause) 7909M->7071M(20104M) 36.042ms
[19.903s][info][gc] GC(51) Pause Young (Normal) (G1 Evacuation Pause) 11099M->7283M(20104M) 85.837ms
[20.506s][info][gc] GC(52) Pause Young (Normal) (G1 Evacuation Pause) 10479M->7450M(20104M) 226.659ms
[20.661s][info][gc] GC(53) Pause Young (Normal) (G1 Evacuation Pause) 8062M->7496M(20104M) 78.404ms
[20.800s][info][gc] GC(54) Pause Young (Normal) (G1 Evacuation Pause) 8432M->7514M(20256M) 32.453ms
[20.943s][info][gc] GC(55) Pause Young (Normal) (G1 Evacuation Pause) 8442M->7561M(20256M) 34.824ms
[21.081s][info][gc] GC(56) Pause Young (Normal) (G1 Evacuation Pause) 8473M->7611M(20256M) 35.040ms
[21.219s][info][gc] GC(57) Pause Young (Normal) (G1 Evacuation Pause) 8527M->7660M(20256M) 34.510ms
[21.750s][info][gc] GC(58) Pause Young (Normal) (G1 Evacuation Pause) 11620M->7836M(20284M) 76.785ms
[22.268s][info][gc] GC(59) Pause Young (Normal) (G1 Evacuation Pause) 10692M->7971M(20284M) 184.447ms
[22.420s][info][gc] GC(60) Pause Young (Normal) (G1 Evacuation Pause) 8663M->8012M(20284M) 68.661ms
[22.557s][info][gc] GC(61) Pause Young (Normal) (G1 Evacuation Pause) 8964M->8035M(20284M) 29.680ms
[22.695s][info][gc] GC(62) Pause Young (Normal) (G1 Evacuation Pause) 8963M->8081M(20356M) 33.223ms
[23.128s][info][gc] GC(63) Pause Young (Normal) (G1 Evacuation Pause) 11369M->8216M(20356M) 60.835ms
[23.789s][info][gc] GC(64) Pause Young (Normal) (G1 Evacuation Pause) 12560M->8408M(20356M) 161.432ms
[23.943s][info][gc] GC(65) Pause Young (Normal) (G1 Evacuation Pause) 9008M->8459M(20356M) 84.252ms
[24.587s][info][gc] GC(66) Pause Young (Normal) (G1 Evacuation Pause) 13479M->8626M(20400M) 76.350ms
[25.024s][info][gc] GC(67) Pause Young (Normal) (G1 Evacuation Pause) 11254M->8747M(20400M) 133.377ms
[25.425s][info][gc] GC(68) Pause Young (Normal) (G1 Evacuation Pause) 11719M->8856M(20400M) 61.586ms
[26.030s][info][gc] GC(69) Pause Young (Normal) (G1 Evacuation Pause) 12756M->8998M(20400M) 119.065ms
[26.359s][info][gc] GC(70) Pause Young (Normal) (G1 Evacuation Pause) 10998M->9074M(20424M) 95.942ms
[26.935s][info][gc] GC(71) Pause Young (Normal) (G1 Evacuation Pause) 13306M->9227M(20424M) 96.106ms
[27.626s][info][gc] GC(72) Pause Young (Normal) (G1 Evacuation Pause) 13939M->9395M(20424M) 150.888ms
[27.948s][info][gc] GC(73) Pause Young (Normal) (G1 Evacuation Pause) 11347M->9474M(20424M) 96.820ms
[28.958s][info][gc] GC(74) Pause Young (Concurrent Start) (G1 Evacuation Pause) 17482M->9709M(20440M) 104.200ms
[29.683s][info][gc] GC(76) Pause Young (Normal) (G1 Evacuation Pause) 12877M->9845M(20440M) 118.519ms
[30.845s][info][gc] GC(77) Pause Young (Normal) (G1 Evacuation Pause) 17497M->10065M(20440M) 101.391ms
[31.582s][info][gc] GC(78) Pause Young (Normal) (G1 Evacuation Pause) 14165M->10205M(20440M) 128.536ms
[32.407s][info][gc] GC(79) Pause Young (Normal) (G1 Evacuation Pause) 15005M->10356M(20448M) 119.677ms
[33.597s][info][gc] GC(80) Pause Young (Normal) (G1 Evacuation Pause) 17644M->10533M(20448M) 120.397ms
[34.799s][info][gc] GC(81) Pause Young (Normal) (G1 Evacuation Pause) 17705M->10766M(20448M) 160.722ms
[35.962s][info][gc] GC(82) Pause Young (Normal) (G1 Evacuation Pause) 16886M->10786M(20448M) 225.056ms
[36.456s][info][gc] GC(83) Pause Young (Normal) (G1 Evacuation Pause) 13090M->10855M(20456M) 181.923ms
[37.477s][info][gc] GC(84) Pause Young (Normal) (G1 Evacuation Pause) 17767M->11051M(20456M) 149.086ms
End benchmark
benchmarkAvgTime : 33326
nbThread : 48
[1.023s][info][gc] GC(0) Pause Young (Normal) (G1 Evacuation Pause) 280M->145M(5128M) 42.675ms
[1.567s][info][gc] GC(1) Pause Young (Normal) (G1 Evacuation Pause) 369M->181M(5128M) 24.712ms
[2.167s][info][gc] GC(2) Pause Young (Normal) (G1 Evacuation Pause) 409M->187M(5128M) 7.352ms
[2.822s][info][gc] GC(3) Pause Young (Normal) (G1 Evacuation Pause) 435M->186M(5128M) 2.963ms
[3.471s][info][gc] GC(4) Pause Young (Normal) (G1 Evacuation Pause) 434M->185M(5128M) 2.819ms
[4.120s][info][gc] GC(5) Pause Young (Normal) (G1 Evacuation Pause) 433M->185M(5128M) 3.724ms
[4.318s][info][gc] GC(6) Pause Young (Normal) (G1 Evacuation Pause) 437M->307M(5128M) 26.068ms
[4.485s][info][gc] GC(7) Pause Young (Normal) (G1 Evacuation Pause) 543M->469M(5128M) 29.952ms
[4.594s][info][gc] GC(8) Pause Young (Normal) (G1 Evacuation Pause) 693M->629M(5940M) 38.425ms
[4.879s][info][gc] GC(9) Pause Young (Normal) (G1 Evacuation Pause) 893M->732M(5940M) 37.111ms
[5.058s][info][gc] GC(10) Pause Young (Normal) (G1 Evacuation Pause) 988M->794M(5940M) 23.553ms
[5.139s][info][gc] GC(11) Pause Young (Normal) (G1 Evacuation Pause) 1050M->853M(5940M) 24.412ms
[5.219s][info][gc] GC(12) Pause Young (Normal) (G1 Evacuation Pause) 1109M->913M(6964M) 29.533ms
[5.347s][info][gc] GC(13) Pause Young (Normal) (G1 Evacuation Pause) 1221M->983M(6964M) 32.261ms
[5.478s][info][gc] GC(14) Pause Young (Normal) (G1 Evacuation Pause) 1287M->1053M(6964M) 37.689ms
[5.602s][info][gc] GC(15) Pause Young (Normal) (G1 Evacuation Pause) 1409M->1136M(6964M) 43.434ms
[5.760s][info][gc] GC(16) Pause Young (Normal) (G1 Evacuation Pause) 1568M->1237M(9816M) 63.309ms
[6.030s][info][gc] GC(17) Pause Young (Normal) (G1 Evacuation Pause) 1729M->1348M(9816M) 62.618ms
[6.193s][info][gc] GC(18) Pause Young (Normal) (G1 Evacuation Pause) 1764M->1445M(9816M) 64.822ms
[6.449s][info][gc] GC(19) Pause Young (Normal) (G1 Evacuation Pause) 2045M->1580M(9816M) 69.659ms
[6.717s][info][gc] GC(20) Pause Young (Normal) (G1 Evacuation Pause) 2252M->1728M(14084M) 103.000ms
Start benchmark
[7.391s][info][gc] GC(21) Pause Young (Normal) (G1 Evacuation Pause) 2396M->1957M(14084M) 91.864ms
[7.899s][info][gc] GC(22) Pause Young (Normal) (G1 Evacuation Pause) 2617M->2100M(14084M) 90.659ms
[8.146s][info][gc] GC(23) Pause Young (Normal) (G1 Evacuation Pause) 2848M->2255M(14084M) 78.959ms
[8.518s][info][gc] GC(24) Pause Young (Normal) (G1 Evacuation Pause) 3167M->2436M(16644M) 105.700ms
[8.968s][info][gc] GC(25) Pause Young (Normal) (G1 Evacuation Pause) 3812M->2692M(16644M) 118.507ms
[9.337s][info][gc] GC(26) Pause Young (Normal) (G1 Evacuation Pause) 3984M->2950M(16644M) 119.228ms
[9.612s][info][gc] GC(27) Pause Young (Normal) (G1 Evacuation Pause) 4006M->3120M(16644M) 101.000ms
[9.908s][info][gc] GC(28) Pause Young (Normal) (G1 Evacuation Pause) 4284M->3286M(18092M) 92.695ms
[10.269s][info][gc] GC(29) Pause Young (Normal) (G1 Evacuation Pause) 4666M->3458M(18092M) 95.063ms
[10.682s][info][gc] GC(30) Pause Young (Normal) (G1 Evacuation Pause) 5454M->3682M(18092M) 106.257ms
[11.267s][info][gc] GC(31) Pause Young (Normal) (G1 Evacuation Pause) 6410M->3974M(18092M) 143.646ms
[11.750s][info][gc] GC(32) Pause Young (Normal) (G1 Evacuation Pause) 6362M->4230M(18856M) 141.795ms
[12.580s][info][gc] GC(33) Pause Young (Normal) (G1 Evacuation Pause) 7626M->4540M(18856M) 147.612ms
[13.127s][info][gc] GC(34) Pause Young (Normal) (G1 Evacuation Pause) 7432M->4779M(18856M) 144.185ms
[13.908s][info][gc] GC(35) Pause Young (Normal) (G1 Evacuation Pause) 9315M->5074M(18856M) 145.207ms
[14.622s][info][gc] GC(36) Pause Young (Normal) (G1 Evacuation Pause) 9054M->5347M(19468M) 197.029ms
[15.181s][info][gc] GC(37) Pause Young (Normal) (G1 Evacuation Pause) 6131M->5518M(19468M) 136.551ms
[16.101s][info][gc] GC(38) Pause Young (Normal) (G1 Evacuation Pause) 11326M->5848M(19468M) 132.702ms
[16.649s][info][gc] GC(39) Pause Young (Normal) (G1 Evacuation Pause) 8444M->6016M(19468M) 213.936ms
[16.802s][info][gc] GC(40) Pause Young (Normal) (G1 Evacuation Pause) 6812M->6083M(19804M) 55.606ms
[16.955s][info][gc] GC(41) Pause Young (Normal) (G1 Evacuation Pause) 7007M->6130M(19804M) 35.021ms
[17.469s][info][gc] GC(42) Pause Young (Normal) (G1 Evacuation Pause) 8414M->6266M(19804M) 127.139ms
[17.719s][info][gc] GC(43) Pause Young (Normal) (G1 Evacuation Pause) 7010M->6302M(19804M) 124.584ms
[17.859s][info][gc] GC(44) Pause Young (Normal) (G1 Evacuation Pause) 7242M->6349M(19804M) 31.394ms
[18.000s][info][gc] GC(45) Pause Young (Normal) (G1 Evacuation Pause) 7241M->6408M(19804M) 38.003ms
[18.141s][info][gc] GC(46) Pause Young (Normal) (G1 Evacuation Pause) 7280M->6459M(19940M) 38.598ms
[18.485s][info][gc] GC(47) Pause Young (Normal) (G1 Evacuation Pause) 8935M->6586M(19940M) 59.346ms
[19.115s][info][gc] GC(48) Pause Young (Normal) (G1 Evacuation Pause) 10334M->6788M(19940M) 189.868ms
[19.268s][info][gc] GC(49) Pause Young (Normal) (G1 Evacuation Pause) 7344M->6836M(19940M) 82.314ms
[19.405s][info][gc] GC(50) Pause Young (Normal) (G1 Evacuation Pause) 7764M->6850M(20132M) 29.918ms
[19.562s][info][gc] GC(51) Pause Young (Normal) (G1 Evacuation Pause) 7866M->6909M(20132M) 37.272ms
[19.999s][info][gc] GC(52) Pause Young (Normal) (G1 Evacuation Pause) 10013M->7069M(20132M) 79.454ms
[20.324s][info][gc] GC(53) Pause Young (Normal) (G1 Evacuation Pause) 8541M->7153M(20132M) 151.846ms
[20.462s][info][gc] GC(54) Pause Young (Normal) (G1 Evacuation Pause) 8065M->7202M(20248M) 35.312ms
[20.905s][info][gc] GC(55) Pause Young (Normal) (G1 Evacuation Pause) 10566M->7360M(20248M) 61.937ms
[21.588s][info][gc] GC(56) Pause Young (Normal) (G1 Evacuation Pause) 11444M->7549M(20248M) 211.355ms
[21.746s][info][gc] GC(57) Pause Young (Normal) (G1 Evacuation Pause) 8161M->7599M(20248M) 82.390ms
[21.881s][info][gc] GC(58) Pause Young (Normal) (G1 Evacuation Pause) 8543M->7612M(20328M) 28.826ms
[22.019s][info][gc] GC(59) Pause Young (Normal) (G1 Evacuation Pause) 8548M->7657M(20328M) 31.875ms
[22.155s][info][gc] GC(60) Pause Young (Normal) (G1 Evacuation Pause) 8581M->7706M(20328M) 33.335ms
[22.603s][info][gc] GC(61) Pause Young (Normal) (G1 Evacuation Pause) 11102M->7852M(20328M) 66.172ms
[23.115s][info][gc] GC(62) Pause Young (Normal) (G1 Evacuation Pause) 10924M->7990M(20356M) 164.519ms
[23.271s][info][gc] GC(63) Pause Young (Normal) (G1 Evacuation Pause) 8670M->8034M(20356M) 73.163ms
[23.407s][info][gc] GC(64) Pause Young (Normal) (G1 Evacuation Pause) 8990M->8054M(20356M) 29.785ms
[23.701s][info][gc] GC(65) Pause Young (Normal) (G1 Evacuation Pause) 10230M->8140M(20356M) 49.648ms
[24.159s][info][gc] GC(66) Pause Young (Normal) (G1 Evacuation Pause) 11448M->8270M(20396M) 83.382ms
[24.780s][info][gc] GC(67) Pause Young (Normal) (G1 Evacuation Pause) 12394M->8442M(20396M) 148.225ms
[24.936s][info][gc] GC(68) Pause Young (Normal) (G1 Evacuation Pause) 9018M->8482M(20396M) 87.267ms
[25.207s][info][gc] GC(69) Pause Young (Normal) (G1 Evacuation Pause) 10602M->8528M(20396M) 39.574ms
[25.859s][info][gc] GC(70) Pause Young (Normal) (G1 Evacuation Pause) 13540M->8704M(20428M) 89.496ms
[26.569s][info][gc] GC(71) Pause Young (Normal) (G1 Evacuation Pause) 13880M->8907M(20428M) 126.504ms
[27.250s][info][gc] GC(72) Pause Young (Normal) (G1 Evacuation Pause) 13603M->9075M(20428M) 147.305ms
[27.947s][info][gc] GC(73) Pause Young (Normal) (G1 Evacuation Pause) 14139M->9261M(20428M) 127.970ms
[28.899s][info][gc] GC(74) Pause Young (Normal) (G1 Evacuation Pause) 16473M->9487M(20448M) 148.527ms
[29.793s][info][gc] GC(75) Pause Young (Normal) (G1 Evacuation Pause) 15979M->9668M(20448M) 168.241ms
[30.539s][info][gc] GC(76) Pause Young (Normal) (G1 Evacuation Pause) 14860M->9829M(20448M) 156.078ms
[31.559s][info][gc] GC(77) Pause Young (Concurrent Start) (G1 Evacuation Pause) 17601M->10055M(20448M) 155.474ms
[32.555s][info][gc] GC(79) Pause Young (Normal) (G1 Evacuation Pause) 14771M->10206M(20460M) 154.681ms
[33.811s][info][gc] GC(80) Pause Young (Normal) (G1 Evacuation Pause) 17702M->10424M(20460M) 142.801ms
[34.722s][info][gc] GC(81) Pause Young (Normal) (G1 Evacuation Pause) 15488M->10577M(20460M) 166.317ms
[35.815s][info][gc] GC(82) Pause Young (Normal) (G1 Evacuation Pause) 17145M->10779M(20460M) 134.659ms
[36.861s][info][gc] GC(83) Pause Young (Normal) (G1 Evacuation Pause) 16851M->10950M(20464M) 164.696ms
End benchmark
[38.602s][info][gc] GC(84) Pause Young (Normal) (G1 Evacuation Pause) 12266M->10843M(20464M) 179.180ms
benchmarkAvgTime : 33100
nbThread : 48
[1.003s][info][gc] GC(0) Pause Young (Normal) (G1 Evacuation Pause) 280M->145M(5128M) 42.052ms
[1.541s][info][gc] GC(1) Pause Young (Normal) (G1 Evacuation Pause) 369M->180M(5128M) 23.326ms
[2.137s][info][gc] GC(2) Pause Young (Normal) (G1 Evacuation Pause) 408M->186M(5128M) 6.717ms
[2.791s][info][gc] GC(3) Pause Young (Normal) (G1 Evacuation Pause) 434M->184M(5128M) 2.387ms
[3.439s][info][gc] GC(4) Pause Young (Normal) (G1 Evacuation Pause) 432M->184M(5128M) 2.359ms
[4.086s][info][gc] GC(5) Pause Young (Normal) (G1 Evacuation Pause) 432M->184M(5128M) 3.424ms
[4.366s][info][gc] GC(6) Pause Young (Normal) (G1 Evacuation Pause) 444M->323M(5128M) 24.707ms
[4.438s][info][gc] GC(7) Pause Young (Normal) (G1 Evacuation Pause) 547M->473M(5128M) 29.478ms
[4.543s][info][gc] GC(8) Pause Young (Normal) (G1 Evacuation Pause) 697M->638M(5896M) 39.174ms
[4.870s][info][gc] GC(9) Pause Young (Normal) (G1 Evacuation Pause) 898M->729M(5896M) 33.698ms
[5.022s][info][gc] GC(10) Pause Young (Normal) (G1 Evacuation Pause) 981M->792M(5896M) 25.575ms
[5.171s][info][gc] GC(11) Pause Young (Normal) (G1 Evacuation Pause) 1044M->852M(5896M) 27.245ms
[5.272s][info][gc] GC(12) Pause Young (Normal) (G1 Evacuation Pause) 1104M->911M(7004M) 32.501ms
[5.392s][info][gc] GC(13) Pause Young (Normal) (G1 Evacuation Pause) 1219M->983M(7004M) 38.806ms
[5.553s][info][gc] GC(14) Pause Young (Normal) (G1 Evacuation Pause) 1287M->1053M(7004M) 39.348ms
[5.704s][info][gc] GC(15) Pause Young (Normal) (G1 Evacuation Pause) 1381M->1128M(7004M) 43.391ms
[5.870s][info][gc] GC(16) Pause Young (Normal) (G1 Evacuation Pause) 1488M->1209M(9848M) 55.244ms
[6.088s][info][gc] GC(17) Pause Young (Normal) (G1 Evacuation Pause) 1657M->1311M(9848M) 60.808ms
[6.285s][info][gc] GC(18) Pause Young (Normal) (G1 Evacuation Pause) 1815M->1426M(9848M) 69.659ms
[6.501s][info][gc] GC(19) Pause Young (Normal) (G1 Evacuation Pause) 1982M->1553M(9848M) 80.441ms
[6.775s][info][gc] GC(20) Pause Young (Normal) (G1 Evacuation Pause) 2197M->1696M(14104M) 99.118ms
Start benchmark
[7.348s][info][gc] GC(21) Pause Young (Normal) (G1 Evacuation Pause) 2368M->1930M(14104M) 96.549ms
[7.833s][info][gc] GC(22) Pause Young (Normal) (G1 Evacuation Pause) 2546M->2062M(14104M) 88.129ms
[8.069s][info][gc] GC(23) Pause Young (Normal) (G1 Evacuation Pause) 2786M->2217M(14104M) 76.705ms
[8.437s][info][gc] GC(24) Pause Young (Normal) (G1 Evacuation Pause) 3125M->2404M(16656M) 104.245ms
[8.791s][info][gc] GC(25) Pause Young (Normal) (G1 Evacuation Pause) 3480M->2616M(16656M) 107.308ms
[9.340s][info][gc] GC(26) Pause Young (Normal) (G1 Evacuation Pause) 4612M->2977M(16656M) 135.571ms
[9.735s][info][gc] GC(27) Pause Young (Normal) (G1 Evacuation Pause) 4589M->3225M(16656M) 136.095ms
[10.148s][info][gc] GC(28) Pause Young (Normal) (G1 Evacuation Pause) 4805M->3443M(18188M) 116.226ms
[10.577s][info][gc] GC(29) Pause Young (Normal) (G1 Evacuation Pause) 5223M->3648M(18188M) 115.104ms
[11.159s][info][gc] GC(30) Pause Young (Normal) (G1 Evacuation Pause) 5684M->3896M(18188M) 116.849ms
[11.682s][info][gc] GC(31) Pause Young (Normal) (G1 Evacuation Pause) 6616M->4175M(18188M) 136.311ms
[12.227s][info][gc] GC(32) Pause Young (Normal) (G1 Evacuation Pause) 7015M->4440M(18940M) 144.704ms
[13.153s][info][gc] GC(33) Pause Young (Normal) (G1 Evacuation Pause) 9892M->4848M(18940M) 175.323ms
[13.786s][info][gc] GC(34) Pause Young (Normal) (G1 Evacuation Pause) 8104M->5079M(18940M) 201.573ms
[14.415s][info][gc] GC(35) Pause Young (Normal) (G1 Evacuation Pause) 8803M->5320M(18940M) 143.193ms
[15.188s][info][gc] GC(36) Pause Young (Normal) (G1 Evacuation Pause) 7208M->5566M(19520M) 162.263ms
[16.755s][info][gc] GC(37) Pause Young (Normal) (G1 Evacuation Pause) 15202M->6126M(19520M) 210.424ms
[17.168s][info][gc] GC(38) Pause Young (Normal) (G1 Evacuation Pause) 7838M->6252M(19520M) 187.871ms
[17.947s][info][gc] GC(39) Pause Young (Normal) (G1 Evacuation Pause) 11632M->6534M(19520M) 116.751ms
[18.588s][info][gc] GC(40) Pause Young (Normal) (G1 Evacuation Pause) 10022M->6747M(19788M) 207.618ms
[18.753s][info][gc] GC(41) Pause Young (Normal) (G1 Evacuation Pause) 7515M->6812M(19788M) 63.916ms
[18.893s][info][gc] GC(42) Pause Young (Normal) (G1 Evacuation Pause) 7736M->6848M(19788M) 33.412ms
[19.329s][info][gc] GC(43) Pause Young (Normal) (G1 Evacuation Pause) 9440M->6988M(19788M) 130.633ms
[19.524s][info][gc] GC(44) Pause Young (Normal) (G1 Evacuation Pause) 7736M->7036M(19788M) 103.495ms
[19.660s][info][gc] GC(45) Pause Young (Normal) (G1 Evacuation Pause) 7968M->7074M(19928M) 30.967ms
[19.801s][info][gc] GC(46) Pause Young (Normal) (G1 Evacuation Pause) 7974M->7127M(19928M) 36.491ms
[19.999s][info][gc] GC(47) Pause Young (Normal) (G1 Evacuation Pause) 8527M->7199M(19928M) 42.702ms
[20.797s][info][gc] GC(48) Pause Young (Normal) (G1 Evacuation Pause) 12503M->7460M(19928M) 192.745ms
[20.959s][info][gc] GC(49) Pause Young (Normal) (G1 Evacuation Pause) 8020M->7513M(19928M) 96.050ms
[21.236s][info][gc] GC(50) Pause Young (Normal) (G1 Evacuation Pause) 8441M->7539M(20092M) 30.735ms
[21.370s][info][gc] GC(51) Pause Young (Normal) (G1 Evacuation Pause) 8447M->7586M(20092M) 34.807ms
[21.949s][info][gc] GC(52) Pause Young (Normal) (G1 Evacuation Pause) 11710M->7783M(20092M) 117.695ms
[22.170s][info][gc] GC(53) Pause Young (Normal) (G1 Evacuation Pause) 8755M->7832M(20092M) 109.346ms
[22.328s][info][gc] GC(54) Pause Young (Normal) (G1 Evacuation Pause) 8984M->7870M(20204M) 31.899ms
[22.464s][info][gc] GC(55) Pause Young (Normal) (G1 Evacuation Pause) 8778M->7919M(20204M) 34.256ms
[23.151s][info][gc] GC(56) Pause Young (Normal) (G1 Evacuation Pause) 13075M->8133M(20204M) 118.562ms
[23.540s][info][gc] GC(57) Pause Young (Normal) (G1 Evacuation Pause) 10385M->8237M(20204M) 132.774ms
[23.675s][info][gc] GC(58) Pause Young (Normal) (G1 Evacuation Pause) 9129M->8286M(20280M) 36.115ms
[23.807s][info][gc] GC(59) Pause Young (Normal) (G1 Evacuation Pause) 9246M->8318M(20280M) 26.448ms
[23.960s][info][gc] GC(60) Pause Young (Normal) (G1 Evacuation Pause) 9242M->8355M(20280M) 29.521ms
[24.523s][info][gc] GC(61) Pause Young (Normal) (G1 Evacuation Pause) 12843M->8530M(20280M) 71.399ms
[24.854s][info][gc] GC(62) Pause Young (Normal) (G1 Evacuation Pause) 10558M->8620M(20312M) 110.129ms
[25.762s][info][gc] GC(63) Pause Young (Normal) (G1 Evacuation Pause) 15956M->8884M(20312M) 106.067ms
[26.404s][info][gc] GC(64) Pause Young (Normal) (G1 Evacuation Pause) 13292M->9066M(20312M) 151.295ms
[27.102s][info][gc] GC(65) Pause Young (Normal) (G1 Evacuation Pause) 14050M->9255M(20312M) 145.219ms
[27.708s][info][gc] GC(66) Pause Young (Normal) (G1 Evacuation Pause) 13711M->9417M(20380M) 115.436ms
[28.421s][info][gc] GC(67) Pause Young (Normal) (G1 Evacuation Pause) 14789M->9597M(20380M) 121.976ms
[29.233s][info][gc] GC(68) Pause Young (Normal) (G1 Evacuation Pause) 15569M->9779M(20380M) 155.965ms
[30.021s][info][gc] GC(69) Pause Young (Concurrent Start) (G1 Evacuation Pause) 15555M->9957M(20380M) 149.834ms
[31.190s][info][gc] GC(71) Pause Young (Normal) (G1 Evacuation Pause) 14941M->10141M(20412M) 153.468ms
[32.409s][info][gc] GC(72) Pause Young (Normal) (G1 Evacuation Pause) 17581M->10353M(20412M) 136.721ms
[33.522s][info][gc] GC(73) Pause Young (Normal) (G1 Evacuation Pause) 16813M->10545M(20412M) 166.186ms
[34.017s][info][gc] GC(74) Pause Young (Normal) (G1 Evacuation Pause) 12937M->10620M(20412M) 129.809ms
[35.116s][info][gc] GC(75) Pause Young (Normal) (G1 Evacuation Pause) 17676M->10824M(20428M) 85.965ms
[35.633s][info][gc] GC(76) Pause Young (Normal) (G1 Evacuation Pause) 13620M->10918M(20428M) 104.600ms
[36.672s][info][gc] GC(77) Pause Young (Normal) (G1 Evacuation Pause) 17726M->11085M(20428M) 80.111ms
[37.140s][info][gc] GC(78) Pause Young (Normal) (G1 Evacuation Pause) 13541M->11170M(20428M) 107.729ms
End benchmark
benchmarkAvgTime : 33261
nbThread : 48
[1.030s][info][gc] GC(0) Pause Young (Normal) (G1 Evacuation Pause) 280M->145M(5128M) 42.366ms
[1.568s][info][gc] GC(1) Pause Young (Normal) (G1 Evacuation Pause) 369M->179M(5128M) 23.280ms
[2.163s][info][gc] GC(2) Pause Young (Normal) (G1 Evacuation Pause) 407M->187M(5128M) 7.813ms
[2.816s][info][gc] GC(3) Pause Young (Normal) (G1 Evacuation Pause) 435M->185M(5128M) 2.690ms
[3.462s][info][gc] GC(4) Pause Young (Normal) (G1 Evacuation Pause) 433M->185M(5128M) 3.537ms
[4.108s][info][gc] GC(5) Pause Young (Normal) (G1 Evacuation Pause) 433M->185M(5128M) 3.941ms
[4.438s][info][gc] GC(6) Pause Young (Normal) (G1 Evacuation Pause) 449M->327M(5128M) 25.771ms
[4.519s][info][gc] GC(7) Pause Young (Normal) (G1 Evacuation Pause) 551M->483M(5128M) 30.993ms
[4.617s][info][gc] GC(8) Pause Young (Normal) (G1 Evacuation Pause) 707M->650M(5908M) 41.655ms
[4.922s][info][gc] GC(9) Pause Young (Normal) (G1 Evacuation Pause) 910M->735M(5908M) 30.021ms
[5.006s][info][gc] GC(10) Pause Young (Normal) (G1 Evacuation Pause) 987M->796M(5908M) 23.848ms
[5.083s][info][gc] GC(11) Pause Young (Normal) (G1 Evacuation Pause) 1048M->855M(5908M) 25.427ms
[5.166s][info][gc] GC(12) Pause Young (Normal) (G1 Evacuation Pause) 1107M->916M(6916M) 31.460ms
[5.299s][info][gc] GC(13) Pause Young (Normal) (G1 Evacuation Pause) 1220M->986M(6916M) 35.482ms
[5.451s][info][gc] GC(14) Pause Young (Normal) (G1 Evacuation Pause) 1286M->1056M(6916M) 38.068ms
[5.559s][info][gc] GC(15) Pause Young (Normal) (G1 Evacuation Pause) 1384M->1133M(6916M) 42.054ms
[5.803s][info][gc] GC(16) Pause Young (Normal) (G1 Evacuation Pause) 1669M->1253M(9884M) 59.957ms
[5.996s][info][gc] GC(17) Pause Young (Normal) (G1 Evacuation Pause) 1689M->1352M(9884M) 62.099ms
[6.173s][info][gc] GC(18) Pause Young (Normal) (G1 Evacuation Pause) 1800M->1456M(9884M) 67.221ms
[6.370s][info][gc] GC(19) Pause Young (Normal) (G1 Evacuation Pause) 1956M->1572M(9884M) 73.556ms
[6.593s][info][gc] GC(20) Pause Young (Normal) (G1 Evacuation Pause) 2104M->1693M(14124M) 87.356ms
Start benchmark
[7.110s][info][gc] GC(21) Pause Young (Normal) (G1 Evacuation Pause) 2381M->1924M(14124M) 101.249ms
[7.710s][info][gc] GC(22) Pause Young (Normal) (G1 Evacuation Pause) 2640M->2078M(14124M) 84.995ms
[7.984s][info][gc] GC(23) Pause Young (Normal) (G1 Evacuation Pause) 2898M->2248M(14124M) 80.455ms
[8.293s][info][gc] GC(24) Pause Young (Normal) (G1 Evacuation Pause) 3172M->2438M(16668M) 104.598ms
[8.612s][info][gc] GC(25) Pause Young (Normal) (G1 Evacuation Pause) 3422M->2628M(16668M) 97.861ms
[8.923s][info][gc] GC(26) Pause Young (Normal) (G1 Evacuation Pause) 3736M->2861M(16668M) 109.474ms
[9.207s][info][gc] GC(27) Pause Young (Normal) (G1 Evacuation Pause) 3945M->3028M(16668M) 97.448ms
[9.676s][info][gc] GC(28) Pause Young (Normal) (G1 Evacuation Pause) 4932M->3283M(18140M) 115.918ms
[10.130s][info][gc] GC(29) Pause Young (Normal) (G1 Evacuation Pause) 5127M->3515M(18140M) 123.882ms
[10.547s][info][gc] GC(30) Pause Young (Normal) (G1 Evacuation Pause) 5447M->3729M(18140M) 118.752ms
[11.331s][info][gc] GC(31) Pause Young (Normal) (G1 Evacuation Pause) 7625M->4100M(18140M) 147.312ms
[12.048s][info][gc] GC(32) Pause Young (Normal) (G1 Evacuation Pause) 6748M->4382M(19020M) 180.109ms
[12.566s][info][gc] GC(33) Pause Young (Normal) (G1 Evacuation Pause) 7074M->4588M(19020M) 120.910ms
[13.130s][info][gc] GC(34) Pause Young (Normal) (G1 Evacuation Pause) 7716M->4820M(19020M) 123.288ms
[13.722s][info][gc] GC(35) Pause Young (Normal) (G1 Evacuation Pause) 7920M->5066M(19020M) 170.164ms
[14.296s][info][gc] GC(36) Pause Young (Normal) (G1 Evacuation Pause) 8346M->5282M(19548M) 129.881ms
[15.298s][info][gc] GC(37) Pause Young (Normal) (G1 Evacuation Pause) 8610M->5619M(19548M) 176.061ms
[15.902s][info][gc] GC(38) Pause Young (Normal) (G1 Evacuation Pause) 8803M->5841M(19548M) 180.375ms
[16.489s][info][gc] GC(39) Pause Young (Normal) (G1 Evacuation Pause) 8981M->6023M(19548M) 167.172ms
[16.961s][info][gc] GC(40) Pause Young (Normal) (G1 Evacuation Pause) 8483M->6168M(19832M) 149.966ms
[17.595s][info][gc] GC(41) Pause Young (Normal) (G1 Evacuation Pause) 9876M->6390M(19832M) 157.150ms
[18.213s][info][gc] GC(42) Pause Young (Normal) (G1 Evacuation Pause) 9762M->6574M(19832M) 191.375ms
[18.417s][info][gc] GC(43) Pause Young (Normal) (G1 Evacuation Pause) 7154M->6630M(19832M) 119.560ms
[18.561s][info][gc] GC(44) Pause Young (Normal) (G1 Evacuation Pause) 7550M->6651M(20012M) 33.727ms
[18.708s][info][gc] GC(45) Pause Young (Normal) (G1 Evacuation Pause) 7563M->6704M(20012M) 35.774ms
[18.908s][info][gc] GC(46) Pause Young (Normal) (G1 Evacuation Pause) 8056M->6780M(20012M) 43.180ms
[19.509s][info][gc] GC(47) Pause Young (Normal) (G1 Evacuation Pause) 10988M->7001M(20012M) 99.459ms
[20.152s][info][gc] GC(48) Pause Young (Normal) (G1 Evacuation Pause) 10397M->7186M(20012M) 228.197ms
[20.314s][info][gc] GC(49) Pause Young (Normal) (G1 Evacuation Pause) 7770M->7236M(20012M) 83.249ms
[20.453s][info][gc] GC(50) Pause Young (Normal) (G1 Evacuation Pause) 8168M->7247M(20156M) 31.110ms
[20.597s][info][gc] GC(51) Pause Young (Normal) (G1 Evacuation Pause) 8171M->7297M(20156M) 33.395ms
[20.923s][info][gc] GC(52) Pause Young (Normal) (G1 Evacuation Pause) 9597M->7417M(20156M) 56.780ms
[21.617s][info][gc] GC(53) Pause Young (Normal) (G1 Evacuation Pause) 11705M->7628M(20156M) 186.969ms
[21.781s][info][gc] GC(54) Pause Young (Normal) (G1 Evacuation Pause) 8208M->7680M(20248M) 91.239ms
[21.918s][info][gc] GC(55) Pause Young (Normal) (G1 Evacuation Pause) 8624M->7689M(20248M) 28.116ms
[22.233s][info][gc] GC(56) Pause Young (Normal) (G1 Evacuation Pause) 9929M->7792M(20248M) 53.262ms
[22.702s][info][gc] GC(57) Pause Young (Normal) (G1 Evacuation Pause) 10764M->7922M(20248M) 118.792ms
[22.858s][info][gc] GC(58) Pause Young (Normal) (G1 Evacuation Pause) 8626M->7960M(20308M) 70.762ms
[23.045s][info][gc] GC(59) Pause Young (Normal) (G1 Evacuation Pause) 9312M->7997M(20308M) 31.241ms
[23.495s][info][gc] GC(60) Pause Young (Normal) (G1 Evacuation Pause) 11313M->8129M(20308M) 66.275ms
[24.052s][info][gc] GC(61) Pause Young (Normal) (G1 Evacuation Pause) 11665M->8282M(20308M) 145.136ms
[24.214s][info][gc] GC(62) Pause Young (Normal) (G1 Evacuation Pause) 8918M->8330M(20360M) 83.084ms
[24.706s][info][gc] GC(63) Pause Young (Normal) (G1 Evacuation Pause) 12046M->8444M(20360M) 61.511ms
[25.244s][info][gc] GC(64) Pause Young (Normal) (G1 Evacuation Pause) 12028M->8589M(20360M) 123.670ms
[25.781s][info][gc] GC(65) Pause Young (Normal) (G1 Evacuation Pause) 12009M->8718M(20360M) 132.817ms
[26.075s][info][gc] GC(66) Pause Young (Normal) (G1 Evacuation Pause) 10566M->8794M(20400M) 76.611ms
[26.563s][info][gc] GC(67) Pause Young (Normal) (G1 Evacuation Pause) 12386M->8918M(20400M) 76.973ms
[27.279s][info][gc] GC(68) Pause Young (Normal) (G1 Evacuation Pause) 14038M->9095M(20400M) 123.465ms
[28.057s][info][gc] GC(69) Pause Young (Normal) (G1 Evacuation Pause) 14335M->9288M(20400M) 162.790ms
[28.772s][info][gc] GC(70) Pause Young (Normal) (G1 Evacuation Pause) 14104M->9462M(20424M) 151.146ms
[29.596s][info][gc] GC(71) Pause Young (Normal) (G1 Evacuation Pause) 15466M->9640M(20424M) 125.062ms
[30.485s][info][gc] GC(72) Pause Young (Normal) (G1 Evacuation Pause) 15768M->9833M(20424M) 173.498ms
[31.430s][info][gc] GC(73) Pause Young (Concurrent Start) (G1 Evacuation Pause) 16485M->10044M(20424M) 170.233ms
[32.698s][info][gc] GC(75) Pause Young (Normal) (G1 Evacuation Pause) 15924M->10240M(20444M) 169.579ms
[33.632s][info][gc] GC(76) Pause Young (Normal) (G1 Evacuation Pause) 15156M->10402M(20444M) 154.735ms
[34.907s][info][gc] GC(77) Pause Young (Normal) (G1 Evacuation Pause) 17702M->10596M(20444M) 142.953ms
[35.459s][info][gc] GC(78) Pause Young (Normal) (G1 Evacuation Pause) 13328M->10673M(20444M) 133.314ms
[36.662s][info][gc] GC(79) Pause Young (Normal) (G1 Evacuation Pause) 17705M->10837M(20452M) 116.369ms
End benchmark
benchmarkAvgTime : 33065
nbThread : 48
[1.015s][info][gc] GC(0) Pause Young (Normal) (G1 Evacuation Pause) 280M->145M(5128M) 42.894ms
[1.561s][info][gc] GC(1) Pause Young (Normal) (G1 Evacuation Pause) 369M->179M(5128M) 23.502ms
[2.159s][info][gc] GC(2) Pause Young (Normal) (G1 Evacuation Pause) 407M->185M(5128M) 7.206ms
[2.817s][info][gc] GC(3) Pause Young (Normal) (G1 Evacuation Pause) 433M->184M(5128M) 2.959ms
[3.467s][info][gc] GC(4) Pause Young (Normal) (G1 Evacuation Pause) 432M->184M(5128M) 3.089ms
[4.117s][info][gc] GC(5) Pause Young (Normal) (G1 Evacuation Pause) 432M->183M(5128M) 4.544ms
[4.682s][info][gc] GC(6) Pause Young (Normal) (G1 Evacuation Pause) 435M->242M(5128M) 13.385ms
[4.914s][info][gc] GC(7) Pause Young (Normal) (G1 Evacuation Pause) 478M->393M(5128M) 28.861ms
[5.009s][info][gc] GC(8) Pause Young (Normal) (G1 Evacuation Pause) 617M->552M(5128M) 36.412ms
[5.231s][info][gc] GC(9) Pause Young (Normal) (G1 Evacuation Pause) 776M->692M(6108M) 43.423ms
[5.530s][info][gc] GC(10) Pause Young (Normal) (G1 Evacuation Pause) 964M->763M(6108M) 24.465ms
[5.747s][info][gc] GC(11) Pause Young (Normal) (G1 Evacuation Pause) 1027M->831M(6108M) 24.832ms
[5.840s][info][gc] GC(12) Pause Young (Normal) (G1 Evacuation Pause) 1095M->898M(6108M) 28.198ms
[5.942s][info][gc] GC(13) Pause Young (Normal) (G1 Evacuation Pause) 1162M->966M(6944M) 33.667ms
[6.122s][info][gc] GC(14) Pause Young (Normal) (G1 Evacuation Pause) 1270M->1041M(6944M) 36.994ms
[6.362s][info][gc] GC(15) Pause Young (Normal) (G1 Evacuation Pause) 1545M->1162M(6944M) 48.018ms
[6.508s][info][gc] GC(16) Pause Young (Normal) (G1 Evacuation Pause) 1598M->1270M(6944M) 54.638ms
[6.690s][info][gc] GC(17) Pause Young (Normal) (G1 Evacuation Pause) 1754M->1387M(10044M) 68.672ms
[6.940s][info][gc] GC(18) Pause Young (Normal) (G1 Evacuation Pause) 1879M->1498M(10044M) 72.101ms
[7.139s][info][gc] GC(19) Pause Young (Normal) (G1 Evacuation Pause) 1998M->1613M(10044M) 77.551ms
[7.379s][info][gc] GC(20) Pause Young (Normal) (G1 Evacuation Pause) 2165M->1739M(10044M) 81.023ms
Start benchmark
[7.788s][info][gc] GC(21) Pause Young (Normal) (G1 Evacuation Pause) 2243M->1938M(14220M) 89.674ms
[8.305s][info][gc] GC(22) Pause Young (Normal) (G1 Evacuation Pause) 2578M->2080M(14220M) 87.143ms
[8.551s][info][gc] GC(23) Pause Young (Normal) (G1 Evacuation Pause) 2868M->2240M(14220M) 75.541ms
[8.876s][info][gc] GC(24) Pause Young (Normal) (G1 Evacuation Pause) 3156M->2426M(14220M) 97.380ms
[9.197s][info][gc] GC(25) Pause Young (Normal) (G1 Evacuation Pause) 3482M->2628M(16724M) 110.993ms
[9.528s][info][gc] GC(26) Pause Young (Normal) (G1 Evacuation Pause) 3712M->2856M(16724M) 111.690ms
[9.795s][info][gc] GC(27) Pause Young (Normal) (G1 Evacuation Pause) 3852M->3015M(16724M) 97.819ms
[10.068s][info][gc] GC(28) Pause Young (Normal) (G1 Evacuation Pause) 4095M->3176M(16724M) 84.307ms
[10.369s][info][gc] GC(29) Pause Young (Normal) (G1 Evacuation Pause) 4408M->3341M(18180M) 99.367ms
[10.959s][info][gc] GC(30) Pause Young (Normal) (G1 Evacuation Pause) 5365M->3573M(18180M) 111.137ms
[11.492s][info][gc] GC(31) Pause Young (Normal) (G1 Evacuation Pause) 6149M->3869M(18180M) 134.891ms
[11.999s][info][gc] GC(32) Pause Young (Normal) (G1 Evacuation Pause) 6461M->4145M(18180M) 141.594ms
[12.773s][info][gc] GC(33) Pause Young (Normal) (G1 Evacuation Pause) 8101M->4475M(19088M) 160.512ms
[13.390s][info][gc] GC(34) Pause Young (Normal) (G1 Evacuation Pause) 7639M->4764M(19088M) 183.278ms
[13.938s][info][gc] GC(35) Pause Young (Normal) (G1 Evacuation Pause) 7876M->5014M(19088M) 141.412ms
[14.434s][info][gc] GC(36) Pause Young (Normal) (G1 Evacuation Pause) 7838M->5234M(19088M) 136.195ms
[14.718s][info][gc] GC(37) Pause Young (Normal) (G1 Evacuation Pause) 6522M->5338M(19636M) 116.876ms
[17.026s][info][gc] GC(38) Pause Young (Normal) (G1 Evacuation Pause) 16606M->6146M(19636M) 253.172ms
[17.561s][info][gc] GC(39) Pause Young (Normal) (G1 Evacuation Pause) 8646M->6301M(19636M) 227.334ms
[18.227s][info][gc] GC(40) Pause Young (Normal) (G1 Evacuation Pause) 10857M->6551M(19636M) 115.349ms
[18.737s][info][gc] GC(41) Pause Young (Normal) (G1 Evacuation Pause) 9063M->6694M(19892M) 196.352ms
[18.905s][info][gc] GC(42) Pause Young (Normal) (G1 Evacuation Pause) 7530M->6760M(19892M) 57.343ms
[19.241s][info][gc] GC(43) Pause Young (Normal) (G1 Evacuation Pause) 9168M->6885M(19892M) 58.335ms
[19.934s][info][gc] GC(44) Pause Young (Normal) (G1 Evacuation Pause) 11113M->7110M(19892M) 198.053ms
[20.087s][info][gc] GC(45) Pause Young (Normal) (G1 Evacuation Pause) 7690M->7160M(20012M) 83.205ms
[20.223s][info][gc] GC(46) Pause Young (Normal) (G1 Evacuation Pause) 8092M->7181M(20012M) 30.787ms
[20.361s][info][gc] GC(47) Pause Young (Normal) (G1 Evacuation Pause) 8093M->7231M(20012M) 35.341ms
[20.495s][info][gc] GC(48) Pause Young (Normal) (G1 Evacuation Pause) 8127M->7280M(20012M) 34.928ms
[20.631s][info][gc] GC(49) Pause Young (Normal) (G1 Evacuation Pause) 8180M->7326M(20012M) 35.017ms
[20.983s][info][gc] GC(50) Pause Young (Normal) (G1 Evacuation Pause) 9950M->7452M(20012M) 59.330ms
[21.655s][info][gc] GC(51) Pause Young (Normal) (G1 Evacuation Pause) 11444M->7639M(20092M) 215.340ms
[21.970s][info][gc] GC(52) Pause Young (Normal) (G1 Evacuation Pause) 8235M->7699M(20092M) 114.519ms
[22.095s][info][gc] GC(53) Pause Young (Normal) (G1 Evacuation Pause) 8627M->7715M(20092M) 29.317ms
[22.227s][info][gc] GC(54) Pause Young (Normal) (G1 Evacuation Pause) 8627M->7759M(20092M) 33.304ms
[22.376s][info][gc] GC(55) Pause Young (Normal) (G1 Evacuation Pause) 8671M->7803M(20244M) 32.669ms
[22.529s][info][gc] GC(56) Pause Young (Normal) (G1 Evacuation Pause) 8723M->7846M(20244M) 32.172ms
[22.991s][info][gc] GC(57) Pause Young (Normal) (G1 Evacuation Pause) 11474M->8005M(20244M) 67.249ms
[23.441s][info][gc] GC(58) Pause Young (Normal) (G1 Evacuation Pause) 10705M->8132M(20244M) 147.402ms
[23.680s][info][gc] GC(59) Pause Young (Normal) (G1 Evacuation Pause) 9536M->8208M(20312M) 77.048ms
[24.186s][info][gc] GC(60) Pause Young (Normal) (G1 Evacuation Pause) 12240M->8353M(20312M) 69.460ms
[24.620s][info][gc] GC(61) Pause Young (Normal) (G1 Evacuation Pause) 11157M->8475M(20312M) 122.015ms
[25.352s][info][gc] GC(62) Pause Young (Normal) (G1 Evacuation Pause) 13767M->8677M(20312M) 149.476ms
[26.099s][info][gc] GC(63) Pause Young (Normal) (G1 Evacuation Pause) 13917M->8882M(20376M) 166.076ms
[26.641s][info][gc] GC(64) Pause Young (Normal) (G1 Evacuation Pause) 12350M->9014M(20376M) 147.836ms
[27.456s][info][gc] GC(65) Pause Young (Normal) (G1 Evacuation Pause) 15254M->9204M(20376M) 133.273ms
[28.220s][info][gc] GC(66) Pause Young (Normal) (G1 Evacuation Pause) 14636M->9388M(20376M) 163.369ms
[28.956s][info][gc] GC(67) Pause Young (Normal) (G1 Evacuation Pause) 14644M->9569M(20416M) 155.513ms
[29.989s][info][gc] GC(68) Pause Young (Concurrent Start) (G1 Evacuation Pause) 17625M->9817M(20416M) 154.692ms
[31.068s][info][gc] GC(70) Pause Young (Normal) (G1 Evacuation Pause) 14729M->9996M(20416M) 175.126ms
[31.959s][info][gc] GC(71) Pause Young (Normal) (G1 Evacuation Pause) 15448M->10196M(20416M) 142.585ms
[33.171s][info][gc] GC(72) Pause Young (Normal) (G1 Evacuation Pause) 17656M->10420M(20432M) 142.906ms
[33.656s][info][gc] GC(73) Pause Young (Normal) (G1 Evacuation Pause) 12872M->10485M(20432M) 131.479ms
[34.744s][info][gc] GC(74) Pause Young (Normal) (G1 Evacuation Pause) 17697M->10648M(20432M) 83.148ms
[35.175s][info][gc] GC(75) Pause Young (Normal) (G1 Evacuation Pause) 12820M->10734M(20432M) 127.167ms
[36.212s][info][gc] GC(76) Pause Young (Normal) (G1 Evacuation Pause) 17754M->10896M(20444M) 79.017ms
[36.694s][info][gc] GC(77) Pause Young (Normal) (G1 Evacuation Pause) 13312M->10981M(20444M) 142.310ms
[36.966s][info][gc] GC(78) Pause Young (Normal) (G1 Evacuation Pause) 12697M->11015M(20444M) 36.248ms
[37.480s][info][gc] GC(79) Pause Young (Normal) (G1 Evacuation Pause) 14039M->10936M(20444M) 90.660ms
End benchmark
[39.026s][info][gc] GC(80) Pause Young (Normal) (G1 Evacuation Pause) 12308M->10977M(20444M) 150.279ms
benchmarkAvgTime : 33417
nbThread : 48
[1.020s][info][gc] GC(0) Pause Young (Normal) (G1 Evacuation Pause) 280M->145M(5128M) 41.350ms
[1.558s][info][gc] GC(1) Pause Young (Normal) (G1 Evacuation Pause) 369M->178M(5128M) 23.080ms
[2.147s][info][gc] GC(2) Pause Young (Normal) (G1 Evacuation Pause) 406M->184M(5128M) 6.419ms
[2.797s][info][gc] GC(3) Pause Young (Normal) (G1 Evacuation Pause) 432M->183M(5128M) 2.535ms
[3.440s][info][gc] GC(4) Pause Young (Normal) (G1 Evacuation Pause) 431M->183M(5128M) 2.692ms
[4.082s][info][gc] GC(5) Pause Young (Normal) (G1 Evacuation Pause) 431M->183M(5128M) 2.764ms
[4.559s][info][gc] GC(6) Pause Young (Normal) (G1 Evacuation Pause) 431M->293M(5128M) 23.501ms
[4.695s][info][gc] GC(7) Pause Young (Normal) (G1 Evacuation Pause) 525M->454M(5128M) 36.974ms
[4.856s][info][gc] GC(8) Pause Young (Normal) (G1 Evacuation Pause) 698M->636M(5936M) 37.348ms
[5.171s][info][gc] GC(9) Pause Young (Normal) (G1 Evacuation Pause) 900M->753M(5936M) 31.788ms
[5.290s][info][gc] GC(10) Pause Young (Normal) (G1 Evacuation Pause) 1009M->819M(5936M) 25.511ms
[5.442s][info][gc] GC(11) Pause Young (Normal) (G1 Evacuation Pause) 1075M->884M(5936M) 25.666ms
[5.578s][info][gc] GC(12) Pause Young (Normal) (G1 Evacuation Pause) 1140M->949M(6748M) 32.915ms
[5.699s][info][gc] GC(13) Pause Young (Normal) (G1 Evacuation Pause) 1245M->1025M(6748M) 38.911ms
[5.824s][info][gc] GC(14) Pause Young (Normal) (G1 Evacuation Pause) 1317M->1098M(6748M) 39.378ms
[5.962s][info][gc] GC(15) Pause Young (Normal) (G1 Evacuation Pause) 1446M->1184M(6748M) 44.925ms
[6.140s][info][gc] GC(16) Pause Young (Normal) (G1 Evacuation Pause) 1612M->1285M(9496M) 61.262ms
[6.390s][info][gc] GC(17) Pause Young (Normal) (G1 Evacuation Pause) 1785M->1403M(9496M) 68.153ms
[6.594s][info][gc] GC(18) Pause Young (Normal) (G1 Evacuation Pause) 1911M->1522M(9496M) 73.797ms
[6.816s][info][gc] GC(19) Pause Young (Normal) (G1 Evacuation Pause) 2062M->1649M(9496M) 78.926ms
[7.072s][info][gc] GC(20) Pause Young (Normal) (G1 Evacuation Pause) 2197M->1776M(13892M) 90.153ms
Start benchmark
[7.689s][info][gc] GC(21) Pause Young (Normal) (G1 Evacuation Pause) 2432M->1970M(13892M) 92.551ms
[7.994s][info][gc] GC(22) Pause Young (Normal) (G1 Evacuation Pause) 2622M->2107M(13892M) 85.342ms
[8.221s][info][gc] GC(23) Pause Young (Normal) (G1 Evacuation Pause) 2843M->2263M(13892M) 79.183ms
[8.481s][info][gc] GC(24) Pause Young (Normal) (G1 Evacuation Pause) 3123M->2443M(16528M) 99.965ms
[8.792s][info][gc] GC(25) Pause Young (Normal) (G1 Evacuation Pause) 3419M->2629M(16528M) 96.712ms
[9.253s][info][gc] GC(26) Pause Young (Normal) (G1 Evacuation Pause) 3821M->2883M(16528M) 104.220ms
[9.610s][info][gc] GC(27) Pause Young (Normal) (G1 Evacuation Pause) 4183M->3080M(16528M) 112.712ms
[9.949s][info][gc] GC(28) Pause Young (Normal) (G1 Evacuation Pause) 4456M->3281M(18112M) 114.529ms
[10.351s][info][gc] GC(29) Pause Young (Normal) (G1 Evacuation Pause) 4721M->3471M(18112M) 109.815ms
[10.945s][info][gc] GC(30) Pause Young (Normal) (G1 Evacuation Pause) 5947M->3765M(18112M) 124.450ms
[11.528s][info][gc] GC(31) Pause Young (Normal) (G1 Evacuation Pause) 6005M->4017M(18112M) 139.595ms
[12.005s][info][gc] GC(32) Pause Young (Normal) (G1 Evacuation Pause) 6453M->4263M(19024M) 129.477ms
[12.624s][info][gc] GC(33) Pause Young (Normal) (G1 Evacuation Pause) 7647M->4559M(19024M) 142.998ms
[13.574s][info][gc] GC(34) Pause Young (Normal) (G1 Evacuation Pause) 10071M->4966M(19024M) 182.583ms
[14.211s][info][gc] GC(35) Pause Young (Normal) (G1 Evacuation Pause) 8190M->5192M(19024M) 207.075ms
[14.742s][info][gc] GC(36) Pause Young (Normal) (G1 Evacuation Pause) 8232M->5408M(19608M) 136.268ms
[15.051s][info][gc] GC(37) Pause Young (Normal) (G1 Evacuation Pause) 6384M->5605M(19608M) 142.047ms
[15.952s][info][gc] GC(38) Pause Young (Normal) (G1 Evacuation Pause) 11741M->5968M(19608M) 147.022ms
[16.457s][info][gc] GC(39) Pause Young (Normal) (G1 Evacuation Pause) 8276M->6123M(19608M) 208.517ms
[16.617s][info][gc] GC(40) Pause Young (Normal) (G1 Evacuation Pause) 6939M->6192M(19876M) 57.864ms
[16.766s][info][gc] GC(41) Pause Young (Normal) (G1 Evacuation Pause) 7112M->6227M(19876M) 35.544ms
[16.935s][info][gc] GC(42) Pause Young (Normal) (G1 Evacuation Pause) 7111M->6287M(19876M) 62.664ms
[17.083s][info][gc] GC(43) Pause Young (Normal) (G1 Evacuation Pause) 7163M->6340M(19876M) 44.362ms
[17.274s][info][gc] GC(44) Pause Young (Normal) (G1 Evacuation Pause) 7540M->6419M(19876M) 49.294ms
[17.817s][info][gc] GC(45) Pause Young (Normal) (G1 Evacuation Pause) 9935M->6620M(19940M) 127.845ms
[18.161s][info][gc] GC(46) Pause Young (Normal) (G1 Evacuation Pause) 8036M->6710M(19940M) 170.699ms
[18.304s][info][gc] GC(47) Pause Young (Normal) (G1 Evacuation Pause) 7602M->6770M(19940M) 39.003ms
[18.441s][info][gc] GC(48) Pause Young (Normal) (G1 Evacuation Pause) 7702M->6815M(19940M) 32.060ms
[18.665s][info][gc] GC(49) Pause Young (Normal) (G1 Evacuation Pause) 8347M->6899M(20108M) 49.638ms
[19.393s][info][gc] GC(50) Pause Young (Normal) (G1 Evacuation Pause) 11587M->7151M(20108M) 183.319ms
[19.614s][info][gc] GC(51) Pause Young (Normal) (G1 Evacuation Pause) 7847M->7202M(20108M) 133.616ms
[19.751s][info][gc] GC(52) Pause Young (Normal) (G1 Evacuation Pause) 8138M->7231M(20108M) 31.906ms
[19.891s][info][gc] GC(53) Pause Young (Normal) (G1 Evacuation Pause) 8139M->7279M(20260M) 37.809ms
[20.147s][info][gc] GC(54) Pause Young (Normal) (G1 Evacuation Pause) 9071M->7369M(20260M) 50.813ms
[20.724s][info][gc] GC(55) Pause Young (Normal) (G1 Evacuation Pause) 10541M->7517M(20260M) 205.911ms
[20.883s][info][gc] GC(56) Pause Young (Normal) (G1 Evacuation Pause) 8185M->7565M(20260M) 78.341ms
[21.021s][info][gc] GC(57) Pause Young (Normal) (G1 Evacuation Pause) 8513M->7588M(20344M) 29.342ms
[21.162s][info][gc] GC(58) Pause Young (Normal) (G1 Evacuation Pause) 8516M->7638M(20344M) 35.703ms
[21.378s][info][gc] GC(59) Pause Young (Normal) (G1 Evacuation Pause) 9174M->7713M(20344M) 44.195ms
[22.261s][info][gc] GC(60) Pause Young (Normal) (G1 Evacuation Pause) 13521M->7990M(20344M) 220.672ms
[22.419s][info][gc] GC(61) Pause Young (Normal) (G1 Evacuation Pause) 8554M->8043M(20392M) 91.043ms
[22.554s][info][gc] GC(62) Pause Young (Normal) (G1 Evacuation Pause) 8991M->8053M(20392M) 26.985ms
[22.690s][info][gc] GC(63) Pause Young (Normal) (G1 Evacuation Pause) 8993M->8097M(20392M) 31.951ms
[22.826s][info][gc] GC(64) Pause Young (Normal) (G1 Evacuation Pause) 9025M->8142M(20392M) 32.006ms
[22.962s][info][gc] GC(65) Pause Young (Normal) (G1 Evacuation Pause) 9070M->8186M(20412M) 32.521ms
[23.097s][info][gc] GC(66) Pause Young (Normal) (G1 Evacuation Pause) 9114M->8228M(20412M) 31.775ms
[23.497s][info][gc] GC(67) Pause Young (Normal) (G1 Evacuation Pause) 11288M->8358M(20412M) 60.152ms
[23.933s][info][gc] GC(68) Pause Young (Normal) (G1 Evacuation Pause) 11046M->8478M(20412M) 132.489ms
[24.289s][info][gc] GC(69) Pause Young (Normal) (G1 Evacuation Pause) 10838M->8579M(20432M) 85.818ms
[24.788s][info][gc] GC(70) Pause Young (Normal) (G1 Evacuation Pause) 12131M->8725M(20432M) 92.972ms
[25.419s][info][gc] GC(71) Pause Young (Normal) (G1 Evacuation Pause) 12997M->8891M(20432M) 134.266ms
[26.074s][info][gc] GC(72) Pause Young (Normal) (G1 Evacuation Pause) 13327M->9061M(20432M) 142.515ms
[26.685s][info][gc] GC(73) Pause Young (Normal) (G1 Evacuation Pause) 13117M->9202M(20452M) 140.246ms
[27.590s][info][gc] GC(74) Pause Young (Normal) (G1 Evacuation Pause) 15990M->9442M(20452M) 137.530ms
[28.476s][info][gc] GC(75) Pause Young (Normal) (G1 Evacuation Pause) 15774M->9649M(20452M) 168.693ms
[29.299s][info][gc] GC(76) Pause Young (Normal) (G1 Evacuation Pause) 15373M->9836M(20452M) 168.243ms
[30.347s][info][gc] GC(77) Pause Young (Concurrent Start) (G1 Evacuation Pause) 17640M->10092M(20464M) 167.071ms
[31.442s][info][gc] GC(79) Pause Young (Normal) (G1 Evacuation Pause) 14944M->10256M(20464M) 177.789ms
[32.595s][info][gc] GC(80) Pause Young (Normal) (G1 Evacuation Pause) 17216M->10444M(20464M) 142.063ms
[33.513s][info][gc] GC(81) Pause Young (Normal) (G1 Evacuation Pause) 15360M->10589M(20464M) 168.523ms
[34.671s][info][gc] GC(82) Pause Young (Normal) (G1 Evacuation Pause) 17497M->10779M(20468M) 134.885ms
[35.762s][info][gc] GC(83) Pause Young (Normal) (G1 Evacuation Pause) 17015M->10973M(20468M) 168.047ms
[36.951s][info][gc] GC(84) Pause Young (Normal) (G1 Evacuation Pause) 17777M->11194M(20468M) 167.802ms
End benchmark
[38.749s][info][gc] GC(85) Pause Young (Normal) (G1 Evacuation Pause) 13274M->11098M(20468M) 205.744ms
benchmarkAvgTime : 33343
nbThread : 48
[1.000s][info][gc] GC(0) Pause Young (Normal) (G1 Evacuation Pause) 280M->145M(5128M) 41.695ms
[1.550s][info][gc] GC(1) Pause Young (Normal) (G1 Evacuation Pause) 369M->178M(5128M) 23.457ms
[2.158s][info][gc] GC(2) Pause Young (Normal) (G1 Evacuation Pause) 406M->186M(5128M) 7.413ms
[2.824s][info][gc] GC(3) Pause Young (Normal) (G1 Evacuation Pause) 434M->184M(5128M) 2.511ms
[3.483s][info][gc] GC(4) Pause Young (Normal) (G1 Evacuation Pause) 432M->184M(5128M) 2.914ms
[4.140s][info][gc] GC(5) Pause Young (Normal) (G1 Evacuation Pause) 432M->184M(5128M) 3.355ms
[4.435s][info][gc] GC(6) Pause Young (Normal) (G1 Evacuation Pause) 436M->296M(5128M) 23.066ms
[4.665s][info][gc] GC(7) Pause Young (Normal) (G1 Evacuation Pause) 540M->462M(5128M) 28.437ms
[4.777s][info][gc] GC(8) Pause Young (Normal) (G1 Evacuation Pause) 694M->632M(5804M) 36.886ms
[5.061s][info][gc] GC(9) Pause Young (Normal) (G1 Evacuation Pause) 888M->749M(5804M) 33.136ms
[5.178s][info][gc] GC(10) Pause Young (Normal) (G1 Evacuation Pause) 1001M->817M(5804M) 25.282ms
[5.268s][info][gc] GC(11) Pause Young (Normal) (G1 Evacuation Pause) 1069M->881M(5804M) 26.490ms
[5.361s][info][gc] GC(12) Pause Young (Normal) (G1 Evacuation Pause) 1133M->949M(6760M) 33.477ms
[5.503s][info][gc] GC(13) Pause Young (Normal) (G1 Evacuation Pause) 1249M->1025M(6760M) 37.241ms
[5.621s][info][gc] GC(14) Pause Young (Normal) (G1 Evacuation Pause) 1317M->1100M(6760M) 42.710ms
[5.738s][info][gc] GC(15) Pause Young (Normal) (G1 Evacuation Pause) 1392M->1177M(6760M) 44.855ms
[5.877s][info][gc] GC(16) Pause Young (Normal) (G1 Evacuation Pause) 1513M->1263M(9764M) 60.822ms
[6.151s][info][gc] GC(17) Pause Young (Normal) (G1 Evacuation Pause) 1807M->1396M(9764M) 69.769ms
[6.339s][info][gc] GC(18) Pause Young (Normal) (G1 Evacuation Pause) 1832M->1508M(9764M) 74.936ms
[6.538s][info][gc] GC(19) Pause Young (Normal) (G1 Evacuation Pause) 1972M->1628M(9764M) 71.554ms
[6.758s][info][gc] GC(20) Pause Young (Normal) (G1 Evacuation Pause) 2104M->1751M(14052M) 89.456ms
Start benchmark
[7.477s][info][gc] GC(21) Pause Young (Normal) (G1 Evacuation Pause) 2427M->1958M(14052M) 89.214ms
[7.858s][info][gc] GC(22) Pause Young (Normal) (G1 Evacuation Pause) 2570M->2091M(14052M) 90.491ms
[8.063s][info][gc] GC(23) Pause Young (Normal) (G1 Evacuation Pause) 2703M->2224M(14052M) 68.711ms
[8.295s][info][gc] GC(24) Pause Young (Normal) (G1 Evacuation Pause) 2912M->2372M(16624M) 93.346ms
[8.583s][info][gc] GC(25) Pause Young (Normal) (G1 Evacuation Pause) 3144M->2533M(16624M) 89.962ms
[8.919s][info][gc] GC(26) Pause Young (Normal) (G1 Evacuation Pause) 3717M->2751M(16624M) 102.796ms
[9.288s][info][gc] GC(27) Pause Young (Normal) (G1 Evacuation Pause) 4171M->3023M(16624M) 120.700ms
[9.672s][info][gc] GC(28) Pause Young (Normal) (G1 Evacuation Pause) 4407M->3234M(18168M) 121.536ms
[10.046s][info][gc] GC(29) Pause Young (Normal) (G1 Evacuation Pause) 4662M->3428M(18168M) 109.937ms
[10.404s][info][gc] GC(30) Pause Young (Normal) (G1 Evacuation Pause) 5048M->3632M(18168M) 109.192ms
[10.818s][info][gc] GC(31) Pause Young (Normal) (G1 Evacuation Pause) 5584M->3863M(18168M) 119.191ms
[11.349s][info][gc] GC(32) Pause Young (Normal) (G1 Evacuation Pause) 5887M->4093M(19056M) 121.215ms
[11.858s][info][gc] GC(33) Pause Young (Normal) (G1 Evacuation Pause) 6685M->4351M(19056M) 132.238ms
[12.451s][info][gc] GC(34) Pause Young (Normal) (G1 Evacuation Pause) 7687M->4642M(19056M) 142.112ms
[12.888s][info][gc] GC(35) Pause Young (Normal) (G1 Evacuation Pause) 6906M->4830M(19056M) 130.475ms
[13.164s][info][gc] GC(36) Pause Young (Normal) (G1 Evacuation Pause) 6142M->4943M(19608M) 97.517ms
[14.468s][info][gc] GC(37) Pause Young (Normal) (G1 Evacuation Pause) 12611M->5471M(19608M) 186.611ms
[15.085s][info][gc] GC(38) Pause Young (Normal) (G1 Evacuation Pause) 6639M->5673M(19608M) 192.443ms
[15.809s][info][gc] GC(39) Pause Young (Normal) (G1 Evacuation Pause) 9877M->5934M(19608M) 125.555ms
[16.331s][info][gc] GC(40) Pause Young (Normal) (G1 Evacuation Pause) 8250M->6089M(19896M) 216.204ms
[16.492s][info][gc] GC(41) Pause Young (Normal) (G1 Evacuation Pause) 6913M->6161M(19896M) 54.518ms
[16.637s][info][gc] GC(42) Pause Young (Normal) (G1 Evacuation Pause) 7081M->6204M(19896M) 34.653ms
[16.938s][info][gc] GC(43) Pause Young (Normal) (G1 Evacuation Pause) 8100M->6319M(19896M) 70.566ms
[17.137s][info][gc] GC(44) Pause Young (Normal) (G1 Evacuation Pause) 7083M->6374M(19896M) 106.163ms
[18.313s][info][gc] GC(45) Pause Young (Normal) (G1 Evacuation Pause) 14814M->6834M(20024M) 155.770ms
[18.849s][info][gc] GC(46) Pause Young (Normal) (G1 Evacuation Pause) 9230M->6986M(20024M) 227.956ms
[19.006s][info][gc] GC(47) Pause Young (Normal) (G1 Evacuation Pause) 7826M->7050M(20024M) 51.947ms
[19.146s][info][gc] GC(48) Pause Young (Normal) (G1 Evacuation Pause) 7990M->7090M(20024M) 31.642ms
[19.287s][info][gc] GC(49) Pause Young (Normal) (G1 Evacuation Pause) 7990M->7140M(20132M) 37.212ms
[19.651s][info][gc] GC(50) Pause Young (Normal) (G1 Evacuation Pause) 8900M->7236M(20132M) 50.332ms
[20.271s][info][gc] GC(51) Pause Young (Normal) (G1 Evacuation Pause) 11004M->7440M(20132M) 176.647ms
[20.442s][info][gc] GC(52) Pause Young (Normal) (G1 Evacuation Pause) 8040M->7488M(20132M) 93.279ms
[20.580s][info][gc] GC(53) Pause Young (Normal) (G1 Evacuation Pause) 8424M->7511M(20228M) 31.089ms
[20.722s][info][gc] GC(54) Pause Young (Normal) (G1 Evacuation Pause) 8427M->7558M(20228M) 36.608ms
[20.943s][info][gc] GC(55) Pause Young (Normal) (G1 Evacuation Pause) 9106M->7634M(20228M) 44.321ms
[21.634s][info][gc] GC(56) Pause Young (Normal) (G1 Evacuation Pause) 12346M->7851M(20228M) 148.676ms
[22.110s][info][gc] GC(57) Pause Young (Normal) (G1 Evacuation Pause) 10523M->7991M(20292M) 156.752ms
[22.250s][info][gc] GC(58) Pause Young (Normal) (G1 Evacuation Pause) 8847M->8040M(20292M) 42.475ms
[22.441s][info][gc] GC(59) Pause Young (Normal) (G1 Evacuation Pause) 9448M->8086M(20292M) 33.597ms
[22.891s][info][gc] GC(60) Pause Young (Normal) (G1 Evacuation Pause) 11466M->8233M(20292M) 69.033ms
[23.494s][info][gc] GC(61) Pause Young (Normal) (G1 Evacuation Pause) 12189M->8408M(20344M) 145.920ms
[23.980s][info][gc] GC(62) Pause Young (Normal) (G1 Evacuation Pause) 11156M->8534M(20344M) 132.047ms
[24.395s][info][gc] GC(63) Pause Young (Normal) (G1 Evacuation Pause) 11206M->8646M(20344M) 99.943ms
[24.917s][info][gc] GC(64) Pause Young (Normal) (G1 Evacuation Pause) 12362M->8781M(20344M) 92.898ms
[25.606s][info][gc] GC(65) Pause Young (Normal) (G1 Evacuation Pause) 13541M->8971M(20396M) 139.036ms
[26.275s][info][gc] GC(66) Pause Young (Normal) (G1 Evacuation Pause) 13531M->9146M(20396M) 143.454ms
[27.046s][info][gc] GC(67) Pause Young (Normal) (G1 Evacuation Pause) 14654M->9332M(20396M) 138.433ms
[27.947s][info][gc] GC(68) Pause Young (Normal) (G1 Evacuation Pause) 15604M->9547M(20396M) 179.512ms
[28.712s][info][gc] GC(69) Pause Young (Normal) (G1 Evacuation Pause) 14723M->9725M(20428M) 168.646ms
[29.633s][info][gc] GC(70) Pause Young (Concurrent Start) (G1 Evacuation Pause) 16485M->9941M(20428M) 149.018ms
[30.721s][info][gc] GC(72) Pause Young (Normal) (G1 Evacuation Pause) 15077M->10131M(20428M) 169.463ms
[31.875s][info][gc] GC(73) Pause Young (Normal) (G1 Evacuation Pause) 16863M->10329M(20428M) 143.092ms
[32.653s][info][gc] GC(74) Pause Young (Normal) (G1 Evacuation Pause) 14301M->10465M(20444M) 164.297ms
[33.750s][info][gc] GC(75) Pause Young (Normal) (G1 Evacuation Pause) 16873M->10665M(20444M) 131.261ms
[34.209s][info][gc] GC(76) Pause Young (Normal) (G1 Evacuation Pause) 12649M->10720M(20444M) 152.801ms
[35.300s][info][gc] GC(77) Pause Young (Normal) (G1 Evacuation Pause) 17652M->10903M(20444M) 82.688ms
[35.755s][info][gc] GC(78) Pause Young (Normal) (G1 Evacuation Pause) 12983M->10980M(20452M) 151.858ms
[35.919s][info][gc] GC(79) Pause Young (Normal) (G1 Evacuation Pause) 11916M->10995M(20452M) 29.030ms
[36.688s][info][gc] GC(80) Pause Young (Normal) (G1 Evacuation Pause) 15695M->10970M(20452M) 104.431ms
End benchmark
[38.613s][info][gc] GC(81) Pause Young (Normal) (G1 Evacuation Pause) 14834M->11082M(20452M) 215.889ms
benchmarkAvgTime : 33102
nbThread : 48
[1.007s][info][gc] GC(0) Pause Young (Normal) (G1 Evacuation Pause) 280M->145M(5128M) 43.506ms
[1.550s][info][gc] GC(1) Pause Young (Normal) (G1 Evacuation Pause) 369M->179M(5128M) 28.636ms
[2.148s][info][gc] GC(2) Pause Young (Normal) (G1 Evacuation Pause) 407M->187M(5128M) 7.865ms
[2.803s][info][gc] GC(3) Pause Young (Normal) (G1 Evacuation Pause) 435M->185M(5128M) 3.144ms
[3.453s][info][gc] GC(4) Pause Young (Normal) (G1 Evacuation Pause) 433M->185M(5128M) 3.475ms
[4.107s][info][gc] GC(5) Pause Young (Normal) (G1 Evacuation Pause) 433M->185M(5128M) 5.626ms
[4.438s][info][gc] GC(6) Pause Young (Normal) (G1 Evacuation Pause) 433M->319M(5128M) 27.058ms
[4.775s][info][gc] GC(7) Pause Young (Normal) (G1 Evacuation Pause) 579M->496M(5128M) 42.155ms
[4.848s][info][gc] GC(8) Pause Young (Normal) (G1 Evacuation Pause) 720M->655M(6264M) 34.900ms
[5.188s][info][gc] GC(9) Pause Young (Normal) (G1 Evacuation Pause) 935M->772M(6264M) 28.412ms
[5.292s][info][gc] GC(10) Pause Young (Normal) (G1 Evacuation Pause) 1044M->837M(6264M) 24.618ms
[5.415s][info][gc] GC(11) Pause Young (Normal) (G1 Evacuation Pause) 1109M->901M(6264M) 25.558ms
[5.502s][info][gc] GC(12) Pause Young (Normal) (G1 Evacuation Pause) 1173M->967M(6840M) 30.948ms
[5.627s][info][gc] GC(13) Pause Young (Normal) (G1 Evacuation Pause) 1267M->1035M(6840M) 35.303ms
[5.744s][info][gc] GC(14) Pause Young (Normal) (G1 Evacuation Pause) 1331M->1103M(6840M) 39.088ms
[5.875s][info][gc] GC(15) Pause Young (Normal) (G1 Evacuation Pause) 1399M->1170M(6840M) 41.568ms
[6.011s][info][gc] GC(16) Pause Young (Normal) (G1 Evacuation Pause) 1502M->1245M(9568M) 52.841ms
[6.285s][info][gc] GC(17) Pause Young (Normal) (G1 Evacuation Pause) 1685M->1342M(9568M) 56.884ms
[6.550s][info][gc] GC(18) Pause Young (Normal) (G1 Evacuation Pause) 1818M->1448M(9568M) 63.463ms
[6.854s][info][gc] GC(19) Pause Young (Normal) (G1 Evacuation Pause) 1968M->1565M(9568M) 74.793ms
[7.347s][info][gc] GC(20) Pause Young (Normal) (G1 Evacuation Pause) 2001M->1664M(13936M) 80.055ms
[8.480s][info][gc] GC(21) Pause Young (Normal) (G1 Evacuation Pause) 2296M->1801M(13936M) 80.972ms
Start benchmark
[9.474s][info][gc] GC(22) Pause Young (Normal) (G1 Evacuation Pause) 2569M->1993M(13936M) 104.239ms
[9.781s][info][gc] GC(23) Pause Young (Normal) (G1 Evacuation Pause) 2749M->2146M(13936M) 83.752ms
[10.026s][info][gc] GC(24) Pause Young (Normal) (G1 Evacuation Pause) 2938M->2313M(15984M) 94.581ms
[10.412s][info][gc] GC(25) Pause Young (Normal) (G1 Evacuation Pause) 3433M->2533M(15984M) 108.530ms
[10.693s][info][gc] GC(26) Pause Young (Normal) (G1 Evacuation Pause) 3589M->2722M(15984M) 105.406ms
[11.000s][info][gc] GC(27) Pause Young (Normal) (G1 Evacuation Pause) 3838M->2956M(15984M) 99.662ms
[11.283s][info][gc] GC(28) Pause Young (Normal) (G1 Evacuation Pause) 4108M->3132M(17068M) 105.819ms
[11.628s][info][gc] GC(29) Pause Young (Normal) (G1 Evacuation Pause) 4372M->3305M(17068M) 93.759ms
[12.031s][info][gc] GC(30) Pause Young (Normal) (G1 Evacuation Pause) 4705M->3488M(17068M) 96.683ms
[12.817s][info][gc] GC(31) Pause Young (Normal) (G1 Evacuation Pause) 7588M->3904M(17068M) 169.130ms
[13.324s][info][gc] GC(32) Pause Young (Normal) (G1 Evacuation Pause) 6184M->4144M(18024M) 172.988ms
[13.739s][info][gc] GC(33) Pause Young (Normal) (G1 Evacuation Pause) 6192M->4333M(18024M) 114.991ms
[14.165s][info][gc] GC(34) Pause Young (Normal) (G1 Evacuation Pause) 6749M->4532M(18024M) 107.851ms
[14.651s][info][gc] GC(35) Pause Young (Normal) (G1 Evacuation Pause) 7456M->4733M(18024M) 112.332ms
[15.177s][info][gc] GC(36) Pause Young (Normal) (G1 Evacuation Pause) 7665M->4944M(18912M) 154.536ms
[15.719s][info][gc] GC(37) Pause Young (Normal) (G1 Evacuation Pause) 7900M->5163M(18912M) 151.363ms
[16.354s][info][gc] GC(38) Pause Young (Normal) (G1 Evacuation Pause) 8243M->5488M(18912M) 178.565ms
[16.906s][info][gc] GC(39) Pause Young (Normal) (G1 Evacuation Pause) 6408M->5571M(18912M) 134.550ms
[17.482s][info][gc] GC(40) Pause Young (Normal) (G1 Evacuation Pause) 9587M->5797M(19484M) 96.149ms
[17.824s][info][gc] GC(41) Pause Young (Normal) (G1 Evacuation Pause) 7309M->5901M(19484M) 145.850ms
[18.204s][info][gc] GC(42) Pause Young (Normal) (G1 Evacuation Pause) 8533M->6039M(19484M) 73.050ms
[18.760s][info][gc] GC(43) Pause Young (Normal) (G1 Evacuation Pause) 8363M->6192M(19484M) 179.253ms
[18.910s][info][gc] GC(44) Pause Young (Normal) (G1 Evacuation Pause) 6856M->6239M(19752M) 68.553ms
[19.053s][info][gc] GC(45) Pause Young (Normal) (G1 Evacuation Pause) 7163M->6277M(19752M) 33.606ms
[19.292s][info][gc] GC(46) Pause Young (Normal) (G1 Evacuation Pause) 7957M->6368M(19752M) 52.050ms
[19.867s][info][gc] GC(47) Pause Young (Normal) (G1 Evacuation Pause) 9884M->6552M(19752M) 167.094ms
[20.022s][info][gc] GC(48) Pause Young (Normal) (G1 Evacuation Pause) 7164M->6600M(19752M) 80.489ms
[20.158s][info][gc] GC(49) Pause Young (Normal) (G1 Evacuation Pause) 7520M->6631M(19928M) 31.700ms
[20.297s][info][gc] GC(50) Pause Young (Normal) (G1 Evacuation Pause) 7531M->6685M(19928M) 35.995ms
[20.430s][info][gc] GC(51) Pause Young (Normal) (G1 Evacuation Pause) 7569M->6736M(19928M) 35.978ms
[20.755s][info][gc] GC(52) Pause Young (Normal) (G1 Evacuation Pause) 9128M->6858M(19928M) 59.304ms
[21.222s][info][gc] GC(53) Pause Young (Normal) (G1 Evacuation Pause) 9646M->6998M(20032M) 149.808ms
[21.370s][info][gc] GC(54) Pause Young (Normal) (G1 Evacuation Pause) 7678M->7043M(20032M) 67.992ms
[21.603s][info][gc] GC(55) Pause Young (Normal) (G1 Evacuation Pause) 8787M->7112M(20032M) 43.675ms
[22.296s][info][gc] GC(56) Pause Young (Normal) (G1 Evacuation Pause) 12004M->7347M(20032M) 140.680ms
[22.614s][info][gc] GC(57) Pause Young (Normal) (G1 Evacuation Pause) 8903M->7443M(20212M) 131.045ms
[22.760s][info][gc] GC(58) Pause Young (Normal) (G1 Evacuation Pause) 8403M->7491M(20212M) 37.741ms
[23.336s][info][gc] GC(59) Pause Young (Normal) (G1 Evacuation Pause) 12023M->7691M(20212M) 78.246ms
[23.638s][info][gc] GC(60) Pause Young (Normal) (G1 Evacuation Pause) 9327M->7780M(20212M) 119.173ms
[24.168s][info][gc] GC(61) Pause Young (Normal) (G1 Evacuation Pause) 11540M->7917M(20308M) 73.356ms
[24.679s][info][gc] GC(62) Pause Young (Normal) (G1 Evacuation Pause) 11397M->8064M(20308M) 119.864ms
[25.315s][info][gc] GC(63) Pause Young (Normal) (G1 Evacuation Pause) 12296M->8242M(20308M) 158.747ms
[25.916s][info][gc] GC(64) Pause Young (Normal) (G1 Evacuation Pause) 12310M->8396M(20308M) 144.904ms
[26.372s][info][gc] GC(65) Pause Young (Normal) (G1 Evacuation Pause) 11520M->8541M(20368M) 105.106ms
[27.141s][info][gc] GC(66) Pause Young (Normal) (G1 Evacuation Pause) 14317M->8753M(20368M) 131.492ms
[27.916s][info][gc] GC(67) Pause Young (Normal) (G1 Evacuation Pause) 14349M->8953M(20368M) 158.386ms
[28.632s][info][gc] GC(68) Pause Young (Normal) (G1 Evacuation Pause) 13977M->9130M(20368M) 155.883ms
[29.570s][info][gc] GC(69) Pause Young (Normal) (G1 Evacuation Pause) 16350M->9362M(20404M) 147.835ms
[30.425s][info][gc] GC(70) Pause Young (Normal) (G1 Evacuation Pause) 15574M->9564M(20404M) 170.960ms
[31.160s][info][gc] GC(71) Pause Young (Normal) (G1 Evacuation Pause) 14692M->9741M(20404M) 161.189ms
[32.147s][info][gc] GC(72) Pause Young (Concurrent Start) (G1 Evacuation Pause) 17405M->9953M(20404M) 149.911ms
[33.387s][info][gc] GC(74) Pause Young (Normal) (G1 Evacuation Pause) 15305M->10143M(20424M) 167.733ms
[34.583s][info][gc] GC(75) Pause Young (Normal) (G1 Evacuation Pause) 17607M->10327M(20424M) 147.094ms
[35.585s][info][gc] GC(76) Pause Young (Normal) (G1 Evacuation Pause) 16055M->10480M(20424M) 168.338ms
[36.187s][info][gc] GC(77) Pause Young (Normal) (G1 Evacuation Pause) 13612M->10607M(20424M) 138.353ms
[37.333s][info][gc] GC(78) Pause Young (Normal) (G1 Evacuation Pause) 17703M->10773M(20436M) 115.171ms
[38.145s][info][gc] GC(79) Pause Young (Normal) (G1 Evacuation Pause) 15369M->10918M(20436M) 143.583ms
End benchmark
[40.464s][info][gc] GC(80) Pause Young (Normal) (G1 Evacuation Pause) 16658M->10906M(20436M) 205.141ms
benchmarkAvgTime : 35106
nbThread : 48
[0.988s][info][gc] GC(0) Pause Young (Normal) (G1 Evacuation Pause) 280M->145M(5128M) 42.744ms
[1.529s][info][gc] GC(1) Pause Young (Normal) (G1 Evacuation Pause) 369M->179M(5128M) 23.054ms
[2.125s][info][gc] GC(2) Pause Young (Normal) (G1 Evacuation Pause) 407M->186M(5128M) 7.413ms
[2.782s][info][gc] GC(3) Pause Young (Normal) (G1 Evacuation Pause) 434M->185M(5128M) 2.738ms
[3.432s][info][gc] GC(4) Pause Young (Normal) (G1 Evacuation Pause) 433M->184M(5128M) 3.413ms
[4.073s][info][gc] GC(5) Pause Young (Normal) (G1 Evacuation Pause) 432M->184M(5128M) 2.504ms
[4.367s][info][gc] GC(6) Pause Young (Normal) (G1 Evacuation Pause) 444M->317M(5128M) 30.350ms
[4.483s][info][gc] GC(7) Pause Young (Normal) (G1 Evacuation Pause) 545M->480M(5128M) 32.315ms
[4.602s][info][gc] GC(8) Pause Young (Normal) (G1 Evacuation Pause) 704M->643M(6068M) 38.417ms
[4.933s][info][gc] GC(9) Pause Young (Normal) (G1 Evacuation Pause) 911M->732M(6068M) 31.470ms
[5.046s][info][gc] GC(10) Pause Young (Normal) (G1 Evacuation Pause) 992M->798M(6068M) 23.430ms
[5.129s][info][gc] GC(11) Pause Young (Normal) (G1 Evacuation Pause) 1058M->867M(6068M) 25.447ms
[5.219s][info][gc] GC(12) Pause Young (Normal) (G1 Evacuation Pause) 1127M->936M(6944M) 31.799ms
[5.371s][info][gc] GC(13) Pause Young (Normal) (G1 Evacuation Pause) 1240M->1012M(6944M) 37.783ms
[5.483s][info][gc] GC(14) Pause Young (Normal) (G1 Evacuation Pause) 1312M->1089M(6944M) 40.814ms
[5.604s][info][gc] GC(15) Pause Young (Normal) (G1 Evacuation Pause) 1413M->1174M(6944M) 44.479ms
[5.780s][info][gc] GC(16) Pause Young (Normal) (G1 Evacuation Pause) 1578M->1276M(9948M) 57.611ms
[6.018s][info][gc] GC(17) Pause Young (Normal) (G1 Evacuation Pause) 1716M->1384M(9948M) 63.736ms
[6.218s][info][gc] GC(18) Pause Young (Normal) (G1 Evacuation Pause) 1844M->1500M(9948M) 67.576ms
[6.473s][info][gc] GC(19) Pause Young (Normal) (G1 Evacuation Pause) 2076M->1641M(9948M) 78.948ms
[6.759s][info][gc] GC(20) Pause Young (Normal) (G1 Evacuation Pause) 2241M->1794M(14164M) 91.056ms
Start benchmark
[7.418s][info][gc] GC(21) Pause Young (Normal) (G1 Evacuation Pause) 2474M->2026M(14164M) 99.473ms
[7.727s][info][gc] GC(22) Pause Young (Normal) (G1 Evacuation Pause) 2642M->2149M(14164M) 71.941ms
[7.947s][info][gc] GC(23) Pause Young (Normal) (G1 Evacuation Pause) 2849M->2293M(14164M) 76.408ms
[8.430s][info][gc] GC(24) Pause Young (Normal) (G1 Evacuation Pause) 3629M->2551M(16692M) 116.338ms
[8.754s][info][gc] GC(25) Pause Young (Normal) (G1 Evacuation Pause) 3575M->2724M(16692M) 109.926ms
[9.034s][info][gc] GC(26) Pause Young (Normal) (G1 Evacuation Pause) 3668M->2935M(16692M) 96.965ms
[9.300s][info][gc] GC(27) Pause Young (Normal) (G1 Evacuation Pause) 3955M->3095M(16692M) 95.851ms
[9.604s][info][gc] GC(28) Pause Young (Normal) (G1 Evacuation Pause) 4247M->3259M(18144M) 95.151ms
[9.957s][info][gc] GC(29) Pause Young (Normal) (G1 Evacuation Pause) 4611M->3429M(18144M) 96.566ms
[10.409s][info][gc] GC(30) Pause Young (Normal) (G1 Evacuation Pause) 5577M->3676M(18144M) 112.933ms
[11.052s][info][gc] GC(31) Pause Young (Normal) (G1 Evacuation Pause) 6652M->3981M(18144M) 148.005ms
[11.577s][info][gc] GC(32) Pause Young (Normal) (G1 Evacuation Pause) 6489M->4229M(18996M) 143.575ms
[12.239s][info][gc] GC(33) Pause Young (Normal) (G1 Evacuation Pause) 7093M->4493M(18996M) 136.905ms
[12.873s][info][gc] GC(34) Pause Young (Normal) (G1 Evacuation Pause) 8201M->4762M(18996M) 140.777ms
[13.577s][info][gc] GC(35) Pause Young (Normal) (G1 Evacuation Pause) 8602M->5044M(18996M) 193.057ms
[14.034s][info][gc] GC(36) Pause Young (Normal) (G1 Evacuation Pause) 7132M->5205M(19592M) 167.299ms
[14.512s][info][gc] GC(37) Pause Young (Normal) (G1 Evacuation Pause) 8041M->5453M(19592M) 101.715ms
[15.069s][info][gc] GC(38) Pause Young (Normal) (G1 Evacuation Pause) 6121M->5544M(19592M) 127.114ms
[15.691s][info][gc] GC(39) Pause Young (Normal) (G1 Evacuation Pause) 9676M->5790M(19592M) 110.067ms
[16.011s][info][gc] GC(40) Pause Young (Normal) (G1 Evacuation Pause) 6998M->5884M(19824M) 164.252ms
[16.208s][info][gc] GC(41) Pause Young (Normal) (G1 Evacuation Pause) 7060M->5936M(19824M) 45.040ms
[16.586s][info][gc] GC(42) Pause Young (Normal) (G1 Evacuation Pause) 7824M->6056M(19824M) 136.100ms
[16.739s][info][gc] GC(43) Pause Young (Normal) (G1 Evacuation Pause) 6844M->6116M(19824M) 53.727ms
[17.298s][info][gc] GC(44) Pause Young (Normal) (G1 Evacuation Pause) 9164M->6287M(19956M) 74.257ms
[17.839s][info][gc] GC(45) Pause Young (Normal) (G1 Evacuation Pause) 9131M->6458M(19956M) 184.523ms
[18.000s][info][gc] GC(46) Pause Young (Normal) (G1 Evacuation Pause) 7094M->6506M(19956M) 78.338ms
[18.143s][info][gc] GC(47) Pause Young (Normal) (G1 Evacuation Pause) 7438M->6535M(19956M) 33.544ms
[18.360s][info][gc] GC(48) Pause Young (Normal) (G1 Evacuation Pause) 7943M->6607M(20084M) 49.473ms
[18.935s][info][gc] GC(49) Pause Young (Normal) (G1 Evacuation Pause) 9871M->6785M(20084M) 176.275ms
[19.109s][info][gc] GC(50) Pause Young (Normal) (G1 Evacuation Pause) 7445M->6832M(20084M) 83.405ms
[19.249s][info][gc] GC(51) Pause Young (Normal) (G1 Evacuation Pause) 7776M->6861M(20084M) 30.555ms
[19.396s][info][gc] GC(52) Pause Young (Normal) (G1 Evacuation Pause) 7773M->6919M(20204M) 38.753ms
[19.539s][info][gc] GC(53) Pause Young (Normal) (G1 Evacuation Pause) 7819M->6967M(20204M) 35.305ms
[20.020s][info][gc] GC(54) Pause Young (Normal) (G1 Evacuation Pause) 10375M->7132M(20204M) 77.107ms
[20.649s][info][gc] GC(55) Pause Young (Normal) (G1 Evacuation Pause) 10484M->7287M(20204M) 190.490ms
[20.817s][info][gc] GC(56) Pause Young (Normal) (G1 Evacuation Pause) 7919M->7335M(20300M) 82.857ms
[20.959s][info][gc] GC(57) Pause Young (Normal) (G1 Evacuation Pause) 8279M->7355M(20300M) 31.300ms
[21.102s][info][gc] GC(58) Pause Young (Normal) (G1 Evacuation Pause) 8279M->7401M(20300M) 35.538ms
[21.828s][info][gc] GC(59) Pause Young (Normal) (G1 Evacuation Pause) 12409M->7625M(20300M) 142.096ms
[22.020s][info][gc] GC(60) Pause Young (Normal) (G1 Evacuation Pause) 8313M->7664M(20352M) 108.513ms
[22.161s][info][gc] GC(61) Pause Young (Normal) (G1 Evacuation Pause) 8632M->7697M(20352M) 28.232ms
[22.300s][info][gc] GC(62) Pause Young (Normal) (G1 Evacuation Pause) 8633M->7746M(20352M) 32.198ms
[22.832s][info][gc] GC(63) Pause Young (Normal) (G1 Evacuation Pause) 11514M->7911M(20352M) 91.980ms
[23.145s][info][gc] GC(64) Pause Young (Normal) (G1 Evacuation Pause) 9639M->8001M(20384M) 111.996ms
[24.068s][info][gc] GC(65) Pause Young (Normal) (G1 Evacuation Pause) 15037M->8264M(20384M) 105.688ms
[24.705s][info][gc] GC(66) Pause Young (Normal) (G1 Evacuation Pause) 12252M->8444M(20384M) 164.286ms
[25.379s][info][gc] GC(67) Pause Young (Normal) (G1 Evacuation Pause) 13440M->8619M(20384M) 97.966ms
[26.036s][info][gc] GC(68) Pause Young (Normal) (G1 Evacuation Pause) 12735M->8793M(20424M) 172.162ms
[26.192s][info][gc] GC(69) Pause Young (Normal) (G1 Evacuation Pause) 9441M->8840M(20424M) 75.439ms
[26.985s][info][gc] GC(70) Pause Young (Normal) (G1 Evacuation Pause) 15092M->9021M(20424M) 77.147ms
[27.800s][info][gc] GC(71) Pause Young (Normal) (G1 Evacuation Pause) 14953M->9230M(20424M) 133.335ms
[28.592s][info][gc] GC(72) Pause Young (Normal) (G1 Evacuation Pause) 14782M->9406M(20440M) 148.876ms
[29.219s][info][gc] GC(73) Pause Young (Normal) (G1 Evacuation Pause) 13626M->9577M(20440M) 136.285ms
[29.835s][info][gc] GC(74) Pause Young (Concurrent Start) (G1 Evacuation Pause) 13961M->9725M(20440M) 105.871ms
[31.014s][info][gc] GC(76) Pause Young (Normal) (G1 Evacuation Pause) 15789M->9920M(20440M) 123.998ms
[31.994s][info][gc] GC(77) Pause Young (Normal) (G1 Evacuation Pause) 15344M->10100M(20452M) 143.809ms
[32.976s][info][gc] GC(78) Pause Young (Normal) (G1 Evacuation Pause) 15452M->10254M(20452M) 145.689ms
[33.449s][info][gc] GC(79) Pause Young (Normal) (G1 Evacuation Pause) 12490M->10334M(20452M) 117.745ms
[34.662s][info][gc] GC(80) Pause Young (Normal) (G1 Evacuation Pause) 17574M->10500M(20452M) 105.855ms
[35.529s][info][gc] GC(81) Pause Young (Normal) (G1 Evacuation Pause) 15228M->10621M(20460M) 136.030ms
[36.752s][info][gc] GC(82) Pause Young (Normal) (G1 Evacuation Pause) 17537M->10681M(20460M) 190.958ms
End benchmark
[38.335s][info][gc] GC(83) Pause Young (Normal) (G1 Evacuation Pause) 11981M->10715M(20460M) 182.639ms
benchmarkAvgTime : 33048
