nbThread : 96
[0.979s][info][gc] GC(0) Pause Young (Normal) (G1 Evacuation Pause) 256M->143M(5120M) 224.987ms
[1.349s][info][gc] GC(1) Pause Young (Normal) (G1 Evacuation Pause) 367M->173M(5120M) 39.146ms
[1.385s][info][gc] GC(2) Pause Young (Normal) (G1 Evacuation Pause) 397M->178M(5120M) 13.890ms
[1.410s][info][gc] GC(3) Pause Young (Normal) (G1 Evacuation Pause) 418M->178M(5120M) 3.690ms
[1.443s][info][gc] GC(4) Pause Young (Normal) (G1 Evacuation Pause) 418M->178M(11024M) 14.713ms
[1.515s][info][gc] GC(5) Pause Young (Normal) (G1 Evacuation Pause) 706M->179M(11024M) 9.006ms
[1.572s][info][gc] GC(6) Pause Young (Normal) (G1 Evacuation Pause) 707M->180M(11024M) 17.857ms
[1.901s][info][gc] GC(7) Pause Young (Normal) (G1 Evacuation Pause) 5524M->180M(11024M) 10.429ms
[2.277s][info][gc] GC(8) Pause Young (Normal) (G1 Evacuation Pause) 6772M->180M(17440M) 28.032ms
[2.891s][info][gc] GC(9) Pause Young (Normal) (G1 Evacuation Pause) 10628M->180M(17440M) 17.249ms
[3.463s][info][gc] GC(10) Pause Young (Normal) (G1 Evacuation Pause) 10628M->180M(17440M) 6.491ms
[4.045s][info][gc] GC(11) Pause Young (Normal) (G1 Evacuation Pause) 10628M->180M(17440M) 8.585ms
[4.629s][info][gc] GC(12) Pause Young (Normal) (G1 Evacuation Pause) 10628M->180M(17440M) 7.504ms
[5.210s][info][gc] GC(13) Pause Young (Normal) (G1 Evacuation Pause) 10628M->180M(17440M) 7.124ms
[5.791s][info][gc] GC(14) Pause Young (Normal) (G1 Evacuation Pause) 10628M->180M(17440M) 5.753ms
[6.369s][info][gc] GC(15) Pause Young (Normal) (G1 Evacuation Pause) 10628M->180M(17440M) 3.602ms
[6.953s][info][gc] GC(16) Pause Young (Normal) (G1 Evacuation Pause) 10628M->180M(17440M) 7.319ms
[7.531s][info][gc] GC(17) Pause Young (Normal) (G1 Evacuation Pause) 10628M->180M(17440M) 3.191ms
[8.119s][info][gc] GC(18) Pause Young (Normal) (G1 Evacuation Pause) 10628M->180M(17440M) 7.711ms
[8.711s][info][gc] GC(19) Pause Young (Normal) (G1 Evacuation Pause) 10628M->180M(17440M) 11.710ms
[9.297s][info][gc] GC(20) Pause Young (Normal) (G1 Evacuation Pause) 10628M->180M(17440M) 9.501ms
[9.904s][info][gc] GC(21) Pause Young (Normal) (G1 Evacuation Pause) 10628M->180M(17440M) 26.954ms
[10.482s][info][gc] GC(22) Pause Young (Normal) (G1 Evacuation Pause) 10628M->180M(17440M) 6.186ms
[11.065s][info][gc] GC(23) Pause Young (Normal) (G1 Evacuation Pause) 10628M->180M(17440M) 3.854ms
[11.646s][info][gc] GC(24) Pause Young (Normal) (G1 Evacuation Pause) 10628M->180M(17440M) 4.862ms
[12.231s][info][gc] GC(25) Pause Young (Normal) (G1 Evacuation Pause) 10628M->180M(17440M) 8.797ms
[12.813s][info][gc] GC(26) Pause Young (Normal) (G1 Evacuation Pause) 10628M->180M(17440M) 3.961ms
[13.398s][info][gc] GC(27) Pause Young (Normal) (G1 Evacuation Pause) 10628M->180M(17440M) 6.938ms
[13.980s][info][gc] GC(28) Pause Young (Normal) (G1 Evacuation Pause) 10628M->180M(17440M) 5.902ms
[14.564s][info][gc] GC(29) Pause Young (Normal) (G1 Evacuation Pause) 10628M->180M(17440M) 8.317ms
[15.145s][info][gc] GC(30) Pause Young (Normal) (G1 Evacuation Pause) 10628M->180M(17440M) 6.490ms
[15.727s][info][gc] GC(31) Pause Young (Normal) (G1 Evacuation Pause) 10628M->180M(17440M) 6.737ms
[16.306s][info][gc] GC(32) Pause Young (Normal) (G1 Evacuation Pause) 10628M->180M(17440M) 4.401ms
[16.890s][info][gc] GC(33) Pause Young (Normal) (G1 Evacuation Pause) 10628M->180M(17440M) 6.644ms
[17.469s][info][gc] GC(34) Pause Young (Normal) (G1 Evacuation Pause) 10628M->180M(17440M) 3.881ms
[18.071s][info][gc] GC(35) Pause Young (Normal) (G1 Evacuation Pause) 10628M->180M(17440M) 23.464ms
[18.672s][info][gc] GC(36) Pause Young (Normal) (G1 Evacuation Pause) 10628M->180M(17440M) 27.378ms
[19.254s][info][gc] GC(37) Pause Young (Normal) (G1 Evacuation Pause) 10628M->180M(17440M) 8.310ms
[19.836s][info][gc] GC(38) Pause Young (Normal) (G1 Evacuation Pause) 10628M->180M(17440M) 6.451ms
[20.420s][info][gc] GC(39) Pause Young (Normal) (G1 Evacuation Pause) 10628M->180M(17440M) 6.035ms
[21.004s][info][gc] GC(40) Pause Young (Normal) (G1 Evacuation Pause) 10628M->180M(17440M) 6.481ms
[21.601s][info][gc] GC(41) Pause Young (Normal) (G1 Evacuation Pause) 10628M->180M(17440M) 22.491ms
[22.179s][info][gc] GC(42) Pause Young (Normal) (G1 Evacuation Pause) 10628M->180M(17440M) 6.110ms
[22.766s][info][gc] GC(43) Pause Young (Normal) (G1 Evacuation Pause) 10628M->180M(17440M) 10.107ms
[23.347s][info][gc] GC(44) Pause Young (Normal) (G1 Evacuation Pause) 10628M->180M(17440M) 3.694ms
[23.933s][info][gc] GC(45) Pause Young (Normal) (G1 Evacuation Pause) 10628M->180M(17440M) 9.841ms
[24.513s][info][gc] GC(46) Pause Young (Normal) (G1 Evacuation Pause) 10628M->180M(17440M) 3.278ms
[25.100s][info][gc] GC(47) Pause Young (Normal) (G1 Evacuation Pause) 10628M->180M(17440M) 10.130ms
[25.690s][info][gc] GC(48) Pause Young (Normal) (G1 Evacuation Pause) 10628M->180M(17440M) 14.209ms
[26.270s][info][gc] GC(49) Pause Young (Normal) (G1 Evacuation Pause) 10628M->180M(17440M) 5.904ms
[26.857s][info][gc] GC(50) Pause Young (Normal) (G1 Evacuation Pause) 10628M->180M(17440M) 10.556ms
[27.444s][info][gc] GC(51) Pause Young (Normal) (G1 Evacuation Pause) 10628M->180M(17440M) 7.337ms
[28.029s][info][gc] GC(52) Pause Young (Normal) (G1 Evacuation Pause) 10628M->180M(17440M) 6.952ms
[28.613s][info][gc] GC(53) Pause Young (Normal) (G1 Evacuation Pause) 10628M->180M(17440M) 4.919ms
[29.194s][info][gc] GC(54) Pause Young (Normal) (G1 Evacuation Pause) 10628M->180M(17440M) 3.856ms
[29.780s][info][gc] GC(55) Pause Young (Normal) (G1 Evacuation Pause) 10628M->180M(17440M) 7.065ms
[30.365s][info][gc] GC(56) Pause Young (Normal) (G1 Evacuation Pause) 10628M->180M(17440M) 7.696ms
[30.949s][info][gc] GC(57) Pause Young (Normal) (G1 Evacuation Pause) 10628M->180M(17440M) 3.917ms
Start benchmark
[31.765s][info][gc] GC(58) Pause Young (Normal) (G1 Evacuation Pause) 10628M->183M(17440M) 8.354ms
[32.462s][info][gc] GC(59) Pause Young (Normal) (G1 Evacuation Pause) 10631M->183M(17440M) 7.211ms
[33.155s][info][gc] GC(60) Pause Young (Normal) (G1 Evacuation Pause) 10631M->183M(17440M) 10.520ms
[33.852s][info][gc] GC(61) Pause Young (Normal) (G1 Evacuation Pause) 10631M->183M(17440M) 14.814ms
[34.546s][info][gc] GC(62) Pause Young (Normal) (G1 Evacuation Pause) 10631M->183M(17440M) 9.140ms
[35.248s][info][gc] GC(63) Pause Young (Normal) (G1 Evacuation Pause) 10631M->183M(17440M) 17.297ms
[35.937s][info][gc] GC(64) Pause Young (Normal) (G1 Evacuation Pause) 10631M->183M(17440M) 7.356ms
[36.629s][info][gc] GC(65) Pause Young (Normal) (G1 Evacuation Pause) 10631M->183M(17440M) 8.804ms
[37.321s][info][gc] GC(66) Pause Young (Normal) (G1 Evacuation Pause) 10631M->183M(17440M) 8.346ms
[38.016s][info][gc] GC(67) Pause Young (Normal) (G1 Evacuation Pause) 10631M->183M(17440M) 10.171ms
[38.704s][info][gc] GC(68) Pause Young (Normal) (G1 Evacuation Pause) 10631M->183M(17440M) 4.812ms
[39.395s][info][gc] GC(69) Pause Young (Normal) (G1 Evacuation Pause) 10631M->183M(17440M) 5.123ms
[40.083s][info][gc] GC(70) Pause Young (Normal) (G1 Evacuation Pause) 10631M->183M(17440M) 7.203ms
[40.778s][info][gc] GC(71) Pause Young (Normal) (G1 Evacuation Pause) 10631M->183M(17440M) 11.705ms
[41.466s][info][gc] GC(72) Pause Young (Normal) (G1 Evacuation Pause) 10631M->183M(17440M) 8.257ms
[42.168s][info][gc] GC(73) Pause Young (Normal) (G1 Evacuation Pause) 10631M->183M(17440M) 21.457ms
[42.868s][info][gc] GC(74) Pause Young (Normal) (G1 Evacuation Pause) 10631M->183M(17440M) 19.408ms
[43.556s][info][gc] GC(75) Pause Young (Normal) (G1 Evacuation Pause) 10631M->183M(17440M) 7.195ms
[44.242s][info][gc] GC(76) Pause Young (Normal) (G1 Evacuation Pause) 10631M->183M(17440M) 5.718ms
[44.930s][info][gc] GC(77) Pause Young (Normal) (G1 Evacuation Pause) 10631M->183M(17440M) 5.874ms
[45.620s][info][gc] GC(78) Pause Young (Normal) (G1 Evacuation Pause) 10631M->183M(17440M) 8.102ms
[46.308s][info][gc] GC(79) Pause Young (Normal) (G1 Evacuation Pause) 10631M->183M(17440M) 6.879ms
[46.996s][info][gc] GC(80) Pause Young (Normal) (G1 Evacuation Pause) 10631M->183M(17440M) 5.503ms
[47.691s][info][gc] GC(81) Pause Young (Normal) (G1 Evacuation Pause) 10631M->183M(17440M) 10.750ms
[48.381s][info][gc] GC(82) Pause Young (Normal) (G1 Evacuation Pause) 10631M->183M(17440M) 8.420ms
[49.066s][info][gc] GC(83) Pause Young (Normal) (G1 Evacuation Pause) 10631M->183M(17440M) 3.697ms
[49.757s][info][gc] GC(84) Pause Young (Normal) (G1 Evacuation Pause) 10631M->183M(17440M) 8.242ms
[50.443s][info][gc] GC(85) Pause Young (Normal) (G1 Evacuation Pause) 10631M->183M(17440M) 5.301ms
[51.132s][info][gc] GC(86) Pause Young (Normal) (G1 Evacuation Pause) 10631M->183M(17440M) 6.626ms
[51.821s][info][gc] GC(87) Pause Young (Normal) (G1 Evacuation Pause) 10631M->183M(17440M) 6.460ms
[52.511s][info][gc] GC(88) Pause Young (Normal) (G1 Evacuation Pause) 10631M->183M(17440M) 7.134ms
[53.203s][info][gc] GC(89) Pause Young (Normal) (G1 Evacuation Pause) 10631M->183M(17440M) 9.105ms
[53.891s][info][gc] GC(90) Pause Young (Normal) (G1 Evacuation Pause) 10631M->183M(17440M) 6.624ms
[54.582s][info][gc] GC(91) Pause Young (Normal) (G1 Evacuation Pause) 10631M->183M(17440M) 5.926ms
[55.268s][info][gc] GC(92) Pause Young (Normal) (G1 Evacuation Pause) 10631M->183M(17440M) 4.823ms
[55.956s][info][gc] GC(93) Pause Young (Normal) (G1 Evacuation Pause) 10631M->183M(17440M) 6.094ms
[56.648s][info][gc] GC(94) Pause Young (Normal) (G1 Evacuation Pause) 10631M->183M(17440M) 11.234ms
[57.334s][info][gc] GC(95) Pause Young (Normal) (G1 Evacuation Pause) 10631M->183M(17440M) 5.790ms
[58.020s][info][gc] GC(96) Pause Young (Normal) (G1 Evacuation Pause) 10631M->183M(17440M) 5.279ms
[58.711s][info][gc] GC(97) Pause Young (Normal) (G1 Evacuation Pause) 10631M->183M(17440M) 9.076ms
[59.404s][info][gc] GC(98) Pause Young (Normal) (G1 Evacuation Pause) 10631M->183M(17440M) 10.495ms
[60.088s][info][gc] GC(99) Pause Young (Normal) (G1 Evacuation Pause) 10631M->183M(17440M) 3.461ms
[60.777s][info][gc] GC(100) Pause Young (Normal) (G1 Evacuation Pause) 10631M->183M(17440M) 6.471ms
[61.464s][info][gc] GC(101) Pause Young (Normal) (G1 Evacuation Pause) 10631M->183M(17440M) 5.814ms
[62.154s][info][gc] GC(102) Pause Young (Normal) (G1 Evacuation Pause) 10631M->183M(17440M) 6.730ms
[62.840s][info][gc] GC(103) Pause Young (Normal) (G1 Evacuation Pause) 10631M->183M(17440M) 5.215ms
[63.528s][info][gc] GC(104) Pause Young (Normal) (G1 Evacuation Pause) 10631M->183M(17440M) 6.442ms
[64.216s][info][gc] GC(105) Pause Young (Normal) (G1 Evacuation Pause) 10631M->183M(17440M) 6.678ms
[64.907s][info][gc] GC(106) Pause Young (Normal) (G1 Evacuation Pause) 10631M->183M(17440M) 7.170ms
[65.591s][info][gc] GC(107) Pause Young (Normal) (G1 Evacuation Pause) 10631M->183M(17440M) 3.705ms
[66.280s][info][gc] GC(108) Pause Young (Normal) (G1 Evacuation Pause) 10631M->183M(17440M) 7.711ms
[66.965s][info][gc] GC(109) Pause Young (Normal) (G1 Evacuation Pause) 10631M->183M(17440M) 5.875ms
[67.660s][info][gc] GC(110) Pause Young (Normal) (G1 Evacuation Pause) 10631M->183M(17440M) 11.321ms
[68.347s][info][gc] GC(111) Pause Young (Normal) (G1 Evacuation Pause) 10631M->183M(17440M) 6.308ms
[69.039s][info][gc] GC(112) Pause Young (Normal) (G1 Evacuation Pause) 10631M->183M(17440M) 4.228ms
[69.728s][info][gc] GC(113) Pause Young (Normal) (G1 Evacuation Pause) 10631M->183M(17440M) 3.442ms
[70.421s][info][gc] GC(114) Pause Young (Normal) (G1 Evacuation Pause) 10631M->183M(17440M) 6.313ms
[71.113s][info][gc] GC(115) Pause Young (Normal) (G1 Evacuation Pause) 10631M->183M(17440M) 5.223ms
[71.804s][info][gc] GC(116) Pause Young (Normal) (G1 Evacuation Pause) 10631M->183M(17440M) 6.531ms
[72.496s][info][gc] GC(117) Pause Young (Normal) (G1 Evacuation Pause) 10631M->183M(17440M) 6.344ms
[73.185s][info][gc] GC(118) Pause Young (Normal) (G1 Evacuation Pause) 10631M->183M(17440M) 6.531ms
[73.871s][info][gc] GC(119) Pause Young (Normal) (G1 Evacuation Pause) 10631M->183M(17440M) 5.157ms
[74.565s][info][gc] GC(120) Pause Young (Normal) (G1 Evacuation Pause) 10631M->183M(17440M) 11.799ms
[75.249s][info][gc] GC(121) Pause Young (Normal) (G1 Evacuation Pause) 10631M->183M(17440M) 3.893ms
[75.939s][info][gc] GC(122) Pause Young (Normal) (G1 Evacuation Pause) 10631M->183M(17440M) 8.914ms
[76.627s][info][gc] GC(123) Pause Young (Normal) (G1 Evacuation Pause) 10631M->183M(17440M) 6.367ms
[77.315s][info][gc] GC(124) Pause Young (Normal) (G1 Evacuation Pause) 10631M->183M(17440M) 5.842ms
[78.005s][info][gc] GC(125) Pause Young (Normal) (G1 Evacuation Pause) 10631M->183M(17440M) 8.986ms
[78.692s][info][gc] GC(126) Pause Young (Normal) (G1 Evacuation Pause) 10631M->183M(17440M) 5.446ms
[79.377s][info][gc] GC(127) Pause Young (Normal) (G1 Evacuation Pause) 10631M->183M(17440M) 4.525ms
[80.070s][info][gc] GC(128) Pause Young (Normal) (G1 Evacuation Pause) 10631M->183M(17440M) 11.298ms
[80.758s][info][gc] GC(129) Pause Young (Normal) (G1 Evacuation Pause) 10631M->183M(17440M) 5.727ms
[81.446s][info][gc] GC(130) Pause Young (Normal) (G1 Evacuation Pause) 10631M->183M(17440M) 7.983ms
[82.136s][info][gc] GC(131) Pause Young (Normal) (G1 Evacuation Pause) 10631M->183M(17440M) 6.765ms
[82.822s][info][gc] GC(132) Pause Young (Normal) (G1 Evacuation Pause) 10631M->183M(17440M) 5.980ms
[83.517s][info][gc] GC(133) Pause Young (Normal) (G1 Evacuation Pause) 10631M->183M(17440M) 9.010ms
[84.203s][info][gc] GC(134) Pause Young (Normal) (G1 Evacuation Pause) 10631M->183M(17440M) 5.540ms
[84.894s][info][gc] GC(135) Pause Young (Normal) (G1 Evacuation Pause) 10631M->183M(17440M) 7.922ms
[85.583s][info][gc] GC(136) Pause Young (Normal) (G1 Evacuation Pause) 10631M->183M(17440M) 8.272ms
[86.272s][info][gc] GC(137) Pause Young (Normal) (G1 Evacuation Pause) 10631M->183M(17440M) 7.645ms
[86.962s][info][gc] GC(138) Pause Young (Normal) (G1 Evacuation Pause) 10631M->183M(17440M) 8.848ms
[87.648s][info][gc] GC(139) Pause Young (Normal) (G1 Evacuation Pause) 10631M->183M(17440M) 5.652ms
[88.334s][info][gc] GC(140) Pause Young (Normal) (G1 Evacuation Pause) 10631M->183M(17440M) 5.565ms
[89.023s][info][gc] GC(141) Pause Young (Normal) (G1 Evacuation Pause) 10631M->183M(17440M) 3.222ms
[89.715s][info][gc] GC(142) Pause Young (Normal) (G1 Evacuation Pause) 10631M->183M(17440M) 6.243ms
[90.402s][info][gc] GC(143) Pause Young (Normal) (G1 Evacuation Pause) 10631M->183M(17440M) 6.614ms
[91.092s][info][gc] GC(144) Pause Young (Normal) (G1 Evacuation Pause) 10631M->183M(17440M) 8.783ms
End benchmark
benchmarkAvgTime : 59972
