nbThread : 1
Start benchmark
[0.301s][info][gc] GC(0) Pause Young (Normal) (G1 Evacuation Pause) 100M->1M(2056M) 12.610ms
[1.830s][info][gc] GC(1) Pause Young (Normal) (G1 Evacuation Pause) 1225M->1M(2056M) 3.746ms
[3.042s][info][gc] GC(2) Pause Young (Normal) (G1 Evacuation Pause) 1225M->1M(2056M) 3.536ms
[4.292s][info][gc] GC(3) Pause Young (Normal) (G1 Evacuation Pause) 1225M->1M(2056M) 6.109ms
[5.540s][info][gc] GC(4) Pause Young (Normal) (G1 Evacuation Pause) 1225M->1M(2056M) 4.528ms
[6.791s][info][gc] GC(5) Pause Young (Normal) (G1 Evacuation Pause) 1225M->1M(2056M) 6.049ms
[8.000s][info][gc] GC(6) Pause Young (Normal) (G1 Evacuation Pause) 1225M->1M(2056M) 4.791ms
[9.240s][info][gc] GC(7) Pause Young (Normal) (G1 Evacuation Pause) 1225M->1M(2056M) 4.693ms
[10.480s][info][gc] GC(8) Pause Young (Normal) (G1 Evacuation Pause) 1225M->1M(2056M) 5.363ms
[11.692s][info][gc] GC(9) Pause Young (Normal) (G1 Evacuation Pause) 1225M->1M(2056M) 6.799ms
[12.901s][info][gc] GC(10) Pause Young (Normal) (G1 Evacuation Pause) 1225M->1M(2056M) 5.509ms
[14.112s][info][gc] GC(11) Pause Young (Normal) (G1 Evacuation Pause) 1225M->1M(2056M) 6.452ms
[15.319s][info][gc] GC(12) Pause Young (Normal) (G1 Evacuation Pause) 1225M->1M(2056M) 4.480ms
[16.567s][info][gc] GC(13) Pause Young (Normal) (G1 Evacuation Pause) 1225M->1M(2056M) 5.775ms
[17.805s][info][gc] GC(14) Pause Young (Normal) (G1 Evacuation Pause) 1225M->1M(2056M) 4.177ms
[19.054s][info][gc] GC(15) Pause Young (Normal) (G1 Evacuation Pause) 1225M->1M(2056M) 6.593ms
[20.652s][info][gc] GC(16) Pause Young (Normal) (G1 Evacuation Pause) 1225M->1M(2056M) 0.971ms
[22.251s][info][gc] GC(17) Pause Young (Normal) (G1 Evacuation Pause) 1225M->1M(2056M) 1.069ms
[23.847s][info][gc] GC(18) Pause Young (Normal) (G1 Evacuation Pause) 1225M->1M(2056M) 0.962ms
[25.445s][info][gc] GC(19) Pause Young (Normal) (G1 Evacuation Pause) 1225M->1M(2056M) 1.020ms
[27.040s][info][gc] GC(20) Pause Young (Normal) (G1 Evacuation Pause) 1225M->1M(2056M) 1.107ms
[28.639s][info][gc] GC(21) Pause Young (Normal) (G1 Evacuation Pause) 1225M->1M(2056M) 1.033ms
End benchmark
Start benchmark
[31.214s][info][gc] GC(22) Pause Young (Normal) (G1 Evacuation Pause) 1225M->1M(2056M) 1.095ms
[32.456s][info][gc] GC(23) Pause Young (Normal) (G1 Evacuation Pause) 1225M->1M(2056M) 1.036ms
[33.699s][info][gc] GC(24) Pause Young (Normal) (G1 Evacuation Pause) 1225M->1M(2056M) 1.063ms
[34.909s][info][gc] GC(25) Pause Young (Normal) (G1 Evacuation Pause) 1225M->1M(2056M) 1.128ms
[36.130s][info][gc] GC(26) Pause Young (Normal) (G1 Evacuation Pause) 1225M->1M(2056M) 1.133ms
[37.334s][info][gc] GC(27) Pause Young (Normal) (G1 Evacuation Pause) 1225M->1M(2056M) 0.962ms
[38.538s][info][gc] GC(28) Pause Young (Normal) (G1 Evacuation Pause) 1225M->1M(2056M) 1.063ms
[39.742s][info][gc] GC(29) Pause Young (Normal) (G1 Evacuation Pause) 1225M->1M(2056M) 1.084ms
[40.946s][info][gc] GC(30) Pause Young (Normal) (G1 Evacuation Pause) 1225M->1M(2056M) 0.963ms
[42.181s][info][gc] GC(31) Pause Young (Normal) (G1 Evacuation Pause) 1225M->1M(2056M) 1.049ms
[43.396s][info][gc] GC(32) Pause Young (Normal) (G1 Evacuation Pause) 1225M->1M(2056M) 0.971ms
[44.607s][info][gc] GC(33) Pause Young (Normal) (G1 Evacuation Pause) 1225M->1M(2056M) 1.092ms
[45.812s][info][gc] GC(34) Pause Young (Normal) (G1 Evacuation Pause) 1225M->1M(2056M) 1.137ms
[47.016s][info][gc] GC(35) Pause Young (Normal) (G1 Evacuation Pause) 1225M->1M(2056M) 1.062ms
[48.221s][info][gc] GC(36) Pause Young (Normal) (G1 Evacuation Pause) 1225M->1M(2056M) 0.995ms
[49.425s][info][gc] GC(37) Pause Young (Normal) (G1 Evacuation Pause) 1225M->1M(2056M) 1.002ms
[51.020s][info][gc] GC(38) Pause Young (Normal) (G1 Evacuation Pause) 1225M->1M(2056M) 0.947ms
[52.596s][info][gc] GC(39) Pause Young (Normal) (G1 Evacuation Pause) 1225M->1M(2056M) 0.948ms
[54.171s][info][gc] GC(40) Pause Young (Normal) (G1 Evacuation Pause) 1225M->1M(2056M) 0.949ms
[55.757s][info][gc] GC(41) Pause Young (Normal) (G1 Evacuation Pause) 1225M->1M(2056M) 0.905ms
[57.356s][info][gc] GC(42) Pause Young (Normal) (G1 Evacuation Pause) 1225M->1M(2056M) 0.902ms
[58.955s][info][gc] GC(43) Pause Young (Normal) (G1 Evacuation Pause) 1225M->1M(2056M) 0.928ms
[60.543s][info][gc] GC(44) Pause Young (Normal) (G1 Evacuation Pause) 1225M->1M(2056M) 0.918ms
End benchmark
Start benchmark
[62.914s][info][gc] GC(45) Pause Young (Normal) (G1 Evacuation Pause) 1225M->1M(2056M) 1.010ms
[64.143s][info][gc] GC(46) Pause Young (Normal) (G1 Evacuation Pause) 1225M->1M(2056M) 0.969ms
[65.385s][info][gc] GC(47) Pause Young (Normal) (G1 Evacuation Pause) 1225M->1M(2056M) 1.022ms
[66.604s][info][gc] GC(48) Pause Young (Normal) (G1 Evacuation Pause) 1225M->1M(2056M) 0.927ms
[67.807s][info][gc] GC(49) Pause Young (Normal) (G1 Evacuation Pause) 1225M->1M(2056M) 1.007ms
[69.049s][info][gc] GC(50) Pause Young (Normal) (G1 Evacuation Pause) 1225M->1M(2056M) 0.998ms
[70.290s][info][gc] GC(51) Pause Young (Normal) (G1 Evacuation Pause) 1225M->1M(2056M) 0.966ms
[71.508s][info][gc] GC(52) Pause Young (Normal) (G1 Evacuation Pause) 1225M->1M(2056M) 0.955ms
[72.730s][info][gc] GC(53) Pause Young (Normal) (G1 Evacuation Pause) 1225M->1M(2056M) 0.937ms
[73.962s][info][gc] GC(54) Pause Young (Normal) (G1 Evacuation Pause) 1225M->1M(2056M) 0.957ms
[75.166s][info][gc] GC(55) Pause Young (Normal) (G1 Evacuation Pause) 1225M->1M(2056M) 1.005ms
[76.370s][info][gc] GC(56) Pause Young (Normal) (G1 Evacuation Pause) 1225M->1M(2056M) 0.994ms
[77.574s][info][gc] GC(57) Pause Young (Normal) (G1 Evacuation Pause) 1225M->1M(2056M) 0.974ms
[78.778s][info][gc] GC(58) Pause Young (Normal) (G1 Evacuation Pause) 1225M->1M(2056M) 0.956ms
[80.000s][info][gc] GC(59) Pause Young (Normal) (G1 Evacuation Pause) 1225M->1M(2056M) 0.996ms
[81.204s][info][gc] GC(60) Pause Young (Normal) (G1 Evacuation Pause) 1225M->1M(2056M) 1.007ms
[82.800s][info][gc] GC(61) Pause Young (Normal) (G1 Evacuation Pause) 1225M->1M(2056M) 0.936ms
[84.395s][info][gc] GC(62) Pause Young (Normal) (G1 Evacuation Pause) 1225M->1M(2056M) 0.911ms
[85.993s][info][gc] GC(63) Pause Young (Normal) (G1 Evacuation Pause) 1225M->1M(2056M) 0.927ms
[87.588s][info][gc] GC(64) Pause Young (Normal) (G1 Evacuation Pause) 1225M->1M(2056M) 0.936ms
[89.183s][info][gc] GC(65) Pause Young (Normal) (G1 Evacuation Pause) 1225M->1M(2056M) 0.962ms
[90.779s][info][gc] GC(66) Pause Young (Normal) (G1 Evacuation Pause) 1225M->1M(2056M) 0.918ms
End benchmark
Start benchmark
[93.322s][info][gc] GC(67) Pause Young (Normal) (G1 Evacuation Pause) 1225M->1M(2056M) 2.800ms
[94.564s][info][gc] GC(68) Pause Young (Normal) (G1 Evacuation Pause) 1225M->1M(2056M) 1.039ms
[95.779s][info][gc] GC(69) Pause Young (Normal) (G1 Evacuation Pause) 1225M->1M(2056M) 0.973ms
[96.983s][info][gc] GC(70) Pause Young (Normal) (G1 Evacuation Pause) 1225M->1M(2056M) 0.997ms
[98.215s][info][gc] GC(71) Pause Young (Normal) (G1 Evacuation Pause) 1225M->1M(2056M) 1.010ms
[99.422s][info][gc] GC(72) Pause Young (Normal) (G1 Evacuation Pause) 1225M->1M(2056M) 1.002ms
[100.626s][info][gc] GC(73) Pause Young (Normal) (G1 Evacuation Pause) 1225M->1M(2056M) 0.971ms
[101.829s][info][gc] GC(74) Pause Young (Normal) (G1 Evacuation Pause) 1225M->1M(2056M) 0.949ms
[103.044s][info][gc] GC(75) Pause Young (Normal) (G1 Evacuation Pause) 1225M->1M(2056M) 1.044ms
[104.249s][info][gc] GC(76) Pause Young (Normal) (G1 Evacuation Pause) 1225M->1M(2056M) 0.999ms
[105.453s][info][gc] GC(77) Pause Young (Normal) (G1 Evacuation Pause) 1225M->1M(2056M) 1.011ms
[106.657s][info][gc] GC(78) Pause Young (Normal) (G1 Evacuation Pause) 1225M->1M(2056M) 1.002ms
[107.898s][info][gc] GC(79) Pause Young (Normal) (G1 Evacuation Pause) 1225M->1M(2056M) 0.985ms
[109.102s][info][gc] GC(80) Pause Young (Normal) (G1 Evacuation Pause) 1225M->1M(2056M) 1.006ms
[110.306s][info][gc] GC(81) Pause Young (Normal) (G1 Evacuation Pause) 1225M->1M(2056M) 1.002ms
[111.510s][info][gc] GC(82) Pause Young (Normal) (G1 Evacuation Pause) 1225M->1M(2056M) 0.957ms
[113.105s][info][gc] GC(83) Pause Young (Normal) (G1 Evacuation Pause) 1225M->1M(2056M) 0.945ms
[114.701s][info][gc] GC(84) Pause Young (Normal) (G1 Evacuation Pause) 1225M->1M(2056M) 0.963ms
[116.285s][info][gc] GC(85) Pause Young (Normal) (G1 Evacuation Pause) 1225M->1M(2056M) 0.962ms
[117.859s][info][gc] GC(86) Pause Young (Normal) (G1 Evacuation Pause) 1225M->1M(2056M) 0.998ms
[119.447s][info][gc] GC(87) Pause Young (Normal) (G1 Evacuation Pause) 1225M->1M(2056M) 1.059ms
[121.042s][info][gc] GC(88) Pause Young (Normal) (G1 Evacuation Pause) 1225M->1M(2056M) 0.925ms
[122.637s][info][gc] GC(89) Pause Young (Normal) (G1 Evacuation Pause) 1225M->1M(2056M) 0.930ms
End benchmark
Start benchmark
[124.965s][info][gc] GC(90) Pause Young (Normal) (G1 Evacuation Pause) 1225M->1M(2056M) 1.035ms
[126.168s][info][gc] GC(91) Pause Young (Normal) (G1 Evacuation Pause) 1225M->1M(2056M) 0.997ms
[127.372s][info][gc] GC(92) Pause Young (Normal) (G1 Evacuation Pause) 1225M->1M(2056M) 0.991ms
[128.592s][info][gc] GC(93) Pause Young (Normal) (G1 Evacuation Pause) 1225M->1M(2056M) 0.988ms
[129.795s][info][gc] GC(94) Pause Young (Normal) (G1 Evacuation Pause) 1225M->1M(2056M) 0.985ms
[130.999s][info][gc] GC(95) Pause Young (Normal) (G1 Evacuation Pause) 1225M->1M(2056M) 0.976ms
[132.240s][info][gc] GC(96) Pause Young (Normal) (G1 Evacuation Pause) 1225M->1M(2056M) 0.995ms
[133.453s][info][gc] GC(97) Pause Young (Normal) (G1 Evacuation Pause) 1225M->1M(2056M) 1.020ms
[134.656s][info][gc] GC(98) Pause Young (Normal) (G1 Evacuation Pause) 1225M->1M(2056M) 1.067ms
[135.860s][info][gc] GC(99) Pause Young (Normal) (G1 Evacuation Pause) 1225M->1M(2056M) 1.016ms
[137.064s][info][gc] GC(100) Pause Young (Normal) (G1 Evacuation Pause) 1225M->1M(2056M) 1.029ms
[138.305s][info][gc] GC(101) Pause Young (Normal) (G1 Evacuation Pause) 1225M->1M(2056M) 1.043ms
[139.545s][info][gc] GC(102) Pause Young (Normal) (G1 Evacuation Pause) 1225M->1M(2056M) 0.998ms
[140.749s][info][gc] GC(103) Pause Young (Normal) (G1 Evacuation Pause) 1225M->1M(2056M) 0.979ms
[141.953s][info][gc] GC(104) Pause Young (Normal) (G1 Evacuation Pause) 1225M->1M(2056M) 1.055ms
[143.157s][info][gc] GC(105) Pause Young (Normal) (G1 Evacuation Pause) 1225M->1M(2056M) 0.964ms
[144.753s][info][gc] GC(106) Pause Young (Normal) (G1 Evacuation Pause) 1225M->1M(2056M) 0.927ms
[146.348s][info][gc] GC(107) Pause Young (Normal) (G1 Evacuation Pause) 1225M->1M(2056M) 0.971ms
[147.944s][info][gc] GC(108) Pause Young (Normal) (G1 Evacuation Pause) 1225M->1M(2056M) 0.982ms
[149.539s][info][gc] GC(109) Pause Young (Normal) (G1 Evacuation Pause) 1225M->1M(2056M) 1.058ms
[151.135s][info][gc] GC(110) Pause Young (Normal) (G1 Evacuation Pause) 1225M->1M(2056M) 0.944ms
[152.730s][info][gc] GC(111) Pause Young (Normal) (G1 Evacuation Pause) 1225M->1M(2056M) 0.931ms
End benchmark
benchmarkAvgTime : 30001
nbThread : 2
Start benchmark
[156.176s][info][gc] GC(112) Pause Young (Normal) (G1 Evacuation Pause) 1225M->1M(2056M) 2.493ms
[164.581s][info][gc] GC(113) Pause Young (Normal) (G1 Evacuation Pause) 1225M->1M(2056M) 1.512ms
[172.924s][info][gc] GC(114) Pause Young (Normal) (G1 Evacuation Pause) 1225M->1M(2056M) 1.458ms
[181.450s][info][gc] GC(115) Pause Young (Normal) (G1 Evacuation Pause) 1225M->1M(2056M) 1.525ms
End benchmark
Start benchmark
[190.812s][info][gc] GC(116) Pause Young (Normal) (G1 Evacuation Pause) 1225M->1M(2056M) 1.629ms
[199.191s][info][gc] GC(117) Pause Young (Normal) (G1 Evacuation Pause) 1225M->1M(2056M) 1.543ms
[207.683s][info][gc] GC(118) Pause Young (Normal) (G1 Evacuation Pause) 1225M->1M(2056M) 1.480ms
[215.922s][info][gc] GC(119) Pause Young (Normal) (G1 Evacuation Pause) 1225M->1M(2056M) 1.541ms
End benchmark
Start benchmark
[225.237s][info][gc] GC(120) Pause Young (Normal) (G1 Evacuation Pause) 1225M->1M(2056M) 1.657ms
[233.635s][info][gc] GC(121) Pause Young (Normal) (G1 Evacuation Pause) 1225M->1M(2056M) 1.546ms
[241.934s][info][gc] GC(122) Pause Young (Normal) (G1 Evacuation Pause) 1225M->1M(2056M) 1.616ms
End benchmark
Start benchmark
[251.296s][info][gc] GC(123) Pause Young (Normal) (G1 Evacuation Pause) 1225M->1M(2056M) 1.614ms
[259.707s][info][gc] GC(124) Pause Young (Normal) (G1 Evacuation Pause) 1225M->1M(2056M) 1.584ms
[268.227s][info][gc] GC(125) Pause Young (Normal) (G1 Evacuation Pause) 1225M->1M(2056M) 1.642ms
[276.602s][info][gc] GC(126) Pause Young (Normal) (G1 Evacuation Pause) 1225M->1M(2056M) 1.705ms
End benchmark
Start benchmark
[286.045s][info][gc] GC(127) Pause Young (Normal) (G1 Evacuation Pause) 1225M->1M(2056M) 1.602ms
[294.562s][info][gc] GC(128) Pause Young (Normal) (G1 Evacuation Pause) 1225M->1M(2056M) 1.184ms
[302.909s][info][gc] GC(129) Pause Young (Normal) (G1 Evacuation Pause) 1225M->1M(2056M) 1.239ms
End benchmark
benchmarkAvgTime : 30000
nbThread : 4
Start benchmark
[312.832s][info][gc] GC(130) Pause Young (Normal) (G1 Evacuation Pause) 1225M->1M(2056M) 1.145ms
[323.574s][info][gc] GC(131) Pause Young (Normal) (G1 Evacuation Pause) 1225M->1M(2056M) 1.155ms
[334.158s][info][gc] GC(132) Pause Young (Normal) (G1 Evacuation Pause) 1225M->1M(2056M) 1.154ms
End benchmark
Start benchmark
[345.862s][info][gc] GC(133) Pause Young (Normal) (G1 Evacuation Pause) 1225M->1M(2056M) 1.131ms
[356.455s][info][gc] GC(134) Pause Young (Normal) (G1 Evacuation Pause) 1225M->1M(2056M) 1.174ms
[367.159s][info][gc] GC(135) Pause Young (Normal) (G1 Evacuation Pause) 1225M->2M(2056M) 1.130ms
End benchmark
Start benchmark
[378.955s][info][gc] GC(136) Pause Young (Normal) (G1 Evacuation Pause) 1226M->2M(2056M) 1.192ms
[389.646s][info][gc] GC(137) Pause Young (Normal) (G1 Evacuation Pause) 1226M->2M(2056M) 2.377ms
[400.249s][info][gc] GC(138) Pause Young (Normal) (G1 Evacuation Pause) 1226M->2M(2056M) 1.130ms
End benchmark
Start benchmark
[412.123s][info][gc] GC(139) Pause Young (Normal) (G1 Evacuation Pause) 1226M->2M(2056M) 1.231ms
[422.968s][info][gc] GC(140) Pause Young (Normal) (G1 Evacuation Pause) 1226M->2M(2056M) 1.183ms
End benchmark
Start benchmark
[434.706s][info][gc] GC(141) Pause Young (Normal) (G1 Evacuation Pause) 1226M->2M(2056M) 1.244ms
[445.398s][info][gc] GC(142) Pause Young (Normal) (G1 Evacuation Pause) 1226M->2M(2056M) 1.139ms
[456.108s][info][gc] GC(143) Pause Young (Normal) (G1 Evacuation Pause) 1226M->2M(2056M) 1.146ms
End benchmark
benchmarkAvgTime : 30001
nbThread : 8
Start benchmark
[468.751s][info][gc] GC(144) Pause Young (Normal) (G1 Evacuation Pause) 1226M->2M(2056M) 1.185ms
[481.071s][info][gc] GC(145) Pause Young (Normal) (G1 Evacuation Pause) 1226M->2M(2056M) 1.136ms
[493.288s][info][gc] GC(146) Pause Young (Normal) (G1 Evacuation Pause) 1226M->2M(2056M) 1.166ms
End benchmark
Start benchmark
[507.387s][info][gc] GC(147) Pause Young (Normal) (G1 Evacuation Pause) 1226M->2M(2056M) 1.150ms
[519.437s][info][gc] GC(148) Pause Young (Normal) (G1 Evacuation Pause) 1226M->2M(2056M) 1.145ms
End benchmark
Start benchmark
[533.059s][info][gc] GC(149) Pause Young (Normal) (G1 Evacuation Pause) 1226M->2M(2056M) 1.141ms
[545.116s][info][gc] GC(150) Pause Young (Normal) (G1 Evacuation Pause) 1226M->2M(2056M) 1.164ms
[557.287s][info][gc] GC(151) Pause Young (Normal) (G1 Evacuation Pause) 1226M->2M(2056M) 1.110ms
End benchmark
Start benchmark
[571.306s][info][gc] GC(152) Pause Young (Normal) (G1 Evacuation Pause) 1226M->2M(2056M) 1.163ms
[583.512s][info][gc] GC(153) Pause Young (Normal) (G1 Evacuation Pause) 1226M->2M(2056M) 1.251ms
End benchmark
Start benchmark
[597.153s][info][gc] GC(154) Pause Young (Normal) (G1 Evacuation Pause) 1226M->2M(2056M) 1.153ms
[609.343s][info][gc] GC(155) Pause Young (Normal) (G1 Evacuation Pause) 1226M->2M(2056M) 1.144ms
End benchmark
benchmarkAvgTime : 30003
nbThread : 16
Start benchmark
[622.865s][info][gc] GC(156) Pause Young (Normal) (G1 Evacuation Pause) 1226M->2M(2056M) 1.058ms
[638.211s][info][gc] GC(157) Pause Young (Normal) (G1 Evacuation Pause) 1226M->2M(2056M) 1.045ms
End benchmark
Start benchmark
[654.309s][info][gc] GC(158) Pause Young (Normal) (G1 Evacuation Pause) 1226M->2M(2056M) 0.915ms
[669.497s][info][gc] GC(159) Pause Young (Normal) (G1 Evacuation Pause) 1226M->2M(2056M) 0.843ms
End benchmark
Start benchmark
[685.674s][info][gc] GC(160) Pause Young (Normal) (G1 Evacuation Pause) 1226M->2M(2056M) 1.060ms
[700.848s][info][gc] GC(161) Pause Young (Normal) (G1 Evacuation Pause) 1226M->2M(2056M) 1.059ms
End benchmark
Start benchmark
[716.976s][info][gc] GC(162) Pause Young (Normal) (G1 Evacuation Pause) 1226M->2M(2056M) 1.125ms
[732.024s][info][gc] GC(163) Pause Young (Normal) (G1 Evacuation Pause) 1226M->2M(2056M) 1.082ms
End benchmark
Start benchmark
[748.198s][info][gc] GC(164) Pause Young (Normal) (G1 Evacuation Pause) 1226M->2M(2056M) 1.056ms
[763.292s][info][gc] GC(165) Pause Young (Normal) (G1 Evacuation Pause) 1226M->2M(2056M) 1.104ms
End benchmark
benchmarkAvgTime : 30006
nbThread : 32
Start benchmark
[779.204s][info][gc] GC(166) Pause Young (Normal) (G1 Evacuation Pause) 1226M->2M(2056M) 0.793ms
[793.665s][info][gc] GC(167) Pause Young (Normal) (G1 Evacuation Pause) 1226M->2M(2056M) 0.775ms
End benchmark
Start benchmark
[809.112s][info][gc] GC(168) Pause Young (Normal) (G1 Evacuation Pause) 1226M->2M(2056M) 0.803ms
[823.616s][info][gc] GC(169) Pause Young (Normal) (G1 Evacuation Pause) 1226M->2M(2056M) 0.785ms
End benchmark
Start benchmark
[838.877s][info][gc] GC(170) Pause Young (Normal) (G1 Evacuation Pause) 1226M->2M(2056M) 0.830ms
[853.584s][info][gc] GC(171) Pause Young (Normal) (G1 Evacuation Pause) 1226M->2M(2056M) 0.800ms
End benchmark
Start benchmark
[869.160s][info][gc] GC(172) Pause Young (Normal) (G1 Evacuation Pause) 1226M->2M(2056M) 0.811ms
[883.917s][info][gc] GC(173) Pause Young (Normal) (G1 Evacuation Pause) 1226M->2M(2056M) 0.768ms
End benchmark
Start benchmark
[899.407s][info][gc] GC(174) Pause Young (Normal) (G1 Evacuation Pause) 1226M->2M(2056M) 0.941ms
[915.219s][info][gc] GC(175) Pause Young (Normal) (G1 Evacuation Pause) 1226M->2M(2056M) 0.788ms
End benchmark
benchmarkAvgTime : 30013
nbThread : 48
Start benchmark
[930.430s][info][gc] GC(176) Pause Young (Normal) (G1 Evacuation Pause) 1226M->2M(2056M) 0.839ms
[939.932s][info][gc] GC(177) Pause Young (Normal) (G1 Evacuation Pause) 1226M->2M(2056M) 0.813ms
[949.420s][info][gc] GC(178) Pause Young (Normal) (G1 Evacuation Pause) 1226M->2M(2056M) 0.820ms
[958.897s][info][gc] GC(179) Pause Young (Normal) (G1 Evacuation Pause) 1226M->2M(2056M) 0.901ms
End benchmark
Start benchmark
[969.640s][info][gc] GC(180) Pause Young (Normal) (G1 Evacuation Pause) 1226M->2M(2056M) 0.844ms
[979.096s][info][gc] GC(181) Pause Young (Normal) (G1 Evacuation Pause) 1226M->2M(2056M) 0.817ms
[988.560s][info][gc] GC(182) Pause Young (Normal) (G1 Evacuation Pause) 1226M->2M(2056M) 0.826ms
End benchmark
Start benchmark
[998.912s][info][gc] GC(183) Pause Young (Normal) (G1 Evacuation Pause) 1226M->2M(2056M) 0.850ms
[1008.407s][info][gc] GC(184) Pause Young (Normal) (G1 Evacuation Pause) 1226M->2M(2056M) 0.800ms
[1017.892s][info][gc] GC(185) Pause Young (Normal) (G1 Evacuation Pause) 1226M->2M(2056M) 0.811ms
End benchmark
Start benchmark
[1028.239s][info][gc] GC(186) Pause Young (Normal) (G1 Evacuation Pause) 1226M->2M(2056M) 0.791ms
[1037.701s][info][gc] GC(187) Pause Young (Normal) (G1 Evacuation Pause) 1226M->2M(2056M) 0.807ms
[1047.202s][info][gc] GC(188) Pause Young (Normal) (G1 Evacuation Pause) 1226M->2M(2056M) 0.834ms
End benchmark
Start benchmark
[1057.992s][info][gc] GC(189) Pause Young (Normal) (G1 Evacuation Pause) 1226M->2M(2056M) 0.947ms
[1067.510s][info][gc] GC(190) Pause Young (Normal) (G1 Evacuation Pause) 1226M->2M(2056M) 0.821ms
[1077.026s][info][gc] GC(191) Pause Young (Normal) (G1 Evacuation Pause) 1226M->2M(2056M) 0.797ms
End benchmark
benchmarkAvgTime : 30017
