nbThread : 4
[0.719s][info][gc] GC(0) Pause Young (Normal) (G1 Evacuation Pause) 256M->3M(5120M) 22.748ms
[0.793s][info][gc] GC(1) Pause Young (Normal) (G1 Evacuation Pause) 243M->3M(5120M) 2.482ms
[0.905s][info][gc] GC(2) Pause Young (Normal) (G1 Evacuation Pause) 291M->3M(5120M) 3.640ms
[0.989s][info][gc] GC(3) Pause Young (Normal) (G1 Evacuation Pause) 307M->3M(5120M) 3.563ms
[1.048s][info][gc] GC(4) Pause Young (Normal) (G1 Evacuation Pause) 323M->3M(5120M) 4.170ms
[1.138s][info][gc] GC(5) Pause Young (Normal) (G1 Evacuation Pause) 355M->3M(6512M) 6.265ms
[1.307s][info][gc] GC(6) Pause Young (Normal) (G1 Evacuation Pause) 419M->3M(6512M) 4.184ms
[1.460s][info][gc] GC(7) Pause Young (Normal) (G1 Evacuation Pause) 499M->3M(6512M) 5.353ms
[1.652s][info][gc] GC(8) Pause Young (Normal) (G1 Evacuation Pause) 611M->3M(6512M) 4.844ms
[1.889s][info][gc] GC(9) Pause Young (Normal) (G1 Evacuation Pause) 755M->3M(8368M) 7.117ms
[2.113s][info][gc] GC(10) Pause Young (Normal) (G1 Evacuation Pause) 947M->3M(8368M) 3.869ms
[2.327s][info][gc] GC(11) Pause Young (Normal) (G1 Evacuation Pause) 1171M->3M(8368M) 4.813ms
[2.699s][info][gc] GC(12) Pause Young (Normal) (G1 Evacuation Pause) 1459M->3M(8368M) 5.106ms
[3.303s][info][gc] GC(13) Pause Young (Normal) (G1 Evacuation Pause) 1795M->3M(10384M) 8.375ms
[4.115s][info][gc] GC(14) Pause Young (Normal) (G1 Evacuation Pause) 2211M->3M(10384M) 6.995ms
[4.645s][info][gc] GC(15) Pause Young (Normal) (G1 Evacuation Pause) 2691M->3M(10384M) 5.210ms
[5.546s][info][gc] GC(16) Pause Young (Normal) (G1 Evacuation Pause) 3219M->3M(10384M) 1.950ms
[7.309s][info][gc] GC(17) Pause Young (Normal) (G1 Evacuation Pause) 6211M->3M(10384M) 3.917ms
[9.024s][info][gc] GC(18) Pause Young (Normal) (G1 Evacuation Pause) 6211M->3M(10384M) 1.875ms
[10.731s][info][gc] GC(19) Pause Young (Normal) (G1 Evacuation Pause) 6211M->3M(10384M) 2.424ms
[12.449s][info][gc] GC(20) Pause Young (Normal) (G1 Evacuation Pause) 6211M->3M(10384M) 1.743ms
[14.156s][info][gc] GC(21) Pause Young (Normal) (G1 Evacuation Pause) 6211M->3M(10384M) 1.678ms
[15.872s][info][gc] GC(22) Pause Young (Normal) (G1 Evacuation Pause) 6211M->3M(10384M) 3.713ms
[17.585s][info][gc] GC(23) Pause Young (Normal) (G1 Evacuation Pause) 6211M->3M(10384M) 2.258ms
[19.279s][info][gc] GC(24) Pause Young (Normal) (G1 Evacuation Pause) 6211M->3M(10384M) 3.144ms
[20.984s][info][gc] GC(25) Pause Young (Normal) (G1 Evacuation Pause) 6211M->3M(10384M) 3.368ms
[22.684s][info][gc] GC(26) Pause Young (Normal) (G1 Evacuation Pause) 6211M->3M(10384M) 2.262ms
[24.383s][info][gc] GC(27) Pause Young (Normal) (G1 Evacuation Pause) 6211M->3M(10384M) 1.965ms
[26.101s][info][gc] GC(28) Pause Young (Normal) (G1 Evacuation Pause) 6211M->3M(10384M) 2.174ms
[27.815s][info][gc] GC(29) Pause Young (Normal) (G1 Evacuation Pause) 6211M->3M(10384M) 2.387ms
[29.527s][info][gc] GC(30) Pause Young (Normal) (G1 Evacuation Pause) 6211M->3M(10384M) 2.204ms
Start benchmark
[31.546s][info][gc] GC(31) Pause Young (Normal) (G1 Evacuation Pause) 6211M->3M(10384M) 1.431ms
[33.583s][info][gc] GC(32) Pause Young (Normal) (G1 Evacuation Pause) 6211M->3M(10384M) 2.041ms
[35.439s][info][gc] GC(33) Pause Young (Normal) (G1 Evacuation Pause) 6211M->3M(10384M) 2.748ms
[37.297s][info][gc] GC(34) Pause Young (Normal) (G1 Evacuation Pause) 6211M->3M(10384M) 2.671ms
[39.175s][info][gc] GC(35) Pause Young (Normal) (G1 Evacuation Pause) 6211M->3M(10384M) 2.360ms
[41.041s][info][gc] GC(36) Pause Young (Normal) (G1 Evacuation Pause) 6211M->3M(10384M) 2.166ms
[42.921s][info][gc] GC(37) Pause Young (Normal) (G1 Evacuation Pause) 6211M->3M(10384M) 2.343ms
[44.792s][info][gc] GC(38) Pause Young (Normal) (G1 Evacuation Pause) 6211M->3M(10384M) 1.891ms
[46.653s][info][gc] GC(39) Pause Young (Normal) (G1 Evacuation Pause) 6211M->3M(10384M) 2.258ms
[48.509s][info][gc] GC(40) Pause Young (Normal) (G1 Evacuation Pause) 6211M->3M(10384M) 2.057ms
[50.372s][info][gc] GC(41) Pause Young (Normal) (G1 Evacuation Pause) 6211M->3M(10384M) 2.049ms
[52.240s][info][gc] GC(42) Pause Young (Normal) (G1 Evacuation Pause) 6211M->3M(10384M) 3.067ms
[54.105s][info][gc] GC(43) Pause Young (Normal) (G1 Evacuation Pause) 6211M->3M(10384M) 2.108ms
[55.983s][info][gc] GC(44) Pause Young (Normal) (G1 Evacuation Pause) 6211M->3M(10384M) 3.959ms
[57.859s][info][gc] GC(45) Pause Young (Normal) (G1 Evacuation Pause) 6211M->3M(10384M) 2.594ms
[59.737s][info][gc] GC(46) Pause Young (Normal) (G1 Evacuation Pause) 6211M->3M(10384M) 2.238ms
[61.659s][info][gc] GC(47) Pause Young (Normal) (G1 Evacuation Pause) 6211M->3M(10384M) 2.185ms
[63.543s][info][gc] GC(48) Pause Young (Normal) (G1 Evacuation Pause) 6211M->3M(10384M) 2.114ms
[65.399s][info][gc] GC(49) Pause Young (Normal) (G1 Evacuation Pause) 6211M->3M(10384M) 2.697ms
[67.267s][info][gc] GC(50) Pause Young (Normal) (G1 Evacuation Pause) 6211M->3M(10384M) 2.015ms
[69.175s][info][gc] GC(51) Pause Young (Normal) (G1 Evacuation Pause) 6211M->3M(10384M) 2.068ms
[71.032s][info][gc] GC(52) Pause Young (Normal) (G1 Evacuation Pause) 6211M->3M(10384M) 2.062ms
[72.892s][info][gc] GC(53) Pause Young (Normal) (G1 Evacuation Pause) 6211M->3M(10384M) 2.488ms
[74.770s][info][gc] GC(54) Pause Young (Normal) (G1 Evacuation Pause) 6211M->3M(10384M) 2.241ms
[76.629s][info][gc] GC(55) Pause Young (Normal) (G1 Evacuation Pause) 6211M->3M(10384M) 4.124ms
[78.488s][info][gc] GC(56) Pause Young (Normal) (G1 Evacuation Pause) 6211M->3M(10384M) 2.365ms
[80.347s][info][gc] GC(57) Pause Young (Normal) (G1 Evacuation Pause) 6211M->3M(10384M) 2.153ms
[82.217s][info][gc] GC(58) Pause Young (Normal) (G1 Evacuation Pause) 6211M->3M(10384M) 2.120ms
[84.090s][info][gc] GC(59) Pause Young (Normal) (G1 Evacuation Pause) 6211M->3M(10384M) 2.120ms
[85.951s][info][gc] GC(60) Pause Young (Normal) (G1 Evacuation Pause) 6211M->3M(10384M) 2.207ms
[87.806s][info][gc] GC(61) Pause Young (Normal) (G1 Evacuation Pause) 6211M->3M(10384M) 2.122ms
[89.675s][info][gc] GC(62) Pause Young (Normal) (G1 Evacuation Pause) 6211M->3M(10384M) 2.186ms
End benchmark
benchmarkAvgTime : 59999
